
Allocating common symbols
Common symbol       size              file

netbufpool          0x4               binaries/net.o
readylist           0x2               binaries/ready.o
rfltab              0x5a0             binaries/rflinit.o
sleepq              0x2               binaries/clkinit.o
nnames              0x4               binaries/naminit.o
udptab              0x168             binaries/udp.o
minheap             0x4               binaries/meminit.o
marks               0x50              binaries/mark.o
currpid             0x4               binaries/initialize.o
Lf_data             0x20c             binaries/lfsinit.o
porttab             0x2d0             binaries/ptinit.o
girmask             0x2               binaries/evec.o
ttytab              0x10c             binaries/ttyinit.o
proctab             0x15e0            binaries/initialize.o
prcount             0x4               binaries/initialize.o
lfltab              0xf00             binaries/lflinit.o
empty_buff          0x4               binaries/prod_cons.o
rdstab              0x8c              binaries/rdsinit.o
ethertab            0x138             binaries/ethinit.o
tail                0x4               binaries/prod_cons.o
NetData             0xa8              binaries/net.o
mutex               0x4               binaries/prod_cons.o
nmarks              0x4               binaries/mark.o
head                0x4               binaries/prod_cons.o
Defer               0x8               binaries/resched.o
semtab              0x4b0             binaries/initialize.o
buffer              0xc8              binaries/prod_cons.o
maxheap             0x4               binaries/meminit.o
preempt             0x4               binaries/clkinit.o
buftab              0xf0              binaries/bufinit.o
Rf_data             0x18              binaries/rfsinit.o
mkmutex             0x4               binaries/mark.o
pIDs                0x18              binaries/prod_cons.o
clktime             0x4               binaries/clkinit.o
arpcache            0x140             binaries/arp.o
icmptab             0x230             binaries/icmp.o
nbpools             0x4               binaries/bufinit.o
queuetab            0x980             binaries/queue.o
ptnextid            0x4               binaries/ptinit.o
Ram                 0x19000           binaries/raminit.o
ipoqueue            0x2c              binaries/ip.o
slot                0x4               binaries/prod_cons.o
memlist             0x8               binaries/initialize.o
nametab             0x19a0            binaries/naminit.o
ptfree              0x4               binaries/ptinit.o

Discarded input sections

 .group         0x0000000000000000        0x8 binaries/ascdate.o
 .group         0x0000000000000000        0x8 binaries/bufinit.o
 .group         0x0000000000000000        0x8 binaries/chprio.o
 .text.__x86.get_pc_thunk.bx
                0x0000000000000000        0x4 binaries/chprio.o
 .group         0x0000000000000000        0x8 binaries/clkhandler.o
 .text.__x86.get_pc_thunk.bx
                0x0000000000000000        0x4 binaries/clkhandler.o
 .group         0x0000000000000000        0x8 binaries/clkinit.o
 .text.__x86.get_pc_thunk.bx
                0x0000000000000000        0x4 binaries/clkinit.o
 .group         0x0000000000000000        0x8 binaries/close.o
 .text.__x86.get_pc_thunk.bx
                0x0000000000000000        0x4 binaries/close.o
 .group         0x0000000000000000        0x8 binaries/control.o
 .text.__x86.get_pc_thunk.bx
                0x0000000000000000        0x4 binaries/control.o
 .group         0x0000000000000000        0x8 binaries/create.o
 .text.__x86.get_pc_thunk.bx
                0x0000000000000000        0x4 binaries/create.o
 .group         0x0000000000000000        0x8 binaries/early_imr.o
 .text.__x86.get_pc_thunk.bx
                0x0000000000000000        0x4 binaries/early_imr.o
 .group         0x0000000000000000        0x8 binaries/evec.o
 .text.__x86.get_pc_thunk.bx
                0x0000000000000000        0x4 binaries/evec.o
 .group         0x0000000000000000        0x8 binaries/freebuf.o
 .text.__x86.get_pc_thunk.bx
                0x0000000000000000        0x4 binaries/freebuf.o
 .group         0x0000000000000000        0x8 binaries/freemem.o
 .text.__x86.get_pc_thunk.bx
                0x0000000000000000        0x4 binaries/freemem.o
 .group         0x0000000000000000        0x8 binaries/getbuf.o
 .text.__x86.get_pc_thunk.bx
                0x0000000000000000        0x4 binaries/getbuf.o
 .group         0x0000000000000000        0x8 binaries/getc.o
 .text.__x86.get_pc_thunk.bx
                0x0000000000000000        0x4 binaries/getc.o
 .group         0x0000000000000000        0x8 binaries/getdev.o
 .text.__x86.get_pc_thunk.bx
                0x0000000000000000        0x4 binaries/getdev.o
 .group         0x0000000000000000        0x8 binaries/getitem.o
 .group         0x0000000000000000        0x8 binaries/getitem.o
 .text.__x86.get_pc_thunk.ax
[...]
Memory Configuration

Name             Origin             Length             Attributes
*default*        0x0000000000000000 0xffffffffffffffff

Linker script and memory map

                0x0000000000100000                physbase = 0x100000
                0x0000000000100000                . = physbase
                0x0000000000100000                . = ALIGN (0x1000)

.text           0x0000000000100000    0x16000
                0x0000000000100000                text = ABSOLUTE (.)
 *(.text .text.*)
 .text          0x0000000000100000      0x1a8 binaries/start.o
                0x0000000000100024                start
                0x00000000001000f6                inb
                0x00000000001000fe                inw
                0x0000000000100107                inl
                0x000000000010010f                outb
                0x0000000000100119                outw
                0x0000000000100124                outl
                0x000000000010012e                _rtcin
                0x0000000000100139                ___udivsi3
                0x0000000000100144                ___divsi3
                0x0000000000100150                sbzero
                0x0000000000100160                bcopy
                0x0000000000100174                insw
                0x000000000010018a                outsw
                0x00000000001001a0                lidt
 .text          0x00000000001001a8      0x2e5 binaries/ascdate.o
                0x00000000001001a8                ascdate
 .text.__x86.get_pc_thunk.bx
                0x000000000010048d        0x4 binaries/ascdate.o
                0x000000000010048d                __x86.get_pc_thunk.bx
 .text          0x0000000000100491       0x1c binaries/bufinit.o
                0x0000000000100491                bufinit
 .text.__x86.get_pc_thunk.ax
                0x00000000001004ad        0x4 binaries/bufinit.o
                0x00000000001004ad                __x86.get_pc_thunk.ax
 .text          0x00000000001004b1       0x82 binaries/chprio.o
                0x00000000001004b1                chprio
 .text          0x0000000000100533       0x8f binaries/clkhandler.o
                0x0000000000100533                clkhandler
 .text          0x00000000001005c2       0x6e binaries/clkinit.o
                0x00000000001005c2                clkinit
 .text          0x0000000000100630       0x5c binaries/close.o
                0x0000000000100630                close
 .text          0x000000000010068c        0x0 binaries/conf.o
 .text          0x000000000010068c       0x65 binaries/control.o
                0x000000000010068c                control
 .text          0x00000000001006f1      0x247 binaries/create.o
                0x00000000001006f1                create
 .text          0x0000000000100938      0x23b binaries/early_imr.o
                0x0000000000100938                intel_cln_early_sb_read_reg
                0x000000000010099f                intel_cln_early_sb_write_reg
                0x0000000000100a5e                remove_irm_protections
 .text          0x0000000000100b73      0x373 binaries/evec.o
                0x0000000000100b73                setirmask
                0x0000000000100bc4                set_evec
                0x0000000000100c38                initevec
                0x0000000000100d19                trap
 .text          0x0000000000100ee6       0x91 binaries/freebuf.o
                0x0000000000100ee6                freebuf
 .text          0x0000000000100f77      0x123 binaries/freemem.o
                0x0000000000100f77                freemem
 .text          0x000000000010109a       0x75 binaries/getbuf.o
                0x000000000010109a                getbuf
 .text          0x000000000010110f       0x5c binaries/getc.o
                0x000000000010110f                getc
 .text          0x000000000010116b       0x79 binaries/getdev.o
                0x000000000010116b                getdev
 .text          0x00000000001011e4       0x96 binaries/getitem.o
                0x00000000001011e4                getitem
                0x0000000000101217                getfirst
                0x0000000000101247                getlast
 .text.__x86.get_pc_thunk.dx
                0x000000000010127a        0x4 binaries/getitem.o
                0x000000000010127a                __x86.get_pc_thunk.dx
 .text          0x000000000010127e       0xce binaries/getmem.o
                0x000000000010127e                getmem
 .text          0x000000000010134c       0x13 binaries/getpid.o
                0x000000000010134c                getpid
 .text          0x000000000010135f       0x74 binaries/getprio.o
                0x000000000010135f                getprio
 .text          0x00000000001013d3       0xc0 binaries/getstk.o
                0x00000000001013d3                getstk
 .text          0x0000000000101493       0x41 binaries/gettime.o
                0x0000000000101493                gettime
 .text          0x00000000001014d4      0x1db binaries/getutime.o
                0x00000000001014d4                getutime
 .text          0x00000000001016af       0x5c binaries/init.o
                0x00000000001016af                init
 .text          0x000000000010170b      0x271 binaries/initialize.o
                0x000000000010170b                nulluser
                0x0000000000101927                stop
                0x0000000000101959                delay
 .text          0x000000000010197c       0x9b binaries/insert.o
                0x000000000010197c                insert
 .text.__x86.get_pc_thunk.di
                0x0000000000101a17        0x4 binaries/insert.o
                0x0000000000101a17                __x86.get_pc_thunk.di
 .text          0x0000000000101a1b       0xfa binaries/insertd.o
                0x0000000000101a1b                insertd
 .text          0x0000000000101b15        0x6 binaries/ioerr.o
                0x0000000000101b15                ioerr
 .text          0x0000000000101b1b        0x6 binaries/ionull.o
                0x0000000000101b1b                ionull
 .text          0x0000000000101b21      0x19f binaries/kill.o
                0x0000000000101b21                kill
 .text          0x0000000000101cc0       0xe2 binaries/kprintf.o
                0x0000000000101cc0                kputc
                0x0000000000101cfe                console_init
                0x0000000000101d42                kgetc
                0x0000000000101d71                kprintf
 .text          0x0000000000101da2       0x45 binaries/main.o
                0x0000000000101da2                main
 .text          0x0000000000101de7       0xb3 binaries/mark.o
                0x0000000000101de7                markinit
                0x0000000000101e16                mark
 .text          0x0000000000101e9a      0x22c binaries/meminit.o
                0x0000000000101e9a                meminit
                0x0000000000102040                setsegs
 .text          0x00000000001020c6      0x14a binaries/mkbufpool.o
                0x00000000001020c6                mkbufpool
 .text          0x0000000000102210       0x5e binaries/newqueue.o
                0x0000000000102210                newqueue
 .text.__x86.get_pc_thunk.cx
                0x000000000010226e        0x4 binaries/newqueue.o
                0x000000000010226e                __x86.get_pc_thunk.cx
 .text          0x0000000000102272       0x64 binaries/open.o
                0x0000000000102272                open
 .text          0x00000000001022d6       0x2c binaries/panic.o
                0x00000000001022d6                panic
 .text          0x0000000000102302      0x280 binaries/pci.o
                0x0000000000102302                pci_init
                0x0000000000102308                find_pci_device
                0x00000000001023ca                pci_read_config_byte
                0x0000000000102407                pci_read_config_word
                0x0000000000102446                pci_read_config_dword
                0x0000000000102483                pci_write_config_byte
                0x00000000001024be                pci_write_config_word
                0x00000000001024fa                pci_write_config_dword
                0x0000000000102535                pci_get_dev_mmio_base_addr
 .text          0x0000000000102582       0x68 binaries/platinit.o
                0x0000000000102582                platinit
 .text          0x00000000001025ea      0x5a4 binaries/prod_cons.o
                0x00000000001025ea                updateProdCounts
                0x000000000010262d                updateConsCount
                0x00000000001026a6                insert_buffer
                0x000000000010271f                producer
                0x0000000000102777                remove_buffer
                0x00000000001027eb                consumer
                0x0000000000102846                start_prod_con
                0x000000000010297b                stop_prod_con
                0x00000000001029aa                print_report
 .text          0x0000000000102b8e       0xab binaries/ptclear.o
                0x0000000000102b8e                _ptclear
 .text          0x0000000000102c39       0x9f binaries/ptcount.o
                0x0000000000102c39                ptcount
 .text          0x0000000000102cd8       0xf4 binaries/ptcreate.o
                0x0000000000102cd8                ptcreate
 .text          0x0000000000102dcc       0x70 binaries/ptdelete.o
                0x0000000000102dcc                ptdelete
 .text          0x0000000000102e3c       0xa0 binaries/ptinit.o
                0x0000000000102e3c                ptinit
 .text          0x0000000000102edc      0x123 binaries/ptrecv.o
                0x0000000000102edc                ptrecv
 .text          0x0000000000102fff       0x68 binaries/ptreset.o
                0x0000000000102fff                ptreset
 .text          0x0000000000103067      0x15c binaries/ptsend.o
                0x0000000000103067                ptsend
 .text          0x00000000001031c3       0x6e binaries/putc.o
                0x00000000001031c3                putc
 .text          0x0000000000103231       0xc3 binaries/quark_irq.o
                0x0000000000103231                quark_irq_routing
 .text          0x00000000001032f4      0x1bb binaries/quark_pdat.o
                0x00000000001032f4                get_quark_pdat_entry_data_by_id
                0x00000000001033cd                get_quark_pdat_entry_data_by_desc
 .text          0x00000000001034af       0xc9 binaries/queue.o
                0x00000000001034af                enqueue
                0x000000000010351d                dequeue
 .text          0x0000000000103578       0x64 binaries/read.o
                0x0000000000103578                read
 .text          0x00000000001035dc       0x7f binaries/ready.o
                0x00000000001035dc                ready
 .text          0x000000000010365b       0x84 binaries/receive.o
                0x000000000010365b                receive
 .text          0x00000000001036df       0x68 binaries/recvclr.o
                0x00000000001036df                recvclr
 .text          0x0000000000103747       0xd4 binaries/recvtime.o
                0x0000000000103747                recvtime
 .text          0x000000000010381b      0x184 binaries/resched.o
                0x000000000010381b                resched
                0x0000000000103912                resched_cntl
 .text          0x000000000010399f       0x9b binaries/resume.o
                0x000000000010399f                resume
 .text          0x0000000000103a3a       0x60 binaries/seek.o
                0x0000000000103a3a                seek
 .text          0x0000000000103a9a       0x65 binaries/semcount.o
                0x0000000000103a9a                semcount
 .text          0x0000000000103aff       0xb5 binaries/semcreate.o
                0x0000000000103aff                semcreate
 .text          0x0000000000103bb4       0xe0 binaries/semdelete.o
                0x0000000000103bb4                semdelete
 .text          0x0000000000103c94       0xc0 binaries/semreset.o
                0x0000000000103c94                semreset
 .text          0x0000000000103d54       0xd7 binaries/send.o
                0x0000000000103d54                send
 .text          0x0000000000103e2b       0xa9 binaries/signal.o
                0x0000000000103e2b                signal
 .text          0x0000000000103ed4       0xe9 binaries/signaln.o
                0x0000000000103ed4                signaln
 .text          0x0000000000103fbd       0xda binaries/sleep.o
                0x0000000000103fbd                sleepms
                0x0000000000104061                sleep
 .text          0x0000000000104097       0xda binaries/suspend.o
                0x0000000000104097                suspend
 .text          0x0000000000104171       0xa2 binaries/unsleep.o
                0x0000000000104171                unsleep
 .text          0x0000000000104213       0x22 binaries/userret.o
                0x0000000000104213                userret
 .text          0x0000000000104235       0xcc binaries/wait.o
                0x0000000000104235                wait
 .text          0x0000000000104301       0x88 binaries/wakeup.o
                0x0000000000104301                wakeup
 .text          0x0000000000104389       0x64 binaries/write.o
                0x0000000000104389                write
 .text          0x00000000001043ed       0x25 binaries/xdone.o
                0x00000000001043ed                xdone
 .text          0x0000000000104412       0x30 binaries/yield.o
                0x0000000000104412                yield
 .text          0x0000000000104442        0xe binaries/abs.o
                0x0000000000104442                abs
 .text          0x0000000000104450       0x60 binaries/atoi.o
                0x0000000000104450                atoi
 .text          0x00000000001044b0       0x60 binaries/atol.o
                0x00000000001044b0                atol
 .text          0x0000000000104510       0x18 binaries/bzero.o
                0x0000000000104510                bzero
 .text          0x0000000000104528        0x0 binaries/ctype_.o
 .text          0x0000000000104528      0x83f binaries/doprnt.o
                0x000000000010469e                _doprnt
 .text.__x86.get_pc_thunk.si
                0x0000000000104d67        0x4 binaries/doprnt.o
                0x0000000000104d67                __x86.get_pc_thunk.si
 .text          0x0000000000104d6b      0x776 binaries/doscan.o
                0x0000000000104d6b                _doscan
 .text          0x00000000001054e1      0x7a9 binaries/fdoprnt.o
                0x0000000000105567                _fdoprnt
 .text          0x0000000000105c8a       0x2b binaries/fgetc.o
                0x0000000000105c8a                fgetc
 .text          0x0000000000105cb5       0x68 binaries/fgets.o
                0x0000000000105cb5                fgets
 .text          0x0000000000105d1d       0x31 binaries/fprintf.o
                0x0000000000105d1d                fprintf
 .text          0x0000000000105d4e       0x36 binaries/fputc.o
                0x0000000000105d4e                fputc
 .text          0x0000000000105d84       0x45 binaries/fputs.o
                0x0000000000105d84                fputs
 .text          0x0000000000105dc9       0x88 binaries/fscanf.o
                0x0000000000105e10                fscanf
 .text          0x0000000000105e51       0x38 binaries/getchar.o
                0x0000000000105e51                getchar
 .text          0x0000000000105e89        0xe binaries/labs.o
                0x0000000000105e89                labs
 .text          0x0000000000105e97       0x34 binaries/memchr.o
                0x0000000000105e97                memchr
 .text          0x0000000000105ecb       0x47 binaries/memcmp.o
                0x0000000000105ecb                memcmp
 .text          0x0000000000105f12       0x25 binaries/memcpy.o
                0x0000000000105f12                memcpy
 .text          0x0000000000105f37       0x1e binaries/memset.o
                0x0000000000105f37                memset
 .text          0x0000000000105f55       0x4c binaries/printf.o
                0x0000000000105f55                printf
 .text          0x0000000000105fa1       0x3c binaries/putchar.o
                0x0000000000105fa1                putchar
 .text          0x0000000000105fdd      0x22b binaries/qsort.o
                0x00000000001061d0                qsort
 .text.__x86.get_pc_thunk.bp
                0x0000000000106208        0x4 binaries/qsort.o
                0x0000000000106208                __x86.get_pc_thunk.bp
 .text          0x000000000010620c       0x3e binaries/rand.o
                0x000000000010620c                srand
                0x0000000000106221                rand
 .text          0x000000000010624a       0x58 binaries/sprintf.o
                0x0000000000106261                sprintf
 .text          0x00000000001062a2       0x68 binaries/sscanf.o
                0x00000000001062cb                sscanf
 .text          0x000000000010630a       0x2f binaries/strchr.o
                0x000000000010630a                strchr
 .text          0x0000000000106339       0x41 binaries/strcmp.o
                0x0000000000106339                strcmp
 .text          0x000000000010637a       0x1a binaries/strcpy.o
                0x000000000010637a                strcpy
 .text          0x0000000000106394       0x1c binaries/strlen.o
                0x0000000000106394                strlen
 .text          0x00000000001063b0       0x3a binaries/strncat.o
                0x00000000001063b0                strncat
 .text          0x00000000001063ea       0x36 binaries/strncmp.o
                0x00000000001063ea                strncmp
 .text          0x0000000000106420       0x57 binaries/strncpy.o
                0x0000000000106420                strncpy
 .text          0x0000000000106477       0x2e binaries/strnlen.o
                0x0000000000106477                strnlen
 .text          0x00000000001064a5       0x34 binaries/strrchr.o
                0x00000000001064a5                strrchr
 .text          0x00000000001064d9       0x75 binaries/strstr.o
                0x00000000001064d9                strstr
 .text          0x000000000010654e      0x164 binaries/ttycontrol.o
                0x000000000010654e                ttycontrol
 .text          0x00000000001066b2       0xda binaries/ttygetc.o
                0x00000000001066b2                ttygetc
 .text          0x000000000010678c      0x4f5 binaries/ttyhandle_in.o
                0x000000000010684c                ttyhandle_in
 .text          0x0000000000106c81      0x181 binaries/ttyhandle_out.o
                0x0000000000106c81                ttyhandle_out
 .text          0x0000000000106e02       0x93 binaries/ttyhandler.o
                0x0000000000106e02                ttyhandler
 .text          0x0000000000106e95      0x17a binaries/ttyinit.o
                0x0000000000106e95                ttyinit
 .text          0x000000000010700f        0xc binaries/ttykickout.o
                0x000000000010700f                ttykickout
 .text          0x000000000010701b       0xf0 binaries/ttyputc.o
                0x000000000010701b                ttyputc
 .text          0x000000000010710b      0x143 binaries/ttyread.o
                0x000000000010710b                ttyread
 .text          0x000000000010724e       0x59 binaries/ttywrite.o
                0x000000000010724e                ttywrite
 .text          0x00000000001072a7      0x152 binaries/mount.o
                0x00000000001072a7                namlen
                0x00000000001072dd                mount
 .text          0x00000000001073f9      0x1f2 binaries/naminit.o
                0x00000000001073f9                naminit
 .text          0x00000000001075eb      0x231 binaries/nammap.o
                0x00000000001075eb                namrepl
                0x0000000000107728                namcpy
                0x0000000000107773                nammap
 .text          0x000000000010781c       0x5b binaries/namopen.o
                0x000000000010781c                namopen
 .text          0x0000000000107877       0xfc binaries/colon2mac.o
                0x0000000000107877                colon2mac
 .text          0x0000000000107973       0x8d binaries/ethcontrol.o
                0x0000000000107973                ethcontrol
 .text          0x0000000000107a00      0x1bc binaries/ethhandler.o
                0x0000000000107a00                ethhandler
 .text          0x0000000000107bbc      0x573 binaries/ethinit.o
                0x0000000000107bbc                eth_phy_read
                0x0000000000107bf7                eth_phy_write
                0x0000000000107c35                eth_phy_reset
                0x0000000000107d0a                ethinit
 .text          0x000000000010812f      0x10d binaries/ethmcast.o
                0x000000000010812f                ethmcast_add
                0x0000000000108183                ethmcast_remove
 .text          0x000000000010823c      0x1d8 binaries/ethread.o
                0x000000000010823c                ethread
 .text          0x0000000000108414       0xdf binaries/ethwrite.o
                0x0000000000108414                ethwrite
 .text          0x00000000001084f3       0x73 binaries/rdsbufalloc.o
                0x00000000001084f3                rdsbufalloc
 .text          0x0000000000108566       0xb7 binaries/rdsclose.o
                0x0000000000108566                rdsclose
 .text          0x000000000010861d      0x22d binaries/rdscomm.o
                0x000000000010861d                rdscomm
 .text          0x000000000010884a      0x1d8 binaries/rdscontrol.o
                0x000000000010884a                rdscontrol
 .text          0x0000000000108a22      0x201 binaries/rdsinit.o
                0x0000000000108a22                rdsinit
 .text          0x0000000000108c23      0x1a4 binaries/rdsopen.o
                0x0000000000108c23                rdsopen
 .text          0x0000000000108dc7      0x2e5 binaries/rdsprocess.o
                0x0000000000108dc7                rdsprocess
 .text          0x00000000001090ac      0x209 binaries/rdsread.o
                0x00000000001090ac                rdsread
 .text          0x00000000001092b5      0x1b3 binaries/rdswrite.o
                0x00000000001092b5                rdswrite
 .text          0x0000000000109468        0x6 binaries/ramclose.o
                0x0000000000109468                ramclose
 .text          0x000000000010946e       0x42 binaries/raminit.o
                0x000000000010946e                raminit
 .text          0x00000000001094b0        0x7 binaries/ramopen.o
                0x00000000001094b0                ramopen
 .text          0x00000000001094b7       0x35 binaries/ramread.o
                0x00000000001094b7                ramread
 .text          0x00000000001094ec       0x35 binaries/ramwrite.o
                0x00000000001094ec                ramwrite
 .text          0x0000000000109521       0xa3 binaries/lfdballoc.o
                0x0000000000109521                lfdballoc
 .text          0x00000000001095c4       0x5c binaries/lfdbfree.o
                0x00000000001095c4                lfdbfree
 .text          0x0000000000109620       0xb5 binaries/lfflush.o
                0x0000000000109620                lfflush
 .text          0x00000000001096d5       0x74 binaries/lfgetmode.o
                0x00000000001096d5                lfgetmode
 .text          0x0000000000109749       0x70 binaries/lfiballoc.o
                0x0000000000109749                lfiballoc
 .text          0x00000000001097b9       0x25 binaries/lfibclear.o
                0x00000000001097b9                lfibclear
 .text          0x00000000001097de       0x8f binaries/lfibget.o
                0x00000000001097de                lfibget
 .text          0x000000000010986d       0xa8 binaries/lfibput.o
                0x000000000010986d                lfibput
 .text          0x0000000000109915       0xc1 binaries/lflclose.o
                0x0000000000109915                lflclose
 .text          0x00000000001099d6       0xdb binaries/lflcontrol.o
                0x00000000001099d6                lflcontrol
 .text          0x0000000000109ab1      0x118 binaries/lflgetc.o
                0x0000000000109ab1                lflgetc
 .text          0x0000000000109bc9       0xf6 binaries/lflinit.o
                0x0000000000109bc9                lflinit
 .text          0x0000000000109cbf      0x150 binaries/lflputc.o
                0x0000000000109cbf                lflputc
 .text          0x0000000000109e0f       0x77 binaries/lflread.o
                0x0000000000109e0f                lflread
 .text          0x0000000000109e86       0xda binaries/lflseek.o
                0x0000000000109e86                lflseek
 .text          0x0000000000109f60       0x65 binaries/lflwrite.o
                0x0000000000109f60                lflwrite
 .text          0x0000000000109fc5      0x14f binaries/lfsckfmt.o
                0x0000000000109fc5                lfsckfmt
 .text          0x000000000010a114      0x1d3 binaries/lfscreate.o
                0x000000000010a114                lfscreate
 .text          0x000000000010a2e7      0x1f7 binaries/lfsetup.o
                0x000000000010a2e7                lfsetup
 .text          0x000000000010a4de       0x52 binaries/lfsinit.o
                0x000000000010a4de                lfsinit
 .text          0x000000000010a530      0x33f binaries/lfsopen.o
                0x000000000010a530                lfsopen
 .text          0x000000000010a86f      0x151 binaries/lftruncate.o
                0x000000000010a86f                lftruncate
 .text          0x000000000010a9c0       0x83 binaries/rflclose.o
                0x000000000010a9c0                rflclose
 .text          0x000000000010aa43       0x38 binaries/rflgetc.o
                0x000000000010aa43                rflgetc
 .text          0x000000000010aa7b       0x80 binaries/rflinit.o
                0x000000000010aa7b                rflinit
 .text          0x000000000010aafb       0x3b binaries/rflputc.o
                0x000000000010aafb                rflputc
 .text          0x000000000010ab36      0x33b binaries/rflread.o
                0x000000000010ab36                rflread
 .text          0x000000000010ae71       0x87 binaries/rflseek.o
                0x000000000010ae71                rflseek
 .text          0x000000000010aef8      0x360 binaries/rflwrite.o
                0x000000000010aef8                rflwrite
 .text          0x000000000010b258      0x1a6 binaries/rfscomm.o
                0x000000000010b258                rfscomm
 .text          0x000000000010b3fe      0x27f binaries/rfscontrol.o
                0x000000000010b3fe                rfscontrol
 .text          0x000000000010b67d       0x74 binaries/rfsgetmode.o
                0x000000000010b67d                rfsgetmode
 .text          0x000000000010b6f1       0x98 binaries/rfsinit.o
                0x000000000010b6f1                rfsinit
 .text          0x000000000010b789       0xca binaries/rfsndmsg.o
                0x000000000010b789                rfsndmsg
 .text          0x000000000010b853      0x286 binaries/rfsopen.o
                0x000000000010b853                rfsopen
 .text          0x000000000010bad9      0x6c0 binaries/arp.o
                0x000000000010bad9                arp_init
                0x000000000010bb00                arp_alloc
                0x000000000010bbb1                arp_ntoh
                0x000000000010bc1b                arp_hton
                0x000000000010bc85                arp_resolve
                0x000000000010bf2a                arp_in
 .text          0x000000000010c199      0x5ea binaries/dhcp.o
                0x000000000010c199                dhcp_get_opt_val
                0x000000000010c1ea                dhcp_bld_bootp_msg
                0x000000000010c2c8                dhcp_bld_disc
                0x000000000010c318                dhcp_bld_req
                0x000000000010c3be                getlocalip
 .text          0x000000000010c783       0xc6 binaries/dot2ip.o
                0x000000000010c783                dot2ip
 .text          0x000000000010c849      0x3cf binaries/hexdump.o
                0x000000000010c849                hexdump
                0x000000000010c9db                hexadump
 .text          0x000000000010cc18      0x778 binaries/icmp.o
                0x000000000010cc18                icmp_init
                0x000000000010cc3c                icmp_register
                0x000000000010ccf0                icmp_recv
                0x000000000010ceab                icmp_mkpkt
                0x000000000010cfa2                icmp_in
                0x000000000010d148                icmp_send
                0x000000000010d1cb                icmp_release
                0x000000000010d30e                icmp_cksum
                0x000000000010d368                icmp_hton
                0x000000000010d37c                icmp_ntoh
 .text          0x000000000010d390      0x648 binaries/ip.o
                0x000000000010d390                ip_local
                0x000000000010d3dd                ipcksum
                0x000000000010d42b                ip_ntoh
                0x000000000010d495                ip_in
                0x000000000010d5de                ip_hton
                0x000000000010d648                ip_out
                0x000000000010d708                ip_send
                0x000000000010d832                ipout
                0x000000000010d935                ip_enqueue
 .text          0x000000000010d9d8      0x1cc binaries/net.o
                0x000000000010d9d8                net_init
                0x000000000010dae6                eth_hton
                0x000000000010daf0                eth_ntoh
                0x000000000010dafa                netin
 .text          0x000000000010dba4       0xd9 binaries/netstart.o
                0x000000000010dba4                netstart
 .text          0x000000000010dc7d      0xae9 binaries/pdump.o
                0x000000000010dc7d                pdump
                0x000000000010e2ba                pdumph
 .text          0x000000000010e766      0x5ff binaries/tftp.o
                0x000000000010e766                tftp_send1
                0x000000000010e888                tftpget_mb
                0x000000000010ed3e                tftpget
 .text          0x000000000010ed65      0xa9c binaries/udp.o
                0x000000000010ed65                udp_init
                0x000000000010eda8                udp_in
                0x000000000010eec4                udp_register
                0x000000000010efdf                udp_recv
                0x000000000010f184                udp_recvaddr
                0x000000000010f33d                udp_send
                0x000000000010f50a                udp_sendto
                0x000000000010f696                udp_release
                0x000000000010f7d9                udp_ntoh
                0x000000000010f7ed                udp_hton
 .text          0x000000000010f801      0x13e binaries/addargs.o
                0x000000000010f801                addargs
 .text          0x000000000010f93f      0x234 binaries/lexan.o
                0x000000000010f93f                lexan
 .text          0x000000000010fb73      0x645 binaries/shell.o
                0x000000000010fb73                shell
 .text          0x00000000001101b8       0x6e binaries/xsh_argecho.o
                0x00000000001101b8                xsh_argecho
 .text          0x0000000000110226      0x244 binaries/xsh_arp.o
                0x0000000000110226                xsh_arp
 .text          0x000000000011046a      0x271 binaries/xsh_cat.o
                0x000000000011046a                xsh_cat
 .text          0x00000000001106db       0x70 binaries/xsh_clear.o
                0x00000000001106db                xsh_clear
 .text          0x000000000011074b      0x2cb binaries/xsh_date.o
                0x000000000011074b                xsh_date
 .text          0x0000000000110a16       0xaa binaries/xsh_devdump.o
                0x0000000000110a16                xsh_devdump
 .text          0x0000000000110ac0       0x77 binaries/xsh_echo.o
                0x0000000000110ac0                xsh_echo
 .text          0x0000000000110b37        0x6 binaries/xsh_exit.o
                0x0000000000110b37                xsh_exit
 .text          0x0000000000110b3d      0x384 binaries/xsh_help.o
                0x0000000000110b3d                xsh_help
 .text          0x0000000000110ec1      0x392 binaries/xsh_ipaddr.o
                0x0000000000110ec1                xsh_ipaddr
 .text          0x0000000000111253      0x20e binaries/xsh_kill.o
                0x0000000000111253                xsh_kill
 .text          0x0000000000111461      0x448 binaries/xsh_memdump.o
                0x000000000011150b                xsh_memdump
 .text          0x00000000001118a9      0x227 binaries/xsh_memstat.o
                0x00000000001118a9                xsh_memstat
 .text          0x0000000000111ad0      0x329 binaries/xsh_ping.o
                0x0000000000111ad0                xsh_ping
 .text          0x0000000000111df9      0x1dc binaries/xsh_ps.o
                0x0000000000111df9                xsh_ps
 .text          0x0000000000111fd5      0x1e9 binaries/xsh_sleep.o
                0x0000000000111fd5                xsh_sleep
 .text          0x00000000001121be      0x21d binaries/xsh_udpdump.o
                0x00000000001121be                xsh_udpdump
 .text          0x00000000001123db      0x48b binaries/xsh_udpecho.o
                0x00000000001123db                xsh_udpecho
 .text          0x0000000000112866      0x2b8 binaries/xsh_udpeserver.o
                0x0000000000112866                xsh_udpeserver
 .text          0x0000000000112b1e      0x1f8 binaries/xsh_uptime.o
                0x0000000000112b1e                xsh_uptime
 .text          0x0000000000112d16        0xe binaries/clkdisp.o
                0x0000000000112d16                clkdisp
 .text          0x0000000000112d24       0x19 binaries/ctxsw.o
                0x0000000000112d24                ctxsw
 .text          0x0000000000112d3d      0x368 binaries/intr.o
                0x0000000000112d3d                disable
                0x0000000000112d46                restore
                0x0000000000112d54                enable
                0x0000000000112d56                pause
                0x0000000000112d5d                halt
                0x0000000000112d60                spurious_irq7
                0x0000000000112d65                spurious_irq15
                0x0000000000112d74                _Xint0
                0x0000000000112d7f                _Xint1
                0x0000000000112d8a                _Xint2
                0x0000000000112d95                _Xint3
                0x0000000000112da0                _Xint4
                0x0000000000112dab                _Xint5
                0x0000000000112db6                _Xint6
                0x0000000000112dc1                _Xint7
                0x0000000000112dcc                _Xint8
                0x0000000000112dd7                _Xint9
                0x0000000000112de2                _Xint10
                0x0000000000112ded                _Xint11
                0x0000000000112dfb                _Xint12
                0x0000000000112e09                _Xint13
                0x0000000000112e17                _Xint14
                0x0000000000112e25                _Xint15
                0x0000000000112e33                _Xint16
                0x0000000000112e41                _Xint17
                0x0000000000112e4f                _Xint18
                0x0000000000112e5d                _Xint19
                0x0000000000112e6b                _Xint20
                0x0000000000112e79                _Xint21
                0x0000000000112e87                _Xint22
                0x0000000000112e95                _Xint23
                0x0000000000112ea3                _Xint24
                0x0000000000112eb1                _Xint25
                0x0000000000112ebf                _Xint26
                0x0000000000112ecd                _Xint27
                0x0000000000112edb                _Xint28
                0x0000000000112ee9                _Xint29
                0x0000000000112ef7                _Xint30
                0x0000000000112f05                _Xint31
                0x0000000000112f13                _Xint32
                0x0000000000112f21                _Xint33
                0x0000000000112f2f                _Xint34
                0x0000000000112f3d                _Xint35
                0x0000000000112f4b                _Xint36
                0x0000000000112f59                _Xint37
                0x0000000000112f67                _Xint38
                0x0000000000112f75                _Xint39
                0x0000000000112f83                _Xint40
                0x0000000000112f91                _Xint41
                0x0000000000112f9f                _Xint42
                0x0000000000112fad                _Xint43
                0x0000000000112fbb                _Xint44
                0x0000000000112fc9                _Xint45
                0x0000000000112fd7                _Xint46
                0x0000000000112fe5                defevec
 .text          0x00000000001130a5        0xf binaries/ttydispatch.o
                0x00000000001130a5                ttydispatch
 .text          0x00000000001130b4       0x13 binaries/ethdispatch.o
                0x00000000001130b4                ethdispatch
 *(.rodata .rodata.*)
 .rodata.str1.1
                0x00000000001130c7       0x54 binaries/ascdate.o
 *fill*         0x000000000011311b        0x1 
 .rodata.str1.4
                0x000000000011311c       0x22 binaries/ascdate.o
 .rodata.str1.1
                0x000000000011313e       0x5f binaries/conf.o
 *fill*         0x000000000011319d        0x3 
 .rodata.str1.4
                0x00000000001131a0       0x4f binaries/early_imr.o
 *fill*         0x00000000001131ef        0x1 
 .rodata        0x00000000001131f0       0x33 binaries/early_imr.o
 .rodata.str1.1
                0x0000000000113223      0x20c binaries/evec.o
 *fill*         0x000000000011342f        0x1 
 .rodata.str1.4
                0x0000000000113430       0x23 binaries/evec.o
 .rodata.str1.1
                0x0000000000113453        0xb binaries/getutime.o
 *fill*         0x000000000011345e        0x2 
 .rodata.str1.4
                0x0000000000113460       0x54 binaries/getutime.o
 .rodata.str1.1
                0x00000000001134b4       0x63 binaries/initialize.o
                                         0x67 (size before relaxing)
 *fill*         0x0000000000113517        0x1 
 .rodata.str1.4
                0x0000000000113518       0xd0 binaries/initialize.o
 .rodata        0x00000000001135e8       0x20 binaries/kill.o
 .rodata.str1.4
                0x0000000000113608       0x23 binaries/meminit.o
 .rodata.str1.1
                0x000000000011362b       0x1b binaries/meminit.o
 .rodata.str1.1
                0x0000000000113646        0xf binaries/panic.o
 .rodata.str1.1
                0x0000000000113655       0x51 binaries/prod_cons.o
                                         0x53 (size before relaxing)
 *fill*         0x00000000001136a6        0x2 
 .rodata.str1.4
                0x00000000001136a8       0x43 binaries/prod_cons.o
 .rodata.str1.1
                0x00000000001136eb       0x1c binaries/ptinit.o
 *fill*         0x0000000000113707        0x1 
 .rodata.str1.4
                0x0000000000113708       0x25 binaries/ptsend.o
 .rodata.str1.1
                0x000000000011372d       0x22 binaries/quark_pdat.o
 *fill*         0x000000000011374f        0x1 
 .rodata.str1.4
                0x0000000000113750       0x27 binaries/xdone.o
 *fill*         0x0000000000113777        0x9 
 .rodata        0x0000000000113780       0x81 binaries/ctype_.o
                0x0000000000113780                _ctype_
 .rodata.str1.1
                0x0000000000113801       0x29 binaries/doprnt.o
 *fill*         0x000000000011382a        0x2 
 .rodata        0x000000000011382c       0xc4 binaries/doprnt.o
 .rodata        0x00000000001138f0       0x98 binaries/doscan.o
 .rodata.str1.1
                0x0000000000113988       0x29 binaries/fdoprnt.o
 .rodata        0x0000000000113988       0x84 binaries/fdoprnt.o
 .rodata        0x0000000000113a0c       0x20 binaries/ttycontrol.o
 .rodata.str1.4
                0x0000000000113a2c       0x4c binaries/naminit.o
 .rodata.str1.1
                0x0000000000113a78       0x32 binaries/naminit.o
                                         0x35 (size before relaxing)
 .rodata.str1.1
                0x0000000000113aaa       0x15 binaries/ethinit.o
 *fill*         0x0000000000113abf        0x1 
 .rodata.str1.4
                0x0000000000113ac0       0x2e binaries/ethinit.o
 *fill*         0x0000000000113aee        0x2 
 .rodata.str1.4
                0x0000000000113af0       0x2c binaries/rdsbufalloc.o
 .rodata.str1.4
                0x0000000000113b1c       0x76 binaries/rdscomm.o
 *fill*         0x0000000000113b92        0x2 
 .rodata.str1.4
                0x0000000000113b94       0x48 binaries/rdscontrol.o
 .rodata.str1.4
                0x0000000000113bdc       0x7e binaries/rdsinit.o
 .rodata.str1.1
                0x0000000000113c5a       0x18 binaries/rdsinit.o
 *fill*         0x0000000000113c72        0x2 
 .rodata.str1.4
                0x0000000000113c74       0x22 binaries/rdsopen.o
 *fill*         0x0000000000113c96        0x2 
 .rodata.str1.4
                0x0000000000113c98       0x4d binaries/rdsprocess.o
 .rodata.str1.1
                0x0000000000113ce5        0x9 binaries/raminit.o
 .rodata.str1.1
                0x0000000000113cee       0x13 binaries/lfdballoc.o
 *fill*         0x0000000000113d01        0x3 
 .rodata.str1.4
                0x0000000000113d04       0x23 binaries/lfdballoc.o
 .rodata.str1.1
                0x0000000000113d27       0x14 binaries/lfiballoc.o
 *fill*         0x0000000000113d3b        0x1 
 .rodata.str1.4
                0x0000000000113d3c       0x23 binaries/lflcontrol.o
 .rodata.str1.1
                0x0000000000113d5f       0x64 binaries/lfsckfmt.o
 *fill*         0x0000000000113dc3        0x1 
 .rodata.str1.4
                0x0000000000113dc4       0x51 binaries/lfsckfmt.o
 *fill*         0x0000000000113e15        0x3 
 .rodata.str1.4
                0x0000000000113e18       0x21 binaries/rflread.o
 .rodata.str1.4
                0x0000000000113e39       0x21 binaries/rflwrite.o
 *fill*         0x0000000000113e39        0x3 
 .rodata.str1.4
                0x0000000000113e3c       0x75 binaries/rfscomm.o
 *fill*         0x0000000000113eb1        0x3 
 .rodata.str1.4
                0x0000000000113eb4       0x23 binaries/rfscontrol.o
 *fill*         0x0000000000113ed7        0x1 
 .rodata        0x0000000000113ed8       0x18 binaries/rfscontrol.o
 .rodata.str1.1
                0x0000000000113ef0       0x10 binaries/rfsinit.o
 .rodata.str1.4
                0x0000000000113ef0       0x57 binaries/rfsinit.o
 *fill*         0x0000000000113f47        0x1 
 .rodata.str1.4
                0x0000000000113f48       0x2a binaries/rfsndmsg.o
 .rodata.str1.4
                0x0000000000113f72       0x22 binaries/rfsopen.o
 .rodata.str1.1
                0x0000000000113f72       0x19 binaries/arp.o
 *fill*         0x0000000000113f8b        0x1 
 .rodata.str1.4
                0x0000000000113f8c       0x21 binaries/arp.o
 *fill*         0x0000000000113fad        0x3 
 .rodata.str1.4
                0x0000000000113fb0       0xa6 binaries/dhcp.o
 .rodata.str1.1
                0x0000000000114056       0x4a binaries/dhcp.o
 .rodata.str1.1
                0x00000000001140a0       0x5a binaries/hexdump.o
                                         0x61 (size before relaxing)
 *fill*         0x00000000001140fa        0x2 
 .rodata.str1.4
                0x00000000001140fc       0x67 binaries/hexdump.o
 *fill*         0x0000000000114163        0x1 
 .rodata.str1.4
                0x0000000000114164       0x29 binaries/icmp.o
 .rodata.str1.1
                0x000000000011418d       0x4e binaries/ip.o
 *fill*         0x00000000001141db        0x1 
 .rodata.str1.4
                0x00000000001141dc       0x20 binaries/ip.o
 .rodata.str1.4
                0x00000000001141fc       0x28 binaries/net.o
 .rodata.str1.1
                0x0000000000114224       0x27 binaries/net.o
 *fill*         0x000000000011424b        0x1 
 .rodata.str1.4
                0x000000000011424c       0xcf binaries/netstart.o
 .rodata.str1.1
                0x000000000011431b      0x141 binaries/pdump.o
                                        0x14b (size before relaxing)
 .rodata.str1.4
                0x000000000011445c      0x126 binaries/pdump.o
 *fill*         0x0000000000114582        0x2 
 .rodata.str1.4
                0x0000000000114584      0x148 binaries/tftp.o
 .rodata.str1.1
                0x00000000001146cc        0x6 binaries/tftp.o
                                          0xa (size before relaxing)
 .rodata.str1.1
                0x00000000001146d2       0xe3 binaries/shell.o
                                         0xff (size before relaxing)
 *fill*         0x00000000001147b5        0x3 
 .rodata.str1.4
                0x00000000001147b8      0x1c4 binaries/shell.o
 .rodata.str1.1
                0x000000000011497c       0x26 binaries/xsh_argecho.o
                                         0x28 (size before relaxing)
 .rodata.str1.1
                0x00000000001149a2       0x70 binaries/xsh_arp.o
                                         0x72 (size before relaxing)
 *fill*         0x0000000000114a12        0x2 
 .rodata.str1.4
                0x0000000000114a14       0xb4 binaries/xsh_arp.o
 .rodata.str1.1
                0x0000000000114ac8       0x2d binaries/xsh_cat.o
                                         0x4f (size before relaxing)
 *fill*         0x0000000000114af5        0x3 
 .rodata.str1.4
                0x0000000000114af8       0x52 binaries/xsh_cat.o
                                         0x79 (size before relaxing)
 .rodata.str1.1
                0x0000000000114b4a       0x15 binaries/xsh_clear.o
 .rodata.str1.1
                0x0000000000114b5f       0x46 binaries/xsh_date.o
                                         0x5f (size before relaxing)
 *fill*         0x0000000000114ba5        0x3 
 .rodata.str1.4
                0x0000000000114ba8      0x163 binaries/xsh_date.o
 .rodata.str1.1
                0x0000000000114d0b       0x5d binaries/xsh_devdump.o
 .rodata.str1.1
                0x0000000000114d68        0x4 binaries/xsh_echo.o
                                          0x9 (size before relaxing)
 .rodata.str1.1
                0x0000000000114d6c       0x65 binaries/xsh_help.o
                                         0xa3 (size before relaxing)
 *fill*         0x0000000000114dd1        0x3 
 .rodata.str1.4
                0x0000000000114dd4       0x7c binaries/xsh_help.o
                                         0xc6 (size before relaxing)
 .rodata.str1.1
                0x0000000000114e50       0x9c binaries/xsh_ipaddr.o
                                         0xf8 (size before relaxing)
 .rodata.str1.4
                0x0000000000114eec       0x4d binaries/xsh_ipaddr.o
                                         0x99 (size before relaxing)
 .rodata.str1.1
                0x0000000000114f39       0x78 binaries/xsh_kill.o
                                         0x97 (size before relaxing)
 *fill*         0x0000000000114fb1        0x3 
 .rodata.str1.4
                0x0000000000114fb4       0x4a binaries/xsh_kill.o
                                         0x96 (size before relaxing)
 .rodata.str1.1
                0x0000000000114ffe       0x81 binaries/xsh_memdump.o
                                         0xa8 (size before relaxing)
 *fill*         0x000000000011507f        0x1 
 .rodata.str1.4
                0x0000000000115080      0x15a binaries/xsh_memdump.o
                                        0x1aa (size before relaxing)
 .rodata.str1.1
                0x00000000001151da       0x40 binaries/xsh_memstat.o
                                         0x79 (size before relaxing)
 *fill*         0x000000000011521a        0x2 
 .rodata.str1.4
                0x000000000011521c      0x187 binaries/xsh_memstat.o
                                        0x1af (size before relaxing)
 .rodata.str1.1
                0x00000000001153a3       0x90 binaries/xsh_ping.o
                                         0xaf (size before relaxing)
 *fill*         0x0000000000115433        0x1 
 .rodata.str1.4
                0x0000000000115434       0x77 binaries/xsh_ping.o
                                         0xc6 (size before relaxing)
 .rodata.str1.1
                0x00000000001154ab       0x74 binaries/xsh_ps.o
                                         0xd5 (size before relaxing)
 *fill*         0x000000000011551f        0x1 
 .rodata.str1.4
                0x0000000000115520       0x80 binaries/xsh_ps.o
                                         0xd0 (size before relaxing)
 .rodata.str1.1
                0x00000000001155a0       0x31 binaries/xsh_sleep.o
                                         0x72 (size before relaxing)
 *fill*         0x00000000001155d1        0x3 
 .rodata.str1.4
                0x00000000001155d4       0x2a binaries/xsh_sleep.o
                                         0x7a (size before relaxing)
 .rodata.str1.1
                0x00000000001155fe       0x6b binaries/xsh_udpdump.o
                                         0xd2 (size before relaxing)
 *fill*         0x0000000000115669        0x3 
 .rodata.str1.4
                0x000000000011566c       0x94 binaries/xsh_udpdump.o
                                         0xe4 (size before relaxing)
 .rodata.str1.1
                0x0000000000115700       0xdb binaries/xsh_udpecho.o
                                         0xfa (size before relaxing)
 *fill*         0x00000000001157db        0x1 
 .rodata.str1.4
                0x00000000001157dc       0xc7 binaries/xsh_udpecho.o
                                        0x116 (size before relaxing)
 .rodata.str1.1
                0x00000000001158a3       0x66 binaries/xsh_udpeserver.o
                                         0x8f (size before relaxing)
 *fill*         0x0000000000115909        0x3 
 .rodata.str1.4
                0x000000000011590c       0x29 binaries/xsh_udpeserver.o
                                         0x9f (size before relaxing)
 .rodata.str1.1
                0x0000000000115935       0x49 binaries/xsh_uptime.o
                                         0x8c (size before relaxing)
 *fill*         0x000000000011597e        0x2 
 .rodata.str1.4
                0x0000000000115980       0x28 binaries/xsh_uptime.o
                                         0x76 (size before relaxing)
                0x00000000001159a8                etext = ABSOLUTE (.)
                0x0000000000116000                . = ALIGN (0x1000)
 *fill*         0x00000000001159a8      0x658 

.eh_frame       0x0000000000116000     0x7220
 .eh_frame      0x0000000000116000       0x98 binaries/ascdate.o
 .eh_frame      0x0000000000116098       0x28 binaries/bufinit.o
                                         0x40 (size before relaxing)
 .eh_frame      0x00000000001160c0       0x54 binaries/chprio.o
                                         0x80 (size before relaxing)
 .eh_frame      0x0000000000116114       0x24 binaries/clkhandler.o
                                         0x50 (size before relaxing)
 .eh_frame      0x0000000000116138       0x44 binaries/clkinit.o
                                         0x70 (size before relaxing)
 .eh_frame      0x000000000011617c       0x44 binaries/close.o
                                         0x70 (size before relaxing)
 .eh_frame      0x00000000001161c0       0x48 binaries/control.o
                                         0x74 (size before relaxing)
 .eh_frame      0x0000000000116208       0x5c binaries/create.o
                                         0x88 (size before relaxing)
 .eh_frame      0x0000000000116264      0x164 binaries/early_imr.o
                                        0x190 (size before relaxing)
 .eh_frame      0x00000000001163c8      0x1f8 binaries/evec.o
                                        0x224 (size before relaxing)
 .eh_frame      0x00000000001165c0       0x58 binaries/freebuf.o
                                         0x84 (size before relaxing)
 .eh_frame      0x0000000000116618       0x5c binaries/freemem.o
                                         0x88 (size before relaxing)
 .eh_frame      0x0000000000116674       0x50 binaries/getbuf.o
                                         0x7c (size before relaxing)
 .eh_frame      0x00000000001166c4       0x44 binaries/getc.o
                                         0x70 (size before relaxing)
 .eh_frame      0x0000000000116708       0x60 binaries/getdev.o
                                         0x8c (size before relaxing)
 .eh_frame      0x0000000000116768       0x68 binaries/getitem.o
                                         0x94 (size before relaxing)
 .eh_frame      0x00000000001167d0       0x54 binaries/getmem.o
                                         0x80 (size before relaxing)
 .eh_frame      0x0000000000116824       0x14 binaries/getpid.o
                                         0x40 (size before relaxing)
 .eh_frame      0x0000000000116838       0x40 binaries/getprio.o
                                         0x6c (size before relaxing)
 .eh_frame      0x0000000000116878       0x5c binaries/getstk.o
                                         0x88 (size before relaxing)
 .eh_frame      0x00000000001168d4       0x2c binaries/gettime.o
                                         0x58 (size before relaxing)
 .eh_frame      0x0000000000116900       0x98 binaries/getutime.o
                                         0xc4 (size before relaxing)
 .eh_frame      0x0000000000116998       0x44 binaries/init.o
                                         0x70 (size before relaxing)
 .eh_frame      0x00000000001169dc       0xe0 binaries/initialize.o
                                        0x10c (size before relaxing)
 .eh_frame      0x0000000000116abc       0x44 binaries/insert.o
                                         0x5c (size before relaxing)
 .eh_frame      0x0000000000116b00       0x40 binaries/insertd.o
                                         0x6c (size before relaxing)
 .eh_frame      0x0000000000116b40       0x14 binaries/ioerr.o
                                         0x2c (size before relaxing)
 .eh_frame      0x0000000000116b54       0x14 binaries/ionull.o
                                         0x2c (size before relaxing)
 .eh_frame      0x0000000000116b68       0x78 binaries/kill.o
                                         0xa4 (size before relaxing)
 .eh_frame      0x0000000000116be0       0x90 binaries/kprintf.o
                                         0xd0 (size before relaxing)
 .eh_frame      0x0000000000116c70       0x34 binaries/main.o
                                         0x60 (size before relaxing)
 .eh_frame      0x0000000000116ca4       0x64 binaries/mark.o
                                         0x90 (size before relaxing)
 .eh_frame      0x0000000000116d08       0x80 binaries/meminit.o
                                         0xac (size before relaxing)
 .eh_frame      0x0000000000116d88       0x78 binaries/mkbufpool.o
                                         0xa4 (size before relaxing)
 .eh_frame      0x0000000000116e00       0x30 binaries/newqueue.o
                                         0x48 (size before relaxing)
 .eh_frame      0x0000000000116e30       0x48 binaries/open.o
                                         0x74 (size before relaxing)
 .eh_frame      0x0000000000116e78       0x28 binaries/panic.o
                                         0x54 (size before relaxing)
 .eh_frame      0x0000000000116ea0       0xf4 binaries/pci.o
                                        0x10c (size before relaxing)
 .eh_frame      0x0000000000116f94       0x40 binaries/platinit.o
                                         0x6c (size before relaxing)
 .eh_frame      0x0000000000116fd4      0x2f4 binaries/prod_cons.o
                                        0x348 (size before relaxing)
 .eh_frame      0x00000000001172c8       0x6c binaries/ptclear.o
                                         0x98 (size before relaxing)
 .eh_frame      0x0000000000117334       0x64 binaries/ptcount.o
                                         0x90 (size before relaxing)
 .eh_frame      0x0000000000117398       0x60 binaries/ptcreate.o
                                         0x8c (size before relaxing)
 .eh_frame      0x00000000001173f8       0x48 binaries/ptdelete.o
                                         0x74 (size before relaxing)
 .eh_frame      0x0000000000117440       0x44 binaries/ptinit.o
                                         0x70 (size before relaxing)
 .eh_frame      0x0000000000117484       0x64 binaries/ptrecv.o
                                         0x90 (size before relaxing)
 .eh_frame      0x00000000001174e8       0x48 binaries/ptreset.o
                                         0x74 (size before relaxing)
 .eh_frame      0x0000000000117530       0x70 binaries/ptsend.o
                                         0x9c (size before relaxing)
 .eh_frame      0x00000000001175a0       0x54 binaries/putc.o
                                         0x80 (size before relaxing)
 .eh_frame      0x00000000001175f4       0x6c binaries/quark_irq.o
                                         0x98 (size before relaxing)
 .eh_frame      0x0000000000117660       0xe8 binaries/quark_pdat.o
                                        0x114 (size before relaxing)
 .eh_frame      0x0000000000117748       0x4c binaries/queue.o
                                         0x78 (size before relaxing)
 .eh_frame      0x0000000000117794       0x48 binaries/read.o
                                         0x74 (size before relaxing)
 .eh_frame      0x00000000001177dc       0x34 binaries/ready.o
                                         0x60 (size before relaxing)
 .eh_frame      0x0000000000117810       0x50 binaries/receive.o
                                         0x7c (size before relaxing)
 .eh_frame      0x0000000000117860       0x38 binaries/recvclr.o
                                         0x64 (size before relaxing)
 .eh_frame      0x0000000000117898       0x60 binaries/recvtime.o
                                         0x8c (size before relaxing)
 .eh_frame      0x00000000001178f8       0x78 binaries/resched.o
                                         0xb8 (size before relaxing)
 .eh_frame      0x0000000000117970       0x5c binaries/resume.o
                                         0x88 (size before relaxing)
 .eh_frame      0x00000000001179cc       0x44 binaries/seek.o
                                         0x70 (size before relaxing)
 .eh_frame      0x0000000000117a10       0x40 binaries/semcount.o
                                         0x6c (size before relaxing)
 .eh_frame      0x0000000000117a50       0x54 binaries/semcreate.o
                                         0x80 (size before relaxing)
 .eh_frame      0x0000000000117aa4       0x6c binaries/semdelete.o
                                         0x98 (size before relaxing)
 .eh_frame      0x0000000000117b10       0x6c binaries/semreset.o
                                         0x98 (size before relaxing)
 .eh_frame      0x0000000000117b7c       0x60 binaries/send.o
                                         0x8c (size before relaxing)
 .eh_frame      0x0000000000117bdc       0x54 binaries/signal.o
                                         0x80 (size before relaxing)
 .eh_frame      0x0000000000117c30       0x70 binaries/signaln.o
                                         0x9c (size before relaxing)
 .eh_frame      0x0000000000117ca0       0x80 binaries/sleep.o
                                         0xac (size before relaxing)
 .eh_frame      0x0000000000117d20       0x54 binaries/suspend.o
                                         0x80 (size before relaxing)
 .eh_frame      0x0000000000117d74       0x4c binaries/unsleep.o
                                         0x78 (size before relaxing)
 .eh_frame      0x0000000000117dc0       0x28 binaries/userret.o
                                         0x54 (size before relaxing)
 .eh_frame      0x0000000000117de8       0x58 binaries/wait.o
                                         0x84 (size before relaxing)
 .eh_frame      0x0000000000117e40       0x48 binaries/wakeup.o
                                         0x74 (size before relaxing)
 .eh_frame      0x0000000000117e88       0x48 binaries/write.o
                                         0x74 (size before relaxing)
 .eh_frame      0x0000000000117ed0       0x24 binaries/xdone.o
                                         0x50 (size before relaxing)
 .eh_frame      0x0000000000117ef4       0x30 binaries/yield.o
                                         0x5c (size before relaxing)
 .eh_frame      0x0000000000117f24       0x14 binaries/abs.o
                                         0x2c (size before relaxing)
 .eh_frame      0x0000000000117f38       0x28 binaries/atoi.o
                                         0x40 (size before relaxing)
 .eh_frame      0x0000000000117f60       0x28 binaries/atol.o
                                         0x40 (size before relaxing)
 .eh_frame      0x0000000000117f88       0x14 binaries/bzero.o
                                         0x2c (size before relaxing)
 .eh_frame      0x0000000000117f9c      0x174 binaries/doprnt.o
                                        0x1a0 (size before relaxing)
 .eh_frame      0x0000000000118110      0x108 binaries/doscan.o
                                        0x134 (size before relaxing)
 .eh_frame      0x0000000000118218      0x114 binaries/fdoprnt.o
                                        0x140 (size before relaxing)
 .eh_frame      0x000000000011832c       0x2c binaries/fgetc.o
                                         0x58 (size before relaxing)
 .eh_frame      0x0000000000118358       0x48 binaries/fgets.o
                                         0x74 (size before relaxing)
 .eh_frame      0x00000000001183a0       0x2c binaries/fprintf.o
                                         0x58 (size before relaxing)
 .eh_frame      0x00000000001183cc       0x2c binaries/fputc.o
                                         0x58 (size before relaxing)
 .eh_frame      0x00000000001183f8       0x3c binaries/fputs.o
                                         0x68 (size before relaxing)
 .eh_frame      0x0000000000118434       0x7c binaries/fscanf.o
                                         0xa8 (size before relaxing)
 .eh_frame      0x00000000001184b0       0x24 binaries/getchar.o
                                         0x50 (size before relaxing)
 .eh_frame      0x00000000001184d4       0x14 binaries/labs.o
                                         0x2c (size before relaxing)
 .eh_frame      0x00000000001184e8       0x14 binaries/memchr.o
                                         0x2c (size before relaxing)
 .eh_frame      0x00000000001184fc       0x28 binaries/memcmp.o
                                         0x40 (size before relaxing)
 .eh_frame      0x0000000000118524       0x24 binaries/memcpy.o
                                         0x3c (size before relaxing)
 .eh_frame      0x0000000000118548       0x1c binaries/memset.o
                                         0x34 (size before relaxing)
 .eh_frame      0x0000000000118564       0x2c binaries/printf.o
                                         0x58 (size before relaxing)
 .eh_frame      0x0000000000118590       0x28 binaries/putchar.o
                                         0x54 (size before relaxing)
 .eh_frame      0x00000000001185b8       0xdc binaries/qsort.o
                                        0x11c (size before relaxing)
 .eh_frame      0x0000000000118694       0x28 binaries/rand.o
                                         0x68 (size before relaxing)
 .eh_frame      0x00000000001186bc       0x54 binaries/sprintf.o
                                         0x80 (size before relaxing)
 .eh_frame      0x0000000000118710       0x5c binaries/sscanf.o
                                         0x88 (size before relaxing)
 .eh_frame      0x000000000011876c       0x20 binaries/strchr.o
                                         0x38 (size before relaxing)
 .eh_frame      0x000000000011878c       0x20 binaries/strcmp.o
                                         0x38 (size before relaxing)
 .eh_frame      0x00000000001187ac       0x14 binaries/strcpy.o
                                         0x2c (size before relaxing)
 .eh_frame      0x00000000001187c0       0x14 binaries/strlen.o
                                         0x2c (size before relaxing)
 .eh_frame      0x00000000001187d4       0x2c binaries/strncat.o
                                         0x44 (size before relaxing)
 .eh_frame      0x0000000000118800       0x1c binaries/strncmp.o
                                         0x34 (size before relaxing)
 .eh_frame      0x000000000011881c       0x30 binaries/strncpy.o
                                         0x48 (size before relaxing)
 .eh_frame      0x000000000011884c       0x14 binaries/strnlen.o
                                         0x2c (size before relaxing)
 .eh_frame      0x0000000000118860       0x20 binaries/strrchr.o
                                         0x38 (size before relaxing)
 .eh_frame      0x0000000000118880       0x3c binaries/strstr.o
                                         0x54 (size before relaxing)
 .eh_frame      0x00000000001188bc       0x58 binaries/ttycontrol.o
                                         0x84 (size before relaxing)
 .eh_frame      0x0000000000118914       0x44 binaries/ttygetc.o
                                         0x70 (size before relaxing)
 .eh_frame      0x0000000000118958       0xe0 binaries/ttyhandle_in.o
                                        0x10c (size before relaxing)
 .eh_frame      0x0000000000118a38       0x68 binaries/ttyhandle_out.o
                                         0x94 (size before relaxing)
 .eh_frame      0x0000000000118aa0       0x5c binaries/ttyhandler.o
                                         0x88 (size before relaxing)
 .eh_frame      0x0000000000118afc       0x4c binaries/ttyinit.o
                                         0x78 (size before relaxing)
 .eh_frame      0x0000000000118b48       0x14 binaries/ttykickout.o
                                         0x2c (size before relaxing)
 .eh_frame      0x0000000000118b5c       0x64 binaries/ttyputc.o
                                         0x90 (size before relaxing)
 .eh_frame      0x0000000000118bc0       0x64 binaries/ttyread.o
                                         0x90 (size before relaxing)
 .eh_frame      0x0000000000118c24       0x4c binaries/ttywrite.o
                                         0x78 (size before relaxing)
 .eh_frame      0x0000000000118c70       0x7c binaries/mount.o
                                         0xa8 (size before relaxing)
 .eh_frame      0x0000000000118cec       0xe4 binaries/naminit.o
                                        0x110 (size before relaxing)
 .eh_frame      0x0000000000118dd0       0xf0 binaries/nammap.o
                                        0x130 (size before relaxing)
 .eh_frame      0x0000000000118ec0       0x48 binaries/namopen.o
                                         0x74 (size before relaxing)
 .eh_frame      0x0000000000118f08       0x3c binaries/colon2mac.o
                                         0x68 (size before relaxing)
 .eh_frame      0x0000000000118f44       0x4c binaries/ethcontrol.o
                                         0x78 (size before relaxing)
 .eh_frame      0x0000000000118f90       0x58 binaries/ethhandler.o
                                         0x84 (size before relaxing)
 .eh_frame      0x0000000000118fe8      0x154 binaries/ethinit.o
                                        0x180 (size before relaxing)
 .eh_frame      0x000000000011913c       0xa8 binaries/ethmcast.o
                                         0xd4 (size before relaxing)
 .eh_frame      0x00000000001191e4       0x80 binaries/ethread.o
                                         0xac (size before relaxing)
 .eh_frame      0x0000000000119264       0x48 binaries/ethwrite.o
                                         0x74 (size before relaxing)
 .eh_frame      0x00000000001192ac       0x3c binaries/rdsbufalloc.o
                                         0x68 (size before relaxing)
 .eh_frame      0x00000000001192e8       0x3c binaries/rdsclose.o
                                         0x68 (size before relaxing)
 .eh_frame      0x0000000000119324       0x90 binaries/rdscomm.o
                                         0xbc (size before relaxing)
 .eh_frame      0x00000000001193b4       0xb4 binaries/rdscontrol.o
                                         0xe0 (size before relaxing)
 .eh_frame      0x0000000000119468       0x9c binaries/rdsinit.o
                                         0xc8 (size before relaxing)
 .eh_frame      0x0000000000119504       0x80 binaries/rdsopen.o
                                         0xac (size before relaxing)
 .eh_frame      0x0000000000119584       0xf8 binaries/rdsprocess.o
                                        0x124 (size before relaxing)
 .eh_frame      0x000000000011967c       0x7c binaries/rdsread.o
                                         0xa8 (size before relaxing)
 .eh_frame      0x00000000001196f8       0x80 binaries/rdswrite.o
                                         0xac (size before relaxing)
 .eh_frame      0x0000000000119778       0x14 binaries/ramclose.o
                                         0x2c (size before relaxing)
 .eh_frame      0x000000000011978c       0x40 binaries/raminit.o
                                         0x6c (size before relaxing)
 .eh_frame      0x00000000001197cc       0x14 binaries/ramopen.o
                                         0x2c (size before relaxing)
 .eh_frame      0x00000000001197e0       0x2c binaries/ramread.o
                                         0x58 (size before relaxing)
 .eh_frame      0x000000000011980c       0x2c binaries/ramwrite.o
                                         0x58 (size before relaxing)
 .eh_frame      0x0000000000119838       0x80 binaries/lfdballoc.o
                                         0xac (size before relaxing)
 .eh_frame      0x00000000001198b8       0x50 binaries/lfdbfree.o
                                         0x7c (size before relaxing)
 .eh_frame      0x0000000000119908       0x5c binaries/lfflush.o
                                         0x88 (size before relaxing)
 .eh_frame      0x0000000000119964       0x14 binaries/lfgetmode.o
                                         0x2c (size before relaxing)
 .eh_frame      0x0000000000119978       0x5c binaries/lfiballoc.o
                                         0x88 (size before relaxing)
 .eh_frame      0x00000000001199d4       0x14 binaries/lfibclear.o
                                         0x2c (size before relaxing)
 .eh_frame      0x00000000001199e8       0x4c binaries/lfibget.o
                                         0x78 (size before relaxing)
 .eh_frame      0x0000000000119a34       0x68 binaries/lfibput.o
                                         0x94 (size before relaxing)
 .eh_frame      0x0000000000119a9c       0x54 binaries/lflclose.o
                                         0x80 (size before relaxing)
 .eh_frame      0x0000000000119af0       0x74 binaries/lflcontrol.o
                                         0xa0 (size before relaxing)
 .eh_frame      0x0000000000119b64       0x6c binaries/lflgetc.o
                                         0x98 (size before relaxing)
 .eh_frame      0x0000000000119bd0       0x5c binaries/lflinit.o
                                         0x88 (size before relaxing)
 .eh_frame      0x0000000000119c2c       0x6c binaries/lflputc.o
                                         0x98 (size before relaxing)
 .eh_frame      0x0000000000119c98       0x48 binaries/lflread.o
                                         0x74 (size before relaxing)
 .eh_frame      0x0000000000119ce0       0x60 binaries/lflseek.o
                                         0x8c (size before relaxing)
 .eh_frame      0x0000000000119d40       0x48 binaries/lflwrite.o
                                         0x74 (size before relaxing)
 .eh_frame      0x0000000000119d88       0xd4 binaries/lfsckfmt.o
                                        0x100 (size before relaxing)
 .eh_frame      0x0000000000119e5c       0xd4 binaries/lfscreate.o
                                        0x100 (size before relaxing)
 .eh_frame      0x0000000000119f30       0xbc binaries/lfsetup.o
                                         0xe8 (size before relaxing)
 .eh_frame      0x0000000000119fec       0x38 binaries/lfsinit.o
                                         0x64 (size before relaxing)
 .eh_frame      0x000000000011a024       0x90 binaries/lfsopen.o
                                         0xbc (size before relaxing)
 .eh_frame      0x000000000011a0b4       0x84 binaries/lftruncate.o
                                         0xb0 (size before relaxing)
 .eh_frame      0x000000000011a138       0x3c binaries/rflclose.o
                                         0x68 (size before relaxing)
 .eh_frame      0x000000000011a174       0x30 binaries/rflgetc.o
                                         0x5c (size before relaxing)
 .eh_frame      0x000000000011a1a4       0x30 binaries/rflinit.o
                                         0x5c (size before relaxing)
 .eh_frame      0x000000000011a1d4       0x30 binaries/rflputc.o
                                         0x5c (size before relaxing)
 .eh_frame      0x000000000011a204       0xdc binaries/rflread.o
                                        0x108 (size before relaxing)
 .eh_frame      0x000000000011a2e0       0x3c binaries/rflseek.o
                                         0x68 (size before relaxing)
 .eh_frame      0x000000000011a31c       0xd0 binaries/rflwrite.o
                                         0xfc (size before relaxing)
 .eh_frame      0x000000000011a3ec       0x88 binaries/rfscomm.o
                                         0xb4 (size before relaxing)
 .eh_frame      0x000000000011a474      0x11c binaries/rfscontrol.o
                                        0x148 (size before relaxing)
 .eh_frame      0x000000000011a590       0x14 binaries/rfsgetmode.o
                                         0x2c (size before relaxing)
 .eh_frame      0x000000000011a5a4       0x50 binaries/rfsinit.o
                                         0x7c (size before relaxing)
 .eh_frame      0x000000000011a5f4       0x50 binaries/rfsndmsg.o
                                         0x7c (size before relaxing)
 .eh_frame      0x000000000011a644       0xdc binaries/rfsopen.o
                                        0x108 (size before relaxing)
 .eh_frame      0x000000000011a720      0x27c binaries/arp.o
                                        0x2bc (size before relaxing)
 .eh_frame      0x000000000011a99c      0x284 binaries/dhcp.o
                                        0x2b0 (size before relaxing)
 .eh_frame      0x000000000011ac20       0x40 binaries/dot2ip.o
                                         0x58 (size before relaxing)
 .eh_frame      0x000000000011ac60      0x1bc binaries/hexdump.o
                                        0x1e8 (size before relaxing)
 .eh_frame      0x000000000011ae1c      0x310 binaries/icmp.o
                                        0x350 (size before relaxing)
 .eh_frame      0x000000000011b12c      0x2e8 binaries/ip.o
                                        0x314 (size before relaxing)
 .eh_frame      0x000000000011b414      0x138 binaries/net.o
                                        0x164 (size before relaxing)
 .eh_frame      0x000000000011b54c       0x74 binaries/netstart.o
                                         0xa0 (size before relaxing)
 .eh_frame      0x000000000011b5c0      0x394 binaries/pdump.o
                                        0x3c0 (size before relaxing)
 .eh_frame      0x000000000011b954      0x260 binaries/tftp.o
                                        0x28c (size before relaxing)
 .eh_frame      0x000000000011bbb4      0x36c binaries/udp.o
                                        0x3ac (size before relaxing)
 .eh_frame      0x000000000011bf20       0x68 binaries/addargs.o
                                         0x94 (size before relaxing)
 .eh_frame      0x000000000011bf88       0x40 binaries/lexan.o
                                         0x58 (size before relaxing)
 .eh_frame      0x000000000011bfc8      0x24c binaries/shell.o
                                        0x278 (size before relaxing)
 .eh_frame      0x000000000011c214       0x5c binaries/xsh_argecho.o
                                         0x88 (size before relaxing)
 .eh_frame      0x000000000011c270       0xe0 binaries/xsh_arp.o
                                        0x10c (size before relaxing)
 .eh_frame      0x000000000011c350       0xb0 binaries/xsh_cat.o
                                         0xdc (size before relaxing)
 .eh_frame      0x000000000011c400       0x3c binaries/xsh_clear.o
                                         0x68 (size before relaxing)
 .eh_frame      0x000000000011c43c      0x108 binaries/xsh_date.o
                                        0x134 (size before relaxing)
 .eh_frame      0x000000000011c544       0x64 binaries/xsh_devdump.o
                                         0x90 (size before relaxing)
 .eh_frame      0x000000000011c5a8       0x5c binaries/xsh_echo.o
                                         0x88 (size before relaxing)
 .eh_frame      0x000000000011c604       0x14 binaries/xsh_exit.o
                                         0x2c (size before relaxing)
 .eh_frame      0x000000000011c618       0xd4 binaries/xsh_help.o
                                        0x100 (size before relaxing)
 .eh_frame      0x000000000011c6ec      0x194 binaries/xsh_ipaddr.o
                                        0x1c0 (size before relaxing)
 .eh_frame      0x000000000011c880       0xac binaries/xsh_kill.o
                                         0xd8 (size before relaxing)
 .eh_frame      0x000000000011c92c      0x130 binaries/xsh_memdump.o
                                        0x15c (size before relaxing)
 .eh_frame      0x000000000011ca5c       0xbc binaries/xsh_memstat.o
                                         0xe8 (size before relaxing)
 .eh_frame      0x000000000011cb18      0x10c binaries/xsh_ping.o
                                        0x138 (size before relaxing)
 .eh_frame      0x000000000011cc24       0xd8 binaries/xsh_ps.o
                                        0x104 (size before relaxing)
 .eh_frame      0x000000000011ccfc       0xac binaries/xsh_sleep.o
                                         0xd8 (size before relaxing)
 .eh_frame      0x000000000011cda8       0xe8 binaries/xsh_udpdump.o
                                        0x114 (size before relaxing)
 .eh_frame      0x000000000011ce90      0x1b0 binaries/xsh_udpecho.o
                                        0x1dc (size before relaxing)
 .eh_frame      0x000000000011d040      0x128 binaries/xsh_udpeserver.o
                                        0x154 (size before relaxing)
 .eh_frame      0x000000000011d168       0xb8 binaries/xsh_uptime.o
                                         0xe4 (size before relaxing)

.iplt           0x000000000011d220        0x0
 .iplt          0x000000000011d220        0x0 binaries/start.o

.rel.dyn        0x000000000011d220        0x0
 .rel.got       0x000000000011d220        0x0 binaries/start.o
 .rel.iplt      0x000000000011d220        0x0 binaries/start.o
 .rel.text      0x000000000011d220        0x0 binaries/start.o

.data           0x000000000011d220     0x1de0
                0x000000000011d220                data = ABSOLUTE (.)
 *(.data .data.*)
 .data          0x000000000011d220      0x85a binaries/start.o
                0x000000000011d220                gdt
                0x000000000011d270                idt
                0x000000000011da76                cpudelay
 .data          0x000000000011da7a        0x0 binaries/ascdate.o
 *fill*         0x000000000011da7a        0x6 
 .data.rel.local
                0x000000000011da80       0x88 binaries/ascdate.o
                0x000000000011da80                Date
 .data          0x000000000011db08        0x0 binaries/bufinit.o
 .data          0x000000000011db08        0x0 binaries/chprio.o
 .data          0x000000000011db08        0x4 binaries/clkhandler.o
 .data          0x000000000011db0c        0x0 binaries/clkinit.o
 .data          0x000000000011db0c        0x0 binaries/close.o
 .data          0x000000000011db0c        0x0 binaries/conf.o
 *fill*         0x000000000011db0c       0x14 
 .data.rel      0x000000000011db20      0x30c binaries/conf.o
                0x000000000011db20                devtab
 .data          0x000000000011de2c        0x0 binaries/control.o
 .data          0x000000000011de2c        0x4 binaries/create.o
 .data          0x000000000011de30        0x0 binaries/early_imr.o
 .data          0x000000000011de30        0x0 binaries/evec.o
 *fill*         0x000000000011de30       0x10 
 .data.rel.local
                0x000000000011de40       0x40 binaries/evec.o
                0x000000000011de40                inames
 .data          0x000000000011de80        0x0 binaries/freebuf.o
 .data          0x000000000011de80        0x0 binaries/freemem.o
 .data          0x000000000011de80        0x0 binaries/getbuf.o
 .data          0x000000000011de80        0x0 binaries/getc.o
 .data          0x000000000011de80        0x0 binaries/getdev.o
 .data          0x000000000011de80        0x0 binaries/getitem.o
 .data          0x000000000011de80        0x0 binaries/getmem.o
 .data          0x000000000011de80        0x0 binaries/getpid.o
 .data          0x000000000011de80        0x0 binaries/getprio.o
 .data          0x000000000011de80        0x0 binaries/getstk.o
 .data          0x000000000011de80        0x0 binaries/gettime.o
 .data          0x000000000011de80        0x0 binaries/getutime.o
 .data          0x000000000011de80        0x0 binaries/init.o
 .data          0x000000000011de80        0x0 binaries/initialize.o
 .data          0x000000000011de80        0x0 binaries/insert.o
 .data          0x000000000011de80        0x0 binaries/insertd.o
 .data          0x000000000011de80        0x0 binaries/ioerr.o
 .data          0x000000000011de80        0x0 binaries/ionull.o
 .data          0x000000000011de80        0x0 binaries/kill.o
 .data          0x000000000011de80        0x0 binaries/kprintf.o
 .data          0x000000000011de80        0x0 binaries/main.o
 .data          0x000000000011de80        0x0 binaries/mark.o
 .data          0x000000000011de80       0x48 binaries/meminit.o
                0x000000000011de80                gdt_copy
                0x000000000011dec0                bootinfo
                0x000000000011dec4                bootsign
 .data          0x000000000011dec8        0x0 binaries/mkbufpool.o
 .data          0x000000000011dec8        0x2 binaries/newqueue.o
 .data          0x000000000011deca        0x0 binaries/open.o
 .data          0x000000000011deca        0x0 binaries/panic.o
 .data          0x000000000011deca        0x0 binaries/pci.o
 .data          0x000000000011deca        0x0 binaries/platinit.o
 *fill*         0x000000000011deca        0x2 
 .data          0x000000000011decc       0x37 binaries/prod_cons.o
                0x000000000011decc                consumer_counts
                0x000000000011ded8                consumer_sleep_times
                0x000000000011dee4                consumer_tags
                0x000000000011dee8                producer_counts
                0x000000000011def4                producer_sleep_times
                0x000000000011df00                producer_tags
 .data          0x000000000011df03        0x0 binaries/ptclear.o
 .data          0x000000000011df03        0x0 binaries/ptcount.o
 .data          0x000000000011df03        0x0 binaries/ptcreate.o
 .data          0x000000000011df03        0x0 binaries/ptdelete.o
 .data          0x000000000011df03        0x0 binaries/ptinit.o
 .data          0x000000000011df03        0x0 binaries/ptrecv.o
 .data          0x000000000011df03        0x0 binaries/ptreset.o
 .data          0x000000000011df03        0x0 binaries/ptsend.o
 .data          0x000000000011df03        0x0 binaries/putc.o
 .data          0x000000000011df03        0x0 binaries/quark_irq.o
 .data          0x000000000011df03        0x0 binaries/quark_pdat.o
 .data          0x000000000011df03        0x0 binaries/queue.o
 .data          0x000000000011df03        0x0 binaries/read.o
 .data          0x000000000011df03        0x0 binaries/ready.o
 .data          0x000000000011df03        0x0 binaries/receive.o
 .data          0x000000000011df03        0x0 binaries/recvclr.o
 .data          0x000000000011df03        0x0 binaries/recvtime.o
 .data          0x000000000011df03        0x0 binaries/resched.o
 .data          0x000000000011df03        0x0 binaries/resume.o
 .data          0x000000000011df03        0x0 binaries/seek.o
 .data          0x000000000011df03        0x0 binaries/semcount.o
 .data          0x000000000011df03        0x0 binaries/semcreate.o
 .data          0x000000000011df03        0x0 binaries/semdelete.o
 .data          0x000000000011df03        0x0 binaries/semreset.o
 .data          0x000000000011df03        0x0 binaries/send.o
 .data          0x000000000011df03        0x0 binaries/signal.o
 .data          0x000000000011df03        0x0 binaries/signaln.o
 .data          0x000000000011df03        0x0 binaries/sleep.o
 .data          0x000000000011df03        0x0 binaries/suspend.o
 .data          0x000000000011df03        0x0 binaries/unsleep.o
 .data          0x000000000011df03        0x0 binaries/userret.o
 .data          0x000000000011df03        0x0 binaries/wait.o
 .data          0x000000000011df03        0x0 binaries/wakeup.o
 .data          0x000000000011df03        0x0 binaries/write.o
 .data          0x000000000011df03        0x0 binaries/xdone.o
 .data          0x000000000011df03        0x0 binaries/yield.o
 .data          0x000000000011df03        0x0 binaries/abs.o
 .data          0x000000000011df03        0x0 binaries/atoi.o
 .data          0x000000000011df03        0x0 binaries/atol.o
 .data          0x000000000011df03        0x0 binaries/bzero.o
 .data          0x000000000011df03        0x0 binaries/ctype_.o
 .data          0x000000000011df03        0x0 binaries/doprnt.o
 *fill*         0x000000000011df03       0x1d 
 .data          0x000000000011df20       0x80 binaries/doscan.o
                0x000000000011df20                _sctab
 .data          0x000000000011dfa0        0x0 binaries/fdoprnt.o
 .data          0x000000000011dfa0        0x0 binaries/fgetc.o
 .data          0x000000000011dfa0        0x0 binaries/fgets.o
 .data          0x000000000011dfa0        0x0 binaries/fprintf.o
 .data          0x000000000011dfa0        0x0 binaries/fputc.o
 .data          0x000000000011dfa0        0x0 binaries/fputs.o
 .data          0x000000000011dfa0        0x0 binaries/fscanf.o
 .data          0x000000000011dfa0        0x0 binaries/getchar.o
 .data          0x000000000011dfa0        0x0 binaries/labs.o
 .data          0x000000000011dfa0        0x0 binaries/memchr.o
 .data          0x000000000011dfa0        0x0 binaries/memcmp.o
 .data          0x000000000011dfa0        0x0 binaries/memcpy.o
 .data          0x000000000011dfa0        0x0 binaries/memset.o
 .data          0x000000000011dfa0        0x0 binaries/printf.o
 .data          0x000000000011dfa0        0x0 binaries/putchar.o
 .data          0x000000000011dfa0        0x0 binaries/qsort.o
 .data          0x000000000011dfa0        0x4 binaries/rand.o
 .data          0x000000000011dfa4        0x0 binaries/sprintf.o
 .data          0x000000000011dfa4        0x0 binaries/sscanf.o
 .data          0x000000000011dfa4        0x0 binaries/strchr.o
 .data          0x000000000011dfa4        0x0 binaries/strcmp.o
 .data          0x000000000011dfa4        0x0 binaries/strcpy.o
 .data          0x000000000011dfa4        0x0 binaries/strlen.o
 .data          0x000000000011dfa4        0x0 binaries/strncat.o
 .data          0x000000000011dfa4        0x0 binaries/strncmp.o
 .data          0x000000000011dfa4        0x0 binaries/strncpy.o
 .data          0x000000000011dfa4        0x0 binaries/strnlen.o
 .data          0x000000000011dfa4        0x0 binaries/strrchr.o
 .data          0x000000000011dfa4        0x0 binaries/strstr.o
 .data          0x000000000011dfa4        0x0 binaries/ttycontrol.o
 .data          0x000000000011dfa4        0x0 binaries/ttygetc.o
 .data          0x000000000011dfa4        0x0 binaries/ttyhandle_in.o
 .data          0x000000000011dfa4        0x0 binaries/ttyhandle_out.o
 .data          0x000000000011dfa4        0x0 binaries/ttyhandler.o
 .data          0x000000000011dfa4        0x0 binaries/ttyinit.o
 .data          0x000000000011dfa4        0x0 binaries/ttykickout.o
 .data          0x000000000011dfa4        0x0 binaries/ttyputc.o
 .data          0x000000000011dfa4        0x0 binaries/ttyread.o
 .data          0x000000000011dfa4        0x0 binaries/ttywrite.o
 .data          0x000000000011dfa4        0x0 binaries/mount.o
 .data          0x000000000011dfa4        0x0 binaries/naminit.o
 .data          0x000000000011dfa4        0x0 binaries/nammap.o
 .data          0x000000000011dfa4        0x0 binaries/namopen.o
 .data          0x000000000011dfa4        0x0 binaries/colon2mac.o
 .data          0x000000000011dfa4        0x0 binaries/ethcontrol.o
 .data          0x000000000011dfa4        0x0 binaries/ethhandler.o
 .data          0x000000000011dfa4        0x0 binaries/ethinit.o
 .data          0x000000000011dfa4        0x0 binaries/ethmcast.o
 .data          0x000000000011dfa4        0x0 binaries/ethread.o
 .data          0x000000000011dfa4        0x0 binaries/ethwrite.o
 .data          0x000000000011dfa4        0x0 binaries/rdsbufalloc.o
 .data          0x000000000011dfa4        0x0 binaries/rdsclose.o
 .data          0x000000000011dfa4        0x0 binaries/rdscomm.o
 .data          0x000000000011dfa4        0x0 binaries/rdscontrol.o
 .data          0x000000000011dfa4        0x0 binaries/rdsinit.o
 .data          0x000000000011dfa4        0x0 binaries/rdsopen.o
 .data          0x000000000011dfa4        0x0 binaries/rdsprocess.o
 .data          0x000000000011dfa4        0x0 binaries/rdsread.o
 .data          0x000000000011dfa4        0x0 binaries/rdswrite.o
 .data          0x000000000011dfa4        0x0 binaries/ramclose.o
 .data          0x000000000011dfa4        0x0 binaries/raminit.o
 .data          0x000000000011dfa4        0x0 binaries/ramopen.o
 .data          0x000000000011dfa4        0x0 binaries/ramread.o
 .data          0x000000000011dfa4        0x0 binaries/ramwrite.o
 .data          0x000000000011dfa4        0x0 binaries/lfdballoc.o
 .data          0x000000000011dfa4        0x0 binaries/lfdbfree.o
 .data          0x000000000011dfa4        0x0 binaries/lfflush.o
 .data          0x000000000011dfa4        0x0 binaries/lfgetmode.o
 .data          0x000000000011dfa4        0x0 binaries/lfiballoc.o
 .data          0x000000000011dfa4        0x0 binaries/lfibclear.o
 .data          0x000000000011dfa4        0x0 binaries/lfibget.o
 .data          0x000000000011dfa4        0x0 binaries/lfibput.o
 .data          0x000000000011dfa4        0x0 binaries/lflclose.o
 .data          0x000000000011dfa4        0x0 binaries/lflcontrol.o
 .data          0x000000000011dfa4        0x0 binaries/lflgetc.o
 .data          0x000000000011dfa4        0x0 binaries/lflinit.o
 .data          0x000000000011dfa4        0x0 binaries/lflputc.o
 .data          0x000000000011dfa4        0x0 binaries/lflread.o
 .data          0x000000000011dfa4        0x0 binaries/lflseek.o
 .data          0x000000000011dfa4        0x0 binaries/lflwrite.o
 .data          0x000000000011dfa4        0x0 binaries/lfsckfmt.o
 .data          0x000000000011dfa4        0x0 binaries/lfscreate.o
 .data          0x000000000011dfa4        0x0 binaries/lfsetup.o
 .data          0x000000000011dfa4        0x0 binaries/lfsinit.o
 .data          0x000000000011dfa4        0x0 binaries/lfsopen.o
 .data          0x000000000011dfa4        0x0 binaries/lftruncate.o
 .data          0x000000000011dfa4        0x0 binaries/rflclose.o
 .data          0x000000000011dfa4        0x0 binaries/rflgetc.o
 .data          0x000000000011dfa4        0x0 binaries/rflinit.o
 .data          0x000000000011dfa4        0x0 binaries/rflputc.o
 .data          0x000000000011dfa4        0x0 binaries/rflread.o
 .data          0x000000000011dfa4        0x0 binaries/rflseek.o
 .data          0x000000000011dfa4        0x0 binaries/rflwrite.o
 .data          0x000000000011dfa4        0x0 binaries/rfscomm.o
 .data          0x000000000011dfa4        0x0 binaries/rfscontrol.o
 .data          0x000000000011dfa4        0x0 binaries/rfsgetmode.o
 .data          0x000000000011dfa4        0x0 binaries/rfsinit.o
 .data          0x000000000011dfa4        0x0 binaries/rfsndmsg.o
 .data          0x000000000011dfa4        0x0 binaries/rfsopen.o
 .data          0x000000000011dfa4        0x0 binaries/arp.o
 .data          0x000000000011dfa4        0x0 binaries/dhcp.o
 .data          0x000000000011dfa4        0x0 binaries/dot2ip.o
 .data          0x000000000011dfa4        0x0 binaries/hexdump.o
 .data          0x000000000011dfa4        0x4 binaries/icmp.o
 .data          0x000000000011dfa8        0x0 binaries/ip.o
 .data          0x000000000011dfa8        0x0 binaries/net.o
 .data          0x000000000011dfa8        0x0 binaries/netstart.o
 .data          0x000000000011dfa8        0x0 binaries/pdump.o