
Allocating common symbols
Common symbol       size              file

netbufpool          0x4               binaries/net.o
remote_debug        0x4               binaries/i386-stub.o
readylist           0x2               binaries/ready.o
rfltab              0x5a0             binaries/rflinit.o
sleepq              0x2               binaries/clkinit.o
nnames              0x4               binaries/naminit.o
registers           0x40              binaries/i386-stub.o
udptab              0x168             binaries/udp.o
minheap             0x4               binaries/meminit.o
marks               0x50              binaries/mark.o
currpid             0x4               binaries/initialize.o
Lf_data             0x20c             binaries/lfsinit.o
porttab             0x2d0             binaries/ptinit.o
girmask             0x2               binaries/evec.o
ttytab              0x10c             binaries/ttyinit.o
proctab             0x1f40            binaries/initialize.o
sendWaitcount       0x4               binaries/initialize.o
prcount             0x4               binaries/initialize.o
lfltab              0xf00             binaries/lflinit.o
rdstab              0x8c              binaries/rdsinit.o
ethertab            0x138             binaries/ethinit.o
NetData             0xa8              binaries/net.o
nmarks              0x4               binaries/mark.o
Defer               0x8               binaries/resched.o
semtab              0x4b0             binaries/initialize.o
maxheap             0x4               binaries/meminit.o
preempt             0x4               binaries/clkinit.o
buftab              0xf0              binaries/bufinit.o
Rf_data             0x18              binaries/rfsinit.o
mkmutex             0x4               binaries/mark.o
remcomStack         0x2710            binaries/i386-stub.o
clktime             0x4               binaries/clkinit.o
arpcache            0x140             binaries/arp.o
icmptab             0x230             binaries/icmp.o
nbpools             0x4               binaries/bufinit.o
queuetab            0xfc0             binaries/queue.o
ptnextid            0x4               binaries/ptinit.o
Ram                 0x19000           binaries/raminit.o
gdb_i386errcode     0x4               binaries/i386-stub.o
ipoqueue            0x2c              binaries/ip.o
memlist             0x8               binaries/initialize.o
nametab             0x19a0            binaries/naminit.o
ptfree              0x4               binaries/ptinit.o

Discarded input sections

 .group         0x0000000000000000        0x8 binaries/ascdate.o
 .group         0x0000000000000000        0x8 binaries/bufinit.o
 .group         0x0000000000000000        0x8 binaries/cbreg.o
 .text.__x86.get_pc_thunk.bx
                0x0000000000000000        0x4 binaries/cbreg.o
 .group         0x0000000000000000        0x8 binaries/chprio.o
 .text.__x86.get_pc_thunk.bx
                0x0000000000000000        0x4 binaries/chprio.o
 .group         0x0000000000000000        0x8 binaries/clkhandler.o
 .text.__x86.get_pc_thunk.bx
                0x0000000000000000        0x4 binaries/clkhandler.o
 .group         0x0000000000000000        0x8 binaries/clkinit.o
 .text.__x86.get_pc_thunk.bx
                0x0000000000000000        0x4 binaries/clkinit.o
 .group         0x0000000000000000        0x8 binaries/close.o
 .text.__x86.get_pc_thunk.bx
                0x0000000000000000        0x4 binaries/close.o
 .group         0x0000000000000000        0x8 binaries/control.o
 .text.__x86.get_pc_thunk.bx
                0x0000000000000000        0x4 binaries/control.o
 .group         0x0000000000000000        0x8 binaries/create.o
 .text.__x86.get_pc_thunk.bx
                0x0000000000000000        0x4 binaries/create.o
 .group         0x0000000000000000        0x8 binaries/early_imr.o
 .text.__x86.get_pc_thunk.bx
                0x0000000000000000        0x4 binaries/early_imr.o
 .group         0x0000000000000000        0x8 binaries/evec.o
 .text.__x86.get_pc_thunk.bx
                0x0000000000000000        0x4 binaries/evec.o
 .group         0x0000000000000000        0x8 binaries/freebuf.o
 .text.__x86.get_pc_thunk.bx
                0x0000000000000000        0x4 binaries/freebuf.o
 .group         0x0000000000000000        0x8 binaries/freemem.o
 .text.__x86.get_pc_thunk.bx
                0x0000000000000000        0x4 binaries/freemem.o
 .group         0x0000000000000000        0x8 binaries/getbuf.o
 .text.__x86.get_pc_thunk.bx
                0x0000000000000000        0x4 binaries/getbuf.o
 .group         0x0000000000000000        0x8 binaries/getc.o
 .text.__x86.get_pc_thunk.bx
                0x0000000000000000        0x4 binaries/getc.o
 .group         0x0000000000000000        0x8 binaries/getdev.o
 .text.__x86.get_pc_thunk.bx
                0x0000000000000000        0x4 binaries/getdev.o
 .group         0x0000000000000000        0x8 binaries/getitem.o
 .group         0x0000000000000000        0x8 binaries/getitem.o
[...]
Memory Configuration

Name             Origin             Length             Attributes
*default*        0x0000000000000000 0xffffffffffffffff

Linker script and memory map

                0x0000000000100000                physbase = 0x100000
                0x0000000000100000                . = physbase
                0x0000000000100000                . = ALIGN (0x1000)

.text           0x0000000000100000    0x18000
                0x0000000000100000                text = ABSOLUTE (.)
 *(.text .text.*)
 .text          0x0000000000100000      0x1a8 binaries/start.o
                0x0000000000100024                start
                0x00000000001000f6                inb
                0x00000000001000fe                inw
                0x0000000000100107                inl
                0x000000000010010f                outb
                0x0000000000100119                outw
                0x0000000000100124                outl
                0x000000000010012e                _rtcin
                0x0000000000100139                ___udivsi3
                0x0000000000100144                ___divsi3
                0x0000000000100150                sbzero
                0x0000000000100160                bcopy
                0x0000000000100174                insw
                0x000000000010018a                outsw
                0x00000000001001a0                lidt
 .text          0x00000000001001a8      0x2e5 binaries/ascdate.o
                0x00000000001001a8                ascdate
 .text.__x86.get_pc_thunk.bx
                0x000000000010048d        0x4 binaries/ascdate.o
                0x000000000010048d                __x86.get_pc_thunk.bx
 .text          0x0000000000100491       0x1c binaries/bufinit.o
                0x0000000000100491                bufinit
 .text.__x86.get_pc_thunk.ax
                0x00000000001004ad        0x4 binaries/bufinit.o
                0x00000000001004ad                __x86.get_pc_thunk.ax
 .text          0x00000000001004b1       0x7d binaries/cbreg.o
                0x00000000001004b1                cbreg
 .text          0x000000000010052e       0x81 binaries/chprio.o
                0x000000000010052e                chprio
 .text          0x00000000001005af       0x8f binaries/clkhandler.o
                0x00000000001005af                clkhandler
 .text          0x000000000010063e       0x6e binaries/clkinit.o
                0x000000000010063e                clkinit
 .text          0x00000000001006ac       0x5c binaries/close.o
                0x00000000001006ac                close
 .text          0x0000000000100708        0x0 binaries/conf.o
 .text          0x0000000000100708       0x65 binaries/control.o
                0x0000000000100708                control
 .text          0x000000000010076d      0x224 binaries/create.o
                0x000000000010076d                create
 .text          0x0000000000100991      0x23b binaries/early_imr.o
                0x0000000000100991                intel_cln_early_sb_read_reg
                0x00000000001009f8                intel_cln_early_sb_write_reg
                0x0000000000100ab7                remove_irm_protections
 .text          0x0000000000100bcc      0x36d binaries/evec.o
                0x0000000000100bcc                setirmask
                0x0000000000100c1d                set_evec
                0x0000000000100c91                initevec
                0x0000000000100d72                trap
 .text          0x0000000000100f39       0x91 binaries/freebuf.o
                0x0000000000100f39                freebuf
 .text          0x0000000000100fca      0x123 binaries/freemem.o
                0x0000000000100fca                freemem
 .text          0x00000000001010ed       0x75 binaries/getbuf.o
                0x00000000001010ed                getbuf
 .text          0x0000000000101162       0x5c binaries/getc.o
                0x0000000000101162                getc
 .text          0x00000000001011be       0x79 binaries/getdev.o
                0x00000000001011be                getdev
 .text          0x0000000000101237       0x96 binaries/getitem.o
                0x0000000000101237                getitem
                0x000000000010126a                getfirst
                0x000000000010129a                getlast
 .text.__x86.get_pc_thunk.dx
                0x00000000001012cd        0x4 binaries/getitem.o
                0x00000000001012cd                __x86.get_pc_thunk.dx
 .text          0x00000000001012d1       0xce binaries/getmem.o
                0x00000000001012d1                getmem
 .text          0x000000000010139f       0x13 binaries/getpid.o
                0x000000000010139f                getpid
 .text          0x00000000001013b2       0x68 binaries/getprio.o
                0x00000000001013b2                getprio
 .text          0x000000000010141a       0xc0 binaries/getstk.o
                0x000000000010141a                getstk
 .text          0x00000000001014da       0x41 binaries/gettime.o
                0x00000000001014da                gettime
 .text          0x000000000010151b      0x1cf binaries/getutime.o
                0x000000000010151b                getutime
 .text          0x00000000001016ea     0x14de binaries/i386-stub.o
                0x00000000001016ea                return_to_prog
                0x0000000000101767                _catchException3
                0x00000000001017f8                _catchException1
                0x0000000000101889                _catchException0
                0x000000000010191a                _catchException4
                0x00000000001019ab                _catchException5
                0x0000000000101a3c                _catchException6
                0x0000000000101acd                _catchException7
                0x0000000000101b5e                _catchException8
                0x0000000000101bf6                _catchException9
                0x0000000000101c87                _catchException10
                0x0000000000101d1f                _catchException12
                0x0000000000101db7                _catchException16
                0x0000000000101e48                _catchException13
                0x0000000000101eed                _catchException11
                0x0000000000101f92                _catchException14
                0x0000000000102045                set_mem_err
                0x000000000010205a                putDebugChar
                0x000000000010207b                getDebugChar
                0x00000000001020aa                exceptionHandler
                0x00000000001020cb                _returnFromException
                0x00000000001020e4                hex
                0x000000000010211b                send_gdb_header
                0x000000000010212d                getpacket
                0x000000000010228b                putpacket
                0x000000000010232c                debug_error
                0x0000000000102360                get_char
                0x0000000000102368                set_char
                0x0000000000102373                mem2hex
                0x000000000010241a                hex2mem
                0x00000000001024c7                computeSignal
                0x0000000000102532                hexToInt
                0x0000000000102585                handle_exception
                0x0000000000102a99                set_debug_traps
                0x0000000000102bb3                breakpoint
 .text.__x86.get_pc_thunk.cx
                0x0000000000102bc8        0x4 binaries/i386-stub.o
                0x0000000000102bc8                __x86.get_pc_thunk.cx
 .text.__x86.get_pc_thunk.si
                0x0000000000102bcc        0x4 binaries/i386-stub.o
                0x0000000000102bcc                __x86.get_pc_thunk.si
 .text.__x86.get_pc_thunk.bp
                0x0000000000102bd0        0x4 binaries/i386-stub.o
                0x0000000000102bd0                __x86.get_pc_thunk.bp
 .text          0x0000000000102bd4       0x5c binaries/init.o
                0x0000000000102bd4                init
 .text          0x0000000000102c30      0x28a binaries/initialize.o
                0x0000000000102c30                nulluser
                0x0000000000102e65                stop
                0x0000000000102e97                delay
 .text          0x0000000000102eba       0x95 binaries/insert.o
                0x0000000000102eba                insert
 .text.__x86.get_pc_thunk.di
                0x0000000000102f4f        0x4 binaries/insert.o
                0x0000000000102f4f                __x86.get_pc_thunk.di
 .text          0x0000000000102f53       0xf4 binaries/insertd.o
                0x0000000000102f53                insertd
 .text          0x0000000000103047        0x6 binaries/ioerr.o
                0x0000000000103047                ioerr
 .text          0x000000000010304d        0x6 binaries/ionull.o
                0x000000000010304d                ionull
 .text          0x0000000000103053      0x17b binaries/kill.o
                0x0000000000103053                kill
 .text          0x00000000001031ce       0xe2 binaries/kprintf.o
                0x00000000001031ce                kputc
                0x000000000010320c                console_init
                0x0000000000103250                kgetc
                0x000000000010327f                kprintf
 .text          0x00000000001032b0      0x3fe binaries/main.o
                0x00000000001032b0                receiver
                0x00000000001032ed                receiver_callback
                0x0000000000103323                sender
                0x0000000000103385                sender_no_blk
                0x00000000001033d3                test_reg_cb
                0x000000000010340c                main
 .text          0x00000000001036ae       0xb3 binaries/mark.o
                0x00000000001036ae                markinit
                0x00000000001036dd                mark
 .text          0x0000000000103761      0x22c binaries/meminit.o
                0x0000000000103761                meminit
                0x0000000000103907                setsegs
 .text          0x000000000010398d      0x14a binaries/mkbufpool.o
                0x000000000010398d                mkbufpool
 .text          0x0000000000103ad7       0x5e binaries/newqueue.o
                0x0000000000103ad7                newqueue
 .text          0x0000000000103b35       0x64 binaries/open.o
                0x0000000000103b35                open
 .text          0x0000000000103b99       0x2c binaries/panic.o
                0x0000000000103b99                panic
 .text          0x0000000000103bc5      0x280 binaries/pci.o
                0x0000000000103bc5                pci_init
                0x0000000000103bcb                find_pci_device
                0x0000000000103c8d                pci_read_config_byte
                0x0000000000103cca                pci_read_config_word
                0x0000000000103d09                pci_read_config_dword
                0x0000000000103d46                pci_write_config_byte
                0x0000000000103d81                pci_write_config_word
                0x0000000000103dbd                pci_write_config_dword
                0x0000000000103df8                pci_get_dev_mmio_base_addr
 .text          0x0000000000103e45       0x68 binaries/platinit.o
                0x0000000000103e45                platinit
 .text          0x0000000000103ead       0xab binaries/ptclear.o
                0x0000000000103ead                _ptclear
 .text          0x0000000000103f58       0x9f binaries/ptcount.o
                0x0000000000103f58                ptcount
 .text          0x0000000000103ff7       0xf4 binaries/ptcreate.o
                0x0000000000103ff7                ptcreate
 .text          0x00000000001040eb       0x70 binaries/ptdelete.o
                0x00000000001040eb                ptdelete
 .text          0x000000000010415b       0xa0 binaries/ptinit.o
                0x000000000010415b                ptinit
 .text          0x00000000001041fb      0x123 binaries/ptrecv.o
                0x00000000001041fb                ptrecv
 .text          0x000000000010431e       0x68 binaries/ptreset.o
                0x000000000010431e                ptreset
 .text          0x0000000000104386      0x15c binaries/ptsend.o
                0x0000000000104386                ptsend
 .text          0x00000000001044e2       0x6e binaries/putc.o
                0x00000000001044e2                putc
 .text          0x0000000000104550       0xc3 binaries/quark_irq.o
                0x0000000000104550                quark_irq_routing
 .text          0x0000000000104613      0x1bb binaries/quark_pdat.o
                0x0000000000104613                get_quark_pdat_entry_data_by_id
                0x00000000001046ec                get_quark_pdat_entry_data_by_desc
 .text          0x00000000001047ce       0xc3 binaries/queue.o
                0x00000000001047ce                enqueue
                0x0000000000104836                dequeue
 .text          0x0000000000104891       0x64 binaries/read.o
                0x0000000000104891                read
 .text          0x00000000001048f5       0x73 binaries/ready.o
                0x00000000001048f5                ready
 .text          0x0000000000104968      0x153 binaries/receive.o
                0x0000000000104968                receive
 .text          0x0000000000104abb       0x67 binaries/recvclr.o
                0x0000000000104abb                recvclr
 .text          0x0000000000104b22       0xca binaries/recvtime.o
                0x0000000000104b22                recvtime
 .text          0x0000000000104bec      0x1fc binaries/resched.o
                0x0000000000104bec                resched
                0x0000000000104d5b                resched_cntl
 .text          0x0000000000104de8       0x8f binaries/resume.o
                0x0000000000104de8                resume
 .text          0x0000000000104e77       0x60 binaries/seek.o
                0x0000000000104e77                seek
 .text          0x0000000000104ed7       0x65 binaries/semcount.o
                0x0000000000104ed7                semcount
 .text          0x0000000000104f3c       0xb5 binaries/semcreate.o
                0x0000000000104f3c                semcreate
 .text          0x0000000000104ff1       0xe0 binaries/semdelete.o
                0x0000000000104ff1                semdelete
 .text          0x00000000001050d1       0xc0 binaries/semreset.o
                0x00000000001050d1                semreset
 .text          0x0000000000105191      0x106 binaries/sendblk.o
                0x0000000000105191                sendblk
 .text          0x0000000000105297       0xc5 binaries/send.o
                0x0000000000105297                send
 .text          0x000000000010535c       0xa9 binaries/signal.o
                0x000000000010535c                signal
 .text          0x0000000000105405       0xe9 binaries/signaln.o
                0x0000000000105405                signaln
 .text          0x00000000001054ee       0xd4 binaries/sleep.o
                0x00000000001054ee                sleepms
                0x000000000010558c                sleep
 .text          0x00000000001055c2       0xc2 binaries/suspend.o
                0x00000000001055c2                suspend
 .text          0x0000000000105684       0x9c binaries/unsleep.o
                0x0000000000105684                unsleep
 .text          0x0000000000105720       0x22 binaries/userret.o
                0x0000000000105720                userret
 .text          0x0000000000105742       0xc3 binaries/wait.o
                0x0000000000105742                wait
 .text          0x0000000000105805       0x88 binaries/wakeup.o
                0x0000000000105805                wakeup
 .text          0x000000000010588d       0x64 binaries/write.o
                0x000000000010588d                write
 .text          0x00000000001058f1       0x25 binaries/xdone.o
                0x00000000001058f1                xdone
 .text          0x0000000000105916       0x30 binaries/yield.o
                0x0000000000105916                yield
 .text          0x0000000000105946        0xe binaries/abs.o
                0x0000000000105946                abs
 .text          0x0000000000105954       0x60 binaries/atoi.o
                0x0000000000105954                atoi
 .text          0x00000000001059b4       0x60 binaries/atol.o
                0x00000000001059b4                atol
 .text          0x0000000000105a14       0x18 binaries/bzero.o
                0x0000000000105a14                bzero
 .text          0x0000000000105a2c        0x0 binaries/ctype_.o
 .text          0x0000000000105a2c      0x83f binaries/doprnt.o
                0x0000000000105ba2                _doprnt
 .text          0x000000000010626b      0x776 binaries/doscan.o
                0x000000000010626b                _doscan
 .text          0x00000000001069e1      0x7a9 binaries/fdoprnt.o
                0x0000000000106a67                _fdoprnt
 .text          0x000000000010718a       0x2b binaries/fgetc.o
                0x000000000010718a                fgetc
 .text          0x00000000001071b5       0x68 binaries/fgets.o
                0x00000000001071b5                fgets
 .text          0x000000000010721d       0x31 binaries/fprintf.o
                0x000000000010721d                fprintf
 .text          0x000000000010724e       0x36 binaries/fputc.o
                0x000000000010724e                fputc
 .text          0x0000000000107284       0x45 binaries/fputs.o
                0x0000000000107284                fputs
 .text          0x00000000001072c9       0x88 binaries/fscanf.o
                0x0000000000107310                fscanf
 .text          0x0000000000107351       0x32 binaries/getchar.o
                0x0000000000107351                getchar
 .text          0x0000000000107383        0xe binaries/labs.o
                0x0000000000107383                labs
 .text          0x0000000000107391       0x34 binaries/memchr.o
                0x0000000000107391                memchr
 .text          0x00000000001073c5       0x47 binaries/memcmp.o
                0x00000000001073c5                memcmp
 .text          0x000000000010740c       0x25 binaries/memcpy.o
                0x000000000010740c                memcpy
 .text          0x0000000000107431       0x1e binaries/memset.o
                0x0000000000107431                memset
 .text          0x000000000010744f       0x46 binaries/printf.o
                0x000000000010744f                printf
 .text          0x0000000000107495       0x36 binaries/putchar.o
                0x0000000000107495                putchar
 .text          0x00000000001074cb      0x22b binaries/qsort.o
                0x00000000001076be                qsort
 .text          0x00000000001076f6       0x3e binaries/rand.o
                0x00000000001076f6                srand
                0x000000000010770b                rand
 .text          0x0000000000107734       0x58 binaries/sprintf.o
                0x000000000010774b                sprintf
 .text          0x000000000010778c       0x68 binaries/sscanf.o
                0x00000000001077b5                sscanf
 .text          0x00000000001077f4       0x2f binaries/strchr.o
                0x00000000001077f4                strchr
 .text          0x0000000000107823       0x41 binaries/strcmp.o
                0x0000000000107823                strcmp
 .text          0x0000000000107864       0x1a binaries/strcpy.o
                0x0000000000107864                strcpy
 .text          0x000000000010787e       0x1c binaries/strlen.o
                0x000000000010787e                strlen
 .text          0x000000000010789a       0x3a binaries/strncat.o
                0x000000000010789a                strncat
 .text          0x00000000001078d4       0x36 binaries/strncmp.o
                0x00000000001078d4                strncmp
 .text          0x000000000010790a       0x57 binaries/strncpy.o
                0x000000000010790a                strncpy
 .text          0x0000000000107961       0x2e binaries/strnlen.o
                0x0000000000107961                strnlen
 .text          0x000000000010798f       0x34 binaries/strrchr.o
                0x000000000010798f                strrchr
 .text          0x00000000001079c3       0x75 binaries/strstr.o
                0x00000000001079c3                strstr
 .text          0x0000000000107a38      0x164 binaries/ttycontrol.o
                0x0000000000107a38                ttycontrol
 .text          0x0000000000107b9c       0xda binaries/ttygetc.o
                0x0000000000107b9c                ttygetc
 .text          0x0000000000107c76      0x4f5 binaries/ttyhandle_in.o
                0x0000000000107d36                ttyhandle_in
 .text          0x000000000010816b      0x181 binaries/ttyhandle_out.o
                0x000000000010816b                ttyhandle_out
 .text          0x00000000001082ec       0x93 binaries/ttyhandler.o
                0x00000000001082ec                ttyhandler
 .text          0x000000000010837f      0x17a binaries/ttyinit.o
                0x000000000010837f                ttyinit
 .text          0x00000000001084f9        0xc binaries/ttykickout.o
                0x00000000001084f9                ttykickout
 .text          0x0000000000108505       0xf0 binaries/ttyputc.o
                0x0000000000108505                ttyputc
 .text          0x00000000001085f5      0x143 binaries/ttyread.o
                0x00000000001085f5                ttyread
 .text          0x0000000000108738       0x59 binaries/ttywrite.o
                0x0000000000108738                ttywrite
 .text          0x0000000000108791      0x152 binaries/mount.o
                0x0000000000108791                namlen
                0x00000000001087c7                mount
 .text          0x00000000001088e3      0x1f2 binaries/naminit.o
                0x00000000001088e3                naminit
 .text          0x0000000000108ad5      0x231 binaries/nammap.o
                0x0000000000108ad5                namrepl
                0x0000000000108c12                namcpy
                0x0000000000108c5d                nammap
 .text          0x0000000000108d06       0x5b binaries/namopen.o
                0x0000000000108d06                namopen
 .text          0x0000000000108d61       0xfc binaries/colon2mac.o
                0x0000000000108d61                colon2mac
 .text          0x0000000000108e5d       0x8d binaries/ethcontrol.o
                0x0000000000108e5d                ethcontrol
 .text          0x0000000000108eea      0x1bc binaries/ethhandler.o
                0x0000000000108eea                ethhandler
 .text          0x00000000001090a6      0x573 binaries/ethinit.o
                0x00000000001090a6                eth_phy_read
                0x00000000001090e1                eth_phy_write
                0x000000000010911f                eth_phy_reset
                0x00000000001091f4                ethinit
 .text          0x0000000000109619      0x10d binaries/ethmcast.o
                0x0000000000109619                ethmcast_add
                0x000000000010966d                ethmcast_remove
 .text          0x0000000000109726      0x1d8 binaries/ethread.o
                0x0000000000109726                ethread
 .text          0x00000000001098fe       0xdf binaries/ethwrite.o
                0x00000000001098fe                ethwrite
 .text          0x00000000001099dd       0x73 binaries/rdsbufalloc.o
                0x00000000001099dd                rdsbufalloc
 .text          0x0000000000109a50       0xb7 binaries/rdsclose.o
                0x0000000000109a50                rdsclose
 .text          0x0000000000109b07      0x22d binaries/rdscomm.o
                0x0000000000109b07                rdscomm
 .text          0x0000000000109d34      0x1d8 binaries/rdscontrol.o
                0x0000000000109d34                rdscontrol
 .text          0x0000000000109f0c      0x201 binaries/rdsinit.o
                0x0000000000109f0c                rdsinit
 .text          0x000000000010a10d      0x1a4 binaries/rdsopen.o
                0x000000000010a10d                rdsopen
 .text          0x000000000010a2b1      0x2e5 binaries/rdsprocess.o
                0x000000000010a2b1                rdsprocess
 .text          0x000000000010a596      0x209 binaries/rdsread.o
                0x000000000010a596                rdsread
 .text          0x000000000010a79f      0x1b3 binaries/rdswrite.o
                0x000000000010a79f                rdswrite
 .text          0x000000000010a952        0x6 binaries/ramclose.o
                0x000000000010a952                ramclose
 .text          0x000000000010a958       0x42 binaries/raminit.o
                0x000000000010a958                raminit
 .text          0x000000000010a99a        0x7 binaries/ramopen.o
                0x000000000010a99a                ramopen
 .text          0x000000000010a9a1       0x35 binaries/ramread.o
                0x000000000010a9a1                ramread
 .text          0x000000000010a9d6       0x35 binaries/ramwrite.o
                0x000000000010a9d6                ramwrite
 .text          0x000000000010aa0b       0xa3 binaries/lfdballoc.o
                0x000000000010aa0b                lfdballoc
 .text          0x000000000010aaae       0x5c binaries/lfdbfree.o
                0x000000000010aaae                lfdbfree
 .text          0x000000000010ab0a       0xb5 binaries/lfflush.o
                0x000000000010ab0a                lfflush
 .text          0x000000000010abbf       0x74 binaries/lfgetmode.o
                0x000000000010abbf                lfgetmode
 .text          0x000000000010ac33       0x70 binaries/lfiballoc.o
                0x000000000010ac33                lfiballoc
 .text          0x000000000010aca3       0x25 binaries/lfibclear.o
                0x000000000010aca3                lfibclear
 .text          0x000000000010acc8       0x8f binaries/lfibget.o
                0x000000000010acc8                lfibget
 .text          0x000000000010ad57       0xa8 binaries/lfibput.o
                0x000000000010ad57                lfibput
 .text          0x000000000010adff       0xc1 binaries/lflclose.o
                0x000000000010adff                lflclose
 .text          0x000000000010aec0       0xdb binaries/lflcontrol.o
                0x000000000010aec0                lflcontrol
 .text          0x000000000010af9b      0x118 binaries/lflgetc.o
                0x000000000010af9b                lflgetc
 .text          0x000000000010b0b3       0xf6 binaries/lflinit.o
                0x000000000010b0b3                lflinit
 .text          0x000000000010b1a9      0x150 binaries/lflputc.o
                0x000000000010b1a9                lflputc
 .text          0x000000000010b2f9       0x77 binaries/lflread.o
                0x000000000010b2f9                lflread
 .text          0x000000000010b370       0xda binaries/lflseek.o
                0x000000000010b370                lflseek
 .text          0x000000000010b44a       0x65 binaries/lflwrite.o
                0x000000000010b44a                lflwrite
 .text          0x000000000010b4af      0x14f binaries/lfsckfmt.o
                0x000000000010b4af                lfsckfmt
 .text          0x000000000010b5fe      0x1d3 binaries/lfscreate.o
                0x000000000010b5fe                lfscreate
 .text          0x000000000010b7d1      0x1f7 binaries/lfsetup.o
                0x000000000010b7d1                lfsetup
 .text          0x000000000010b9c8       0x52 binaries/lfsinit.o
                0x000000000010b9c8                lfsinit
 .text          0x000000000010ba1a      0x33f binaries/lfsopen.o
                0x000000000010ba1a                lfsopen
 .text          0x000000000010bd59      0x151 binaries/lftruncate.o
                0x000000000010bd59                lftruncate
 .text          0x000000000010beaa       0x83 binaries/rflclose.o
                0x000000000010beaa                rflclose
 .text          0x000000000010bf2d       0x38 binaries/rflgetc.o
                0x000000000010bf2d                rflgetc
 .text          0x000000000010bf65       0x80 binaries/rflinit.o
                0x000000000010bf65                rflinit
 .text          0x000000000010bfe5       0x3b binaries/rflputc.o
                0x000000000010bfe5                rflputc
 .text          0x000000000010c020      0x33b binaries/rflread.o
                0x000000000010c020                rflread
 .text          0x000000000010c35b       0x87 binaries/rflseek.o
                0x000000000010c35b                rflseek
 .text          0x000000000010c3e2      0x360 binaries/rflwrite.o
                0x000000000010c3e2                rflwrite
 .text          0x000000000010c742      0x1a6 binaries/rfscomm.o
                0x000000000010c742                rfscomm
 .text          0x000000000010c8e8      0x27f binaries/rfscontrol.o
                0x000000000010c8e8                rfscontrol
 .text          0x000000000010cb67       0x74 binaries/rfsgetmode.o
                0x000000000010cb67                rfsgetmode
 .text          0x000000000010cbdb       0x98 binaries/rfsinit.o
                0x000000000010cbdb                rfsinit
 .text          0x000000000010cc73       0xca binaries/rfsndmsg.o
                0x000000000010cc73                rfsndmsg
 .text          0x000000000010cd3d      0x286 binaries/rfsopen.o
                0x000000000010cd3d                rfsopen
 .text          0x000000000010cfc3      0x6c0 binaries/arp.o
                0x000000000010cfc3                arp_init
                0x000000000010cfea                arp_alloc
                0x000000000010d09b                arp_ntoh
                0x000000000010d105                arp_hton
                0x000000000010d16f                arp_resolve
                0x000000000010d414                arp_in
 .text          0x000000000010d683      0x5ea binaries/dhcp.o
                0x000000000010d683                dhcp_get_opt_val
                0x000000000010d6d4                dhcp_bld_bootp_msg
                0x000000000010d7b2                dhcp_bld_disc
                0x000000000010d802                dhcp_bld_req
                0x000000000010d8a8                getlocalip
 .text          0x000000000010dc6d       0xc6 binaries/dot2ip.o
                0x000000000010dc6d                dot2ip
 .text          0x000000000010dd33      0x3cf binaries/hexdump.o
                0x000000000010dd33                hexdump
                0x000000000010dec5                hexadump
 .text          0x000000000010e102      0x778 binaries/icmp.o
                0x000000000010e102                icmp_init
                0x000000000010e126                icmp_register
                0x000000000010e1da                icmp_recv
                0x000000000010e395                icmp_mkpkt
                0x000000000010e48c                icmp_in
                0x000000000010e632                icmp_send
                0x000000000010e6b5                icmp_release
                0x000000000010e7f8                icmp_cksum
                0x000000000010e852                icmp_hton
                0x000000000010e866                icmp_ntoh
 .text          0x000000000010e87a      0x648 binaries/ip.o
                0x000000000010e87a                ip_local
                0x000000000010e8c7                ipcksum
                0x000000000010e915                ip_ntoh
                0x000000000010e97f                ip_in
                0x000000000010eac8                ip_hton
                0x000000000010eb32                ip_out
                0x000000000010ebf2                ip_send
                0x000000000010ed1c                ipout
                0x000000000010ee1f                ip_enqueue
 .text          0x000000000010eec2      0x1cc binaries/net.o
                0x000000000010eec2                net_init
                0x000000000010efd0                eth_hton
                0x000000000010efda                eth_ntoh
                0x000000000010efe4                netin
 .text          0x000000000010f08e       0xd9 binaries/netstart.o
                0x000000000010f08e                netstart
 .text          0x000000000010f167      0xae9 binaries/pdump.o
                0x000000000010f167                pdump
                0x000000000010f7a4                pdumph
 .text          0x000000000010fc50      0x5ff binaries/tftp.o
                0x000000000010fc50                tftp_send1
                0x000000000010fd72                tftpget_mb
                0x0000000000110228                tftpget
 .text          0x000000000011024f      0xa9c binaries/udp.o
                0x000000000011024f                udp_init
                0x0000000000110292                udp_in
                0x00000000001103ae                udp_register
                0x00000000001104c9                udp_recv
                0x000000000011066e                udp_recvaddr
                0x0000000000110827                udp_send
                0x00000000001109f4                udp_sendto
                0x0000000000110b80                udp_release
                0x0000000000110cc3                udp_ntoh
                0x0000000000110cd7                udp_hton
 .text          0x0000000000110ceb      0x13e binaries/addargs.o
                0x0000000000110ceb                addargs
 .text          0x0000000000110e29      0x234 binaries/lexan.o
                0x0000000000110e29                lexan
 .text          0x000000000011105d      0x63f binaries/shell.o
                0x000000000011105d                shell
 .text          0x000000000011169c       0x6e binaries/xsh_argecho.o
                0x000000000011169c                xsh_argecho
 .text          0x000000000011170a      0x244 binaries/xsh_arp.o
                0x000000000011170a                xsh_arp
 .text          0x000000000011194e      0x259 binaries/xsh_cat.o
                0x000000000011194e                xsh_cat
 .text          0x0000000000111ba7       0x6a binaries/xsh_clear.o
                0x0000000000111ba7                xsh_clear
 .text          0x0000000000111c11      0x2b9 binaries/xsh_date.o
                0x0000000000111c11                xsh_date
 .text          0x0000000000111eca       0xa4 binaries/xsh_devdump.o
                0x0000000000111eca                xsh_devdump
 .text          0x0000000000111f6e       0x77 binaries/xsh_echo.o
                0x0000000000111f6e                xsh_echo
 .text          0x0000000000111fe5        0x6 binaries/xsh_exit.o
                0x0000000000111fe5                xsh_exit
 .text          0x0000000000111feb      0x37e binaries/xsh_help.o
                0x0000000000111feb                xsh_help
 .text          0x0000000000112369      0x386 binaries/xsh_ipaddr.o
                0x0000000000112369                xsh_ipaddr
 .text          0x00000000001126ef      0x1f6 binaries/xsh_kill.o
                0x00000000001126ef                xsh_kill
 .text          0x00000000001128e5      0x430 binaries/xsh_memdump.o
                0x000000000011298f                xsh_memdump
 .text          0x0000000000112d15      0x221 binaries/xsh_memstat.o
                0x0000000000112d15                xsh_memstat
 .text          0x0000000000112f36      0x2ff binaries/xsh_ping.o
                0x0000000000112f36                xsh_ping
 .text          0x0000000000113235      0x1d6 binaries/xsh_ps.o
                0x0000000000113235                xsh_ps
 .text          0x000000000011340b      0x1d7 binaries/xsh_sleep.o
                0x000000000011340b                xsh_sleep
 .text          0x00000000001135e2      0x217 binaries/xsh_udpdump.o
                0x00000000001135e2                xsh_udpdump
 .text          0x00000000001137f9      0x458 binaries/xsh_udpecho.o
                0x00000000001137f9                xsh_udpecho
 .text          0x0000000000113c51      0x29a binaries/xsh_udpeserver.o
                0x0000000000113c51                xsh_udpeserver
 .text          0x0000000000113eeb      0x1f2 binaries/xsh_uptime.o
                0x0000000000113eeb                xsh_uptime
 .text          0x00000000001140dd        0xe binaries/clkdisp.o
                0x00000000001140dd                clkdisp
 .text          0x00000000001140eb       0x19 binaries/ctxsw.o
                0x00000000001140eb                ctxsw
 .text          0x0000000000114104      0x368 binaries/intr.o
                0x0000000000114104                disable
                0x000000000011410d                restore
                0x000000000011411b                enable
                0x000000000011411d                pause
                0x0000000000114124                halt
                0x0000000000114127                spurious_irq7
                0x000000000011412c                spurious_irq15
                0x000000000011413b                _Xint0
                0x0000000000114146                _Xint1
                0x0000000000114151                _Xint2
                0x000000000011415c                _Xint3
                0x0000000000114167                _Xint4
                0x0000000000114172                _Xint5
                0x000000000011417d                _Xint6
                0x0000000000114188                _Xint7
                0x0000000000114193                _Xint8
                0x000000000011419e                _Xint9
                0x00000000001141a9                _Xint10
                0x00000000001141b4                _Xint11
                0x00000000001141c2                _Xint12
                0x00000000001141d0                _Xint13
                0x00000000001141de                _Xint14
                0x00000000001141ec                _Xint15
                0x00000000001141fa                _Xint16
                0x0000000000114208                _Xint17
                0x0000000000114216                _Xint18
                0x0000000000114224                _Xint19
                0x0000000000114232                _Xint20
                0x0000000000114240                _Xint21
                0x000000000011424e                _Xint22
                0x000000000011425c                _Xint23
                0x000000000011426a                _Xint24
                0x0000000000114278                _Xint25
                0x0000000000114286                _Xint26
                0x0000000000114294                _Xint27
                0x00000000001142a2                _Xint28
                0x00000000001142b0                _Xint29
                0x00000000001142be                _Xint30
                0x00000000001142cc                _Xint31
                0x00000000001142da                _Xint32
                0x00000000001142e8                _Xint33
                0x00000000001142f6                _Xint34
                0x0000000000114304                _Xint35
                0x0000000000114312                _Xint36
                0x0000000000114320                _Xint37
                0x000000000011432e                _Xint38
                0x000000000011433c                _Xint39
                0x000000000011434a                _Xint40
                0x0000000000114358                _Xint41
                0x0000000000114366                _Xint42
                0x0000000000114374                _Xint43
                0x0000000000114382                _Xint44
                0x0000000000114390                _Xint45
                0x000000000011439e                _Xint46
                0x00000000001143ac                defevec
 .text          0x000000000011446c        0xf binaries/ttydispatch.o
                0x000000000011446c                ttydispatch
 .text          0x000000000011447b       0x13 binaries/ethdispatch.o
                0x000000000011447b                ethdispatch
 *(.rodata .rodata.*)
 .rodata.str1.1
                0x000000000011448e       0x54 binaries/ascdate.o
 *fill*         0x00000000001144e2        0x2 
 .rodata.str1.4
                0x00000000001144e4       0x22 binaries/ascdate.o
 .rodata.str1.1
                0x0000000000114506       0x5f binaries/conf.o
 *fill*         0x0000000000114565        0x3 
 .rodata.str1.4
                0x0000000000114568       0x4f binaries/early_imr.o
 *fill*         0x00000000001145b7        0x1 
 .rodata        0x00000000001145b8       0x33 binaries/early_imr.o
 .rodata.str1.1
                0x00000000001145eb      0x20c binaries/evec.o
 *fill*         0x00000000001147f7        0x1 
 .rodata.str1.4
                0x00000000001147f8       0x23 binaries/evec.o
 .rodata.str1.1
                0x000000000011481b        0xb binaries/getutime.o
 *fill*         0x0000000000114826        0x2 
 .rodata.str1.4
                0x0000000000114828       0x54 binaries/getutime.o
 .rodata.str1.4
                0x000000000011487c       0x33 binaries/i386-stub.o
 *fill*         0x00000000001148af        0x1 
 .rodata        0x00000000001148b0      0x129 binaries/i386-stub.o
 .rodata.str1.1
                0x00000000001149d9       0x39 binaries/i386-stub.o
 .rodata.str1.1
                0x0000000000114a12       0x63 binaries/initialize.o
                                         0x67 (size before relaxing)
 *fill*         0x0000000000114a75        0x3 
 .rodata.str1.4
                0x0000000000114a78       0xd0 binaries/initialize.o
 .rodata        0x0000000000114b48       0x20 binaries/kill.o
 .rodata.str1.4
                0x0000000000114b68       0x76 binaries/main.o
 .rodata.str1.1
                0x0000000000114bde       0xfe binaries/main.o
 .rodata.str1.4
                0x0000000000114cdc       0x23 binaries/meminit.o
 .rodata.str1.1
                0x0000000000114cff       0x1b binaries/meminit.o
 .rodata.str1.1
                0x0000000000114d1a        0xf binaries/panic.o
 .rodata.str1.1
                0x0000000000114d29       0x1c binaries/ptinit.o
 *fill*         0x0000000000114d45        0x3 
 .rodata.str1.4
                0x0000000000114d48       0x25 binaries/ptsend.o
 .rodata.str1.1
                0x0000000000114d6d       0x22 binaries/quark_pdat.o
 .rodata.str1.1
                0x0000000000114d8f       0x12 binaries/resched.o
 *fill*         0x0000000000114da1        0x3 
 .rodata.str1.4
                0x0000000000114da4       0x2e binaries/resched.o
 *fill*         0x0000000000114dd2        0x2 
 .rodata.str1.4
                0x0000000000114dd4       0x27 binaries/xdone.o
 *fill*         0x0000000000114dfb        0x5 
 .rodata        0x0000000000114e00       0x81 binaries/ctype_.o
                0x0000000000114e00                _ctype_
 .rodata.str1.1
                0x0000000000114e81       0x29 binaries/doprnt.o
 *fill*         0x0000000000114eaa        0x2 
 .rodata        0x0000000000114eac       0xc4 binaries/doprnt.o
 .rodata        0x0000000000114f70       0x98 binaries/doscan.o
 .rodata.str1.1
                0x0000000000115008       0x29 binaries/fdoprnt.o
 .rodata        0x0000000000115008       0x84 binaries/fdoprnt.o
 .rodata        0x000000000011508c       0x20 binaries/ttycontrol.o
 .rodata.str1.4
                0x00000000001150ac       0x4c binaries/naminit.o
 .rodata.str1.1
                0x00000000001150f8       0x32 binaries/naminit.o
                                         0x35 (size before relaxing)
 .rodata.str1.1
                0x000000000011512a       0x15 binaries/ethinit.o
 *fill*         0x000000000011513f        0x1 
 .rodata.str1.4
                0x0000000000115140       0x2e binaries/ethinit.o
 *fill*         0x000000000011516e        0x2 
 .rodata.str1.4
                0x0000000000115170       0x2c binaries/rdsbufalloc.o
 .rodata.str1.4
                0x000000000011519c       0x76 binaries/rdscomm.o
 *fill*         0x0000000000115212        0x2 
 .rodata.str1.4
                0x0000000000115214       0x48 binaries/rdscontrol.o
 .rodata.str1.4
                0x000000000011525c       0x7e binaries/rdsinit.o
 .rodata.str1.1
                0x00000000001152da       0x18 binaries/rdsinit.o
 *fill*         0x00000000001152f2        0x2 
 .rodata.str1.4
                0x00000000001152f4       0x22 binaries/rdsopen.o
 *fill*         0x0000000000115316        0x2 
 .rodata.str1.4
                0x0000000000115318       0x4d binaries/rdsprocess.o
 .rodata.str1.1
                0x0000000000115365        0x9 binaries/raminit.o
 .rodata.str1.1
                0x000000000011536e       0x13 binaries/lfdballoc.o
 *fill*         0x0000000000115381        0x3 
 .rodata.str1.4
                0x0000000000115384       0x23 binaries/lfdballoc.o
 .rodata.str1.1
                0x00000000001153a7       0x14 binaries/lfiballoc.o
 *fill*         0x00000000001153bb        0x1 
 .rodata.str1.4
                0x00000000001153bc       0x23 binaries/lflcontrol.o
 .rodata.str1.1
                0x00000000001153df       0x64 binaries/lfsckfmt.o
 *fill*         0x0000000000115443        0x1 
 .rodata.str1.4
                0x0000000000115444       0x51 binaries/lfsckfmt.o
 *fill*         0x0000000000115495        0x3 
 .rodata.str1.4
                0x0000000000115498       0x21 binaries/rflread.o
 .rodata.str1.4
                0x00000000001154b9       0x21 binaries/rflwrite.o
 *fill*         0x00000000001154b9        0x3 
 .rodata.str1.4
                0x00000000001154bc       0x75 binaries/rfscomm.o
 *fill*         0x0000000000115531        0x3 
 .rodata.str1.4
                0x0000000000115534       0x23 binaries/rfscontrol.o
 *fill*         0x0000000000115557        0x1 
 .rodata        0x0000000000115558       0x18 binaries/rfscontrol.o
 .rodata.str1.1
                0x0000000000115570       0x10 binaries/rfsinit.o
 .rodata.str1.4
                0x0000000000115570       0x57 binaries/rfsinit.o
 *fill*         0x00000000001155c7        0x1 
 .rodata.str1.4
                0x00000000001155c8       0x2a binaries/rfsndmsg.o
 .rodata.str1.4
                0x00000000001155f2       0x22 binaries/rfsopen.o
 .rodata.str1.1
                0x00000000001155f2       0x19 binaries/arp.o
 *fill*         0x000000000011560b        0x1 
 .rodata.str1.4
                0x000000000011560c       0x21 binaries/arp.o
 *fill*         0x000000000011562d        0x3 
 .rodata.str1.4
                0x0000000000115630       0xa6 binaries/dhcp.o
 .rodata.str1.1
                0x00000000001156d6       0x4a binaries/dhcp.o
 .rodata.str1.1
                0x0000000000115720       0x5a binaries/hexdump.o
                                         0x61 (size before relaxing)
 *fill*         0x000000000011577a        0x2 
 .rodata.str1.4
                0x000000000011577c       0x67 binaries/hexdump.o
 *fill*         0x00000000001157e3        0x1 
 .rodata.str1.4
                0x00000000001157e4       0x29 binaries/icmp.o
 .rodata.str1.1
                0x000000000011580d       0x4e binaries/ip.o
 *fill*         0x000000000011585b        0x1 
 .rodata.str1.4
                0x000000000011585c       0x20 binaries/ip.o
 .rodata.str1.4
                0x000000000011587c       0x28 binaries/net.o
 .rodata.str1.1
                0x00000000001158a4       0x27 binaries/net.o
 *fill*         0x00000000001158cb        0x1 
 .rodata.str1.4
                0x00000000001158cc       0xcf binaries/netstart.o
 .rodata.str1.1
                0x000000000011599b      0x13e binaries/pdump.o
                                        0x14b (size before relaxing)
 *fill*         0x0000000000115ad9        0x3 
 .rodata.str1.4
                0x0000000000115adc      0x126 binaries/pdump.o
 *fill*         0x0000000000115c02        0x2 
 .rodata.str1.4
                0x0000000000115c04      0x148 binaries/tftp.o
 .rodata.str1.1
                0x0000000000115d4c        0x6 binaries/tftp.o
                                          0xa (size before relaxing)
 .rodata.str1.1
                0x0000000000115d52       0xe3 binaries/shell.o
                                         0xff (size before relaxing)
 *fill*         0x0000000000115e35        0x3 
 .rodata.str1.4
                0x0000000000115e38      0x1c4 binaries/shell.o
 .rodata.str1.1
                0x0000000000115ffc       0x26 binaries/xsh_argecho.o
                                         0x28 (size before relaxing)
 .rodata.str1.1
                0x0000000000116022       0x70 binaries/xsh_arp.o
                                         0x72 (size before relaxing)
 *fill*         0x0000000000116092        0x2 
 .rodata.str1.4
                0x0000000000116094       0xb4 binaries/xsh_arp.o
 .rodata.str1.1
                0x0000000000116148       0x2d binaries/xsh_cat.o
                                         0x4f (size before relaxing)
 *fill*         0x0000000000116175        0x3 
 .rodata.str1.4
                0x0000000000116178       0x52 binaries/xsh_cat.o
                                         0x79 (size before relaxing)
 .rodata.str1.1
                0x00000000001161ca       0x15 binaries/xsh_clear.o
 .rodata.str1.1
                0x00000000001161df       0x46 binaries/xsh_date.o
                                         0x5f (size before relaxing)
 *fill*         0x0000000000116225        0x3 
 .rodata.str1.4
                0x0000000000116228      0x163 binaries/xsh_date.o
 .rodata.str1.1
                0x000000000011638b       0x5d binaries/xsh_devdump.o
 .rodata.str1.1
                0x00000000001163e8        0x4 binaries/xsh_echo.o
                                          0x9 (size before relaxing)
 .rodata.str1.1
                0x00000000001163ec       0x65 binaries/xsh_help.o
                                         0xa3 (size before relaxing)
 *fill*         0x0000000000116451        0x3 
 .rodata.str1.4
                0x0000000000116454       0x7c binaries/xsh_help.o
                                         0xc6 (size before relaxing)
 .rodata.str1.1
                0x00000000001164d0       0x9c binaries/xsh_ipaddr.o
                                         0xf8 (size before relaxing)
 .rodata.str1.4
                0x000000000011656c       0x4d binaries/xsh_ipaddr.o
                                         0x99 (size before relaxing)
 .rodata.str1.1
                0x00000000001165b9       0x78 binaries/xsh_kill.o
                                         0x97 (size before relaxing)
 *fill*         0x0000000000116631        0x3 
 .rodata.str1.4
                0x0000000000116634       0x4a binaries/xsh_kill.o
                                         0x96 (size before relaxing)
 .rodata.str1.1
                0x000000000011667e       0x84 binaries/xsh_memdump.o
                                         0xa8 (size before relaxing)
 *fill*         0x0000000000116702        0x2 
 .rodata.str1.4
                0x0000000000116704      0x15a binaries/xsh_memdump.o
                                        0x1aa (size before relaxing)
 .rodata.str1.1
                0x000000000011685e       0x40 binaries/xsh_memstat.o
                                         0x79 (size before relaxing)
 *fill*         0x000000000011689e        0x2 
 .rodata.str1.4
                0x00000000001168a0      0x187 binaries/xsh_memstat.o
                                        0x1af (size before relaxing)
 .rodata.str1.1
                0x0000000000116a27       0x90 binaries/xsh_ping.o
                                         0xaf (size before relaxing)
 *fill*         0x0000000000116ab7        0x1 
 .rodata.str1.4
                0x0000000000116ab8       0x77 binaries/xsh_ping.o
                                         0xc6 (size before relaxing)
 .rodata.str1.1
                0x0000000000116b2f       0x74 binaries/xsh_ps.o
                                         0xd5 (size before relaxing)
 *fill*         0x0000000000116ba3        0x1 
 .rodata.str1.4
                0x0000000000116ba4       0x80 binaries/xsh_ps.o
                                         0xd0 (size before relaxing)
 .rodata.str1.1
                0x0000000000116c24       0x31 binaries/xsh_sleep.o
                                         0x72 (size before relaxing)
 *fill*         0x0000000000116c55        0x3 
 .rodata.str1.4
                0x0000000000116c58       0x2a binaries/xsh_sleep.o
                                         0x7a (size before relaxing)
 .rodata.str1.1
                0x0000000000116c82       0x6b binaries/xsh_udpdump.o
                                         0xd2 (size before relaxing)
 *fill*         0x0000000000116ced        0x3 
 .rodata.str1.4
                0x0000000000116cf0       0x94 binaries/xsh_udpdump.o
                                         0xe4 (size before relaxing)
 .rodata.str1.1
                0x0000000000116d84       0xdb binaries/xsh_udpecho.o
                                         0xfa (size before relaxing)
 *fill*         0x0000000000116e5f        0x1 
 .rodata.str1.4
                0x0000000000116e60       0xc7 binaries/xsh_udpecho.o
                                        0x116 (size before relaxing)
 .rodata.str1.1
                0x0000000000116f27       0x66 binaries/xsh_udpeserver.o
                                         0x8f (size before relaxing)
 *fill*         0x0000000000116f8d        0x3 
 .rodata.str1.4
                0x0000000000116f90       0x29 binaries/xsh_udpeserver.o
                                         0x9f (size before relaxing)
 .rodata.str1.1
                0x0000000000116fb9       0x49 binaries/xsh_uptime.o
                                         0x8c (size before relaxing)
 *fill*         0x0000000000117002        0x2 
 .rodata.str1.4
                0x0000000000117004       0x28 binaries/xsh_uptime.o
                                         0x76 (size before relaxing)
                0x000000000011702c                etext = ABSOLUTE (.)
                0x0000000000118000                . = ALIGN (0x1000)
 *fill*         0x000000000011702c      0xfd4 

.eh_frame       0x0000000000118000     0x7634
 .eh_frame      0x0000000000118000       0x98 binaries/ascdate.o
 .eh_frame      0x0000000000118098       0x28 binaries/bufinit.o
                                         0x40 (size before relaxing)
 .eh_frame      0x00000000001180c0       0x54 binaries/cbreg.o
                                         0x80 (size before relaxing)
 .eh_frame      0x0000000000118114       0x54 binaries/chprio.o
                                         0x80 (size before relaxing)
 .eh_frame      0x0000000000118168       0x24 binaries/clkhandler.o
                                         0x50 (size before relaxing)
 .eh_frame      0x000000000011818c       0x44 binaries/clkinit.o
                                         0x70 (size before relaxing)
 .eh_frame      0x00000000001181d0       0x44 binaries/close.o
                                         0x70 (size before relaxing)
 .eh_frame      0x0000000000118214       0x48 binaries/control.o
                                         0x74 (size before relaxing)
 .eh_frame      0x000000000011825c       0x5c binaries/create.o
                                         0x88 (size before relaxing)
 .eh_frame      0x00000000001182b8      0x164 binaries/early_imr.o
                                        0x190 (size before relaxing)
 .eh_frame      0x000000000011841c      0x1f8 binaries/evec.o
                                        0x224 (size before relaxing)
 .eh_frame      0x0000000000118614       0x58 binaries/freebuf.o
                                         0x84 (size before relaxing)
 .eh_frame      0x000000000011866c       0x5c binaries/freemem.o
                                         0x88 (size before relaxing)
 .eh_frame      0x00000000001186c8       0x50 binaries/getbuf.o
                                         0x7c (size before relaxing)
 .eh_frame      0x0000000000118718       0x44 binaries/getc.o
                                         0x70 (size before relaxing)
 .eh_frame      0x000000000011875c       0x60 binaries/getdev.o
                                         0x8c (size before relaxing)
 .eh_frame      0x00000000001187bc       0x68 binaries/getitem.o
                                         0x94 (size before relaxing)
 .eh_frame      0x0000000000118824       0x54 binaries/getmem.o
                                         0x80 (size before relaxing)
 .eh_frame      0x0000000000118878       0x14 binaries/getpid.o
                                         0x40 (size before relaxing)
 .eh_frame      0x000000000011888c       0x40 binaries/getprio.o
                                         0x6c (size before relaxing)
 .eh_frame      0x00000000001188cc       0x5c binaries/getstk.o
                                         0x88 (size before relaxing)
 .eh_frame      0x0000000000118928       0x2c binaries/gettime.o
                                         0x58 (size before relaxing)
 .eh_frame      0x0000000000118954       0x98 binaries/getutime.o
                                         0xc4 (size before relaxing)
 .eh_frame      0x00000000001189ec      0x524 binaries/i386-stub.o
                                        0x578 (size before relaxing)
 .eh_frame      0x0000000000118f10       0x44 binaries/init.o
                                         0x70 (size before relaxing)
 .eh_frame      0x0000000000118f54       0xe0 binaries/initialize.o
                                        0x10c (size before relaxing)
 .eh_frame      0x0000000000119034       0x44 binaries/insert.o
                                         0x5c (size before relaxing)
 .eh_frame      0x0000000000119078       0x40 binaries/insertd.o
                                         0x6c (size before relaxing)
 .eh_frame      0x00000000001190b8       0x14 binaries/ioerr.o
                                         0x2c (size before relaxing)
 .eh_frame      0x00000000001190cc       0x14 binaries/ionull.o
                                         0x2c (size before relaxing)
 .eh_frame      0x00000000001190e0       0x78 binaries/kill.o
                                         0xa4 (size before relaxing)
 .eh_frame      0x0000000000119158       0x90 binaries/kprintf.o
                                         0xd0 (size before relaxing)
 .eh_frame      0x00000000001191e8      0x170 binaries/main.o
                                        0x19c (size before relaxing)
 .eh_frame      0x0000000000119358       0x64 binaries/mark.o
                                         0x90 (size before relaxing)
 .eh_frame      0x00000000001193bc       0x80 binaries/meminit.o
                                         0xac (size before relaxing)
 .eh_frame      0x000000000011943c       0x78 binaries/mkbufpool.o
                                         0xa4 (size before relaxing)
 .eh_frame      0x00000000001194b4       0x1c binaries/newqueue.o
                                         0x48 (size before relaxing)
 .eh_frame      0x00000000001194d0       0x48 binaries/open.o
                                         0x74 (size before relaxing)
 .eh_frame      0x0000000000119518       0x28 binaries/panic.o
                                         0x54 (size before relaxing)
 .eh_frame      0x0000000000119540       0xf4 binaries/pci.o
                                        0x10c (size before relaxing)
 .eh_frame      0x0000000000119634       0x40 binaries/platinit.o
                                         0x6c (size before relaxing)
 .eh_frame      0x0000000000119674       0x6c binaries/ptclear.o
                                         0x98 (size before relaxing)
 .eh_frame      0x00000000001196e0       0x64 binaries/ptcount.o
                                         0x90 (size before relaxing)
 .eh_frame      0x0000000000119744       0x60 binaries/ptcreate.o
                                         0x8c (size before relaxing)
 .eh_frame      0x00000000001197a4       0x48 binaries/ptdelete.o
                                         0x74 (size before relaxing)
 .eh_frame      0x00000000001197ec       0x44 binaries/ptinit.o
                                         0x70 (size before relaxing)
 .eh_frame      0x0000000000119830       0x64 binaries/ptrecv.o
                                         0x90 (size before relaxing)
 .eh_frame      0x0000000000119894       0x48 binaries/ptreset.o
                                         0x74 (size before relaxing)
 .eh_frame      0x00000000001198dc       0x70 binaries/ptsend.o
                                         0x9c (size before relaxing)
 .eh_frame      0x000000000011994c       0x54 binaries/putc.o
                                         0x80 (size before relaxing)
 .eh_frame      0x00000000001199a0       0x6c binaries/quark_irq.o
                                         0x98 (size before relaxing)
 .eh_frame      0x0000000000119a0c       0xe8 binaries/quark_pdat.o
                                        0x114 (size before relaxing)
 .eh_frame      0x0000000000119af4       0x4c binaries/queue.o
                                         0x78 (size before relaxing)
 .eh_frame      0x0000000000119b40       0x48 binaries/read.o
                                         0x74 (size before relaxing)
 .eh_frame      0x0000000000119b88       0x34 binaries/ready.o
                                         0x60 (size before relaxing)
 .eh_frame      0x0000000000119bbc       0x5c binaries/receive.o
                                         0x88 (size before relaxing)
 .eh_frame      0x0000000000119c18       0x38 binaries/recvclr.o
                                         0x64 (size before relaxing)
 .eh_frame      0x0000000000119c50       0x60 binaries/recvtime.o
                                         0x8c (size before relaxing)
 .eh_frame      0x0000000000119cb0       0x98 binaries/resched.o
                                         0xd8 (size before relaxing)
 .eh_frame      0x0000000000119d48       0x5c binaries/resume.o
                                         0x88 (size before relaxing)
 .eh_frame      0x0000000000119da4       0x44 binaries/seek.o
                                         0x70 (size before relaxing)
 .eh_frame      0x0000000000119de8       0x40 binaries/semcount.o
                                         0x6c (size before relaxing)
 .eh_frame      0x0000000000119e28       0x54 binaries/semcreate.o
                                         0x80 (size before relaxing)
 .eh_frame      0x0000000000119e7c       0x6c binaries/semdelete.o
                                         0x98 (size before relaxing)
 .eh_frame      0x0000000000119ee8       0x6c binaries/semreset.o
                                         0x98 (size before relaxing)
 .eh_frame      0x0000000000119f54       0x68 binaries/sendblk.o
                                         0x94 (size before relaxing)
 .eh_frame      0x0000000000119fbc       0x60 binaries/send.o
                                         0x8c (size before relaxing)
 .eh_frame      0x000000000011a01c       0x54 binaries/signal.o
                                         0x80 (size before relaxing)
 .eh_frame      0x000000000011a070       0x70 binaries/signaln.o
                                         0x9c (size before relaxing)
 .eh_frame      0x000000000011a0e0       0x80 binaries/sleep.o
                                         0xac (size before relaxing)
 .eh_frame      0x000000000011a160       0x54 binaries/suspend.o
                                         0x80 (size before relaxing)
 .eh_frame      0x000000000011a1b4       0x4c binaries/unsleep.o
                                         0x78 (size before relaxing)
 .eh_frame      0x000000000011a200       0x28 binaries/userret.o
                                         0x54 (size before relaxing)
 .eh_frame      0x000000000011a228       0x58 binaries/wait.o
                                         0x84 (size before relaxing)
 .eh_frame      0x000000000011a280       0x48 binaries/wakeup.o
                                         0x74 (size before relaxing)
 .eh_frame      0x000000000011a2c8       0x48 binaries/write.o
                                         0x74 (size before relaxing)
 .eh_frame      0x000000000011a310       0x24 binaries/xdone.o
                                         0x50 (size before relaxing)
 .eh_frame      0x000000000011a334       0x30 binaries/yield.o
                                         0x5c (size before relaxing)
 .eh_frame      0x000000000011a364       0x14 binaries/abs.o
                                         0x2c (size before relaxing)
 .eh_frame      0x000000000011a378       0x28 binaries/atoi.o
                                         0x40 (size before relaxing)
 .eh_frame      0x000000000011a3a0       0x28 binaries/atol.o
                                         0x40 (size before relaxing)
 .eh_frame      0x000000000011a3c8       0x14 binaries/bzero.o
                                         0x2c (size before relaxing)
 .eh_frame      0x000000000011a3dc      0x160 binaries/doprnt.o
                                        0x1a0 (size before relaxing)
 .eh_frame      0x000000000011a53c      0x108 binaries/doscan.o
                                        0x134 (size before relaxing)
 .eh_frame      0x000000000011a644      0x114 binaries/fdoprnt.o
                                        0x140 (size before relaxing)
 .eh_frame      0x000000000011a758       0x2c binaries/fgetc.o
                                         0x58 (size before relaxing)
 .eh_frame      0x000000000011a784       0x48 binaries/fgets.o
                                         0x74 (size before relaxing)
 .eh_frame      0x000000000011a7cc       0x2c binaries/fprintf.o
                                         0x58 (size before relaxing)
 .eh_frame      0x000000000011a7f8       0x2c binaries/fputc.o
                                         0x58 (size before relaxing)
 .eh_frame      0x000000000011a824       0x3c binaries/fputs.o
                                         0x68 (size before relaxing)
 .eh_frame      0x000000000011a860       0x7c binaries/fscanf.o
                                         0xa8 (size before relaxing)
 .eh_frame      0x000000000011a8dc       0x24 binaries/getchar.o
                                         0x50 (size before relaxing)
 .eh_frame      0x000000000011a900       0x14 binaries/labs.o
                                         0x2c (size before relaxing)
 .eh_frame      0x000000000011a914       0x14 binaries/memchr.o
                                         0x2c (size before relaxing)
 .eh_frame      0x000000000011a928       0x28 binaries/memcmp.o
                                         0x40 (size before relaxing)
 .eh_frame      0x000000000011a950       0x24 binaries/memcpy.o
                                         0x3c (size before relaxing)
 .eh_frame      0x000000000011a974       0x1c binaries/memset.o
                                         0x34 (size before relaxing)
 .eh_frame      0x000000000011a990       0x2c binaries/printf.o
                                         0x58 (size before relaxing)
 .eh_frame      0x000000000011a9bc       0x28 binaries/putchar.o
                                         0x54 (size before relaxing)
 .eh_frame      0x000000000011a9e4       0xc8 binaries/qsort.o
                                        0x11c (size before relaxing)
 .eh_frame      0x000000000011aaac       0x28 binaries/rand.o
                                         0x68 (size before relaxing)
 .eh_frame      0x000000000011aad4       0x54 binaries/sprintf.o
                                         0x80 (size before relaxing)
 .eh_frame      0x000000000011ab28       0x5c binaries/sscanf.o
                                         0x88 (size before relaxing)
 .eh_frame      0x000000000011ab84       0x20 binaries/strchr.o
                                         0x38 (size before relaxing)
 .eh_frame      0x000000000011aba4       0x20 binaries/strcmp.o
                                         0x38 (size before relaxing)
 .eh_frame      0x000000000011abc4       0x14 binaries/strcpy.o
                                         0x2c (size before relaxing)
 .eh_frame      0x000000000011abd8       0x14 binaries/strlen.o
                                         0x2c (size before relaxing)
 .eh_frame      0x000000000011abec       0x2c binaries/strncat.o
                                         0x44 (size before relaxing)
 .eh_frame      0x000000000011ac18       0x1c binaries/strncmp.o
                                         0x34 (size before relaxing)
 .eh_frame      0x000000000011ac34       0x30 binaries/strncpy.o
                                         0x48 (size before relaxing)
 .eh_frame      0x000000000011ac64       0x14 binaries/strnlen.o
                                         0x2c (size before relaxing)
 .eh_frame      0x000000000011ac78       0x20 binaries/strrchr.o
                                         0x38 (size before relaxing)
 .eh_frame      0x000000000011ac98       0x3c binaries/strstr.o
                                         0x54 (size before relaxing)
 .eh_frame      0x000000000011acd4       0x58 binaries/ttycontrol.o
                                         0x84 (size before relaxing)
 .eh_frame      0x000000000011ad2c       0x44 binaries/ttygetc.o
                                         0x70 (size before relaxing)
 .eh_frame      0x000000000011ad70       0xe0 binaries/ttyhandle_in.o
                                        0x10c (size before relaxing)
 .eh_frame      0x000000000011ae50       0x68 binaries/ttyhandle_out.o
                                         0x94 (size before relaxing)
 .eh_frame      0x000000000011aeb8       0x5c binaries/ttyhandler.o
                                         0x88 (size before relaxing)
 .eh_frame      0x000000000011af14       0x4c binaries/ttyinit.o
                                         0x78 (size before relaxing)
 .eh_frame      0x000000000011af60       0x14 binaries/ttykickout.o
                                         0x2c (size before relaxing)
 .eh_frame      0x000000000011af74       0x64 binaries/ttyputc.o
                                         0x90 (size before relaxing)
 .eh_frame      0x000000000011afd8       0x64 binaries/ttyread.o
                                         0x90 (size before relaxing)
 .eh_frame      0x000000000011b03c       0x4c binaries/ttywrite.o
                                         0x78 (size before relaxing)
 .eh_frame      0x000000000011b088       0x7c binaries/mount.o
                                         0xa8 (size before relaxing)
 .eh_frame      0x000000000011b104       0xe4 binaries/naminit.o
                                        0x110 (size before relaxing)
 .eh_frame      0x000000000011b1e8       0xf0 binaries/nammap.o
                                        0x130 (size before relaxing)
 .eh_frame      0x000000000011b2d8       0x48 binaries/namopen.o
                                         0x74 (size before relaxing)
 .eh_frame      0x000000000011b320       0x3c binaries/colon2mac.o
                                         0x68 (size before relaxing)
 .eh_frame      0x000000000011b35c       0x4c binaries/ethcontrol.o
                                         0x78 (size before relaxing)
 .eh_frame      0x000000000011b3a8       0x58 binaries/ethhandler.o
                                         0x84 (size before relaxing)
 .eh_frame      0x000000000011b400      0x154 binaries/ethinit.o
                                        0x180 (size before relaxing)
 .eh_frame      0x000000000011b554       0xa8 binaries/ethmcast.o
                                         0xd4 (size before relaxing)
 .eh_frame      0x000000000011b5fc       0x80 binaries/ethread.o
                                         0xac (size before relaxing)
 .eh_frame      0x000000000011b67c       0x48 binaries/ethwrite.o
                                         0x74 (size before relaxing)
 .eh_frame      0x000000000011b6c4       0x3c binaries/rdsbufalloc.o
                                         0x68 (size before relaxing)
 .eh_frame      0x000000000011b700       0x3c binaries/rdsclose.o
                                         0x68 (size before relaxing)
 .eh_frame      0x000000000011b73c       0x90 binaries/rdscomm.o
                                         0xbc (size before relaxing)
 .eh_frame      0x000000000011b7cc       0xb4 binaries/rdscontrol.o
                                         0xe0 (size before relaxing)
 .eh_frame      0x000000000011b880       0x9c binaries/rdsinit.o
                                         0xc8 (size before relaxing)
 .eh_frame      0x000000000011b91c       0x80 binaries/rdsopen.o
                                         0xac (size before relaxing)
 .eh_frame      0x000000000011b99c       0xf8 binaries/rdsprocess.o
                                        0x124 (size before relaxing)
 .eh_frame      0x000000000011ba94       0x7c binaries/rdsread.o
                                         0xa8 (size before relaxing)
 .eh_frame      0x000000000011bb10       0x80 binaries/rdswrite.o
                                         0xac (size before relaxing)
 .eh_frame      0x000000000011bb90       0x14 binaries/ramclose.o
                                         0x2c (size before relaxing)
 .eh_frame      0x000000000011bba4       0x40 binaries/raminit.o
                                         0x6c (size before relaxing)
 .eh_frame      0x000000000011bbe4       0x14 binaries/ramopen.o
                                         0x2c (size before relaxing)
 .eh_frame      0x000000000011bbf8       0x2c binaries/ramread.o
                                         0x58 (size before relaxing)
 .eh_frame      0x000000000011bc24       0x2c binaries/ramwrite.o
                                         0x58 (size before relaxing)
 .eh_frame      0x000000000011bc50       0x80 binaries/lfdballoc.o
                                         0xac (size before relaxing)
 .eh_frame      0x000000000011bcd0       0x50 binaries/lfdbfree.o
                                         0x7c (size before relaxing)
 .eh_frame      0x000000000011bd20       0x5c binaries/lfflush.o
                                         0x88 (size before relaxing)
 .eh_frame      0x000000000011bd7c       0x14 binaries/lfgetmode.o
                                         0x2c (size before relaxing)
 .eh_frame      0x000000000011bd90       0x5c binaries/lfiballoc.o
                                         0x88 (size before relaxing)
 .eh_frame      0x000000000011bdec       0x14 binaries/lfibclear.o
                                         0x2c (size before relaxing)
 .eh_frame      0x000000000011be00       0x4c binaries/lfibget.o
                                         0x78 (size before relaxing)
 .eh_frame      0x000000000011be4c       0x68 binaries/lfibput.o
                                         0x94 (size before relaxing)
 .eh_frame      0x000000000011beb4       0x54 binaries/lflclose.o
                                         0x80 (size before relaxing)
 .eh_frame      0x000000000011bf08       0x74 binaries/lflcontrol.o
                                         0xa0 (size before relaxing)
 .eh_frame      0x000000000011bf7c       0x6c binaries/lflgetc.o
                                         0x98 (size before relaxing)
 .eh_frame      0x000000000011bfe8       0x5c binaries/lflinit.o
                                         0x88 (size before relaxing)
 .eh_frame      0x000000000011c044       0x6c binaries/lflputc.o
                                         0x98 (size before relaxing)
 .eh_frame      0x000000000011c0b0       0x48 binaries/lflread.o
                                         0x74 (size before relaxing)
 .eh_frame      0x000000000011c0f8       0x60 binaries/lflseek.o
                                         0x8c (size before relaxing)
 .eh_frame      0x000000000011c158       0x48 binaries/lflwrite.o
                                         0x74 (size before relaxing)
 .eh_frame      0x000000000011c1a0       0xd4 binaries/lfsckfmt.o
                                        0x100 (size before relaxing)
 .eh_frame      0x000000000011c274       0xd4 binaries/lfscreate.o
                                        0x100 (size before relaxing)
 .eh_frame      0x000000000011c348       0xbc binaries/lfsetup.o
                                         0xe8 (size before relaxing)
 .eh_frame      0x000000000011c404       0x38 binaries/lfsinit.o
                                         0x64 (size before relaxing)
 .eh_frame      0x000000000011c43c       0x90 binaries/lfsopen.o
                                         0xbc (size before relaxing)
 .eh_frame      0x000000000011c4cc       0x84 binaries/lftruncate.o
                                         0xb0 (size before relaxing)
 .eh_frame      0x000000000011c550       0x3c binaries/rflclose.o
                                         0x68 (size before relaxing)
 .eh_frame      0x000000000011c58c       0x30 binaries/rflgetc.o
                                         0x5c (size before relaxing)
 .eh_frame      0x000000000011c5bc       0x30 binaries/rflinit.o
                                         0x5c (size before relaxing)
 .eh_frame      0x000000000011c5ec       0x30 binaries/rflputc.o
                                         0x5c (size before relaxing)
 .eh_frame      0x000000000011c61c       0xdc binaries/rflread.o
                                        0x108 (size before relaxing)
 .eh_frame      0x000000000011c6f8       0x3c binaries/rflseek.o
                                         0x68 (size before relaxing)
 .eh_frame      0x000000000011c734       0xd0 binaries/rflwrite.o
                                         0xfc (size before relaxing)
 .eh_frame      0x000000000011c804       0x88 binaries/rfscomm.o
                                         0xb4 (size before relaxing)
 .eh_frame      0x000000000011c88c      0x11c binaries/rfscontrol.o
                                        0x148 (size before relaxing)
 .eh_frame      0x000000000011c9a8       0x14 binaries/rfsgetmode.o
                                         0x2c (size before relaxing)
 .eh_frame      0x000000000011c9bc       0x50 binaries/rfsinit.o
                                         0x7c (size before relaxing)
 .eh_frame      0x000000000011ca0c       0x50 binaries/rfsndmsg.o
                                         0x7c (size before relaxing)
 .eh_frame      0x000000000011ca5c       0xdc binaries/rfsopen.o
                                        0x108 (size before relaxing)
 .eh_frame      0x000000000011cb38      0x27c binaries/arp.o
                                        0x2bc (size before relaxing)
 .eh_frame      0x000000000011cdb4      0x284 binaries/dhcp.o
                                        0x2b0 (size before relaxing)
 .eh_frame      0x000000000011d038       0x40 binaries/dot2ip.o
                                         0x58 (size before relaxing)
 .eh_frame      0x000000000011d078      0x1bc binaries/hexdump.o
                                        0x1e8 (size before relaxing)
 .eh_frame      0x000000000011d234      0x310 binaries/icmp.o
                                        0x350 (size before relaxing)
 .eh_frame      0x000000000011d544      0x2e8 binaries/ip.o
                                        0x314 (size before relaxing)
 .eh_frame      0x000000000011d82c      0x138 binaries/net.o
                                        0x164 (size before relaxing)
 .eh_frame      0x000000000011d964       0x74 binaries/netstart.o
                                         0xa0 (size before relaxing)
 .eh_frame      0x000000000011d9d8      0x394 binaries/pdump.o
                                        0x3c0 (size before relaxing)
 .eh_frame      0x000000000011dd6c      0x260 binaries/tftp.o
                                        0x28c (size before relaxing)
 .eh_frame      0x000000000011dfcc      0x36c binaries/udp.o
                                        0x3ac (size before relaxing)
 .eh_frame      0x000000000011e338       0x68 binaries/addargs.o
                                         0x94 (size before relaxing)
 .eh_frame      0x000000000011e3a0       0x40 binaries/lexan.o
                                         0x58 (size before relaxing)
 .eh_frame      0x000000000011e3e0      0x24c binaries/shell.o
                                        0x278 (size before relaxing)
 .eh_frame      0x000000000011e62c       0x5c binaries/xsh_argecho.o
                                         0x88 (size before relaxing)
 .eh_frame      0x000000000011e688       0xe0 binaries/xsh_arp.o
                                        0x10c (size before relaxing)
 .eh_frame      0x000000000011e768       0xac binaries/xsh_cat.o
                                         0xd8 (size before relaxing)
 .eh_frame      0x000000000011e814       0x3c binaries/xsh_clear.o
                                         0x68 (size before relaxing)
 .eh_frame      0x000000000011e850      0x108 binaries/xsh_date.o
                                        0x134 (size before relaxing)
 .eh_frame      0x000000000011e958       0x64 binaries/xsh_devdump.o
                                         0x90 (size before relaxing)
 .eh_frame      0x000000000011e9bc       0x5c binaries/xsh_echo.o
                                         0x88 (size before relaxing)
 .eh_frame      0x000000000011ea18       0x14 binaries/xsh_exit.o
                                         0x2c (size before relaxing)
 .eh_frame      0x000000000011ea2c       0xd4 binaries/xsh_help.o
                                        0x100 (size before relaxing)
 .eh_frame      0x000000000011eb00      0x194 binaries/xsh_ipaddr.o
                                        0x1c0 (size before relaxing)
 .eh_frame      0x000000000011ec94       0xac binaries/xsh_kill.o
                                         0xd8 (size before relaxing)
 .eh_frame      0x000000000011ed40      0x130 binaries/xsh_memdump.o
                                        0x15c (size before relaxing)
 .eh_frame      0x000000000011ee70       0xbc binaries/xsh_memstat.o
                                         0xe8 (size before relaxing)
 .eh_frame      0x000000000011ef2c      0x10c binaries/xsh_ping.o
                                        0x138 (size before relaxing)
 .eh_frame      0x000000000011f038       0xd8 binaries/xsh_ps.o
                                        0x104 (size before relaxing)
 .eh_frame      0x000000000011f110       0xac binaries/xsh_sleep.o
                                         0xd8 (size before relaxing)
 .eh_frame      0x000000000011f1bc       0xe8 binaries/xsh_udpdump.o
                                        0x114 (size before relaxing)
 .eh_frame      0x000000000011f2a4      0x1b0 binaries/xsh_udpecho.o
                                        0x1dc (size before relaxing)
 .eh_frame      0x000000000011f454      0x128 binaries/xsh_udpeserver.o
                                        0x154 (size before relaxing)
 .eh_frame      0x000000000011f57c       0xb8 binaries/xsh_uptime.o
                                         0xe4 (size before relaxing)

.iplt           0x000000000011f638        0x0
 .iplt          0x000000000011f638        0x0 binaries/start.o

.rel.dyn        0x000000000011f634        0x0
 .rel.got       0x000000000011f634        0x0 binaries/start.o
 .rel.iplt      0x000000000011f634        0x0 binaries/start.o
 .rel.text      0x000000000011f634        0x0 binaries/start.o
 .rel.data.rel  0x000000000011f634        0x0 binaries/start.o

.data           0x000000000011f640     0x19c0
                0x000000000011f640                data = ABSOLUTE (.)
 *(.data .data.*)
 .data          0x000000000011f640      0x85a binaries/start.o
                0x000000000011f640                gdt
                0x000000000011f690                idt
                0x000000000011fe96                cpudelay
 .data          0x000000000011fe9a        0x0 binaries/ascdate.o
 *fill*         0x000000000011fe9a        0x6 
 .data.rel.local
                0x000000000011fea0       0x88 binaries/ascdate.o
                0x000000000011fea0                Date
 .data          0x000000000011ff28        0x0 binaries/bufinit.o
 .data          0x000000000011ff28        0x0 binaries/cbreg.o
 .data          0x000000000011ff28        0x0 binaries/chprio.o
 .data          0x000000000011ff28        0x4 binaries/clkhandler.o
 .data          0x000000000011ff2c        0x0 binaries/clkinit.o
 .data          0x000000000011ff2c        0x0 binaries/close.o
 .data          0x000000000011ff2c        0x0 binaries/conf.o
 *fill*         0x000000000011ff2c       0x14 
 .data.rel      0x000000000011ff40      0x30c binaries/conf.o
                0x000000000011ff40                devtab
 .data          0x000000000012024c        0x0 binaries/control.o
 .data          0x000000000012024c        0x4 binaries/create.o
 .data          0x0000000000120250        0x0 binaries/early_imr.o
 .data          0x0000000000120250        0x0 binaries/evec.o
 *fill*         0x0000000000120250       0x10 
 .data.rel.local
                0x0000000000120260       0x40 binaries/evec.o
                0x0000000000120260                inames
 .data          0x00000000001202a0        0x0 binaries/freebuf.o
 .data          0x00000000001202a0        0x0 binaries/freemem.o
 .data          0x00000000001202a0        0x0 binaries/getbuf.o
 .data          0x00000000001202a0        0x0 binaries/getc.o
 .data          0x00000000001202a0        0x0 binaries/getdev.o
 .data          0x00000000001202a0        0x0 binaries/getitem.o
 .data          0x00000000001202a0        0x0 binaries/getmem.o
 .data          0x00000000001202a0        0x0 binaries/getpid.o
 .data          0x00000000001202a0        0x0 binaries/getprio.o
 .data          0x00000000001202a0        0x0 binaries/getstk.o
 .data          0x00000000001202a0        0x0 binaries/gettime.o
 .data          0x00000000001202a0        0x0 binaries/getutime.o
 .data          0x00000000001202a0        0x4 binaries/i386-stub.o
                0x00000000001202a0                gdb_i386vector
 .data.rel      0x00000000001202a4        0x4 binaries/i386-stub.o
                0x00000000001202a4                stackPtr
 .data          0x00000000001202a8        0x0 binaries/init.o
 .data          0x00000000001202a8        0x0 binaries/initialize.o
 .data          0x00000000001202a8        0x0 binaries/insert.o
 .data          0x00000000001202a8        0x0 binaries/insertd.o
 .data          0x00000000001202a8        0x0 binaries/ioerr.o
 .data          0x00000000001202a8        0x0 binaries/ionull.o
 .data          0x00000000001202a8        0x0 binaries/kill.o
 .data          0x00000000001202a8        0x0 binaries/kprintf.o
 .data          0x00000000001202a8        0x0 binaries/main.o
 .data          0x00000000001202a8        0x0 binaries/mark.o
 *fill*         0x00000000001202a8       0x18 
 .data          0x00000000001202c0       0x48 binaries/meminit.o
                0x00000000001202c0                gdt_copy
                0x0000000000120300                bootinfo
                0x0000000000120304                bootsign
 .data          0x0000000000120308        0x0 binaries/mkbufpool.o
 .data          0x0000000000120308        0x2 binaries/newqueue.o
 .data          0x000000000012030a        0x0 binaries/open.o
 .data          0x000000000012030a        0x0 binaries/panic.o
 .data          0x000000000012030a        0x0 binaries/pci.o
 .data          0x000000000012030a        0x0 binaries/platinit.o
 .data          0x000000000012030a        0x0 binaries/ptclear.o
 .data          0x000000000012030a        0x0 binaries/ptcount.o
 .data          0x000000000012030a        0x0 binaries/ptcreate.o
 .data          0x000000000012030a        0x0 binaries/ptdelete.o
 .data          0x000000000012030a        0x0 binaries/ptinit.o
 .data          0x000000000012030a        0x0 binaries/ptrecv.o
 .data          0x000000000012030a        0x0 binaries/ptreset.o
 .data          0x000000000012030a        0x0 binaries/ptsend.o
 .data          0x000000000012030a        0x0 binaries/putc.o
 .data          0x000000000012030a        0x0 binaries/quark_irq.o
 .data          0x000000000012030a        0x0 binaries/quark_pdat.o
 .data          0x000000000012030a        0x0 binaries/queue.o
 .data          0x000000000012030a        0x0 binaries/read.o
 .data          0x000000000012030a        0x0 binaries/ready.o
 .data          0x000000000012030a        0x0 binaries/receive.o
 .data          0x000000000012030a        0x0 binaries/recvclr.o
 .data          0x000000000012030a        0x0 binaries/recvtime.o
 .data          0x000000000012030a        0x0 binaries/resched.o
 .data          0x000000000012030a        0x0 binaries/resume.o
 .data          0x000000000012030a        0x0 binaries/seek.o
 .data          0x000000000012030a        0x0 binaries/semcount.o
 .data          0x000000000012030a        0x0 binaries/semcreate.o
 .data          0x000000000012030a        0x0 binaries/semdelete.o
 .data          0x000000000012030a        0x0 binaries/semreset.o
 .data          0x000000000012030a        0x0 binaries/sendblk.o
 .data          0x000000000012030a        0x0 binaries/send.o
 .data          0x000000000012030a        0x0 binaries/signal.o
 .data          0x000000000012030a        0x0 binaries/signaln.o
 .data          0x000000000012030a        0x0 binaries/sleep.o
 .data          0x000000000012030a        0x0 binaries/suspend.o
 .data          0x000000000012030a        0x0 binaries/unsleep.o
 .data          0x000000000012030a        0x0 binaries/userret.o
 .data          0x000000000012030a        0x0 binaries/wait.o
 .data          0x000000000012030a        0x0 binaries/wakeup.o
 .data          0x000000000012030a        0x0 binaries/write.o
 .data          0x000000000012030a        0x0 binaries/xdone.o
 .data          0x000000000012030a        0x0 binaries/yield.o
 .data          0x000000000012030a        0x0 binaries/abs.o
 .data          0x000000000012030a        0x0 binaries/atoi.o
 .data          0x000000000012030a        0x0 binaries/atol.o
 .data          0x000000000012030a        0x0 binaries/bzero.o
 .data          0x000000000012030a        0x0 binaries/ctype_.o
 .data          0x000000000012030a        0x0 binaries/doprnt.o
 *fill*         0x000000000012030a       0x16 
 .data          0x0000000000120320       0x80 binaries/doscan.o
                0x0000000000120320                _sctab
 .data          0x00000000001203a0        0x0 binaries/fdoprnt.o
 .data          0x00000000001203a0        0x0 binaries/fgetc.o
 .data          0x00000000001203a0        0x0 binaries/fgets.o
 .data          0x00000000001203a0        0x0 binaries/fprintf.o
 .data          0x00000000001203a0        0x0 binaries/fputc.o
 .data          0x00000000001203a0        0x0 binaries/fputs.o
 .data          0x00000000001203a0        0x0 binaries/fscanf.o
 .data          0x00000000001203a0        0x0 binaries/getchar.o
 .data          0x00000000001203a0        0x0 binaries/labs.o
 .data          0x00000000001203a0        0x0 binaries/memchr.o
 .data          0x00000000001203a0        0x0 binaries/memcmp.o
 .data          0x00000000001203a0        0x0 binaries/memcpy.o
 .data          0x00000000001203a0        0x0 binaries/memset.o
 .data          0x00000000001203a0        0x0 binaries/printf.o
 .data          0x00000000001203a0        0x0 binaries/putchar.o
 .data          0x00000000001203a0        0x0 binaries/qsort.o
 .data          0x00000000001203a0        0x4 binaries/rand.o
 .data          0x00000000001203a4        0x0 binaries/sprintf.o
 .data          0x00000000001203a4        0x0 binaries/sscanf.o
 .data          0x00000000001203a4        0x0 binaries/strchr.o
 .data          0x00000000001203a4        0x0 binaries/strcmp.o
 .data          0x00000000001203a4        0x0 binaries/strcpy.o
 .data          0x00000000001203a4        0x0 binaries/strlen.o
 .data          0x00000000001203a4        0x0 binaries/strncat.o
 .data          0x00000000001203a4        0x0 binaries/strncmp.o
 .data          0x00000000001203a4        0x0 binaries/strncpy.o
 .data          0x00000000001203a4        0x0 binaries/strnlen.o
 .data          0x00000000001203a4        0x0 binaries/strrchr.o
 .data          0x00000000001203a4        0x0 binaries/strstr.o
 .data          0x00000000001203a4        0x0 binaries/ttycontrol.o
 .data          0x00000000001203a4        0x0 binaries/ttygetc.o
 .data          0x00000000001203a4        0x0 binaries/ttyhandle_in.o
 .data          0x00000000001203a4        0x0 binaries/ttyhandle_out.o
 .data          0x00000000001203a4        0x0 binaries/ttyhandler.o
 .data          0x00000000001203a4        0x0 binaries/ttyinit.o
 .data          0x00000000001203a4        0x0 binaries/ttykickout.o
 .data          0x00000000001203a4        0x0 binaries/ttyputc.o
 .data          0x00000000001203a4        0x0 binaries/ttyread.o
 .data          0x00000000001203a4        0x0 binaries/ttywrite.o
 .data          0x00000000001203a4        0x0 binaries/mount.o
 .data          0x00000000001203a4        0x0 binaries/naminit.o
 .data          0x00000000001203a4        0x0 binaries/nammap.o
 .data          0x00000000001203a4        0x0 binaries/namopen.o
 .data          0x00000000001203a4        0x0 binaries/colon2mac.o
 .data          0x00000000001203a4        0x0 binaries/ethcontrol.o
 .data          0x00000000001203a4        0x0 binaries/ethhandler.o
 .data          0x00000000001203a4        0x0 binaries/ethinit.o
 .data          0x00000000001203a4        0x0 binaries/ethmcast.o
 .data          0x00000000001203a4        0x0 binaries/ethread.o
 .data          0x00000000001203a4        0x0 binaries/ethwrite.o
 .data          0x00000000001203a4        0x0 binaries/rdsbufalloc.o
 .data          0x00000000001203a4        0x0 binaries/rdsclose.o
 .data          0x00000000001203a4        0x0 binaries/rdscomm.o
 .data          0x00000000001203a4        0x0 binaries/rdscontrol.o
 .data          0x00000000001203a4        0x0 binaries/rdsinit.o
 .data          0x00000000001203a4        0x0 binaries/rdsopen.o
 .data          0x00000000001203a4        0x0 binaries/rdsprocess.o
 .data          0x00000000001203a4        0x0 binaries/rdsread.o
 .data          0x00000000001203a4        0x0 binaries/rdswrite.o
 .data          0x00000000001203a4        0x0 binaries/ramclose.o
 .data          0x00000000001203a4        0x0 binaries/raminit.o
 .data          0x00000000001203a4        0x0 binaries/ramopen.o
 .data          0x00000000001203a4        0x0 binaries/ramread.o