
Allocating common symbols
Common symbol       size              file

netbufpool          0x4               binaries/net.o
readylist           0x2               binaries/ready.o
rfltab              0x5a0             binaries/rflinit.o
sleepq              0x2               binaries/clkinit.o
nnames              0x4               binaries/naminit.o
udptab              0x168             binaries/udp.o
minheap             0x4               binaries/meminit.o
marks               0x50              binaries/mark.o
currpid             0x4               binaries/initialize.o
Lf_data             0x20c             binaries/lfsinit.o
porttab             0x2d0             binaries/ptinit.o
girmask             0x2               binaries/evec.o
ttytab              0x10c             binaries/ttyinit.o
proctab             0x1c20            binaries/initialize.o
sendWaitcount       0x4               binaries/initialize.o
prcount             0x4               binaries/initialize.o
lfltab              0xf00             binaries/lflinit.o
rdstab              0x8c              binaries/rdsinit.o
ethertab            0x138             binaries/ethinit.o
NetData             0xa8              binaries/net.o
nmarks              0x4               binaries/mark.o
Defer               0x8               binaries/resched.o
semtab              0x4b0             binaries/initialize.o
maxheap             0x4               binaries/meminit.o
preempt             0x4               binaries/clkinit.o
buftab              0xf0              binaries/bufinit.o
Rf_data             0x18              binaries/rfsinit.o
mkmutex             0x4               binaries/mark.o
clktime             0x4               binaries/clkinit.o
arpcache            0x140             binaries/arp.o
icmptab             0x230             binaries/icmp.o
nbpools             0x4               binaries/bufinit.o
queuetab            0xfc0             binaries/queue.o
ptnextid            0x4               binaries/ptinit.o
Ram                 0x19000           binaries/raminit.o
ipoqueue            0x2c              binaries/ip.o
memlist             0x8               binaries/initialize.o
nametab             0x19a0            binaries/naminit.o
ptfree              0x4               binaries/ptinit.o

Discarded input sections

 .group         0x0000000000000000        0x8 binaries/ascdate.o
 .group         0x0000000000000000        0x8 binaries/bufinit.o
 .group         0x0000000000000000        0x8 binaries/chprio.o
 .text.__x86.get_pc_thunk.bx
                0x0000000000000000        0x4 binaries/chprio.o
 .group         0x0000000000000000        0x8 binaries/clkhandler.o
 .text.__x86.get_pc_thunk.bx
                0x0000000000000000        0x4 binaries/clkhandler.o
 .group         0x0000000000000000        0x8 binaries/clkinit.o
 .text.__x86.get_pc_thunk.bx
                0x0000000000000000        0x4 binaries/clkinit.o
 .group         0x0000000000000000        0x8 binaries/close.o
 .text.__x86.get_pc_thunk.bx
                0x0000000000000000        0x4 binaries/close.o
 .group         0x0000000000000000        0x8 binaries/control.o
 .text.__x86.get_pc_thunk.bx
                0x0000000000000000        0x4 binaries/control.o
 .group         0x0000000000000000        0x8 binaries/create.o
 .text.__x86.get_pc_thunk.bx
                0x0000000000000000        0x4 binaries/create.o
 .group         0x0000000000000000        0x8 binaries/early_imr.o
 .text.__x86.get_pc_thunk.bx
                0x0000000000000000        0x4 binaries/early_imr.o
 .group         0x0000000000000000        0x8 binaries/evec.o
 .text.__x86.get_pc_thunk.bx
                0x0000000000000000        0x4 binaries/evec.o
 .group         0x0000000000000000        0x8 binaries/freebuf.o
 .text.__x86.get_pc_thunk.bx
                0x0000000000000000        0x4 binaries/freebuf.o
 .group         0x0000000000000000        0x8 binaries/freemem.o
 .text.__x86.get_pc_thunk.bx
                0x0000000000000000        0x4 binaries/freemem.o
 .group         0x0000000000000000        0x8 binaries/getbuf.o
 .text.__x86.get_pc_thunk.bx
                0x0000000000000000        0x4 binaries/getbuf.o
 .group         0x0000000000000000        0x8 binaries/getc.o
 .text.__x86.get_pc_thunk.bx
                0x0000000000000000        0x4 binaries/getc.o
 .group         0x0000000000000000        0x8 binaries/getdev.o
 .text.__x86.get_pc_thunk.bx
                0x0000000000000000        0x4 binaries/getdev.o
 .group         0x0000000000000000        0x8 binaries/getitem.o
 .group         0x0000000000000000        0x8 binaries/getitem.o
 .text.__x86.get_pc_thunk.ax
                0x0000000000000000        0x4 binaries/getitem.o
 .group         0x0000000000000000        0x8 binaries/getmem.o
 .text.__x86.get_pc_thunk.bx
                0x0000000000000000        0x4 binaries/getmem.o
 .group         0x0000000000000000        0x8 binaries/getpid.o
 .text.__x86.get_pc_thunk.ax
[...]
Memory Configuration

Name             Origin             Length             Attributes
*default*        0x0000000000000000 0xffffffffffffffff

Linker script and memory map

                0x0000000000100000                physbase = 0x100000
                0x0000000000100000                . = physbase
                0x0000000000100000                . = ALIGN (0x1000)

.text           0x0000000000100000    0x16000
                0x0000000000100000                text = ABSOLUTE (.)
 *(.text .text.*)
 .text          0x0000000000100000      0x1a8 binaries/start.o
                0x0000000000100024                start
                0x00000000001000f6                inb
                0x00000000001000fe                inw
                0x0000000000100107                inl
                0x000000000010010f                outb
                0x0000000000100119                outw
                0x0000000000100124                outl
                0x000000000010012e                _rtcin
                0x0000000000100139                ___udivsi3
                0x0000000000100144                ___divsi3
                0x0000000000100150                sbzero
                0x0000000000100160                bcopy
                0x0000000000100174                insw
                0x000000000010018a                outsw
                0x00000000001001a0                lidt
 .text          0x00000000001001a8      0x2e5 binaries/ascdate.o
                0x00000000001001a8                ascdate
 .text.__x86.get_pc_thunk.bx
                0x000000000010048d        0x4 binaries/ascdate.o
                0x000000000010048d                __x86.get_pc_thunk.bx
 .text          0x0000000000100491       0x1c binaries/bufinit.o
                0x0000000000100491                bufinit
 .text.__x86.get_pc_thunk.ax
                0x00000000001004ad        0x4 binaries/bufinit.o
                0x00000000001004ad                __x86.get_pc_thunk.ax
 .text          0x00000000001004b1       0x7b binaries/chprio.o
                0x00000000001004b1                chprio
 .text          0x000000000010052c       0x8f binaries/clkhandler.o
                0x000000000010052c                clkhandler
 .text          0x00000000001005bb       0x6e binaries/clkinit.o
                0x00000000001005bb                clkinit
 .text          0x0000000000100629       0x5c binaries/close.o
                0x0000000000100629                close
 .text          0x0000000000100685        0x0 binaries/conf.o
 .text          0x0000000000100685       0x65 binaries/control.o
                0x0000000000100685                control
 .text          0x00000000001006ea      0x22b binaries/create.o
                0x00000000001006ea                create
 .text          0x0000000000100915      0x23b binaries/early_imr.o
                0x0000000000100915                intel_cln_early_sb_read_reg
                0x000000000010097c                intel_cln_early_sb_write_reg
                0x0000000000100a3b                remove_irm_protections
 .text          0x0000000000100b50      0x367 binaries/evec.o
                0x0000000000100b50                setirmask
                0x0000000000100ba1                set_evec
                0x0000000000100c15                initevec
                0x0000000000100cf6                trap
 .text          0x0000000000100eb7       0x91 binaries/freebuf.o
                0x0000000000100eb7                freebuf
 .text          0x0000000000100f48      0x123 binaries/freemem.o
                0x0000000000100f48                freemem
 .text          0x000000000010106b       0x75 binaries/getbuf.o
                0x000000000010106b                getbuf
 .text          0x00000000001010e0       0x5c binaries/getc.o
                0x00000000001010e0                getc
 .text          0x000000000010113c       0x79 binaries/getdev.o
                0x000000000010113c                getdev
 .text          0x00000000001011b5       0x96 binaries/getitem.o
                0x00000000001011b5                getitem
                0x00000000001011e8                getfirst
                0x0000000000101218                getlast
 .text.__x86.get_pc_thunk.dx
                0x000000000010124b        0x4 binaries/getitem.o
                0x000000000010124b                __x86.get_pc_thunk.dx
 .text          0x000000000010124f       0xce binaries/getmem.o
                0x000000000010124f                getmem
 .text          0x000000000010131d       0x13 binaries/getpid.o
                0x000000000010131d                getpid
 .text          0x0000000000101330       0x68 binaries/getprio.o
                0x0000000000101330                getprio
 .text          0x0000000000101398       0xc0 binaries/getstk.o
                0x0000000000101398                getstk
 .text          0x0000000000101458       0x41 binaries/gettime.o
                0x0000000000101458                gettime
 .text          0x0000000000101499      0x1cf binaries/getutime.o
                0x0000000000101499                getutime
 .text          0x0000000000101668       0x5c binaries/init.o
                0x0000000000101668                init
 .text          0x00000000001016c4      0x286 binaries/initialize.o
                0x00000000001016c4                nulluser
                0x00000000001018f5                stop
                0x0000000000101927                delay
 .text          0x000000000010194a       0x95 binaries/insert.o
                0x000000000010194a                insert
 .text.__x86.get_pc_thunk.di
                0x00000000001019df        0x4 binaries/insert.o
                0x00000000001019df                __x86.get_pc_thunk.di
 .text          0x00000000001019e3       0xf4 binaries/insertd.o
                0x00000000001019e3                insertd
 .text          0x0000000000101ad7        0x6 binaries/ioerr.o
                0x0000000000101ad7                ioerr
 .text          0x0000000000101add        0x6 binaries/ionull.o
                0x0000000000101add                ionull
 .text          0x0000000000101ae3      0x17b binaries/kill.o
                0x0000000000101ae3                kill
 .text          0x0000000000101c5e       0xe2 binaries/kprintf.o
                0x0000000000101c5e                kputc
                0x0000000000101c9c                console_init
                0x0000000000101ce0                kgetc
                0x0000000000101d0f                kprintf
 .text          0x0000000000101d40      0x2fc binaries/main.o
                0x0000000000101d40                receiver
                0x0000000000101d7d                sender
                0x0000000000101ddf                sender_no_blk
                0x0000000000101e2d                receiver_callback
                0x0000000000101e63                main
 .text          0x000000000010203c       0xb3 binaries/mark.o
                0x000000000010203c                markinit
                0x000000000010206b                mark
 .text          0x00000000001020ef      0x22c binaries/meminit.o
                0x00000000001020ef                meminit
                0x0000000000102295                setsegs
 .text          0x000000000010231b      0x14a binaries/mkbufpool.o
                0x000000000010231b                mkbufpool
 .text          0x0000000000102465       0x5e binaries/newqueue.o
                0x0000000000102465                newqueue
 .text.__x86.get_pc_thunk.cx
                0x00000000001024c3        0x4 binaries/newqueue.o
                0x00000000001024c3                __x86.get_pc_thunk.cx
 .text          0x00000000001024c7       0x64 binaries/open.o
                0x00000000001024c7                open
 .text          0x000000000010252b       0x2c binaries/panic.o
                0x000000000010252b                panic
 .text          0x0000000000102557      0x280 binaries/pci.o
                0x0000000000102557                pci_init
                0x000000000010255d                find_pci_device
                0x000000000010261f                pci_read_config_byte
                0x000000000010265c                pci_read_config_word
                0x000000000010269b                pci_read_config_dword
                0x00000000001026d8                pci_write_config_byte
                0x0000000000102713                pci_write_config_word
                0x000000000010274f                pci_write_config_dword
                0x000000000010278a                pci_get_dev_mmio_base_addr
 .text          0x00000000001027d7       0x68 binaries/platinit.o
                0x00000000001027d7                platinit
 .text          0x000000000010283f       0xab binaries/ptclear.o
                0x000000000010283f                _ptclear
 .text          0x00000000001028ea       0x9f binaries/ptcount.o
                0x00000000001028ea                ptcount
 .text          0x0000000000102989       0xf4 binaries/ptcreate.o
                0x0000000000102989                ptcreate
 .text          0x0000000000102a7d       0x70 binaries/ptdelete.o
                0x0000000000102a7d                ptdelete
 .text          0x0000000000102aed       0xa0 binaries/ptinit.o
                0x0000000000102aed                ptinit
 .text          0x0000000000102b8d      0x123 binaries/ptrecv.o
                0x0000000000102b8d                ptrecv
 .text          0x0000000000102cb0       0x68 binaries/ptreset.o
                0x0000000000102cb0                ptreset
 .text          0x0000000000102d18      0x15c binaries/ptsend.o
                0x0000000000102d18                ptsend
 .text          0x0000000000102e74       0x6e binaries/putc.o
                0x0000000000102e74                putc
 .text          0x0000000000102ee2       0xc3 binaries/quark_irq.o
                0x0000000000102ee2                quark_irq_routing
 .text          0x0000000000102fa5      0x1bb binaries/quark_pdat.o
                0x0000000000102fa5                get_quark_pdat_entry_data_by_id
                0x000000000010307e                get_quark_pdat_entry_data_by_desc
 .text          0x0000000000103160       0xc3 binaries/queue.o
                0x0000000000103160                enqueue
                0x00000000001031c8                dequeue
 .text          0x0000000000103223       0x64 binaries/read.o
                0x0000000000103223                read
 .text          0x0000000000103287       0x73 binaries/ready.o
                0x0000000000103287                ready
 .text          0x00000000001032fa      0x135 binaries/receive.o
                0x00000000001032fa                receive
 .text          0x000000000010342f       0x61 binaries/recvclr.o
                0x000000000010342f                recvclr
 .text          0x0000000000103490       0xc7 binaries/recvtime.o
                0x0000000000103490                recvtime
 .text          0x0000000000103557      0x16b binaries/resched.o
                0x0000000000103557                resched
                0x0000000000103635                resched_cntl
 .text          0x00000000001036c2       0x8f binaries/resume.o
                0x00000000001036c2                resume
 .text          0x0000000000103751       0x60 binaries/seek.o
                0x0000000000103751                seek
 .text          0x00000000001037b1       0x65 binaries/semcount.o
                0x00000000001037b1                semcount
 .text          0x0000000000103816       0xb5 binaries/semcreate.o
                0x0000000000103816                semcreate
 .text          0x00000000001038cb       0xe0 binaries/semdelete.o
                0x00000000001038cb                semdelete
 .text          0x00000000001039ab       0xc0 binaries/semreset.o
                0x00000000001039ab                semreset
 .text          0x0000000000103a6b       0xfe binaries/sendblk.o
                0x0000000000103a6b                sendblk
 .text          0x0000000000103b69       0xc5 binaries/send.o
                0x0000000000103b69                send
 .text          0x0000000000103c2e       0xa9 binaries/signal.o
                0x0000000000103c2e                signal
 .text          0x0000000000103cd7       0xe9 binaries/signaln.o
                0x0000000000103cd7                signaln
 .text          0x0000000000103dc0       0xd4 binaries/sleep.o
                0x0000000000103dc0                sleepms
                0x0000000000103e5e                sleep
 .text          0x0000000000103e94       0xc2 binaries/suspend.o
                0x0000000000103e94                suspend
 .text          0x0000000000103f56       0x9c binaries/unsleep.o
                0x0000000000103f56                unsleep
 .text          0x0000000000103ff2       0x22 binaries/userret.o
                0x0000000000103ff2                userret
 .text          0x0000000000104014       0xc3 binaries/wait.o
                0x0000000000104014                wait
 .text          0x00000000001040d7       0x88 binaries/wakeup.o
                0x00000000001040d7                wakeup
 .text          0x000000000010415f       0x64 binaries/write.o
                0x000000000010415f                write
 .text          0x00000000001041c3       0x25 binaries/xdone.o
                0x00000000001041c3                xdone
 .text          0x00000000001041e8       0x30 binaries/yield.o
                0x00000000001041e8                yield
 .text          0x0000000000104218        0xe binaries/abs.o
                0x0000000000104218                abs
 .text          0x0000000000104226       0x60 binaries/atoi.o
                0x0000000000104226                atoi
 .text          0x0000000000104286       0x60 binaries/atol.o
                0x0000000000104286                atol
 .text          0x00000000001042e6       0x18 binaries/bzero.o
                0x00000000001042e6                bzero
 .text          0x00000000001042fe        0x0 binaries/ctype_.o
 .text          0x00000000001042fe      0x83f binaries/doprnt.o
                0x0000000000104474                _doprnt
 .text.__x86.get_pc_thunk.si
                0x0000000000104b3d        0x4 binaries/doprnt.o
                0x0000000000104b3d                __x86.get_pc_thunk.si
 .text          0x0000000000104b41      0x776 binaries/doscan.o
                0x0000000000104b41                _doscan
 .text          0x00000000001052b7      0x7a9 binaries/fdoprnt.o
                0x000000000010533d                _fdoprnt
 .text          0x0000000000105a60       0x2b binaries/fgetc.o
                0x0000000000105a60                fgetc
 .text          0x0000000000105a8b       0x68 binaries/fgets.o
                0x0000000000105a8b                fgets
 .text          0x0000000000105af3       0x31 binaries/fprintf.o
                0x0000000000105af3                fprintf
 .text          0x0000000000105b24       0x36 binaries/fputc.o
                0x0000000000105b24                fputc
 .text          0x0000000000105b5a       0x45 binaries/fputs.o
                0x0000000000105b5a                fputs
 .text          0x0000000000105b9f       0x88 binaries/fscanf.o
                0x0000000000105be6                fscanf
 .text          0x0000000000105c27       0x32 binaries/getchar.o
                0x0000000000105c27                getchar
 .text          0x0000000000105c59        0xe binaries/labs.o
                0x0000000000105c59                labs
 .text          0x0000000000105c67       0x34 binaries/memchr.o
                0x0000000000105c67                memchr
 .text          0x0000000000105c9b       0x47 binaries/memcmp.o
                0x0000000000105c9b                memcmp
 .text          0x0000000000105ce2       0x25 binaries/memcpy.o
                0x0000000000105ce2                memcpy
 .text          0x0000000000105d07       0x1e binaries/memset.o
                0x0000000000105d07                memset
 .text          0x0000000000105d25       0x46 binaries/printf.o
                0x0000000000105d25                printf
 .text          0x0000000000105d6b       0x36 binaries/putchar.o
                0x0000000000105d6b                putchar
 .text          0x0000000000105da1      0x22b binaries/qsort.o
                0x0000000000105f94                qsort
 .text.__x86.get_pc_thunk.bp
                0x0000000000105fcc        0x4 binaries/qsort.o
                0x0000000000105fcc                __x86.get_pc_thunk.bp
 .text          0x0000000000105fd0       0x3e binaries/rand.o
                0x0000000000105fd0                srand
                0x0000000000105fe5                rand
 .text          0x000000000010600e       0x58 binaries/sprintf.o
                0x0000000000106025                sprintf
 .text          0x0000000000106066       0x68 binaries/sscanf.o
                0x000000000010608f                sscanf
 .text          0x00000000001060ce       0x2f binaries/strchr.o
                0x00000000001060ce                strchr
 .text          0x00000000001060fd       0x41 binaries/strcmp.o
                0x00000000001060fd                strcmp
 .text          0x000000000010613e       0x1a binaries/strcpy.o
                0x000000000010613e                strcpy
 .text          0x0000000000106158       0x1c binaries/strlen.o
                0x0000000000106158                strlen
 .text          0x0000000000106174       0x3a binaries/strncat.o
                0x0000000000106174                strncat
 .text          0x00000000001061ae       0x36 binaries/strncmp.o
                0x00000000001061ae                strncmp
 .text          0x00000000001061e4       0x57 binaries/strncpy.o
                0x00000000001061e4                strncpy
 .text          0x000000000010623b       0x2e binaries/strnlen.o
                0x000000000010623b                strnlen
 .text          0x0000000000106269       0x34 binaries/strrchr.o
                0x0000000000106269                strrchr
 .text          0x000000000010629d       0x75 binaries/strstr.o
                0x000000000010629d                strstr
 .text          0x0000000000106312      0x164 binaries/ttycontrol.o
                0x0000000000106312                ttycontrol
 .text          0x0000000000106476       0xda binaries/ttygetc.o
                0x0000000000106476                ttygetc
 .text          0x0000000000106550      0x4f5 binaries/ttyhandle_in.o
                0x0000000000106610                ttyhandle_in
 .text          0x0000000000106a45      0x181 binaries/ttyhandle_out.o
                0x0000000000106a45                ttyhandle_out
 .text          0x0000000000106bc6       0x93 binaries/ttyhandler.o
                0x0000000000106bc6                ttyhandler
 .text          0x0000000000106c59      0x17a binaries/ttyinit.o
                0x0000000000106c59                ttyinit
 .text          0x0000000000106dd3        0xc binaries/ttykickout.o
                0x0000000000106dd3                ttykickout
 .text          0x0000000000106ddf       0xf0 binaries/ttyputc.o
                0x0000000000106ddf                ttyputc
 .text          0x0000000000106ecf      0x143 binaries/ttyread.o
                0x0000000000106ecf                ttyread
 .text          0x0000000000107012       0x59 binaries/ttywrite.o
                0x0000000000107012                ttywrite
 .text          0x000000000010706b      0x152 binaries/mount.o
                0x000000000010706b                namlen
                0x00000000001070a1                mount
 .text          0x00000000001071bd      0x1f2 binaries/naminit.o
                0x00000000001071bd                naminit
 .text          0x00000000001073af      0x231 binaries/nammap.o
                0x00000000001073af                namrepl
                0x00000000001074ec                namcpy
                0x0000000000107537                nammap
 .text          0x00000000001075e0       0x5b binaries/namopen.o
                0x00000000001075e0                namopen
 .text          0x000000000010763b       0xfc binaries/colon2mac.o
                0x000000000010763b                colon2mac
 .text          0x0000000000107737       0x8d binaries/ethcontrol.o
                0x0000000000107737                ethcontrol
 .text          0x00000000001077c4      0x1bc binaries/ethhandler.o
                0x00000000001077c4                ethhandler
 .text          0x0000000000107980      0x573 binaries/ethinit.o
                0x0000000000107980                eth_phy_read
                0x00000000001079bb                eth_phy_write
                0x00000000001079f9                eth_phy_reset
                0x0000000000107ace                ethinit
 .text          0x0000000000107ef3      0x10d binaries/ethmcast.o
                0x0000000000107ef3                ethmcast_add
                0x0000000000107f47                ethmcast_remove
 .text          0x0000000000108000      0x1d8 binaries/ethread.o
                0x0000000000108000                ethread
 .text          0x00000000001081d8       0xdf binaries/ethwrite.o
                0x00000000001081d8                ethwrite
 .text          0x00000000001082b7       0x73 binaries/rdsbufalloc.o
                0x00000000001082b7                rdsbufalloc
 .text          0x000000000010832a       0xb7 binaries/rdsclose.o
                0x000000000010832a                rdsclose
 .text          0x00000000001083e1      0x22d binaries/rdscomm.o
                0x00000000001083e1                rdscomm
 .text          0x000000000010860e      0x1d8 binaries/rdscontrol.o
                0x000000000010860e                rdscontrol
 .text          0x00000000001087e6      0x201 binaries/rdsinit.o
                0x00000000001087e6                rdsinit
 .text          0x00000000001089e7      0x1a4 binaries/rdsopen.o
                0x00000000001089e7                rdsopen
 .text          0x0000000000108b8b      0x2e5 binaries/rdsprocess.o
                0x0000000000108b8b                rdsprocess
 .text          0x0000000000108e70      0x209 binaries/rdsread.o
                0x0000000000108e70                rdsread
 .text          0x0000000000109079      0x1b3 binaries/rdswrite.o
                0x0000000000109079                rdswrite
 .text          0x000000000010922c        0x6 binaries/ramclose.o
                0x000000000010922c                ramclose
 .text          0x0000000000109232       0x42 binaries/raminit.o
                0x0000000000109232                raminit
 .text          0x0000000000109274        0x7 binaries/ramopen.o
                0x0000000000109274                ramopen
 .text          0x000000000010927b       0x35 binaries/ramread.o
                0x000000000010927b                ramread
 .text          0x00000000001092b0       0x35 binaries/ramwrite.o
                0x00000000001092b0                ramwrite
 .text          0x00000000001092e5       0xa3 binaries/lfdballoc.o
                0x00000000001092e5                lfdballoc
 .text          0x0000000000109388       0x5c binaries/lfdbfree.o
                0x0000000000109388                lfdbfree
 .text          0x00000000001093e4       0xb5 binaries/lfflush.o
                0x00000000001093e4                lfflush
 .text          0x0000000000109499       0x74 binaries/lfgetmode.o
                0x0000000000109499                lfgetmode
 .text          0x000000000010950d       0x70 binaries/lfiballoc.o
                0x000000000010950d                lfiballoc
 .text          0x000000000010957d       0x25 binaries/lfibclear.o
                0x000000000010957d                lfibclear
 .text          0x00000000001095a2       0x8f binaries/lfibget.o
                0x00000000001095a2                lfibget
 .text          0x0000000000109631       0xa8 binaries/lfibput.o
                0x0000000000109631                lfibput
 .text          0x00000000001096d9       0xc1 binaries/lflclose.o
                0x00000000001096d9                lflclose
 .text          0x000000000010979a       0xdb binaries/lflcontrol.o
                0x000000000010979a                lflcontrol
 .text          0x0000000000109875      0x118 binaries/lflgetc.o
                0x0000000000109875                lflgetc
 .text          0x000000000010998d       0xf6 binaries/lflinit.o
                0x000000000010998d                lflinit
 .text          0x0000000000109a83      0x150 binaries/lflputc.o
                0x0000000000109a83                lflputc
 .text          0x0000000000109bd3       0x77 binaries/lflread.o
                0x0000000000109bd3                lflread
 .text          0x0000000000109c4a       0xda binaries/lflseek.o
                0x0000000000109c4a                lflseek
 .text          0x0000000000109d24       0x65 binaries/lflwrite.o
                0x0000000000109d24                lflwrite
 .text          0x0000000000109d89      0x14f binaries/lfsckfmt.o
                0x0000000000109d89                lfsckfmt
 .text          0x0000000000109ed8      0x1d3 binaries/lfscreate.o
                0x0000000000109ed8                lfscreate
 .text          0x000000000010a0ab      0x1f7 binaries/lfsetup.o
                0x000000000010a0ab                lfsetup
 .text          0x000000000010a2a2       0x52 binaries/lfsinit.o
                0x000000000010a2a2                lfsinit
 .text          0x000000000010a2f4      0x33f binaries/lfsopen.o
                0x000000000010a2f4                lfsopen
 .text          0x000000000010a633      0x151 binaries/lftruncate.o
                0x000000000010a633                lftruncate
 .text          0x000000000010a784       0x83 binaries/rflclose.o
                0x000000000010a784                rflclose
 .text          0x000000000010a807       0x38 binaries/rflgetc.o
                0x000000000010a807                rflgetc
 .text          0x000000000010a83f       0x80 binaries/rflinit.o
                0x000000000010a83f                rflinit
 .text          0x000000000010a8bf       0x3b binaries/rflputc.o
                0x000000000010a8bf                rflputc
 .text          0x000000000010a8fa      0x33b binaries/rflread.o
                0x000000000010a8fa                rflread
 .text          0x000000000010ac35       0x87 binaries/rflseek.o
                0x000000000010ac35                rflseek
 .text          0x000000000010acbc      0x360 binaries/rflwrite.o
                0x000000000010acbc                rflwrite
 .text          0x000000000010b01c      0x1a6 binaries/rfscomm.o
                0x000000000010b01c                rfscomm
 .text          0x000000000010b1c2      0x27f binaries/rfscontrol.o
                0x000000000010b1c2                rfscontrol
 .text          0x000000000010b441       0x74 binaries/rfsgetmode.o
                0x000000000010b441                rfsgetmode
 .text          0x000000000010b4b5       0x98 binaries/rfsinit.o
                0x000000000010b4b5                rfsinit
 .text          0x000000000010b54d       0xca binaries/rfsndmsg.o
                0x000000000010b54d                rfsndmsg
 .text          0x000000000010b617      0x286 binaries/rfsopen.o
                0x000000000010b617                rfsopen
 .text          0x000000000010b89d      0x6c0 binaries/arp.o
                0x000000000010b89d                arp_init
                0x000000000010b8c4                arp_alloc
                0x000000000010b975                arp_ntoh
                0x000000000010b9df                arp_hton
                0x000000000010ba49                arp_resolve
                0x000000000010bcee                arp_in
 .text          0x000000000010bf5d      0x5ea binaries/dhcp.o
                0x000000000010bf5d                dhcp_get_opt_val
                0x000000000010bfae                dhcp_bld_bootp_msg
                0x000000000010c08c                dhcp_bld_disc
                0x000000000010c0dc                dhcp_bld_req
                0x000000000010c182                getlocalip
 .text          0x000000000010c547       0xc6 binaries/dot2ip.o
                0x000000000010c547                dot2ip
 .text          0x000000000010c60d      0x3cf binaries/hexdump.o
                0x000000000010c60d                hexdump
                0x000000000010c79f                hexadump
 .text          0x000000000010c9dc      0x778 binaries/icmp.o
                0x000000000010c9dc                icmp_init
                0x000000000010ca00                icmp_register
                0x000000000010cab4                icmp_recv
                0x000000000010cc6f                icmp_mkpkt
                0x000000000010cd66                icmp_in
                0x000000000010cf0c                icmp_send
                0x000000000010cf8f                icmp_release
                0x000000000010d0d2                icmp_cksum
                0x000000000010d12c                icmp_hton
                0x000000000010d140                icmp_ntoh
 .text          0x000000000010d154      0x648 binaries/ip.o
                0x000000000010d154                ip_local
                0x000000000010d1a1                ipcksum
                0x000000000010d1ef                ip_ntoh
                0x000000000010d259                ip_in
                0x000000000010d3a2                ip_hton
                0x000000000010d40c                ip_out
                0x000000000010d4cc                ip_send
                0x000000000010d5f6                ipout
                0x000000000010d6f9                ip_enqueue
 .text          0x000000000010d79c      0x1cc binaries/net.o
                0x000000000010d79c                net_init
                0x000000000010d8aa                eth_hton
                0x000000000010d8b4                eth_ntoh
                0x000000000010d8be                netin
 .text          0x000000000010d968       0xd9 binaries/netstart.o
                0x000000000010d968                netstart
 .text          0x000000000010da41      0xae9 binaries/pdump.o
                0x000000000010da41                pdump
                0x000000000010e07e                pdumph
 .text          0x000000000010e52a      0x5ff binaries/tftp.o
                0x000000000010e52a                tftp_send1
                0x000000000010e64c                tftpget_mb
                0x000000000010eb02                tftpget
 .text          0x000000000010eb29      0xa9c binaries/udp.o
                0x000000000010eb29                udp_init
                0x000000000010eb6c                udp_in
                0x000000000010ec88                udp_register
                0x000000000010eda3                udp_recv
                0x000000000010ef48                udp_recvaddr
                0x000000000010f101                udp_send
                0x000000000010f2ce                udp_sendto
                0x000000000010f45a                udp_release
                0x000000000010f59d                udp_ntoh
                0x000000000010f5b1                udp_hton
 .text          0x000000000010f5c5      0x138 binaries/addargs.o
                0x000000000010f5c5                addargs
 .text          0x000000000010f6fd      0x234 binaries/lexan.o
                0x000000000010f6fd                lexan
 .text          0x000000000010f931      0x63f binaries/shell.o
                0x000000000010f931                shell
 .text          0x000000000010ff70       0x6e binaries/xsh_argecho.o
                0x000000000010ff70                xsh_argecho
 .text          0x000000000010ffde      0x244 binaries/xsh_arp.o
                0x000000000010ffde                xsh_arp
 .text          0x0000000000110222      0x24d binaries/xsh_cat.o
                0x0000000000110222                xsh_cat
 .text          0x000000000011046f       0x6a binaries/xsh_clear.o
                0x000000000011046f                xsh_clear
 .text          0x00000000001104d9      0x2ad binaries/xsh_date.o
                0x00000000001104d9                xsh_date
 .text          0x0000000000110786       0xa4 binaries/xsh_devdump.o
                0x0000000000110786                xsh_devdump
 .text          0x000000000011082a       0x77 binaries/xsh_echo.o
                0x000000000011082a                xsh_echo
 .text          0x00000000001108a1        0x6 binaries/xsh_exit.o
                0x00000000001108a1                xsh_exit
 .text          0x00000000001108a7      0x378 binaries/xsh_help.o
                0x00000000001108a7                xsh_help
 .text          0x0000000000110c1f      0x37a binaries/xsh_ipaddr.o
                0x0000000000110c1f                xsh_ipaddr
 .text          0x0000000000110f99      0x1f0 binaries/xsh_kill.o
                0x0000000000110f99                xsh_kill
 .text          0x0000000000111189      0x424 binaries/xsh_memdump.o
                0x0000000000111233                xsh_memdump
 .text          0x00000000001115ad      0x21b binaries/xsh_memstat.o
                0x00000000001115ad                xsh_memstat
 .text          0x00000000001117c8      0x2f9 binaries/xsh_ping.o
                0x00000000001117c8                xsh_ping
 .text          0x0000000000111ac1      0x1d0 binaries/xsh_ps.o
                0x0000000000111ac1                xsh_ps
 .text          0x0000000000111c91      0x1cb binaries/xsh_sleep.o
                0x0000000000111c91                xsh_sleep
 .text          0x0000000000111e5c      0x211 binaries/xsh_udpdump.o
                0x0000000000111e5c                xsh_udpdump
 .text          0x000000000011206d      0x44f binaries/xsh_udpecho.o
                0x000000000011206d                xsh_udpecho
 .text          0x00000000001124bc      0x294 binaries/xsh_udpeserver.o
                0x00000000001124bc                xsh_udpeserver
 .text          0x0000000000112750      0x1ec binaries/xsh_uptime.o
                0x0000000000112750                xsh_uptime
 .text          0x000000000011293c        0xe binaries/clkdisp.o
                0x000000000011293c                clkdisp
 .text          0x000000000011294a       0x19 binaries/ctxsw.o
                0x000000000011294a                ctxsw
 .text          0x0000000000112963      0x368 binaries/intr.o
                0x0000000000112963                disable
                0x000000000011296c                restore
                0x000000000011297a                enable
                0x000000000011297c                pause
                0x0000000000112983                halt
                0x0000000000112986                spurious_irq7
                0x000000000011298b                spurious_irq15
                0x000000000011299a                _Xint0
                0x00000000001129a5                _Xint1
                0x00000000001129b0                _Xint2
                0x00000000001129bb                _Xint3
                0x00000000001129c6                _Xint4
                0x00000000001129d1                _Xint5
                0x00000000001129dc                _Xint6
                0x00000000001129e7                _Xint7
                0x00000000001129f2                _Xint8
                0x00000000001129fd                _Xint9
                0x0000000000112a08                _Xint10
                0x0000000000112a13                _Xint11
                0x0000000000112a21                _Xint12
                0x0000000000112a2f                _Xint13
                0x0000000000112a3d                _Xint14
                0x0000000000112a4b                _Xint15
                0x0000000000112a59                _Xint16
                0x0000000000112a67                _Xint17
                0x0000000000112a75                _Xint18
                0x0000000000112a83                _Xint19
                0x0000000000112a91                _Xint20
                0x0000000000112a9f                _Xint21
                0x0000000000112aad                _Xint22
                0x0000000000112abb                _Xint23
                0x0000000000112ac9                _Xint24
                0x0000000000112ad7                _Xint25
                0x0000000000112ae5                _Xint26
                0x0000000000112af3                _Xint27
                0x0000000000112b01                _Xint28
                0x0000000000112b0f                _Xint29
                0x0000000000112b1d                _Xint30
                0x0000000000112b2b                _Xint31
                0x0000000000112b39                _Xint32
                0x0000000000112b47                _Xint33
                0x0000000000112b55                _Xint34
                0x0000000000112b63                _Xint35
                0x0000000000112b71                _Xint36
                0x0000000000112b7f                _Xint37
                0x0000000000112b8d                _Xint38
                0x0000000000112b9b                _Xint39
                0x0000000000112ba9                _Xint40
                0x0000000000112bb7                _Xint41
                0x0000000000112bc5                _Xint42
                0x0000000000112bd3                _Xint43
                0x0000000000112be1                _Xint44
                0x0000000000112bef                _Xint45
                0x0000000000112bfd                _Xint46
                0x0000000000112c0b                defevec
 .text          0x0000000000112ccb        0xf binaries/ttydispatch.o
                0x0000000000112ccb                ttydispatch
 .text          0x0000000000112cda       0x13 binaries/ethdispatch.o
                0x0000000000112cda                ethdispatch
 *(.rodata .rodata.*)
 .rodata.str1.1
                0x0000000000112ced       0x54 binaries/ascdate.o
 *fill*         0x0000000000112d41        0x3 
 .rodata.str1.4
                0x0000000000112d44       0x22 binaries/ascdate.o
 .rodata.str1.1
                0x0000000000112d66       0x5f binaries/conf.o
 *fill*         0x0000000000112dc5        0x3 
 .rodata.str1.4
                0x0000000000112dc8       0x4f binaries/early_imr.o
 *fill*         0x0000000000112e17        0x1 
 .rodata        0x0000000000112e18       0x33 binaries/early_imr.o
 .rodata.str1.1
                0x0000000000112e4b      0x20c binaries/evec.o
 *fill*         0x0000000000113057        0x1 
 .rodata.str1.4
                0x0000000000113058       0x23 binaries/evec.o
 .rodata.str1.1
                0x000000000011307b        0xb binaries/getutime.o
 *fill*         0x0000000000113086        0x2 
 .rodata.str1.4
                0x0000000000113088       0x54 binaries/getutime.o
 .rodata.str1.1
                0x00000000001130dc       0x63 binaries/initialize.o
                                         0x67 (size before relaxing)
 *fill*         0x000000000011313f        0x1 
 .rodata.str1.4
                0x0000000000113140       0xd0 binaries/initialize.o
 .rodata        0x0000000000113210       0x20 binaries/kill.o
 .rodata.str1.4
                0x0000000000113230       0x4c binaries/main.o
 .rodata.str1.1
                0x000000000011327c       0xb8 binaries/main.o
 .rodata.str1.4
                0x0000000000113334       0x23 binaries/meminit.o
 .rodata.str1.1
                0x0000000000113357       0x1b binaries/meminit.o
 .rodata.str1.1
                0x0000000000113372        0xf binaries/panic.o
 .rodata.str1.1
                0x0000000000113381       0x1c binaries/ptinit.o
 *fill*         0x000000000011339d        0x3 
 .rodata.str1.4
                0x00000000001133a0       0x25 binaries/ptsend.o
 .rodata.str1.1
                0x00000000001133c5       0x22 binaries/quark_pdat.o
 *fill*         0x00000000001133e7        0x1 
 .rodata.str1.4
                0x00000000001133e8       0x27 binaries/xdone.o
 *fill*         0x000000000011340f       0x11 
 .rodata        0x0000000000113420       0x81 binaries/ctype_.o
                0x0000000000113420                _ctype_
 .rodata.str1.1
                0x00000000001134a1       0x29 binaries/doprnt.o
 *fill*         0x00000000001134ca        0x2 
 .rodata        0x00000000001134cc       0xc4 binaries/doprnt.o
 .rodata        0x0000000000113590       0x98 binaries/doscan.o
 .rodata.str1.1
                0x0000000000113628       0x29 binaries/fdoprnt.o
 .rodata        0x0000000000113628       0x84 binaries/fdoprnt.o
 .rodata        0x00000000001136ac       0x20 binaries/ttycontrol.o
 .rodata.str1.4
                0x00000000001136cc       0x4c binaries/naminit.o
 .rodata.str1.1
                0x0000000000113718       0x32 binaries/naminit.o
                                         0x35 (size before relaxing)
 .rodata.str1.1
                0x000000000011374a       0x15 binaries/ethinit.o
 *fill*         0x000000000011375f        0x1 
 .rodata.str1.4
                0x0000000000113760       0x2e binaries/ethinit.o
 *fill*         0x000000000011378e        0x2 
 .rodata.str1.4
                0x0000000000113790       0x2c binaries/rdsbufalloc.o
 .rodata.str1.4
                0x00000000001137bc       0x76 binaries/rdscomm.o
 *fill*         0x0000000000113832        0x2 
 .rodata.str1.4
                0x0000000000113834       0x48 binaries/rdscontrol.o
 .rodata.str1.4
                0x000000000011387c       0x7e binaries/rdsinit.o
 .rodata.str1.1
                0x00000000001138fa       0x18 binaries/rdsinit.o
 *fill*         0x0000000000113912        0x2 
 .rodata.str1.4
                0x0000000000113914       0x22 binaries/rdsopen.o
 *fill*         0x0000000000113936        0x2 
 .rodata.str1.4
                0x0000000000113938       0x4d binaries/rdsprocess.o
 .rodata.str1.1
                0x0000000000113985        0x9 binaries/raminit.o
 .rodata.str1.1
                0x000000000011398e       0x13 binaries/lfdballoc.o
 *fill*         0x00000000001139a1        0x3 
 .rodata.str1.4
                0x00000000001139a4       0x23 binaries/lfdballoc.o
 .rodata.str1.1
                0x00000000001139c7       0x14 binaries/lfiballoc.o
 *fill*         0x00000000001139db        0x1 
 .rodata.str1.4
                0x00000000001139dc       0x23 binaries/lflcontrol.o
 .rodata.str1.1
                0x00000000001139ff       0x64 binaries/lfsckfmt.o
 *fill*         0x0000000000113a63        0x1 
 .rodata.str1.4
                0x0000000000113a64       0x51 binaries/lfsckfmt.o
 *fill*         0x0000000000113ab5        0x3 
 .rodata.str1.4
                0x0000000000113ab8       0x21 binaries/rflread.o
 .rodata.str1.4
                0x0000000000113ad9       0x21 binaries/rflwrite.o
 *fill*         0x0000000000113ad9        0x3 
 .rodata.str1.4
                0x0000000000113adc       0x75 binaries/rfscomm.o
 *fill*         0x0000000000113b51        0x3 
 .rodata.str1.4
                0x0000000000113b54       0x23 binaries/rfscontrol.o
 *fill*         0x0000000000113b77        0x1 
 .rodata        0x0000000000113b78       0x18 binaries/rfscontrol.o
 .rodata.str1.1
                0x0000000000113b90       0x10 binaries/rfsinit.o
 .rodata.str1.4
                0x0000000000113b90       0x57 binaries/rfsinit.o
 *fill*         0x0000000000113be7        0x1 
 .rodata.str1.4
                0x0000000000113be8       0x2a binaries/rfsndmsg.o
 .rodata.str1.4
                0x0000000000113c12       0x22 binaries/rfsopen.o
 .rodata.str1.1
                0x0000000000113c12       0x19 binaries/arp.o
 *fill*         0x0000000000113c2b        0x1 
 .rodata.str1.4
                0x0000000000113c2c       0x21 binaries/arp.o
 *fill*         0x0000000000113c4d        0x3 
 .rodata.str1.4
                0x0000000000113c50       0xa6 binaries/dhcp.o
 .rodata.str1.1
                0x0000000000113cf6       0x4a binaries/dhcp.o
 .rodata.str1.1
                0x0000000000113d40       0x5a binaries/hexdump.o
                                         0x61 (size before relaxing)
 *fill*         0x0000000000113d9a        0x2 
 .rodata.str1.4
                0x0000000000113d9c       0x67 binaries/hexdump.o
 *fill*         0x0000000000113e03        0x1 
 .rodata.str1.4
                0x0000000000113e04       0x29 binaries/icmp.o
 .rodata.str1.1
                0x0000000000113e2d       0x4e binaries/ip.o
 *fill*         0x0000000000113e7b        0x1 
 .rodata.str1.4
                0x0000000000113e7c       0x20 binaries/ip.o
 .rodata.str1.4
                0x0000000000113e9c       0x28 binaries/net.o
 .rodata.str1.1
                0x0000000000113ec4       0x27 binaries/net.o
 *fill*         0x0000000000113eeb        0x1 
 .rodata.str1.4
                0x0000000000113eec       0xcf binaries/netstart.o
 .rodata.str1.1
                0x0000000000113fbb      0x141 binaries/pdump.o
                                        0x14b (size before relaxing)
 .rodata.str1.4
                0x00000000001140fc      0x126 binaries/pdump.o
 *fill*         0x0000000000114222        0x2 
 .rodata.str1.4
                0x0000000000114224      0x148 binaries/tftp.o
 .rodata.str1.1
                0x000000000011436c        0x6 binaries/tftp.o
                                          0xa (size before relaxing)
 .rodata.str1.1
                0x0000000000114372       0xe3 binaries/shell.o
                                         0xff (size before relaxing)
 *fill*         0x0000000000114455        0x3 
 .rodata.str1.4
                0x0000000000114458      0x1c4 binaries/shell.o
 .rodata.str1.1
                0x000000000011461c       0x26 binaries/xsh_argecho.o
                                         0x28 (size before relaxing)
 .rodata.str1.1
                0x0000000000114642       0x70 binaries/xsh_arp.o
                                         0x72 (size before relaxing)
 *fill*         0x00000000001146b2        0x2 
 .rodata.str1.4
                0x00000000001146b4       0xb4 binaries/xsh_arp.o
 .rodata.str1.1
                0x0000000000114768       0x2d binaries/xsh_cat.o
                                         0x4f (size before relaxing)
 *fill*         0x0000000000114795        0x3 
 .rodata.str1.4
                0x0000000000114798       0x52 binaries/xsh_cat.o
                                         0x79 (size before relaxing)
 .rodata.str1.1
                0x00000000001147ea       0x15 binaries/xsh_clear.o
 .rodata.str1.1
                0x00000000001147ff       0x46 binaries/xsh_date.o
                                         0x5f (size before relaxing)
 *fill*         0x0000000000114845        0x3 
 .rodata.str1.4
                0x0000000000114848      0x163 binaries/xsh_date.o
 .rodata.str1.1
                0x00000000001149ab       0x5d binaries/xsh_devdump.o
 .rodata.str1.1
                0x0000000000114a08        0x4 binaries/xsh_echo.o
                                          0x9 (size before relaxing)
 .rodata.str1.1
                0x0000000000114a0c       0x65 binaries/xsh_help.o
                                         0xa3 (size before relaxing)
 *fill*         0x0000000000114a71        0x3 
 .rodata.str1.4
                0x0000000000114a74       0x7c binaries/xsh_help.o
                                         0xc6 (size before relaxing)
 .rodata.str1.1
                0x0000000000114af0       0x9c binaries/xsh_ipaddr.o
                                         0xf8 (size before relaxing)
 .rodata.str1.4
                0x0000000000114b8c       0x4d binaries/xsh_ipaddr.o
                                         0x99 (size before relaxing)
 .rodata.str1.1
                0x0000000000114bd9       0x78 binaries/xsh_kill.o
                                         0x97 (size before relaxing)
 *fill*         0x0000000000114c51        0x3 
 .rodata.str1.4
                0x0000000000114c54       0x4a binaries/xsh_kill.o
                                         0x96 (size before relaxing)
 .rodata.str1.1
                0x0000000000114c9e       0x84 binaries/xsh_memdump.o
                                         0xa8 (size before relaxing)
 *fill*         0x0000000000114d22        0x2 
 .rodata.str1.4
                0x0000000000114d24      0x15a binaries/xsh_memdump.o
                                        0x1aa (size before relaxing)
 .rodata.str1.1
                0x0000000000114e7e       0x40 binaries/xsh_memstat.o
                                         0x79 (size before relaxing)
 *fill*         0x0000000000114ebe        0x2 
 .rodata.str1.4
                0x0000000000114ec0      0x187 binaries/xsh_memstat.o
                                        0x1af (size before relaxing)
 .rodata.str1.1
                0x0000000000115047       0x90 binaries/xsh_ping.o
                                         0xaf (size before relaxing)
 *fill*         0x00000000001150d7        0x1 
 .rodata.str1.4
                0x00000000001150d8       0x77 binaries/xsh_ping.o
                                         0xc6 (size before relaxing)
 .rodata.str1.1
                0x000000000011514f       0x74 binaries/xsh_ps.o
                                         0xd5 (size before relaxing)
 *fill*         0x00000000001151c3        0x1 
 .rodata.str1.4
                0x00000000001151c4       0x80 binaries/xsh_ps.o
                                         0xd0 (size before relaxing)
 .rodata.str1.1
                0x0000000000115244       0x31 binaries/xsh_sleep.o
                                         0x72 (size before relaxing)
 *fill*         0x0000000000115275        0x3 
 .rodata.str1.4
                0x0000000000115278       0x2a binaries/xsh_sleep.o
                                         0x7a (size before relaxing)
 .rodata.str1.1
                0x00000000001152a2       0x6b binaries/xsh_udpdump.o
                                         0xd2 (size before relaxing)
 *fill*         0x000000000011530d        0x3 
 .rodata.str1.4
                0x0000000000115310       0x94 binaries/xsh_udpdump.o
                                         0xe4 (size before relaxing)
 .rodata.str1.1
                0x00000000001153a4       0xdb binaries/xsh_udpecho.o
                                         0xfa (size before relaxing)
 *fill*         0x000000000011547f        0x1 
 .rodata.str1.4
                0x0000000000115480       0xc7 binaries/xsh_udpecho.o
                                        0x116 (size before relaxing)
 .rodata.str1.1
                0x0000000000115547       0x66 binaries/xsh_udpeserver.o
                                         0x8f (size before relaxing)
 *fill*         0x00000000001155ad        0x3 
 .rodata.str1.4
                0x00000000001155b0       0x29 binaries/xsh_udpeserver.o
                                         0x9f (size before relaxing)
 .rodata.str1.1
                0x00000000001155d9       0x49 binaries/xsh_uptime.o
                                         0x8c (size before relaxing)
 *fill*         0x0000000000115622        0x2 
 .rodata.str1.4
                0x0000000000115624       0x28 binaries/xsh_uptime.o
                                         0x76 (size before relaxing)
                0x000000000011564c                etext = ABSOLUTE (.)
                0x0000000000116000                . = ALIGN (0x1000)
 *fill*         0x000000000011564c      0x9b4 

.eh_frame       0x0000000000116000     0x70b0
 .eh_frame      0x0000000000116000       0x98 binaries/ascdate.o
 .eh_frame      0x0000000000116098       0x28 binaries/bufinit.o
                                         0x40 (size before relaxing)
 .eh_frame      0x00000000001160c0       0x54 binaries/chprio.o
                                         0x80 (size before relaxing)
 .eh_frame      0x0000000000116114       0x24 binaries/clkhandler.o
                                         0x50 (size before relaxing)
 .eh_frame      0x0000000000116138       0x44 binaries/clkinit.o
                                         0x70 (size before relaxing)
 .eh_frame      0x000000000011617c       0x44 binaries/close.o
                                         0x70 (size before relaxing)
 .eh_frame      0x00000000001161c0       0x48 binaries/control.o
                                         0x74 (size before relaxing)
 .eh_frame      0x0000000000116208       0x5c binaries/create.o
                                         0x88 (size before relaxing)
 .eh_frame      0x0000000000116264      0x164 binaries/early_imr.o
                                        0x190 (size before relaxing)
 .eh_frame      0x00000000001163c8      0x1f8 binaries/evec.o
                                        0x224 (size before relaxing)
 .eh_frame      0x00000000001165c0       0x58 binaries/freebuf.o
                                         0x84 (size before relaxing)
 .eh_frame      0x0000000000116618       0x5c binaries/freemem.o
                                         0x88 (size before relaxing)
 .eh_frame      0x0000000000116674       0x50 binaries/getbuf.o
                                         0x7c (size before relaxing)
 .eh_frame      0x00000000001166c4       0x44 binaries/getc.o
                                         0x70 (size before relaxing)
 .eh_frame      0x0000000000116708       0x60 binaries/getdev.o
                                         0x8c (size before relaxing)
 .eh_frame      0x0000000000116768       0x68 binaries/getitem.o
                                         0x94 (size before relaxing)
 .eh_frame      0x00000000001167d0       0x54 binaries/getmem.o
                                         0x80 (size before relaxing)
 .eh_frame      0x0000000000116824       0x14 binaries/getpid.o
                                         0x40 (size before relaxing)
 .eh_frame      0x0000000000116838       0x40 binaries/getprio.o
                                         0x6c (size before relaxing)
 .eh_frame      0x0000000000116878       0x5c binaries/getstk.o
                                         0x88 (size before relaxing)
 .eh_frame      0x00000000001168d4       0x2c binaries/gettime.o
                                         0x58 (size before relaxing)
 .eh_frame      0x0000000000116900       0x98 binaries/getutime.o
                                         0xc4 (size before relaxing)
 .eh_frame      0x0000000000116998       0x44 binaries/init.o
                                         0x70 (size before relaxing)
 .eh_frame      0x00000000001169dc       0xe0 binaries/initialize.o
                                        0x10c (size before relaxing)
 .eh_frame      0x0000000000116abc       0x44 binaries/insert.o
                                         0x5c (size before relaxing)
 .eh_frame      0x0000000000116b00       0x40 binaries/insertd.o
                                         0x6c (size before relaxing)
 .eh_frame      0x0000000000116b40       0x14 binaries/ioerr.o
                                         0x2c (size before relaxing)
 .eh_frame      0x0000000000116b54       0x14 binaries/ionull.o
                                         0x2c (size before relaxing)
 .eh_frame      0x0000000000116b68       0x78 binaries/kill.o
                                         0xa4 (size before relaxing)
 .eh_frame      0x0000000000116be0       0x90 binaries/kprintf.o
                                         0xd0 (size before relaxing)
 .eh_frame      0x0000000000116c70      0x148 binaries/main.o
                                        0x174 (size before relaxing)
 .eh_frame      0x0000000000116db8       0x64 binaries/mark.o
                                         0x90 (size before relaxing)
 .eh_frame      0x0000000000116e1c       0x80 binaries/meminit.o
                                         0xac (size before relaxing)
 .eh_frame      0x0000000000116e9c       0x78 binaries/mkbufpool.o
                                         0xa4 (size before relaxing)
 .eh_frame      0x0000000000116f14       0x30 binaries/newqueue.o
                                         0x48 (size before relaxing)
 .eh_frame      0x0000000000116f44       0x48 binaries/open.o
                                         0x74 (size before relaxing)
 .eh_frame      0x0000000000116f8c       0x28 binaries/panic.o
                                         0x54 (size before relaxing)
 .eh_frame      0x0000000000116fb4       0xf4 binaries/pci.o
                                        0x10c (size before relaxing)
 .eh_frame      0x00000000001170a8       0x40 binaries/platinit.o
                                         0x6c (size before relaxing)
 .eh_frame      0x00000000001170e8       0x6c binaries/ptclear.o
                                         0x98 (size before relaxing)
 .eh_frame      0x0000000000117154       0x64 binaries/ptcount.o
                                         0x90 (size before relaxing)
 .eh_frame      0x00000000001171b8       0x60 binaries/ptcreate.o
                                         0x8c (size before relaxing)
 .eh_frame      0x0000000000117218       0x48 binaries/ptdelete.o
                                         0x74 (size before relaxing)
 .eh_frame      0x0000000000117260       0x44 binaries/ptinit.o
                                         0x70 (size before relaxing)
 .eh_frame      0x00000000001172a4       0x64 binaries/ptrecv.o
                                         0x90 (size before relaxing)
 .eh_frame      0x0000000000117308       0x48 binaries/ptreset.o
                                         0x74 (size before relaxing)
 .eh_frame      0x0000000000117350       0x70 binaries/ptsend.o
                                         0x9c (size before relaxing)
 .eh_frame      0x00000000001173c0       0x54 binaries/putc.o
                                         0x80 (size before relaxing)
 .eh_frame      0x0000000000117414       0x6c binaries/quark_irq.o
                                         0x98 (size before relaxing)
 .eh_frame      0x0000000000117480       0xe8 binaries/quark_pdat.o
                                        0x114 (size before relaxing)
 .eh_frame      0x0000000000117568       0x4c binaries/queue.o
                                         0x78 (size before relaxing)
 .eh_frame      0x00000000001175b4       0x48 binaries/read.o
                                         0x74 (size before relaxing)
 .eh_frame      0x00000000001175fc       0x34 binaries/ready.o
                                         0x60 (size before relaxing)
 .eh_frame      0x0000000000117630       0x5c binaries/receive.o
                                         0x88 (size before relaxing)
 .eh_frame      0x000000000011768c       0x38 binaries/recvclr.o
                                         0x64 (size before relaxing)
 .eh_frame      0x00000000001176c4       0x60 binaries/recvtime.o
                                         0x8c (size before relaxing)
 .eh_frame      0x0000000000117724       0x78 binaries/resched.o
                                         0xb8 (size before relaxing)
 .eh_frame      0x000000000011779c       0x5c binaries/resume.o
                                         0x88 (size before relaxing)
 .eh_frame      0x00000000001177f8       0x44 binaries/seek.o
                                         0x70 (size before relaxing)
 .eh_frame      0x000000000011783c       0x40 binaries/semcount.o
                                         0x6c (size before relaxing)
 .eh_frame      0x000000000011787c       0x54 binaries/semcreate.o
                                         0x80 (size before relaxing)
 .eh_frame      0x00000000001178d0       0x6c binaries/semdelete.o
                                         0x98 (size before relaxing)
 .eh_frame      0x000000000011793c       0x6c binaries/semreset.o
                                         0x98 (size before relaxing)
 .eh_frame      0x00000000001179a8       0x68 binaries/sendblk.o
                                         0x94 (size before relaxing)
 .eh_frame      0x0000000000117a10       0x60 binaries/send.o
                                         0x8c (size before relaxing)
 .eh_frame      0x0000000000117a70       0x54 binaries/signal.o
                                         0x80 (size before relaxing)
 .eh_frame      0x0000000000117ac4       0x70 binaries/signaln.o
                                         0x9c (size before relaxing)
 .eh_frame      0x0000000000117b34       0x80 binaries/sleep.o
                                         0xac (size before relaxing)
 .eh_frame      0x0000000000117bb4       0x54 binaries/suspend.o
                                         0x80 (size before relaxing)
 .eh_frame      0x0000000000117c08       0x4c binaries/unsleep.o
                                         0x78 (size before relaxing)
 .eh_frame      0x0000000000117c54       0x28 binaries/userret.o
                                         0x54 (size before relaxing)
 .eh_frame      0x0000000000117c7c       0x58 binaries/wait.o
                                         0x84 (size before relaxing)
 .eh_frame      0x0000000000117cd4       0x48 binaries/wakeup.o
                                         0x74 (size before relaxing)
 .eh_frame      0x0000000000117d1c       0x48 binaries/write.o
                                         0x74 (size before relaxing)
 .eh_frame      0x0000000000117d64       0x24 binaries/xdone.o
                                         0x50 (size before relaxing)
 .eh_frame      0x0000000000117d88       0x30 binaries/yield.o
                                         0x5c (size before relaxing)
 .eh_frame      0x0000000000117db8       0x14 binaries/abs.o
                                         0x2c (size before relaxing)
 .eh_frame      0x0000000000117dcc       0x28 binaries/atoi.o
                                         0x40 (size before relaxing)
 .eh_frame      0x0000000000117df4       0x28 binaries/atol.o
                                         0x40 (size before relaxing)
 .eh_frame      0x0000000000117e1c       0x14 binaries/bzero.o
                                         0x2c (size before relaxing)
 .eh_frame      0x0000000000117e30      0x174 binaries/doprnt.o
                                        0x1a0 (size before relaxing)
 .eh_frame      0x0000000000117fa4      0x108 binaries/doscan.o
                                        0x134 (size before relaxing)
 .eh_frame      0x00000000001180ac      0x114 binaries/fdoprnt.o
                                        0x140 (size before relaxing)
 .eh_frame      0x00000000001181c0       0x2c binaries/fgetc.o
                                         0x58 (size before relaxing)
 .eh_frame      0x00000000001181ec       0x48 binaries/fgets.o
                                         0x74 (size before relaxing)
 .eh_frame      0x0000000000118234       0x2c binaries/fprintf.o
                                         0x58 (size before relaxing)
 .eh_frame      0x0000000000118260       0x2c binaries/fputc.o
                                         0x58 (size before relaxing)
 .eh_frame      0x000000000011828c       0x3c binaries/fputs.o
                                         0x68 (size before relaxing)
 .eh_frame      0x00000000001182c8       0x7c binaries/fscanf.o
                                         0xa8 (size before relaxing)
 .eh_frame      0x0000000000118344       0x24 binaries/getchar.o
                                         0x50 (size before relaxing)
 .eh_frame      0x0000000000118368       0x14 binaries/labs.o
                                         0x2c (size before relaxing)
 .eh_frame      0x000000000011837c       0x14 binaries/memchr.o
                                         0x2c (size before relaxing)
 .eh_frame      0x0000000000118390       0x28 binaries/memcmp.o
                                         0x40 (size before relaxing)
 .eh_frame      0x00000000001183b8       0x24 binaries/memcpy.o
                                         0x3c (size before relaxing)
 .eh_frame      0x00000000001183dc       0x1c binaries/memset.o
                                         0x34 (size before relaxing)
 .eh_frame      0x00000000001183f8       0x2c binaries/printf.o
                                         0x58 (size before relaxing)
 .eh_frame      0x0000000000118424       0x28 binaries/putchar.o
                                         0x54 (size before relaxing)
 .eh_frame      0x000000000011844c       0xdc binaries/qsort.o
                                        0x11c (size before relaxing)
 .eh_frame      0x0000000000118528       0x28 binaries/rand.o
                                         0x68 (size before relaxing)
 .eh_frame      0x0000000000118550       0x54 binaries/sprintf.o
                                         0x80 (size before relaxing)
 .eh_frame      0x00000000001185a4       0x5c binaries/sscanf.o
                                         0x88 (size before relaxing)
 .eh_frame      0x0000000000118600       0x20 binaries/strchr.o
                                         0x38 (size before relaxing)
 .eh_frame      0x0000000000118620       0x20 binaries/strcmp.o
                                         0x38 (size before relaxing)
 .eh_frame      0x0000000000118640       0x14 binaries/strcpy.o
                                         0x2c (size before relaxing)
 .eh_frame      0x0000000000118654       0x14 binaries/strlen.o
                                         0x2c (size before relaxing)
 .eh_frame      0x0000000000118668       0x2c binaries/strncat.o
                                         0x44 (size before relaxing)
 .eh_frame      0x0000000000118694       0x1c binaries/strncmp.o
                                         0x34 (size before relaxing)
 .eh_frame      0x00000000001186b0       0x30 binaries/strncpy.o
                                         0x48 (size before relaxing)
 .eh_frame      0x00000000001186e0       0x14 binaries/strnlen.o
                                         0x2c (size before relaxing)
 .eh_frame      0x00000000001186f4       0x20 binaries/strrchr.o
                                         0x38 (size before relaxing)
 .eh_frame      0x0000000000118714       0x3c binaries/strstr.o
                                         0x54 (size before relaxing)
 .eh_frame      0x0000000000118750       0x58 binaries/ttycontrol.o
                                         0x84 (size before relaxing)
 .eh_frame      0x00000000001187a8       0x44 binaries/ttygetc.o
                                         0x70 (size before relaxing)
 .eh_frame      0x00000000001187ec       0xe0 binaries/ttyhandle_in.o
                                        0x10c (size before relaxing)
 .eh_frame      0x00000000001188cc       0x68 binaries/ttyhandle_out.o
                                         0x94 (size before relaxing)
 .eh_frame      0x0000000000118934       0x5c binaries/ttyhandler.o
                                         0x88 (size before relaxing)
 .eh_frame      0x0000000000118990       0x4c binaries/ttyinit.o
                                         0x78 (size before relaxing)
 .eh_frame      0x00000000001189dc       0x14 binaries/ttykickout.o
                                         0x2c (size before relaxing)
 .eh_frame      0x00000000001189f0       0x64 binaries/ttyputc.o
                                         0x90 (size before relaxing)
 .eh_frame      0x0000000000118a54       0x64 binaries/ttyread.o
                                         0x90 (size before relaxing)
 .eh_frame      0x0000000000118ab8       0x4c binaries/ttywrite.o
                                         0x78 (size before relaxing)
 .eh_frame      0x0000000000118b04       0x7c binaries/mount.o
                                         0xa8 (size before relaxing)
 .eh_frame      0x0000000000118b80       0xe4 binaries/naminit.o
                                        0x110 (size before relaxing)
 .eh_frame      0x0000000000118c64       0xf0 binaries/nammap.o
                                        0x130 (size before relaxing)
 .eh_frame      0x0000000000118d54       0x48 binaries/namopen.o
                                         0x74 (size before relaxing)
 .eh_frame      0x0000000000118d9c       0x3c binaries/colon2mac.o
                                         0x68 (size before relaxing)
 .eh_frame      0x0000000000118dd8       0x4c binaries/ethcontrol.o
                                         0x78 (size before relaxing)
 .eh_frame      0x0000000000118e24       0x58 binaries/ethhandler.o
                                         0x84 (size before relaxing)
 .eh_frame      0x0000000000118e7c      0x154 binaries/ethinit.o
                                        0x180 (size before relaxing)
 .eh_frame      0x0000000000118fd0       0xa8 binaries/ethmcast.o
                                         0xd4 (size before relaxing)
 .eh_frame      0x0000000000119078       0x80 binaries/ethread.o
                                         0xac (size before relaxing)
 .eh_frame      0x00000000001190f8       0x48 binaries/ethwrite.o
                                         0x74 (size before relaxing)
 .eh_frame      0x0000000000119140       0x3c binaries/rdsbufalloc.o
                                         0x68 (size before relaxing)
 .eh_frame      0x000000000011917c       0x3c binaries/rdsclose.o
                                         0x68 (size before relaxing)
 .eh_frame      0x00000000001191b8       0x90 binaries/rdscomm.o
                                         0xbc (size before relaxing)
 .eh_frame      0x0000000000119248       0xb4 binaries/rdscontrol.o
                                         0xe0 (size before relaxing)
 .eh_frame      0x00000000001192fc       0x9c binaries/rdsinit.o
                                         0xc8 (size before relaxing)
 .eh_frame      0x0000000000119398       0x80 binaries/rdsopen.o
                                         0xac (size before relaxing)
 .eh_frame      0x0000000000119418       0xf8 binaries/rdsprocess.o
                                        0x124 (size before relaxing)
 .eh_frame      0x0000000000119510       0x7c binaries/rdsread.o
                                         0xa8 (size before relaxing)
 .eh_frame      0x000000000011958c       0x80 binaries/rdswrite.o
                                         0xac (size before relaxing)
 .eh_frame      0x000000000011960c       0x14 binaries/ramclose.o
                                         0x2c (size before relaxing)
 .eh_frame      0x0000000000119620       0x40 binaries/raminit.o
                                         0x6c (size before relaxing)
 .eh_frame      0x0000000000119660       0x14 binaries/ramopen.o
                                         0x2c (size before relaxing)
 .eh_frame      0x0000000000119674       0x2c binaries/ramread.o
                                         0x58 (size before relaxing)
 .eh_frame      0x00000000001196a0       0x2c binaries/ramwrite.o
                                         0x58 (size before relaxing)
 .eh_frame      0x00000000001196cc       0x80 binaries/lfdballoc.o
                                         0xac (size before relaxing)
 .eh_frame      0x000000000011974c       0x50 binaries/lfdbfree.o
                                         0x7c (size before relaxing)
 .eh_frame      0x000000000011979c       0x5c binaries/lfflush.o
                                         0x88 (size before relaxing)
 .eh_frame      0x00000000001197f8       0x14 binaries/lfgetmode.o
                                         0x2c (size before relaxing)
 .eh_frame      0x000000000011980c       0x5c binaries/lfiballoc.o
                                         0x88 (size before relaxing)
 .eh_frame      0x0000000000119868       0x14 binaries/lfibclear.o
                                         0x2c (size before relaxing)
 .eh_frame      0x000000000011987c       0x4c binaries/lfibget.o
                                         0x78 (size before relaxing)
 .eh_frame      0x00000000001198c8       0x68 binaries/lfibput.o
                                         0x94 (size before relaxing)
 .eh_frame      0x0000000000119930       0x54 binaries/lflclose.o
                                         0x80 (size before relaxing)
 .eh_frame      0x0000000000119984       0x74 binaries/lflcontrol.o
                                         0xa0 (size before relaxing)
 .eh_frame      0x00000000001199f8       0x6c binaries/lflgetc.o
                                         0x98 (size before relaxing)
 .eh_frame      0x0000000000119a64       0x5c binaries/lflinit.o
                                         0x88 (size before relaxing)
 .eh_frame      0x0000000000119ac0       0x6c binaries/lflputc.o
                                         0x98 (size before relaxing)
 .eh_frame      0x0000000000119b2c       0x48 binaries/lflread.o
                                         0x74 (size before relaxing)
 .eh_frame      0x0000000000119b74       0x60 binaries/lflseek.o
                                         0x8c (size before relaxing)
 .eh_frame      0x0000000000119bd4       0x48 binaries/lflwrite.o
                                         0x74 (size before relaxing)
 .eh_frame      0x0000000000119c1c       0xd4 binaries/lfsckfmt.o
                                        0x100 (size before relaxing)
 .eh_frame      0x0000000000119cf0       0xd4 binaries/lfscreate.o
                                        0x100 (size before relaxing)
 .eh_frame      0x0000000000119dc4       0xbc binaries/lfsetup.o
                                         0xe8 (size before relaxing)
 .eh_frame      0x0000000000119e80       0x38 binaries/lfsinit.o
                                         0x64 (size before relaxing)
 .eh_frame      0x0000000000119eb8       0x90 binaries/lfsopen.o
                                         0xbc (size before relaxing)
 .eh_frame      0x0000000000119f48       0x84 binaries/lftruncate.o
                                         0xb0 (size before relaxing)
 .eh_frame      0x0000000000119fcc       0x3c binaries/rflclose.o
                                         0x68 (size before relaxing)
 .eh_frame      0x000000000011a008       0x30 binaries/rflgetc.o
                                         0x5c (size before relaxing)
 .eh_frame      0x000000000011a038       0x30 binaries/rflinit.o
                                         0x5c (size before relaxing)
 .eh_frame      0x000000000011a068       0x30 binaries/rflputc.o
                                         0x5c (size before relaxing)
 .eh_frame      0x000000000011a098       0xdc binaries/rflread.o
                                        0x108 (size before relaxing)
 .eh_frame      0x000000000011a174       0x3c binaries/rflseek.o
                                         0x68 (size before relaxing)
 .eh_frame      0x000000000011a1b0       0xd0 binaries/rflwrite.o
                                         0xfc (size before relaxing)
 .eh_frame      0x000000000011a280       0x88 binaries/rfscomm.o
                                         0xb4 (size before relaxing)
 .eh_frame      0x000000000011a308      0x11c binaries/rfscontrol.o
                                        0x148 (size before relaxing)
 .eh_frame      0x000000000011a424       0x14 binaries/rfsgetmode.o
                                         0x2c (size before relaxing)
 .eh_frame      0x000000000011a438       0x50 binaries/rfsinit.o
                                         0x7c (size before relaxing)
 .eh_frame      0x000000000011a488       0x50 binaries/rfsndmsg.o
                                         0x7c (size before relaxing)
 .eh_frame      0x000000000011a4d8       0xdc binaries/rfsopen.o
                                        0x108 (size before relaxing)
 .eh_frame      0x000000000011a5b4      0x27c binaries/arp.o
                                        0x2bc (size before relaxing)
 .eh_frame      0x000000000011a830      0x284 binaries/dhcp.o
                                        0x2b0 (size before relaxing)
 .eh_frame      0x000000000011aab4       0x40 binaries/dot2ip.o
                                         0x58 (size before relaxing)
 .eh_frame      0x000000000011aaf4      0x1bc binaries/hexdump.o
                                        0x1e8 (size before relaxing)
 .eh_frame      0x000000000011acb0      0x310 binaries/icmp.o
                                        0x350 (size before relaxing)
 .eh_frame      0x000000000011afc0      0x2e8 binaries/ip.o
                                        0x314 (size before relaxing)
 .eh_frame      0x000000000011b2a8      0x138 binaries/net.o
                                        0x164 (size before relaxing)
 .eh_frame      0x000000000011b3e0       0x74 binaries/netstart.o
                                         0xa0 (size before relaxing)
 .eh_frame      0x000000000011b454      0x394 binaries/pdump.o
                                        0x3c0 (size before relaxing)
 .eh_frame      0x000000000011b7e8      0x260 binaries/tftp.o
                                        0x28c (size before relaxing)
 .eh_frame      0x000000000011ba48      0x36c binaries/udp.o
                                        0x3ac (size before relaxing)
 .eh_frame      0x000000000011bdb4       0x68 binaries/addargs.o
                                         0x94 (size before relaxing)
 .eh_frame      0x000000000011be1c       0x40 binaries/lexan.o
                                         0x58 (size before relaxing)
 .eh_frame      0x000000000011be5c      0x24c binaries/shell.o
                                        0x278 (size before relaxing)
 .eh_frame      0x000000000011c0a8       0x5c binaries/xsh_argecho.o
                                         0x88 (size before relaxing)
 .eh_frame      0x000000000011c104       0xe0 binaries/xsh_arp.o
                                        0x10c (size before relaxing)
 .eh_frame      0x000000000011c1e4       0xac binaries/xsh_cat.o
                                         0xd8 (size before relaxing)
 .eh_frame      0x000000000011c290       0x3c binaries/xsh_clear.o
                                         0x68 (size before relaxing)
 .eh_frame      0x000000000011c2cc      0x108 binaries/xsh_date.o
                                        0x134 (size before relaxing)
 .eh_frame      0x000000000011c3d4       0x64 binaries/xsh_devdump.o
                                         0x90 (size before relaxing)
 .eh_frame      0x000000000011c438       0x5c binaries/xsh_echo.o
                                         0x88 (size before relaxing)
 .eh_frame      0x000000000011c494       0x14 binaries/xsh_exit.o
                                         0x2c (size before relaxing)
 .eh_frame      0x000000000011c4a8       0xd4 binaries/xsh_help.o
                                        0x100 (size before relaxing)
 .eh_frame      0x000000000011c57c      0x194 binaries/xsh_ipaddr.o
                                        0x1c0 (size before relaxing)
 .eh_frame      0x000000000011c710       0xac binaries/xsh_kill.o
                                         0xd8 (size before relaxing)
 .eh_frame      0x000000000011c7bc      0x130 binaries/xsh_memdump.o
                                        0x15c (size before relaxing)
 .eh_frame      0x000000000011c8ec       0xbc binaries/xsh_memstat.o
                                         0xe8 (size before relaxing)
 .eh_frame      0x000000000011c9a8      0x10c binaries/xsh_ping.o
                                        0x138 (size before relaxing)
 .eh_frame      0x000000000011cab4       0xd8 binaries/xsh_ps.o
                                        0x104 (size before relaxing)
 .eh_frame      0x000000000011cb8c       0xac binaries/xsh_sleep.o
                                         0xd8 (size before relaxing)
 .eh_frame      0x000000000011cc38       0xe8 binaries/xsh_udpdump.o
                                        0x114 (size before relaxing)
 .eh_frame      0x000000000011cd20      0x1b0 binaries/xsh_udpecho.o
                                        0x1dc (size before relaxing)
 .eh_frame      0x000000000011ced0      0x128 binaries/xsh_udpeserver.o
                                        0x154 (size before relaxing)
 .eh_frame      0x000000000011cff8       0xb8 binaries/xsh_uptime.o
                                         0xe4 (size before relaxing)

.iplt           0x000000000011d0b0        0x0
 .iplt          0x000000000011d0b0        0x0 binaries/start.o

.rel.dyn        0x000000000011d0b0        0x0
 .rel.got       0x000000000011d0b0        0x0 binaries/start.o
 .rel.iplt      0x000000000011d0b0        0x0 binaries/start.o
 .rel.text      0x000000000011d0b0        0x0 binaries/start.o

.data           0x000000000011d0c0      0xf40
                0x000000000011d0c0                data = ABSOLUTE (.)
 *(.data .data.*)
 .data          0x000000000011d0c0      0x85a binaries/start.o
                0x000000000011d0c0                gdt
                0x000000000011d110                idt
                0x000000000011d916                cpudelay
 .data          0x000000000011d91a        0x0 binaries/ascdate.o
 *fill*         0x000000000011d91a        0x6 
 .data.rel.local
                0x000000000011d920       0x88 binaries/ascdate.o
                0x000000000011d920                Date
 .data          0x000000000011d9a8        0x0 binaries/bufinit.o
 .data          0x000000000011d9a8        0x0 binaries/chprio.o
 .data          0x000000000011d9a8        0x4 binaries/clkhandler.o
 .data          0x000000000011d9ac        0x0 binaries/clkinit.o
 .data          0x000000000011d9ac        0x0 binaries/close.o
 .data          0x000000000011d9ac        0x0 binaries/conf.o
 *fill*         0x000000000011d9ac       0x14 
 .data.rel      0x000000000011d9c0      0x30c binaries/conf.o
                0x000000000011d9c0                devtab
 .data          0x000000000011dccc        0x0 binaries/control.o
 .data          0x000000000011dccc        0x4 binaries/create.o
 .data          0x000000000011dcd0        0x0 binaries/early_imr.o
 .data          0x000000000011dcd0        0x0 binaries/evec.o
 *fill*         0x000000000011dcd0       0x10 
 .data.rel.local
                0x000000000011dce0       0x40 binaries/evec.o
                0x000000000011dce0                inames
 .data          0x000000000011dd20        0x0 binaries/freebuf.o
 .data          0x000000000011dd20        0x0 binaries/freemem.o
 .data          0x000000000011dd20        0x0 binaries/getbuf.o
 .data          0x000000000011dd20        0x0 binaries/getc.o
 .data          0x000000000011dd20        0x0 binaries/getdev.o
 .data          0x000000000011dd20        0x0 binaries/getitem.o
 .data          0x000000000011dd20        0x0 binaries/getmem.o
 .data          0x000000000011dd20        0x0 binaries/getpid.o
 .data          0x000000000011dd20        0x0 binaries/getprio.o
 .data          0x000000000011dd20        0x0 binaries/getstk.o
 .data          0x000000000011dd20        0x0 binaries/gettime.o
 .data          0x000000000011dd20        0x0 binaries/getutime.o
 .data          0x000000000011dd20        0x0 binaries/init.o
 .data          0x000000000011dd20        0x0 binaries/initialize.o
 .data          0x000000000011dd20        0x0 binaries/insert.o
 .data          0x000000000011dd20        0x0 binaries/insertd.o
 .data          0x000000000011dd20        0x0 binaries/ioerr.o
 .data          0x000000000011dd20        0x0 binaries/ionull.o
 .data          0x000000000011dd20        0x0 binaries/kill.o
 .data          0x000000000011dd20        0x0 binaries/kprintf.o
 .data          0x000000000011dd20        0x0 binaries/main.o
 .data          0x000000000011dd20        0x0 binaries/mark.o
 .data          0x000000000011dd20       0x48 binaries/meminit.o
                0x000000000011dd20                gdt_copy
                0x000000000011dd60                bootinfo
                0x000000000011dd64                bootsign
 .data          0x000000000011dd68        0x0 binaries/mkbufpool.o
 .data          0x000000000011dd68        0x2 binaries/newqueue.o
 .data          0x000000000011dd6a        0x0 binaries/open.o
 .data          0x000000000011dd6a        0x0 binaries/panic.o
 .data          0x000000000011dd6a        0x0 binaries/pci.o
 .data          0x000000000011dd6a        0x0 binaries/platinit.o
 .data          0x000000000011dd6a        0x0 binaries/ptclear.o
 .data          0x000000000011dd6a        0x0 binaries/ptcount.o
 .data          0x000000000011dd6a        0x0 binaries/ptcreate.o
 .data          0x000000000011dd6a        0x0 binaries/ptdelete.o
 .data          0x000000000011dd6a        0x0 binaries/ptinit.o
 .data          0x000000000011dd6a        0x0 binaries/ptrecv.o
 .data          0x000000000011dd6a        0x0 binaries/ptreset.o
 .data          0x000000000011dd6a        0x0 binaries/ptsend.o
 .data          0x000000000011dd6a        0x0 binaries/putc.o
 .data          0x000000000011dd6a        0x0 binaries/quark_irq.o
 .data          0x000000000011dd6a        0x0 binaries/quark_pdat.o
 .data          0x000000000011dd6a        0x0 binaries/queue.o
 .data          0x000000000011dd6a        0x0 binaries/read.o
 .data          0x000000000011dd6a        0x0 binaries/ready.o
 .data          0x000000000011dd6a        0x0 binaries/receive.o
 .data          0x000000000011dd6a        0x0 binaries/recvclr.o
 .data          0x000000000011dd6a        0x0 binaries/recvtime.o
 .data          0x000000000011dd6a        0x0 binaries/resched.o
 .data          0x000000000011dd6a        0x0 binaries/resume.o
 .data          0x000000000011dd6a        0x0 binaries/seek.o
 .data          0x000000000011dd6a        0x0 binaries/semcount.o
 .data          0x000000000011dd6a        0x0 binaries/semcreate.o
 .data          0x000000000011dd6a        0x0 binaries/semdelete.o
 .data          0x000000000011dd6a        0x0 binaries/semreset.o
 .data          0x000000000011dd6a        0x0 binaries/sendblk.o
 .data          0x000000000011dd6a        0x0 binaries/send.o
 .data          0x000000000011dd6a        0x0 binaries/signal.o
 .data          0x000000000011dd6a        0x0 binaries/signaln.o
 .data          0x000000000011dd6a        0x0 binaries/sleep.o
 .data          0x000000000011dd6a        0x0 binaries/suspend.o
 .data          0x000000000011dd6a        0x0 binaries/unsleep.o
 .data          0x000000000011dd6a        0x0 binaries/userret.o
 .data          0x000000000011dd6a        0x0 binaries/wait.o
 .data          0x000000000011dd6a        0x0 binaries/wakeup.o
 .data          0x000000000011dd6a        0x0 binaries/write.o
 .data          0x000000000011dd6a        0x0 binaries/xdone.o
 .data          0x000000000011dd6a        0x0 binaries/yield.o
 .data          0x000000000011dd6a        0x0 binaries/abs.o
 .data          0x000000000011dd6a        0x0 binaries/atoi.o
 .data          0x000000000011dd6a        0x0 binaries/atol.o
 .data          0x000000000011dd6a        0x0 binaries/bzero.o
 .data          0x000000000011dd6a        0x0 binaries/ctype_.o
 .data          0x000000000011dd6a        0x0 binaries/doprnt.o
 *fill*         0x000000000011dd6a       0x16 
 .data          0x000000000011dd80       0x80 binaries/doscan.o
                0x000000000011dd80                _sctab
 .data          0x000000000011de00        0x0 binaries/fdoprnt.o
 .data          0x000000000011de00        0x0 binaries/fgetc.o
 .data          0x000000000011de00        0x0 binaries/fgets.o
 .data          0x000000000011de00        0x0 binaries/fprintf.o
 .data          0x000000000011de00        0x0 binaries/fputc.o
 .data          0x000000000011de00        0x0 binaries/fputs.o
 .data          0x000000000011de00        0x0 binaries/fscanf.o
 .data          0x000000000011de00        0x0 binaries/getchar.o
 .data          0x000000000011de00        0x0 binaries/labs.o
 .data          0x000000000011de00        0x0 binaries/memchr.o
 .data          0x000000000011de00        0x0 binaries/memcmp.o
 .data          0x000000000011de00        0x0 binaries/memcpy.o
 .data          0x000000000011de00        0x0 binaries/memset.o
 .data          0x000000000011de00        0x0 binaries/printf.o
 .data          0x000000000011de00        0x0 binaries/putchar.o
 .data          0x000000000011de00        0x0 binaries/qsort.o
 .data          0x000000000011de00        0x4 binaries/rand.o
 .data          0x000000000011de04        0x0 binaries/sprintf.o
 .data          0x000000000011de04        0x0 binaries/sscanf.o
 .data          0x000000000011de04        0x0 binaries/strchr.o
 .data          0x000000000011de04        0x0 binaries/strcmp.o
 .data          0x000000000011de04        0x0 binaries/strcpy.o
 .data          0x000000000011de04        0x0 binaries/strlen.o
 .data          0x000000000011de04        0x0 binaries/strncat.o
 .data          0x000000000011de04        0x0 binaries/strncmp.o
 .data          0x000000000011de04        0x0 binaries/strncpy.o
 .data          0x000000000011de04        0x0 binaries/strnlen.o
 .data          0x000000000011de04        0x0 binaries/strrchr.o
 .data          0x000000000011de04        0x0 binaries/strstr.o
 .data          0x000000000011de04        0x0 binaries/ttycontrol.o
 .data          0x000000000011de04        0x0 binaries/ttygetc.o
 .data          0x000000000011de04        0x0 binaries/ttyhandle_in.o
 .data          0x000000000011de04        0x0 binaries/ttyhandle_out.o
 .data          0x000000000011de04        0x0 binaries/ttyhandler.o
 .data          0x000000000011de04        0x0 binaries/ttyinit.o
 .data          0x000000000011de04        0x0 binaries/ttykickout.o
 .data          0x000000000011de04        0x0 binaries/ttyputc.o
 .data          0x000000000011de04        0x0 binaries/ttyread.o
 .data          0x000000000011de04        0x0 binaries/ttywrite.o
 .data          0x000000000011de04        0x0 binaries/mount.o
 .data          0x000000000011de04        0x0 binaries/naminit.o
 .data          0x000000000011de04        0x0 binaries/nammap.o
 .data          0x000000000011de04        0x0 binaries/namopen.o
 .data          0x000000000011de04        0x0 binaries/colon2mac.o
 .data          0x000000000011de04        0x0 binaries/ethcontrol.o
 .data          0x000000000011de04        0x0 binaries/ethhandler.o
 .data          0x000000000011de04        0x0 binaries/ethinit.o
 .data          0x000000000011de04        0x0 binaries/ethmcast.o
 .data          0x000000000011de04        0x0 binaries/ethread.o
 .data          0x000000000011de04        0x0 binaries/ethwrite.o
 .data          0x000000000011de04        0x0 binaries/rdsbufalloc.o
 .data          0x000000000011de04        0x0 binaries/rdsclose.o
 .data          0x000000000011de04        0x0 binaries/rdscomm.o
 .data          0x000000000011de04        0x0 binaries/rdscontrol.o
 .data          0x000000000011de04        0x0 binaries/rdsinit.o
 .data          0x000000000011de04        0x0 binaries/rdsopen.o
 .data          0x000000000011de04        0x0 binaries/rdsprocess.o
 .data          0x000000000011de04        0x0 binaries/rdsread.o
 .data          0x000000000011de04        0x0 binaries/rdswrite.o
 .data          0x000000000011de04        0x0 binaries/ramclose.o
 .data          0x000000000011de04        0x0 binaries/raminit.o
 .data          0x000000000011de04        0x0 binaries/ramopen.o
 .data          0x000000000011de04        0x0 binaries/ramread.o
 .data          0x000000000011de04        0x0 binaries/ramwrite.o
 .data          0x000000000011de04        0x0 binaries/lfdballoc.o
 .data          0x000000000011de04        0x0 binaries/lfdbfree.o
 .data          0x000000000011de04        0x0 binaries/lfflush.o
 .data          0x000000000011de04        0x0 binaries/lfgetmode.o
 .data          0x000000000011de04        0x0 binaries/lfiballoc.o
 .data          0x000000000011de04        0x0 binaries/lfibclear.o
 .data          0x000000000011de04        0x0 binaries/lfibget.o
 .data          0x000000000011de04        0x0 binaries/lfibput.o
 .data          0x000000000011de04        0x0 binaries/lflclose.o
 .data          0x000000000011de04        0x0 binaries/lflcontrol.o
 .data          0x000000000011de04        0x0 binaries/lflgetc.o
 .data          0x000000000011de04        0x0 binaries/lflinit.o
 .data          0x000000000011de04        0x0 binaries/lflputc.o
 .data          0x000000000011de04        0x0 binaries/lflread.o
 .data          0x000000000011de04        0x0 binaries/lflseek.o
 .data          0x000000000011de04        0x0 binaries/lflwrite.o
 .data          0x000000000011de04        0x0 binaries/lfsckfmt.o
 .data          0x000000000011de04        0x0 binaries/lfscreate.o
 .data          0x000000000011de04        0x0 binaries/lfsetup.o
 .data          0x000000000011de04        0x0 binaries/lfsinit.o
 .data          0x000000000011de04        0x0 binaries/lfsopen.o
 .data          0x000000000011de04        0x0 binaries/lftruncate.o
 .data          0x000000000011de04        0x0 binaries/rflclose.o
 .data          0x000000000011de04        0x0 binaries/rflgetc.o
 .data          0x000000000011de04        0x0 binaries/rflinit.o
 .data          0x000000000011de04        0x0 binaries/rflputc.o
 .data          0x000000000011de04        0x0 binaries/rflread.o
 .data          0x000000000011de04        0x0 binaries/rflseek.o
 .data          0x000000000011de04        0x0 binaries/rflwrite.o
 .data          0x000000000011de04        0x0 binaries/rfscomm.o
 .data          0x000000000011de04        0x0 binaries/rfscontrol.o
 .data          0x000000000011de04        0x0 binaries/rfsgetmode.o
 .data          0x000000000011de04        0x0 binaries/rfsinit.o
 .data          0x000000000011de04        0x0 binaries/rfsndmsg.o
 .data          0x000000000011de04        0x0 binaries/rfsopen.o
 .data          0x000000000011de04        0x0 binaries/arp.o
 .data          0x000000000011de04        0x0 binaries/dhcp.o
 .data          0x000000000011de04        0x0 binaries/dot2ip.o
 .data          0x000000000011de04        0x0 binaries/hexdump.o
 .data          0x000000000011de04        0x4 binaries/icmp.o
 .data          0x000000000011de08        0x0 binaries/ip.o
 .data          0x000000000011de08        0x0 binaries/net.o
 .data          0x000000000011de08        0x0 binaries/netstart.o
 .data          0x000000000011de08        0x0 binaries/pdump.o
 .data          0x000000000011de08        0x0 binaries/tftp.o
 .data          0x000000000011de08        0x4 binaries/udp.o
 .data          0x000000000011de0c        0x0 binaries/addargs.o
 .data          0x000000000011de0c        0x0 binaries/lexan.o
 .data          0x000000000011de0c        0x4 binaries/shell.o
                0x000000000011de0c                ncmd
 *fill*         0x000000000011de10       0x10 
 .data.rel.ro   0x000000000011de20       0xfc binaries/shell.o
                0x000000000011de20                cmdtab
 .data          0x000000000011df1c        0x0 binaries/xsh_argecho.o
 .data          0x000000000011df1c        0x0 binaries/xsh_arp.o
 .data          0x000000000011df1c        0x0 binaries/xsh_cat.o
 .data          0x000000000011df1c        0x0 binaries/xsh_clear.o
 .data          0x000000000011df1c        0x0 binaries/xsh_date.o