
Allocating common symbols
Common symbol       size              file

netbufpool          0x4               binaries/net.o
remote_debug        0x4               binaries/i386-stub.o
readylist           0x2               binaries/ready.o
rfltab              0x5a0             binaries/rflinit.o
sleepq              0x2               binaries/clkinit.o
nnames              0x4               binaries/naminit.o
registers           0x40              binaries/i386-stub.o
udptab              0x168             binaries/udp.o
minheap             0x4               binaries/meminit.o
marks               0x50              binaries/mark.o
currpid             0x4               binaries/initialize.o
Lf_data             0x20c             binaries/lfsinit.o
porttab             0x2d0             binaries/ptinit.o
girmask             0x2               binaries/evec.o
ttytab              0x10c             binaries/ttyinit.o
proctab             0x20d0            binaries/initialize.o
sendWaitcount       0x4               binaries/initialize.o
prcount             0x4               binaries/initialize.o
lfltab              0xf00             binaries/lflinit.o
rdstab              0x8c              binaries/rdsinit.o
ethertab            0x138             binaries/ethinit.o
NetData             0xa8              binaries/net.o
nmarks              0x4               binaries/mark.o
Defer               0x8               binaries/resched.o
semtab              0x4b0             binaries/initialize.o
maxheap             0x4               binaries/meminit.o
preempt             0x4               binaries/clkinit.o
buftab              0xf0              binaries/bufinit.o
Rf_data             0x18              binaries/rfsinit.o
mkmutex             0x4               binaries/mark.o
remcomStack         0x2710            binaries/i386-stub.o
clktime             0x4               binaries/clkinit.o
arpcache            0x140             binaries/arp.o
icmptab             0x230             binaries/icmp.o
nbpools             0x4               binaries/bufinit.o
queuetab            0xfc0             binaries/queue.o
ptnextid            0x4               binaries/ptinit.o
Ram                 0x19000           binaries/raminit.o
gdb_i386errcode     0x4               binaries/i386-stub.o
ipoqueue            0x2c              binaries/ip.o
memlist             0x8               binaries/initialize.o
nametab             0x19a0            binaries/naminit.o
ptfree              0x4               binaries/ptinit.o

Discarded input sections

 .group         0x0000000000000000        0x8 binaries/ascdate.o
 .group         0x0000000000000000        0x8 binaries/bufinit.o
 .group         0x0000000000000000        0x8 binaries/cbreg.o
 .text.__x86.get_pc_thunk.bx
                0x0000000000000000        0x4 binaries/cbreg.o
 .group         0x0000000000000000        0x8 binaries/chprio.o
 .text.__x86.get_pc_thunk.bx
                0x0000000000000000        0x4 binaries/chprio.o
 .group         0x0000000000000000        0x8 binaries/clkhandler.o
 .text.__x86.get_pc_thunk.bx
                0x0000000000000000        0x4 binaries/clkhandler.o
 .group         0x0000000000000000        0x8 binaries/clkinit.o
 .text.__x86.get_pc_thunk.bx
                0x0000000000000000        0x4 binaries/clkinit.o
 .group         0x0000000000000000        0x8 binaries/close.o
 .text.__x86.get_pc_thunk.bx
                0x0000000000000000        0x4 binaries/close.o
 .group         0x0000000000000000        0x8 binaries/control.o
 .text.__x86.get_pc_thunk.bx
                0x0000000000000000        0x4 binaries/control.o
 .group         0x0000000000000000        0x8 binaries/create.o
 .text.__x86.get_pc_thunk.bx
                0x0000000000000000        0x4 binaries/create.o
 .group         0x0000000000000000        0x8 binaries/early_imr.o
 .text.__x86.get_pc_thunk.bx
                0x0000000000000000        0x4 binaries/early_imr.o
 .group         0x0000000000000000        0x8 binaries/evec.o
 .text.__x86.get_pc_thunk.bx
                0x0000000000000000        0x4 binaries/evec.o
 .group         0x0000000000000000        0x8 binaries/freebuf.o
 .text.__x86.get_pc_thunk.bx
                0x0000000000000000        0x4 binaries/freebuf.o
 .group         0x0000000000000000        0x8 binaries/freemem.o
 .text.__x86.get_pc_thunk.bx
                0x0000000000000000        0x4 binaries/freemem.o
 .group         0x0000000000000000        0x8 binaries/getbuf.o
 .text.__x86.get_pc_thunk.bx
                0x0000000000000000        0x4 binaries/getbuf.o
 .group         0x0000000000000000        0x8 binaries/getc.o
 .text.__x86.get_pc_thunk.bx
                0x0000000000000000        0x4 binaries/getc.o
 .group         0x0000000000000000        0x8 binaries/getdev.o
 .text.__x86.get_pc_thunk.bx
                0x0000000000000000        0x4 binaries/getdev.o
 .group         0x0000000000000000        0x8 binaries/getitem.o
 .group         0x0000000000000000        0x8 binaries/getitem.o
[...]
Memory Configuration

Name             Origin             Length             Attributes
*default*        0x0000000000000000 0xffffffffffffffff

Linker script and memory map

                0x0000000000100000                physbase = 0x100000
                0x0000000000100000                . = physbase
                0x0000000000100000                . = ALIGN (0x1000)

.text           0x0000000000100000    0x18000
                0x0000000000100000                text = ABSOLUTE (.)
 *(.text .text.*)
 .text          0x0000000000100000      0x1a8 binaries/start.o
                0x0000000000100024                start
                0x00000000001000f6                inb
                0x00000000001000fe                inw
                0x0000000000100107                inl
                0x000000000010010f                outb
                0x0000000000100119                outw
                0x0000000000100124                outl
                0x000000000010012e                _rtcin
                0x0000000000100139                ___udivsi3
                0x0000000000100144                ___divsi3
                0x0000000000100150                sbzero
                0x0000000000100160                bcopy
                0x0000000000100174                insw
                0x000000000010018a                outsw
                0x00000000001001a0                lidt
 .text          0x00000000001001a8      0x2e5 binaries/ascdate.o
                0x00000000001001a8                ascdate
 .text.__x86.get_pc_thunk.bx
                0x000000000010048d        0x4 binaries/ascdate.o
                0x000000000010048d                __x86.get_pc_thunk.bx
 .text          0x0000000000100491       0x1c binaries/bufinit.o
                0x0000000000100491                bufinit
 .text.__x86.get_pc_thunk.ax
                0x00000000001004ad        0x4 binaries/bufinit.o
                0x00000000001004ad                __x86.get_pc_thunk.ax
 .text          0x00000000001004b1       0x91 binaries/cbreg.o
                0x00000000001004b1                cbreg
 .text          0x0000000000100542       0x7d binaries/chprio.o
                0x0000000000100542                chprio
 .text          0x00000000001005bf       0x8f binaries/clkhandler.o
                0x00000000001005bf                clkhandler
 .text          0x000000000010064e       0x6e binaries/clkinit.o
                0x000000000010064e                clkinit
 .text          0x00000000001006bc       0x5c binaries/close.o
                0x00000000001006bc                close
 .text          0x0000000000100718        0x0 binaries/conf.o
 .text          0x0000000000100718       0x65 binaries/control.o
                0x0000000000100718                control
 .text          0x000000000010077d      0x23d binaries/create.o
                0x000000000010077d                create
 .text          0x00000000001009ba      0x23b binaries/early_imr.o
                0x00000000001009ba                intel_cln_early_sb_read_reg
                0x0000000000100a21                intel_cln_early_sb_write_reg
                0x0000000000100ae0                remove_irm_protections
 .text          0x0000000000100bf5      0x36d binaries/evec.o
                0x0000000000100bf5                setirmask
                0x0000000000100c46                set_evec
                0x0000000000100cba                initevec
                0x0000000000100d9b                trap
 .text          0x0000000000100f62       0x91 binaries/freebuf.o
                0x0000000000100f62                freebuf
 .text          0x0000000000100ff3      0x123 binaries/freemem.o
                0x0000000000100ff3                freemem
 .text          0x0000000000101116       0x75 binaries/getbuf.o
                0x0000000000101116                getbuf
 .text          0x000000000010118b       0x5c binaries/getc.o
                0x000000000010118b                getc
 .text          0x00000000001011e7       0x79 binaries/getdev.o
                0x00000000001011e7                getdev
 .text          0x0000000000101260       0x96 binaries/getitem.o
                0x0000000000101260                getitem
                0x0000000000101293                getfirst
                0x00000000001012c3                getlast
 .text.__x86.get_pc_thunk.dx
                0x00000000001012f6        0x4 binaries/getitem.o
                0x00000000001012f6                __x86.get_pc_thunk.dx
 .text          0x00000000001012fa       0xce binaries/getmem.o
                0x00000000001012fa                getmem
 .text          0x00000000001013c8       0x13 binaries/getpid.o
                0x00000000001013c8                getpid
 .text          0x00000000001013db       0x6e binaries/getprio.o
                0x00000000001013db                getprio
 .text          0x0000000000101449       0xc0 binaries/getstk.o
                0x0000000000101449                getstk
 .text          0x0000000000101509       0x41 binaries/gettime.o
                0x0000000000101509                gettime
 .text          0x000000000010154a      0x1d5 binaries/getutime.o
                0x000000000010154a                getutime
 .text          0x000000000010171f     0x14de binaries/i386-stub.o
                0x000000000010171f                return_to_prog
                0x000000000010179c                _catchException3
                0x000000000010182d                _catchException1
                0x00000000001018be                _catchException0
                0x000000000010194f                _catchException4
                0x00000000001019e0                _catchException5
                0x0000000000101a71                _catchException6
                0x0000000000101b02                _catchException7
                0x0000000000101b93                _catchException8
                0x0000000000101c2b                _catchException9
                0x0000000000101cbc                _catchException10
                0x0000000000101d54                _catchException12
                0x0000000000101dec                _catchException16
                0x0000000000101e7d                _catchException13
                0x0000000000101f22                _catchException11
                0x0000000000101fc7                _catchException14
                0x000000000010207a                set_mem_err
                0x000000000010208f                putDebugChar
                0x00000000001020b0                getDebugChar
                0x00000000001020df                exceptionHandler
                0x0000000000102100                _returnFromException
                0x0000000000102119                hex
                0x0000000000102150                send_gdb_header
                0x0000000000102162                getpacket
                0x00000000001022c0                putpacket
                0x0000000000102361                debug_error
                0x0000000000102395                get_char
                0x000000000010239d                set_char
                0x00000000001023a8                mem2hex
                0x000000000010244f                hex2mem
                0x00000000001024fc                computeSignal
                0x0000000000102567                hexToInt
                0x00000000001025ba                handle_exception
                0x0000000000102ace                set_debug_traps
                0x0000000000102be8                breakpoint
 .text.__x86.get_pc_thunk.cx
                0x0000000000102bfd        0x4 binaries/i386-stub.o
                0x0000000000102bfd                __x86.get_pc_thunk.cx
 .text.__x86.get_pc_thunk.si
                0x0000000000102c01        0x4 binaries/i386-stub.o
                0x0000000000102c01                __x86.get_pc_thunk.si
 .text.__x86.get_pc_thunk.bp
                0x0000000000102c05        0x4 binaries/i386-stub.o
                0x0000000000102c05                __x86.get_pc_thunk.bp
 .text          0x0000000000102c09       0x5c binaries/init.o
                0x0000000000102c09                init
 .text          0x0000000000102c65      0x28e binaries/initialize.o
                0x0000000000102c65                nulluser
                0x0000000000102e9e                stop
                0x0000000000102ed0                delay
 .text          0x0000000000102ef3       0x98 binaries/insert.o
                0x0000000000102ef3                insert
 .text.__x86.get_pc_thunk.di
                0x0000000000102f8b        0x4 binaries/insert.o
                0x0000000000102f8b                __x86.get_pc_thunk.di
 .text          0x0000000000102f8f       0xf7 binaries/insertd.o
                0x0000000000102f8f                insertd
 .text          0x0000000000103086        0x6 binaries/ioerr.o
                0x0000000000103086                ioerr
 .text          0x000000000010308c        0x6 binaries/ionull.o
                0x000000000010308c                ionull
 .text          0x0000000000103092      0x18d binaries/kill.o
                0x0000000000103092                kill
 .text          0x000000000010321f       0xe2 binaries/kprintf.o
                0x000000000010321f                kputc
                0x000000000010325d                console_init
                0x00000000001032a1                kgetc
                0x00000000001032d0                kprintf
 .text          0x0000000000103301      0x3fe binaries/main.o
                0x0000000000103301                receiver
                0x000000000010333e                receiver_callback
                0x0000000000103374                sender
                0x00000000001033d6                sender_no_blk
                0x0000000000103424                test_reg_cb
                0x000000000010345d                main
 .text          0x00000000001036ff       0xb3 binaries/mark.o
                0x00000000001036ff                markinit
                0x000000000010372e                mark
 .text          0x00000000001037b2      0x22c binaries/meminit.o
                0x00000000001037b2                meminit
                0x0000000000103958                setsegs
 .text          0x00000000001039de      0x14a binaries/mkbufpool.o
                0x00000000001039de                mkbufpool
 .text          0x0000000000103b28       0x5e binaries/newqueue.o
                0x0000000000103b28                newqueue
 .text          0x0000000000103b86       0x64 binaries/open.o
                0x0000000000103b86                open
 .text          0x0000000000103bea       0x2c binaries/panic.o
                0x0000000000103bea                panic
 .text          0x0000000000103c16      0x280 binaries/pci.o
                0x0000000000103c16                pci_init
                0x0000000000103c1c                find_pci_device
                0x0000000000103cde                pci_read_config_byte
                0x0000000000103d1b                pci_read_config_word
                0x0000000000103d5a                pci_read_config_dword
                0x0000000000103d97                pci_write_config_byte
                0x0000000000103dd2                pci_write_config_word
                0x0000000000103e0e                pci_write_config_dword
                0x0000000000103e49                pci_get_dev_mmio_base_addr
 .text          0x0000000000103e96       0x68 binaries/platinit.o
                0x0000000000103e96                platinit
 .text          0x0000000000103efe       0xab binaries/ptclear.o
                0x0000000000103efe                _ptclear
 .text          0x0000000000103fa9       0x9f binaries/ptcount.o
                0x0000000000103fa9                ptcount
 .text          0x0000000000104048       0xf4 binaries/ptcreate.o
                0x0000000000104048                ptcreate
 .text          0x000000000010413c       0x70 binaries/ptdelete.o
                0x000000000010413c                ptdelete
 .text          0x00000000001041ac       0xa0 binaries/ptinit.o
                0x00000000001041ac                ptinit
 .text          0x000000000010424c      0x123 binaries/ptrecv.o
                0x000000000010424c                ptrecv
 .text          0x000000000010436f       0x68 binaries/ptreset.o
                0x000000000010436f                ptreset
 .text          0x00000000001043d7      0x15c binaries/ptsend.o
                0x00000000001043d7                ptsend
 .text          0x0000000000104533       0x6e binaries/putc.o
                0x0000000000104533                putc
 .text          0x00000000001045a1       0xc3 binaries/quark_irq.o
                0x00000000001045a1                quark_irq_routing
 .text          0x0000000000104664      0x1bb binaries/quark_pdat.o
                0x0000000000104664                get_quark_pdat_entry_data_by_id
                0x000000000010473d                get_quark_pdat_entry_data_by_desc
 .text          0x000000000010481f       0xc6 binaries/queue.o
                0x000000000010481f                enqueue
                0x000000000010488a                dequeue
 .text          0x00000000001048e5       0x64 binaries/read.o
                0x00000000001048e5                read
 .text          0x0000000000104949       0x79 binaries/ready.o
                0x0000000000104949                ready
 .text          0x00000000001049c2      0x142 binaries/receive.o
                0x00000000001049c2                receive
 .text          0x0000000000104b04       0x63 binaries/recvclr.o
                0x0000000000104b04                recvclr
 .text          0x0000000000104b67       0xcc binaries/recvtime.o
                0x0000000000104b67                recvtime
 .text          0x0000000000104c33      0x217 binaries/resched.o
                0x0000000000104c33                resched
                0x0000000000104dbd                resched_cntl
 .text          0x0000000000104e4a       0x95 binaries/resume.o
                0x0000000000104e4a                resume
 .text          0x0000000000104edf       0x60 binaries/seek.o
                0x0000000000104edf                seek
 .text          0x0000000000104f3f       0x65 binaries/semcount.o
                0x0000000000104f3f                semcount
 .text          0x0000000000104fa4       0xb5 binaries/semcreate.o
                0x0000000000104fa4                semcreate
 .text          0x0000000000105059       0xe0 binaries/semdelete.o
                0x0000000000105059                semdelete
 .text          0x0000000000105139       0xc0 binaries/semreset.o
                0x0000000000105139                semreset
 .text          0x00000000001051f9      0x108 binaries/sendblk.o
                0x00000000001051f9                sendblk
 .text          0x0000000000105301       0xce binaries/send.o
                0x0000000000105301                send
 .text          0x00000000001053cf       0xa9 binaries/signal.o
                0x00000000001053cf                signal
 .text          0x0000000000105478       0xe9 binaries/signaln.o
                0x0000000000105478                signaln
 .text          0x0000000000105561       0xd7 binaries/sleep.o
                0x0000000000105561                sleepms
                0x0000000000105602                sleep
 .text          0x0000000000105638       0xce binaries/suspend.o
                0x0000000000105638                suspend
 .text          0x0000000000105706       0x9f binaries/unsleep.o
                0x0000000000105706                unsleep
 .text          0x00000000001057a5       0x22 binaries/userret.o
                0x00000000001057a5                userret
 .text          0x00000000001057c7       0xc6 binaries/wait.o
                0x00000000001057c7                wait
 .text          0x000000000010588d       0x88 binaries/wakeup.o
                0x000000000010588d                wakeup
 .text          0x0000000000105915       0x64 binaries/write.o
                0x0000000000105915                write
 .text          0x0000000000105979       0x25 binaries/xdone.o
                0x0000000000105979                xdone
 .text          0x000000000010599e       0x30 binaries/yield.o
                0x000000000010599e                yield
 .text          0x00000000001059ce        0xe binaries/abs.o
                0x00000000001059ce                abs
 .text          0x00000000001059dc       0x60 binaries/atoi.o
                0x00000000001059dc                atoi
 .text          0x0000000000105a3c       0x60 binaries/atol.o
                0x0000000000105a3c                atol
 .text          0x0000000000105a9c       0x18 binaries/bzero.o
                0x0000000000105a9c                bzero
 .text          0x0000000000105ab4        0x0 binaries/ctype_.o
 .text          0x0000000000105ab4      0x83f binaries/doprnt.o
                0x0000000000105c2a                _doprnt
 .text          0x00000000001062f3      0x776 binaries/doscan.o
                0x00000000001062f3                _doscan
 .text          0x0000000000106a69      0x7a9 binaries/fdoprnt.o
                0x0000000000106aef                _fdoprnt
 .text          0x0000000000107212       0x2b binaries/fgetc.o
                0x0000000000107212                fgetc
 .text          0x000000000010723d       0x68 binaries/fgets.o
                0x000000000010723d                fgets
 .text          0x00000000001072a5       0x31 binaries/fprintf.o
                0x00000000001072a5                fprintf
 .text          0x00000000001072d6       0x36 binaries/fputc.o
                0x00000000001072d6                fputc
 .text          0x000000000010730c       0x45 binaries/fputs.o
                0x000000000010730c                fputs
 .text          0x0000000000107351       0x88 binaries/fscanf.o
                0x0000000000107398                fscanf
 .text          0x00000000001073d9       0x35 binaries/getchar.o
                0x00000000001073d9                getchar
 .text          0x000000000010740e        0xe binaries/labs.o
                0x000000000010740e                labs
 .text          0x000000000010741c       0x34 binaries/memchr.o
                0x000000000010741c                memchr
 .text          0x0000000000107450       0x47 binaries/memcmp.o
                0x0000000000107450                memcmp
 .text          0x0000000000107497       0x25 binaries/memcpy.o
                0x0000000000107497                memcpy
 .text          0x00000000001074bc       0x1e binaries/memset.o
                0x00000000001074bc                memset
 .text          0x00000000001074da       0x49 binaries/printf.o
                0x00000000001074da                printf
 .text          0x0000000000107523       0x39 binaries/putchar.o
                0x0000000000107523                putchar
 .text          0x000000000010755c      0x22b binaries/qsort.o
                0x000000000010774f                qsort
 .text          0x0000000000107787       0x3e binaries/rand.o
                0x0000000000107787                srand
                0x000000000010779c                rand
 .text          0x00000000001077c5       0x58 binaries/sprintf.o
                0x00000000001077dc                sprintf
 .text          0x000000000010781d       0x68 binaries/sscanf.o
                0x0000000000107846                sscanf
 .text          0x0000000000107885       0x2f binaries/strchr.o
                0x0000000000107885                strchr
 .text          0x00000000001078b4       0x41 binaries/strcmp.o
                0x00000000001078b4                strcmp
 .text          0x00000000001078f5       0x1a binaries/strcpy.o
                0x00000000001078f5                strcpy
 .text          0x000000000010790f       0x1c binaries/strlen.o
                0x000000000010790f                strlen
 .text          0x000000000010792b       0x3a binaries/strncat.o
                0x000000000010792b                strncat
 .text          0x0000000000107965       0x36 binaries/strncmp.o
                0x0000000000107965                strncmp
 .text          0x000000000010799b       0x57 binaries/strncpy.o
                0x000000000010799b                strncpy
 .text          0x00000000001079f2       0x2e binaries/strnlen.o
                0x00000000001079f2                strnlen
 .text          0x0000000000107a20       0x34 binaries/strrchr.o
                0x0000000000107a20                strrchr
 .text          0x0000000000107a54       0x75 binaries/strstr.o
                0x0000000000107a54                strstr
 .text          0x0000000000107ac9      0x164 binaries/ttycontrol.o
                0x0000000000107ac9                ttycontrol
 .text          0x0000000000107c2d       0xda binaries/ttygetc.o
                0x0000000000107c2d                ttygetc
 .text          0x0000000000107d07      0x4f5 binaries/ttyhandle_in.o
                0x0000000000107dc7                ttyhandle_in
 .text          0x00000000001081fc      0x181 binaries/ttyhandle_out.o
                0x00000000001081fc                ttyhandle_out
 .text          0x000000000010837d       0x93 binaries/ttyhandler.o
                0x000000000010837d                ttyhandler
 .text          0x0000000000108410      0x17a binaries/ttyinit.o
                0x0000000000108410                ttyinit
 .text          0x000000000010858a        0xc binaries/ttykickout.o
                0x000000000010858a                ttykickout
 .text          0x0000000000108596       0xf0 binaries/ttyputc.o
                0x0000000000108596                ttyputc
 .text          0x0000000000108686      0x143 binaries/ttyread.o
                0x0000000000108686                ttyread
 .text          0x00000000001087c9       0x59 binaries/ttywrite.o
                0x00000000001087c9                ttywrite
 .text          0x0000000000108822      0x152 binaries/mount.o
                0x0000000000108822                namlen
                0x0000000000108858                mount
 .text          0x0000000000108974      0x1f2 binaries/naminit.o
                0x0000000000108974                naminit
 .text          0x0000000000108b66      0x231 binaries/nammap.o
                0x0000000000108b66                namrepl
                0x0000000000108ca3                namcpy
                0x0000000000108cee                nammap
 .text          0x0000000000108d97       0x5b binaries/namopen.o
                0x0000000000108d97                namopen
 .text          0x0000000000108df2       0xfc binaries/colon2mac.o
                0x0000000000108df2                colon2mac
 .text          0x0000000000108eee       0x8d binaries/ethcontrol.o
                0x0000000000108eee                ethcontrol
 .text          0x0000000000108f7b      0x1bc binaries/ethhandler.o
                0x0000000000108f7b                ethhandler
 .text          0x0000000000109137      0x573 binaries/ethinit.o
                0x0000000000109137                eth_phy_read
                0x0000000000109172                eth_phy_write
                0x00000000001091b0                eth_phy_reset
                0x0000000000109285                ethinit
 .text          0x00000000001096aa      0x10d binaries/ethmcast.o
                0x00000000001096aa                ethmcast_add
                0x00000000001096fe                ethmcast_remove
 .text          0x00000000001097b7      0x1d8 binaries/ethread.o
                0x00000000001097b7                ethread
 .text          0x000000000010998f       0xdf binaries/ethwrite.o
                0x000000000010998f                ethwrite
 .text          0x0000000000109a6e       0x73 binaries/rdsbufalloc.o
                0x0000000000109a6e                rdsbufalloc
 .text          0x0000000000109ae1       0xb7 binaries/rdsclose.o
                0x0000000000109ae1                rdsclose
 .text          0x0000000000109b98      0x22d binaries/rdscomm.o
                0x0000000000109b98                rdscomm
 .text          0x0000000000109dc5      0x1d8 binaries/rdscontrol.o
                0x0000000000109dc5                rdscontrol
 .text          0x0000000000109f9d      0x201 binaries/rdsinit.o
                0x0000000000109f9d                rdsinit
 .text          0x000000000010a19e      0x1a4 binaries/rdsopen.o
                0x000000000010a19e                rdsopen
 .text          0x000000000010a342      0x2e5 binaries/rdsprocess.o
                0x000000000010a342                rdsprocess
 .text          0x000000000010a627      0x209 binaries/rdsread.o
                0x000000000010a627                rdsread
 .text          0x000000000010a830      0x1b3 binaries/rdswrite.o
                0x000000000010a830                rdswrite
 .text          0x000000000010a9e3        0x6 binaries/ramclose.o
                0x000000000010a9e3                ramclose
 .text          0x000000000010a9e9       0x42 binaries/raminit.o
                0x000000000010a9e9                raminit
 .text          0x000000000010aa2b        0x7 binaries/ramopen.o
                0x000000000010aa2b                ramopen
 .text          0x000000000010aa32       0x35 binaries/ramread.o
                0x000000000010aa32                ramread
 .text          0x000000000010aa67       0x35 binaries/ramwrite.o
                0x000000000010aa67                ramwrite
 .text          0x000000000010aa9c       0xa3 binaries/lfdballoc.o
                0x000000000010aa9c                lfdballoc
 .text          0x000000000010ab3f       0x5c binaries/lfdbfree.o
                0x000000000010ab3f                lfdbfree
 .text          0x000000000010ab9b       0xb5 binaries/lfflush.o
                0x000000000010ab9b                lfflush
 .text          0x000000000010ac50       0x74 binaries/lfgetmode.o
                0x000000000010ac50                lfgetmode
 .text          0x000000000010acc4       0x70 binaries/lfiballoc.o
                0x000000000010acc4                lfiballoc
 .text          0x000000000010ad34       0x25 binaries/lfibclear.o
                0x000000000010ad34                lfibclear
 .text          0x000000000010ad59       0x8f binaries/lfibget.o
                0x000000000010ad59                lfibget
 .text          0x000000000010ade8       0xa8 binaries/lfibput.o
                0x000000000010ade8                lfibput
 .text          0x000000000010ae90       0xc1 binaries/lflclose.o
                0x000000000010ae90                lflclose
 .text          0x000000000010af51       0xdb binaries/lflcontrol.o
                0x000000000010af51                lflcontrol
 .text          0x000000000010b02c      0x118 binaries/lflgetc.o
                0x000000000010b02c                lflgetc
 .text          0x000000000010b144       0xf6 binaries/lflinit.o
                0x000000000010b144                lflinit
 .text          0x000000000010b23a      0x150 binaries/lflputc.o
                0x000000000010b23a                lflputc
 .text          0x000000000010b38a       0x77 binaries/lflread.o
                0x000000000010b38a                lflread
 .text          0x000000000010b401       0xda binaries/lflseek.o
                0x000000000010b401                lflseek
 .text          0x000000000010b4db       0x65 binaries/lflwrite.o
                0x000000000010b4db                lflwrite
 .text          0x000000000010b540      0x14f binaries/lfsckfmt.o
                0x000000000010b540                lfsckfmt
 .text          0x000000000010b68f      0x1d3 binaries/lfscreate.o
                0x000000000010b68f                lfscreate
 .text          0x000000000010b862      0x1f7 binaries/lfsetup.o
                0x000000000010b862                lfsetup
 .text          0x000000000010ba59       0x52 binaries/lfsinit.o
                0x000000000010ba59                lfsinit
 .text          0x000000000010baab      0x33f binaries/lfsopen.o
                0x000000000010baab                lfsopen
 .text          0x000000000010bdea      0x151 binaries/lftruncate.o
                0x000000000010bdea                lftruncate
 .text          0x000000000010bf3b       0x83 binaries/rflclose.o
                0x000000000010bf3b                rflclose
 .text          0x000000000010bfbe       0x38 binaries/rflgetc.o
                0x000000000010bfbe                rflgetc
 .text          0x000000000010bff6       0x80 binaries/rflinit.o
                0x000000000010bff6                rflinit
 .text          0x000000000010c076       0x3b binaries/rflputc.o
                0x000000000010c076                rflputc
 .text          0x000000000010c0b1      0x33b binaries/rflread.o
                0x000000000010c0b1                rflread
 .text          0x000000000010c3ec       0x87 binaries/rflseek.o
                0x000000000010c3ec                rflseek
 .text          0x000000000010c473      0x360 binaries/rflwrite.o
                0x000000000010c473                rflwrite
 .text          0x000000000010c7d3      0x1a6 binaries/rfscomm.o
                0x000000000010c7d3                rfscomm
 .text          0x000000000010c979      0x27f binaries/rfscontrol.o
                0x000000000010c979                rfscontrol
 .text          0x000000000010cbf8       0x74 binaries/rfsgetmode.o
                0x000000000010cbf8                rfsgetmode
 .text          0x000000000010cc6c       0x98 binaries/rfsinit.o
                0x000000000010cc6c                rfsinit
 .text          0x000000000010cd04       0xca binaries/rfsndmsg.o
                0x000000000010cd04                rfsndmsg
 .text          0x000000000010cdce      0x286 binaries/rfsopen.o
                0x000000000010cdce                rfsopen
 .text          0x000000000010d054      0x6c0 binaries/arp.o
                0x000000000010d054                arp_init
                0x000000000010d07b                arp_alloc
                0x000000000010d12c                arp_ntoh
                0x000000000010d196                arp_hton
                0x000000000010d200                arp_resolve
                0x000000000010d4a5                arp_in
 .text          0x000000000010d714      0x5ea binaries/dhcp.o
                0x000000000010d714                dhcp_get_opt_val
                0x000000000010d765                dhcp_bld_bootp_msg
                0x000000000010d843                dhcp_bld_disc
                0x000000000010d893                dhcp_bld_req
                0x000000000010d939                getlocalip
 .text          0x000000000010dcfe       0xc6 binaries/dot2ip.o
                0x000000000010dcfe                dot2ip
 .text          0x000000000010ddc4      0x3cf binaries/hexdump.o
                0x000000000010ddc4                hexdump
                0x000000000010df56                hexadump
 .text          0x000000000010e193      0x778 binaries/icmp.o
                0x000000000010e193                icmp_init
                0x000000000010e1b7                icmp_register
                0x000000000010e26b                icmp_recv
                0x000000000010e426                icmp_mkpkt
                0x000000000010e51d                icmp_in
                0x000000000010e6c3                icmp_send
                0x000000000010e746                icmp_release
                0x000000000010e889                icmp_cksum
                0x000000000010e8e3                icmp_hton
                0x000000000010e8f7                icmp_ntoh
 .text          0x000000000010e90b      0x648 binaries/ip.o
                0x000000000010e90b                ip_local
                0x000000000010e958                ipcksum
                0x000000000010e9a6                ip_ntoh
                0x000000000010ea10                ip_in
                0x000000000010eb59                ip_hton
                0x000000000010ebc3                ip_out
                0x000000000010ec83                ip_send
                0x000000000010edad                ipout
                0x000000000010eeb0                ip_enqueue
 .text          0x000000000010ef53      0x1cc binaries/net.o
                0x000000000010ef53                net_init
                0x000000000010f061                eth_hton
                0x000000000010f06b                eth_ntoh
                0x000000000010f075                netin
 .text          0x000000000010f11f       0xd9 binaries/netstart.o
                0x000000000010f11f                netstart
 .text          0x000000000010f1f8      0xae9 binaries/pdump.o
                0x000000000010f1f8                pdump
                0x000000000010f835                pdumph
 .text          0x000000000010fce1      0x5ff binaries/tftp.o
                0x000000000010fce1                tftp_send1
                0x000000000010fe03                tftpget_mb
                0x00000000001102b9                tftpget
 .text          0x00000000001102e0      0xa9c binaries/udp.o
                0x00000000001102e0                udp_init
                0x0000000000110323                udp_in
                0x000000000011043f                udp_register
                0x000000000011055a                udp_recv
                0x00000000001106ff                udp_recvaddr
                0x00000000001108b8                udp_send
                0x0000000000110a85                udp_sendto
                0x0000000000110c11                udp_release
                0x0000000000110d54                udp_ntoh
                0x0000000000110d68                udp_hton
 .text          0x0000000000110d7c      0x13c binaries/addargs.o
                0x0000000000110d7c                addargs
 .text          0x0000000000110eb8      0x234 binaries/lexan.o
                0x0000000000110eb8                lexan
 .text          0x00000000001110ec      0x642 binaries/shell.o
                0x00000000001110ec                shell
 .text          0x000000000011172e       0x6e binaries/xsh_argecho.o
                0x000000000011172e                xsh_argecho
 .text          0x000000000011179c      0x244 binaries/xsh_arp.o
                0x000000000011179c                xsh_arp
 .text          0x00000000001119e0      0x25f binaries/xsh_cat.o
                0x00000000001119e0                xsh_cat
 .text          0x0000000000111c3f       0x6d binaries/xsh_clear.o
                0x0000000000111c3f                xsh_clear
 .text          0x0000000000111cac      0x2bc binaries/xsh_date.o
                0x0000000000111cac                xsh_date
 .text          0x0000000000111f68       0xa7 binaries/xsh_devdump.o
                0x0000000000111f68                xsh_devdump
 .text          0x000000000011200f       0x77 binaries/xsh_echo.o
                0x000000000011200f                xsh_echo
 .text          0x0000000000112086        0x6 binaries/xsh_exit.o
                0x0000000000112086                xsh_exit
 .text          0x000000000011208c      0x37e binaries/xsh_help.o
                0x000000000011208c                xsh_help
 .text          0x000000000011240a      0x386 binaries/xsh_ipaddr.o
                0x000000000011240a                xsh_ipaddr
 .text          0x0000000000112790      0x1ff binaries/xsh_kill.o
                0x0000000000112790                xsh_kill
 .text          0x000000000011298f      0x436 binaries/xsh_memdump.o
                0x0000000000112a39                xsh_memdump
 .text          0x0000000000112dc5      0x221 binaries/xsh_memstat.o
                0x0000000000112dc5                xsh_memstat
 .text          0x0000000000112fe6      0x311 binaries/xsh_ping.o
                0x0000000000112fe6                xsh_ping
 .text          0x00000000001132f7      0x1d6 binaries/xsh_ps.o
                0x00000000001132f7                xsh_ps
 .text          0x00000000001134cd      0x1da binaries/xsh_sleep.o
                0x00000000001134cd                xsh_sleep
 .text          0x00000000001136a7      0x217 binaries/xsh_udpdump.o
                0x00000000001136a7                xsh_udpdump
 .text          0x00000000001138be      0x46d binaries/xsh_udpecho.o
                0x00000000001138be                xsh_udpecho
 .text          0x0000000000113d2b      0x2a6 binaries/xsh_udpeserver.o
                0x0000000000113d2b                xsh_udpeserver
 .text          0x0000000000113fd1      0x1f2 binaries/xsh_uptime.o
                0x0000000000113fd1                xsh_uptime
 .text          0x00000000001141c3        0xe binaries/clkdisp.o
                0x00000000001141c3                clkdisp
 .text          0x00000000001141d1       0x19 binaries/ctxsw.o
                0x00000000001141d1                ctxsw
 .text          0x00000000001141ea      0x368 binaries/intr.o
                0x00000000001141ea                disable
                0x00000000001141f3                restore
                0x0000000000114201                enable
                0x0000000000114203                pause
                0x000000000011420a                halt
                0x000000000011420d                spurious_irq7
                0x0000000000114212                spurious_irq15
                0x0000000000114221                _Xint0
                0x000000000011422c                _Xint1
                0x0000000000114237                _Xint2
                0x0000000000114242                _Xint3
                0x000000000011424d                _Xint4
                0x0000000000114258                _Xint5
                0x0000000000114263                _Xint6
                0x000000000011426e                _Xint7
                0x0000000000114279                _Xint8
                0x0000000000114284                _Xint9
                0x000000000011428f                _Xint10
                0x000000000011429a                _Xint11
                0x00000000001142a8                _Xint12
                0x00000000001142b6                _Xint13
                0x00000000001142c4                _Xint14
                0x00000000001142d2                _Xint15
                0x00000000001142e0                _Xint16
                0x00000000001142ee                _Xint17
                0x00000000001142fc                _Xint18
                0x000000000011430a                _Xint19
                0x0000000000114318                _Xint20
                0x0000000000114326                _Xint21
                0x0000000000114334                _Xint22
                0x0000000000114342                _Xint23
                0x0000000000114350                _Xint24
                0x000000000011435e                _Xint25
                0x000000000011436c                _Xint26
                0x000000000011437a                _Xint27
                0x0000000000114388                _Xint28
                0x0000000000114396                _Xint29
                0x00000000001143a4                _Xint30
                0x00000000001143b2                _Xint31
                0x00000000001143c0                _Xint32
                0x00000000001143ce                _Xint33
                0x00000000001143dc                _Xint34
                0x00000000001143ea                _Xint35
                0x00000000001143f8                _Xint36
                0x0000000000114406                _Xint37
                0x0000000000114414                _Xint38
                0x0000000000114422                _Xint39
                0x0000000000114430                _Xint40
                0x000000000011443e                _Xint41
                0x000000000011444c                _Xint42
                0x000000000011445a                _Xint43
                0x0000000000114468                _Xint44
                0x0000000000114476                _Xint45
                0x0000000000114484                _Xint46
                0x0000000000114492                defevec
 .text          0x0000000000114552        0xf binaries/ttydispatch.o
                0x0000000000114552                ttydispatch
 .text          0x0000000000114561       0x13 binaries/ethdispatch.o
                0x0000000000114561                ethdispatch
 *(.rodata .rodata.*)
 .rodata.str1.1
                0x0000000000114574       0x54 binaries/ascdate.o
 .rodata.str1.4
                0x00000000001145c8       0x22 binaries/ascdate.o
 .rodata.str1.1
                0x00000000001145ea       0x5f binaries/conf.o
 *fill*         0x0000000000114649        0x3 
 .rodata.str1.4
                0x000000000011464c       0x4f binaries/early_imr.o
 *fill*         0x000000000011469b        0x1 
 .rodata        0x000000000011469c       0x33 binaries/early_imr.o
 .rodata.str1.1
                0x00000000001146cf      0x20c binaries/evec.o
 *fill*         0x00000000001148db        0x1 
 .rodata.str1.4
                0x00000000001148dc       0x23 binaries/evec.o
 .rodata.str1.1
                0x00000000001148ff        0xb binaries/getutime.o
 *fill*         0x000000000011490a        0x2 
 .rodata.str1.4
                0x000000000011490c       0x54 binaries/getutime.o
 .rodata.str1.4
                0x0000000000114960       0x33 binaries/i386-stub.o
 *fill*         0x0000000000114993        0x1 
 .rodata        0x0000000000114994      0x129 binaries/i386-stub.o
 .rodata.str1.1
                0x0000000000114abd       0x39 binaries/i386-stub.o
 .rodata.str1.1
                0x0000000000114af6       0x63 binaries/initialize.o
                                         0x67 (size before relaxing)
 *fill*         0x0000000000114b59        0x3 
 .rodata.str1.4
                0x0000000000114b5c       0xd0 binaries/initialize.o
 .rodata        0x0000000000114c2c       0x20 binaries/kill.o
 .rodata.str1.4
                0x0000000000114c4c       0x76 binaries/main.o
 .rodata.str1.1
                0x0000000000114cc2       0xfe binaries/main.o
 .rodata.str1.4
                0x0000000000114dc0       0x23 binaries/meminit.o
 .rodata.str1.1
                0x0000000000114de3       0x1b binaries/meminit.o
 .rodata.str1.1
                0x0000000000114dfe        0xf binaries/panic.o
 .rodata.str1.1
                0x0000000000114e0d       0x1c binaries/ptinit.o
 *fill*         0x0000000000114e29        0x3 
 .rodata.str1.4
                0x0000000000114e2c       0x25 binaries/ptsend.o
 .rodata.str1.1
                0x0000000000114e51       0x22 binaries/quark_pdat.o
 *fill*         0x0000000000114e73        0x1 
 .rodata.str1.4
                0x0000000000114e74       0x27 binaries/xdone.o
 *fill*         0x0000000000114e9b        0x5 
 .rodata        0x0000000000114ea0       0x81 binaries/ctype_.o
                0x0000000000114ea0                _ctype_
 .rodata.str1.1
                0x0000000000114f21       0x29 binaries/doprnt.o
 *fill*         0x0000000000114f4a        0x2 
 .rodata        0x0000000000114f4c       0xc4 binaries/doprnt.o
 .rodata        0x0000000000115010       0x98 binaries/doscan.o
 .rodata.str1.1
                0x00000000001150a8       0x29 binaries/fdoprnt.o
 .rodata        0x00000000001150a8       0x84 binaries/fdoprnt.o
 .rodata        0x000000000011512c       0x20 binaries/ttycontrol.o
 .rodata.str1.4
                0x000000000011514c       0x4c binaries/naminit.o
 .rodata.str1.1
                0x0000000000115198       0x32 binaries/naminit.o
                                         0x35 (size before relaxing)
 .rodata.str1.1
                0x00000000001151ca       0x15 binaries/ethinit.o
 *fill*         0x00000000001151df        0x1 
 .rodata.str1.4
                0x00000000001151e0       0x2e binaries/ethinit.o
 *fill*         0x000000000011520e        0x2 
 .rodata.str1.4
                0x0000000000115210       0x2c binaries/rdsbufalloc.o
 .rodata.str1.4
                0x000000000011523c       0x76 binaries/rdscomm.o
 *fill*         0x00000000001152b2        0x2 
 .rodata.str1.4
                0x00000000001152b4       0x48 binaries/rdscontrol.o
 .rodata.str1.4
                0x00000000001152fc       0x7e binaries/rdsinit.o
 .rodata.str1.1
                0x000000000011537a       0x18 binaries/rdsinit.o
 *fill*         0x0000000000115392        0x2 
 .rodata.str1.4
                0x0000000000115394       0x22 binaries/rdsopen.o
 *fill*         0x00000000001153b6        0x2 
 .rodata.str1.4
                0x00000000001153b8       0x4d binaries/rdsprocess.o
 .rodata.str1.1
                0x0000000000115405        0x9 binaries/raminit.o
 .rodata.str1.1
                0x000000000011540e       0x13 binaries/lfdballoc.o
 *fill*         0x0000000000115421        0x3 
 .rodata.str1.4
                0x0000000000115424       0x23 binaries/lfdballoc.o
 .rodata.str1.1
                0x0000000000115447       0x14 binaries/lfiballoc.o
 *fill*         0x000000000011545b        0x1 
 .rodata.str1.4
                0x000000000011545c       0x23 binaries/lflcontrol.o
 .rodata.str1.1
                0x000000000011547f       0x64 binaries/lfsckfmt.o
 *fill*         0x00000000001154e3        0x1 
 .rodata.str1.4
                0x00000000001154e4       0x51 binaries/lfsckfmt.o
 *fill*         0x0000000000115535        0x3 
 .rodata.str1.4
                0x0000000000115538       0x21 binaries/rflread.o
 .rodata.str1.4
                0x0000000000115559       0x21 binaries/rflwrite.o
 *fill*         0x0000000000115559        0x3 
 .rodata.str1.4
                0x000000000011555c       0x75 binaries/rfscomm.o
 *fill*         0x00000000001155d1        0x3 
 .rodata.str1.4
                0x00000000001155d4       0x23 binaries/rfscontrol.o
 *fill*         0x00000000001155f7        0x1 
 .rodata        0x00000000001155f8       0x18 binaries/rfscontrol.o
 .rodata.str1.1
                0x0000000000115610       0x10 binaries/rfsinit.o
 .rodata.str1.4
                0x0000000000115610       0x57 binaries/rfsinit.o
 *fill*         0x0000000000115667        0x1 
 .rodata.str1.4
                0x0000000000115668       0x2a binaries/rfsndmsg.o
 .rodata.str1.4
                0x0000000000115692       0x22 binaries/rfsopen.o
 .rodata.str1.1
                0x0000000000115692       0x19 binaries/arp.o
 *fill*         0x00000000001156ab        0x1 
 .rodata.str1.4
                0x00000000001156ac       0x21 binaries/arp.o
 *fill*         0x00000000001156cd        0x3 
 .rodata.str1.4
                0x00000000001156d0       0xa6 binaries/dhcp.o
 .rodata.str1.1
                0x0000000000115776       0x4a binaries/dhcp.o
 .rodata.str1.1
                0x00000000001157c0       0x5a binaries/hexdump.o
                                         0x61 (size before relaxing)
 *fill*         0x000000000011581a        0x2 
 .rodata.str1.4
                0x000000000011581c       0x67 binaries/hexdump.o
 *fill*         0x0000000000115883        0x1 
 .rodata.str1.4
                0x0000000000115884       0x29 binaries/icmp.o
 .rodata.str1.1
                0x00000000001158ad       0x4e binaries/ip.o
 *fill*         0x00000000001158fb        0x1 
 .rodata.str1.4
                0x00000000001158fc       0x20 binaries/ip.o
 .rodata.str1.4
                0x000000000011591c       0x28 binaries/net.o
 .rodata.str1.1
                0x0000000000115944       0x27 binaries/net.o
 *fill*         0x000000000011596b        0x1 
 .rodata.str1.4
                0x000000000011596c       0xcf binaries/netstart.o
 .rodata.str1.1
                0x0000000000115a3b      0x13e binaries/pdump.o
                                        0x14b (size before relaxing)
 *fill*         0x0000000000115b79        0x3 
 .rodata.str1.4
                0x0000000000115b7c      0x126 binaries/pdump.o
 *fill*         0x0000000000115ca2        0x2 
 .rodata.str1.4
                0x0000000000115ca4      0x148 binaries/tftp.o
 .rodata.str1.1
                0x0000000000115dec        0x6 binaries/tftp.o
                                          0xa (size before relaxing)
 .rodata.str1.1
                0x0000000000115df2       0xe3 binaries/shell.o
                                         0xff (size before relaxing)
 *fill*         0x0000000000115ed5        0x3 
 .rodata.str1.4
                0x0000000000115ed8      0x1c4 binaries/shell.o
 .rodata.str1.1
                0x000000000011609c       0x26 binaries/xsh_argecho.o
                                         0x28 (size before relaxing)
 .rodata.str1.1
                0x00000000001160c2       0x70 binaries/xsh_arp.o
                                         0x72 (size before relaxing)
 *fill*         0x0000000000116132        0x2 
 .rodata.str1.4
                0x0000000000116134       0xb4 binaries/xsh_arp.o
 .rodata.str1.1
                0x00000000001161e8       0x2d binaries/xsh_cat.o
                                         0x4f (size before relaxing)
 *fill*         0x0000000000116215        0x3 
 .rodata.str1.4
                0x0000000000116218       0x52 binaries/xsh_cat.o
                                         0x79 (size before relaxing)
 .rodata.str1.1
                0x000000000011626a       0x15 binaries/xsh_clear.o
 .rodata.str1.1
                0x000000000011627f       0x46 binaries/xsh_date.o
                                         0x5f (size before relaxing)
 *fill*         0x00000000001162c5        0x3 
 .rodata.str1.4
                0x00000000001162c8      0x163 binaries/xsh_date.o
 .rodata.str1.1
                0x000000000011642b       0x5d binaries/xsh_devdump.o
 .rodata.str1.1
                0x0000000000116488        0x4 binaries/xsh_echo.o
                                          0x9 (size before relaxing)
 .rodata.str1.1
                0x000000000011648c       0x65 binaries/xsh_help.o
                                         0xa3 (size before relaxing)
 *fill*         0x00000000001164f1        0x3 
 .rodata.str1.4
                0x00000000001164f4       0x7c binaries/xsh_help.o
                                         0xc6 (size before relaxing)
 .rodata.str1.1
                0x0000000000116570       0x9c binaries/xsh_ipaddr.o
                                         0xf8 (size before relaxing)
 .rodata.str1.4
                0x000000000011660c       0x4d binaries/xsh_ipaddr.o
                                         0x99 (size before relaxing)
 .rodata.str1.1
                0x0000000000116659       0x78 binaries/xsh_kill.o
                                         0x97 (size before relaxing)
 *fill*         0x00000000001166d1        0x3 
 .rodata.str1.4
                0x00000000001166d4       0x4a binaries/xsh_kill.o
                                         0x96 (size before relaxing)
 .rodata.str1.1
                0x000000000011671e       0x84 binaries/xsh_memdump.o
                                         0xa8 (size before relaxing)
 *fill*         0x00000000001167a2        0x2 
 .rodata.str1.4
                0x00000000001167a4      0x15a binaries/xsh_memdump.o
                                        0x1aa (size before relaxing)
 .rodata.str1.1
                0x00000000001168fe       0x40 binaries/xsh_memstat.o
                                         0x79 (size before relaxing)
 *fill*         0x000000000011693e        0x2 
 .rodata.str1.4
                0x0000000000116940      0x187 binaries/xsh_memstat.o
                                        0x1af (size before relaxing)
 .rodata.str1.1
                0x0000000000116ac7       0x90 binaries/xsh_ping.o
                                         0xaf (size before relaxing)
 *fill*         0x0000000000116b57        0x1 
 .rodata.str1.4
                0x0000000000116b58       0x77 binaries/xsh_ping.o
                                         0xc6 (size before relaxing)
 .rodata.str1.1
                0x0000000000116bcf       0x74 binaries/xsh_ps.o
                                         0xd5 (size before relaxing)
 *fill*         0x0000000000116c43        0x1 
 .rodata.str1.4
                0x0000000000116c44       0x80 binaries/xsh_ps.o
                                         0xd0 (size before relaxing)
 .rodata.str1.1
                0x0000000000116cc4       0x31 binaries/xsh_sleep.o
                                         0x72 (size before relaxing)
 *fill*         0x0000000000116cf5        0x3 
 .rodata.str1.4
                0x0000000000116cf8       0x2a binaries/xsh_sleep.o
                                         0x7a (size before relaxing)
 .rodata.str1.1
                0x0000000000116d22       0x6b binaries/xsh_udpdump.o
                                         0xd2 (size before relaxing)
 *fill*         0x0000000000116d8d        0x3 
 .rodata.str1.4
                0x0000000000116d90       0x94 binaries/xsh_udpdump.o
                                         0xe4 (size before relaxing)
 .rodata.str1.1
                0x0000000000116e24       0xdb binaries/xsh_udpecho.o
                                         0xfa (size before relaxing)
 *fill*         0x0000000000116eff        0x1 
 .rodata.str1.4
                0x0000000000116f00       0xc7 binaries/xsh_udpecho.o
                                        0x116 (size before relaxing)
 .rodata.str1.1
                0x0000000000116fc7       0x66 binaries/xsh_udpeserver.o
                                         0x8f (size before relaxing)
 *fill*         0x000000000011702d        0x3 
 .rodata.str1.4
                0x0000000000117030       0x29 binaries/xsh_udpeserver.o
                                         0x9f (size before relaxing)
 .rodata.str1.1
                0x0000000000117059       0x49 binaries/xsh_uptime.o
                                         0x8c (size before relaxing)
 *fill*         0x00000000001170a2        0x2 
 .rodata.str1.4
                0x00000000001170a4       0x28 binaries/xsh_uptime.o
                                         0x76 (size before relaxing)
                0x00000000001170cc                etext = ABSOLUTE (.)
                0x0000000000118000                . = ALIGN (0x1000)
 *fill*         0x00000000001170cc      0xf34 

.eh_frame       0x0000000000118000     0x7620
 .eh_frame      0x0000000000118000       0x98 binaries/ascdate.o
 .eh_frame      0x0000000000118098       0x28 binaries/bufinit.o
                                         0x40 (size before relaxing)
 .eh_frame      0x00000000001180c0       0x54 binaries/cbreg.o
                                         0x80 (size before relaxing)
 .eh_frame      0x0000000000118114       0x54 binaries/chprio.o
                                         0x80 (size before relaxing)
 .eh_frame      0x0000000000118168       0x24 binaries/clkhandler.o
                                         0x50 (size before relaxing)
 .eh_frame      0x000000000011818c       0x44 binaries/clkinit.o
                                         0x70 (size before relaxing)
 .eh_frame      0x00000000001181d0       0x44 binaries/close.o
                                         0x70 (size before relaxing)
 .eh_frame      0x0000000000118214       0x48 binaries/control.o
                                         0x74 (size before relaxing)
 .eh_frame      0x000000000011825c       0x5c binaries/create.o
                                         0x88 (size before relaxing)
 .eh_frame      0x00000000001182b8      0x164 binaries/early_imr.o
                                        0x190 (size before relaxing)
 .eh_frame      0x000000000011841c      0x1f8 binaries/evec.o
                                        0x224 (size before relaxing)
 .eh_frame      0x0000000000118614       0x58 binaries/freebuf.o
                                         0x84 (size before relaxing)
 .eh_frame      0x000000000011866c       0x5c binaries/freemem.o
                                         0x88 (size before relaxing)
 .eh_frame      0x00000000001186c8       0x50 binaries/getbuf.o
                                         0x7c (size before relaxing)
 .eh_frame      0x0000000000118718       0x44 binaries/getc.o
                                         0x70 (size before relaxing)
 .eh_frame      0x000000000011875c       0x60 binaries/getdev.o
                                         0x8c (size before relaxing)
 .eh_frame      0x00000000001187bc       0x68 binaries/getitem.o
                                         0x94 (size before relaxing)
 .eh_frame      0x0000000000118824       0x54 binaries/getmem.o
                                         0x80 (size before relaxing)
 .eh_frame      0x0000000000118878       0x14 binaries/getpid.o
                                         0x40 (size before relaxing)
 .eh_frame      0x000000000011888c       0x40 binaries/getprio.o
                                         0x6c (size before relaxing)
 .eh_frame      0x00000000001188cc       0x5c binaries/getstk.o
                                         0x88 (size before relaxing)
 .eh_frame      0x0000000000118928       0x2c binaries/gettime.o
                                         0x58 (size before relaxing)
 .eh_frame      0x0000000000118954       0x98 binaries/getutime.o
                                         0xc4 (size before relaxing)
 .eh_frame      0x00000000001189ec      0x524 binaries/i386-stub.o
                                        0x578 (size before relaxing)
 .eh_frame      0x0000000000118f10       0x44 binaries/init.o
                                         0x70 (size before relaxing)
 .eh_frame      0x0000000000118f54       0xe0 binaries/initialize.o
                                        0x10c (size before relaxing)
 .eh_frame      0x0000000000119034       0x44 binaries/insert.o
                                         0x5c (size before relaxing)
 .eh_frame      0x0000000000119078       0x40 binaries/insertd.o
                                         0x6c (size before relaxing)
 .eh_frame      0x00000000001190b8       0x14 binaries/ioerr.o
                                         0x2c (size before relaxing)
 .eh_frame      0x00000000001190cc       0x14 binaries/ionull.o
                                         0x2c (size before relaxing)
 .eh_frame      0x00000000001190e0       0x78 binaries/kill.o
                                         0xa4 (size before relaxing)
 .eh_frame      0x0000000000119158       0x90 binaries/kprintf.o
                                         0xd0 (size before relaxing)
 .eh_frame      0x00000000001191e8      0x170 binaries/main.o
                                        0x19c (size before relaxing)
 .eh_frame      0x0000000000119358       0x64 binaries/mark.o
                                         0x90 (size before relaxing)
 .eh_frame      0x00000000001193bc       0x80 binaries/meminit.o
                                         0xac (size before relaxing)
 .eh_frame      0x000000000011943c       0x78 binaries/mkbufpool.o
                                         0xa4 (size before relaxing)
 .eh_frame      0x00000000001194b4       0x1c binaries/newqueue.o
                                         0x48 (size before relaxing)
 .eh_frame      0x00000000001194d0       0x48 binaries/open.o
                                         0x74 (size before relaxing)
 .eh_frame      0x0000000000119518       0x28 binaries/panic.o
                                         0x54 (size before relaxing)
 .eh_frame      0x0000000000119540       0xf4 binaries/pci.o
                                        0x10c (size before relaxing)
 .eh_frame      0x0000000000119634       0x40 binaries/platinit.o
                                         0x6c (size before relaxing)
 .eh_frame      0x0000000000119674       0x6c binaries/ptclear.o
                                         0x98 (size before relaxing)
 .eh_frame      0x00000000001196e0       0x64 binaries/ptcount.o
                                         0x90 (size before relaxing)
 .eh_frame      0x0000000000119744       0x60 binaries/ptcreate.o
                                         0x8c (size before relaxing)
 .eh_frame      0x00000000001197a4       0x48 binaries/ptdelete.o
                                         0x74 (size before relaxing)
 .eh_frame      0x00000000001197ec       0x44 binaries/ptinit.o
                                         0x70 (size before relaxing)
 .eh_frame      0x0000000000119830       0x64 binaries/ptrecv.o
                                         0x90 (size before relaxing)
 .eh_frame      0x0000000000119894       0x48 binaries/ptreset.o
                                         0x74 (size before relaxing)
 .eh_frame      0x00000000001198dc       0x70 binaries/ptsend.o
                                         0x9c (size before relaxing)
 .eh_frame      0x000000000011994c       0x54 binaries/putc.o
                                         0x80 (size before relaxing)
 .eh_frame      0x00000000001199a0       0x6c binaries/quark_irq.o
                                         0x98 (size before relaxing)
 .eh_frame      0x0000000000119a0c       0xe8 binaries/quark_pdat.o
                                        0x114 (size before relaxing)
 .eh_frame      0x0000000000119af4       0x4c binaries/queue.o
                                         0x78 (size before relaxing)
 .eh_frame      0x0000000000119b40       0x48 binaries/read.o
                                         0x74 (size before relaxing)
 .eh_frame      0x0000000000119b88       0x34 binaries/ready.o
                                         0x60 (size before relaxing)
 .eh_frame      0x0000000000119bbc       0x5c binaries/receive.o
                                         0x88 (size before relaxing)
 .eh_frame      0x0000000000119c18       0x38 binaries/recvclr.o
                                         0x64 (size before relaxing)
 .eh_frame      0x0000000000119c50       0x60 binaries/recvtime.o
                                         0x8c (size before relaxing)
 .eh_frame      0x0000000000119cb0       0x84 binaries/resched.o
                                         0xc4 (size before relaxing)
 .eh_frame      0x0000000000119d34       0x5c binaries/resume.o
                                         0x88 (size before relaxing)
 .eh_frame      0x0000000000119d90       0x44 binaries/seek.o
                                         0x70 (size before relaxing)
 .eh_frame      0x0000000000119dd4       0x40 binaries/semcount.o
                                         0x6c (size before relaxing)
 .eh_frame      0x0000000000119e14       0x54 binaries/semcreate.o
                                         0x80 (size before relaxing)
 .eh_frame      0x0000000000119e68       0x6c binaries/semdelete.o
                                         0x98 (size before relaxing)
 .eh_frame      0x0000000000119ed4       0x6c binaries/semreset.o
                                         0x98 (size before relaxing)
 .eh_frame      0x0000000000119f40       0x68 binaries/sendblk.o
                                         0x94 (size before relaxing)
 .eh_frame      0x0000000000119fa8       0x60 binaries/send.o
                                         0x8c (size before relaxing)
 .eh_frame      0x000000000011a008       0x54 binaries/signal.o
                                         0x80 (size before relaxing)
 .eh_frame      0x000000000011a05c       0x70 binaries/signaln.o
                                         0x9c (size before relaxing)
 .eh_frame      0x000000000011a0cc       0x80 binaries/sleep.o
                                         0xac (size before relaxing)
 .eh_frame      0x000000000011a14c       0x54 binaries/suspend.o
                                         0x80 (size before relaxing)
 .eh_frame      0x000000000011a1a0       0x4c binaries/unsleep.o
                                         0x78 (size before relaxing)
 .eh_frame      0x000000000011a1ec       0x28 binaries/userret.o
                                         0x54 (size before relaxing)
 .eh_frame      0x000000000011a214       0x58 binaries/wait.o
                                         0x84 (size before relaxing)
 .eh_frame      0x000000000011a26c       0x48 binaries/wakeup.o
                                         0x74 (size before relaxing)
 .eh_frame      0x000000000011a2b4       0x48 binaries/write.o
                                         0x74 (size before relaxing)
 .eh_frame      0x000000000011a2fc       0x24 binaries/xdone.o
                                         0x50 (size before relaxing)
 .eh_frame      0x000000000011a320       0x30 binaries/yield.o
                                         0x5c (size before relaxing)
 .eh_frame      0x000000000011a350       0x14 binaries/abs.o
                                         0x2c (size before relaxing)
 .eh_frame      0x000000000011a364       0x28 binaries/atoi.o
                                         0x40 (size before relaxing)
 .eh_frame      0x000000000011a38c       0x28 binaries/atol.o
                                         0x40 (size before relaxing)
 .eh_frame      0x000000000011a3b4       0x14 binaries/bzero.o
                                         0x2c (size before relaxing)
 .eh_frame      0x000000000011a3c8      0x160 binaries/doprnt.o
                                        0x1a0 (size before relaxing)
 .eh_frame      0x000000000011a528      0x108 binaries/doscan.o
                                        0x134 (size before relaxing)
 .eh_frame      0x000000000011a630      0x114 binaries/fdoprnt.o
                                        0x140 (size before relaxing)
 .eh_frame      0x000000000011a744       0x2c binaries/fgetc.o
                                         0x58 (size before relaxing)
 .eh_frame      0x000000000011a770       0x48 binaries/fgets.o
                                         0x74 (size before relaxing)
 .eh_frame      0x000000000011a7b8       0x2c binaries/fprintf.o
                                         0x58 (size before relaxing)
 .eh_frame      0x000000000011a7e4       0x2c binaries/fputc.o
                                         0x58 (size before relaxing)
 .eh_frame      0x000000000011a810       0x3c binaries/fputs.o
                                         0x68 (size before relaxing)
 .eh_frame      0x000000000011a84c       0x7c binaries/fscanf.o
                                         0xa8 (size before relaxing)
 .eh_frame      0x000000000011a8c8       0x24 binaries/getchar.o
                                         0x50 (size before relaxing)
 .eh_frame      0x000000000011a8ec       0x14 binaries/labs.o
                                         0x2c (size before relaxing)
 .eh_frame      0x000000000011a900       0x14 binaries/memchr.o
                                         0x2c (size before relaxing)
 .eh_frame      0x000000000011a914       0x28 binaries/memcmp.o
                                         0x40 (size before relaxing)
 .eh_frame      0x000000000011a93c       0x24 binaries/memcpy.o
                                         0x3c (size before relaxing)
 .eh_frame      0x000000000011a960       0x1c binaries/memset.o
                                         0x34 (size before relaxing)
 .eh_frame      0x000000000011a97c       0x2c binaries/printf.o
                                         0x58 (size before relaxing)
 .eh_frame      0x000000000011a9a8       0x28 binaries/putchar.o
                                         0x54 (size before relaxing)
 .eh_frame      0x000000000011a9d0       0xc8 binaries/qsort.o
                                        0x11c (size before relaxing)
 .eh_frame      0x000000000011aa98       0x28 binaries/rand.o
                                         0x68 (size before relaxing)
 .eh_frame      0x000000000011aac0       0x54 binaries/sprintf.o
                                         0x80 (size before relaxing)
 .eh_frame      0x000000000011ab14       0x5c binaries/sscanf.o
                                         0x88 (size before relaxing)
 .eh_frame      0x000000000011ab70       0x20 binaries/strchr.o
                                         0x38 (size before relaxing)
 .eh_frame      0x000000000011ab90       0x20 binaries/strcmp.o
                                         0x38 (size before relaxing)
 .eh_frame      0x000000000011abb0       0x14 binaries/strcpy.o
                                         0x2c (size before relaxing)
 .eh_frame      0x000000000011abc4       0x14 binaries/strlen.o
                                         0x2c (size before relaxing)
 .eh_frame      0x000000000011abd8       0x2c binaries/strncat.o
                                         0x44 (size before relaxing)
 .eh_frame      0x000000000011ac04       0x1c binaries/strncmp.o
                                         0x34 (size before relaxing)
 .eh_frame      0x000000000011ac20       0x30 binaries/strncpy.o
                                         0x48 (size before relaxing)
 .eh_frame      0x000000000011ac50       0x14 binaries/strnlen.o
                                         0x2c (size before relaxing)
 .eh_frame      0x000000000011ac64       0x20 binaries/strrchr.o
                                         0x38 (size before relaxing)
 .eh_frame      0x000000000011ac84       0x3c binaries/strstr.o
                                         0x54 (size before relaxing)
 .eh_frame      0x000000000011acc0       0x58 binaries/ttycontrol.o
                                         0x84 (size before relaxing)
 .eh_frame      0x000000000011ad18       0x44 binaries/ttygetc.o
                                         0x70 (size before relaxing)
 .eh_frame      0x000000000011ad5c       0xe0 binaries/ttyhandle_in.o
                                        0x10c (size before relaxing)
 .eh_frame      0x000000000011ae3c       0x68 binaries/ttyhandle_out.o
                                         0x94 (size before relaxing)
 .eh_frame      0x000000000011aea4       0x5c binaries/ttyhandler.o
                                         0x88 (size before relaxing)
 .eh_frame      0x000000000011af00       0x4c binaries/ttyinit.o
                                         0x78 (size before relaxing)
 .eh_frame      0x000000000011af4c       0x14 binaries/ttykickout.o
                                         0x2c (size before relaxing)
 .eh_frame      0x000000000011af60       0x64 binaries/ttyputc.o
                                         0x90 (size before relaxing)
 .eh_frame      0x000000000011afc4       0x64 binaries/ttyread.o
                                         0x90 (size before relaxing)
 .eh_frame      0x000000000011b028       0x4c binaries/ttywrite.o
                                         0x78 (size before relaxing)
 .eh_frame      0x000000000011b074       0x7c binaries/mount.o
                                         0xa8 (size before relaxing)
 .eh_frame      0x000000000011b0f0       0xe4 binaries/naminit.o
                                        0x110 (size before relaxing)
 .eh_frame      0x000000000011b1d4       0xf0 binaries/nammap.o
                                        0x130 (size before relaxing)
 .eh_frame      0x000000000011b2c4       0x48 binaries/namopen.o
                                         0x74 (size before relaxing)
 .eh_frame      0x000000000011b30c       0x3c binaries/colon2mac.o
                                         0x68 (size before relaxing)
 .eh_frame      0x000000000011b348       0x4c binaries/ethcontrol.o
                                         0x78 (size before relaxing)
 .eh_frame      0x000000000011b394       0x58 binaries/ethhandler.o
                                         0x84 (size before relaxing)
 .eh_frame      0x000000000011b3ec      0x154 binaries/ethinit.o
                                        0x180 (size before relaxing)
 .eh_frame      0x000000000011b540       0xa8 binaries/ethmcast.o
                                         0xd4 (size before relaxing)
 .eh_frame      0x000000000011b5e8       0x80 binaries/ethread.o
                                         0xac (size before relaxing)
 .eh_frame      0x000000000011b668       0x48 binaries/ethwrite.o
                                         0x74 (size before relaxing)
 .eh_frame      0x000000000011b6b0       0x3c binaries/rdsbufalloc.o
                                         0x68 (size before relaxing)
 .eh_frame      0x000000000011b6ec       0x3c binaries/rdsclose.o
                                         0x68 (size before relaxing)
 .eh_frame      0x000000000011b728       0x90 binaries/rdscomm.o
                                         0xbc (size before relaxing)
 .eh_frame      0x000000000011b7b8       0xb4 binaries/rdscontrol.o
                                         0xe0 (size before relaxing)
 .eh_frame      0x000000000011b86c       0x9c binaries/rdsinit.o
                                         0xc8 (size before relaxing)
 .eh_frame      0x000000000011b908       0x80 binaries/rdsopen.o
                                         0xac (size before relaxing)
 .eh_frame      0x000000000011b988       0xf8 binaries/rdsprocess.o
                                        0x124 (size before relaxing)
 .eh_frame      0x000000000011ba80       0x7c binaries/rdsread.o
                                         0xa8 (size before relaxing)
 .eh_frame      0x000000000011bafc       0x80 binaries/rdswrite.o
                                         0xac (size before relaxing)
 .eh_frame      0x000000000011bb7c       0x14 binaries/ramclose.o
                                         0x2c (size before relaxing)
 .eh_frame      0x000000000011bb90       0x40 binaries/raminit.o
                                         0x6c (size before relaxing)
 .eh_frame      0x000000000011bbd0       0x14 binaries/ramopen.o
                                         0x2c (size before relaxing)
 .eh_frame      0x000000000011bbe4       0x2c binaries/ramread.o
                                         0x58 (size before relaxing)
 .eh_frame      0x000000000011bc10       0x2c binaries/ramwrite.o
                                         0x58 (size before relaxing)
 .eh_frame      0x000000000011bc3c       0x80 binaries/lfdballoc.o
                                         0xac (size before relaxing)
 .eh_frame      0x000000000011bcbc       0x50 binaries/lfdbfree.o
                                         0x7c (size before relaxing)
 .eh_frame      0x000000000011bd0c       0x5c binaries/lfflush.o
                                         0x88 (size before relaxing)
 .eh_frame      0x000000000011bd68       0x14 binaries/lfgetmode.o
                                         0x2c (size before relaxing)
 .eh_frame      0x000000000011bd7c       0x5c binaries/lfiballoc.o
                                         0x88 (size before relaxing)
 .eh_frame      0x000000000011bdd8       0x14 binaries/lfibclear.o
                                         0x2c (size before relaxing)
 .eh_frame      0x000000000011bdec       0x4c binaries/lfibget.o
                                         0x78 (size before relaxing)
 .eh_frame      0x000000000011be38       0x68 binaries/lfibput.o
                                         0x94 (size before relaxing)
 .eh_frame      0x000000000011bea0       0x54 binaries/lflclose.o
                                         0x80 (size before relaxing)
 .eh_frame      0x000000000011bef4       0x74 binaries/lflcontrol.o
                                         0xa0 (size before relaxing)
 .eh_frame      0x000000000011bf68       0x6c binaries/lflgetc.o
                                         0x98 (size before relaxing)
 .eh_frame      0x000000000011bfd4       0x5c binaries/lflinit.o
                                         0x88 (size before relaxing)
 .eh_frame      0x000000000011c030       0x6c binaries/lflputc.o
                                         0x98 (size before relaxing)
 .eh_frame      0x000000000011c09c       0x48 binaries/lflread.o
                                         0x74 (size before relaxing)
 .eh_frame      0x000000000011c0e4       0x60 binaries/lflseek.o
                                         0x8c (size before relaxing)
 .eh_frame      0x000000000011c144       0x48 binaries/lflwrite.o
                                         0x74 (size before relaxing)
 .eh_frame      0x000000000011c18c       0xd4 binaries/lfsckfmt.o
                                        0x100 (size before relaxing)
 .eh_frame      0x000000000011c260       0xd4 binaries/lfscreate.o
                                        0x100 (size before relaxing)
 .eh_frame      0x000000000011c334       0xbc binaries/lfsetup.o
                                         0xe8 (size before relaxing)
 .eh_frame      0x000000000011c3f0       0x38 binaries/lfsinit.o
                                         0x64 (size before relaxing)
 .eh_frame      0x000000000011c428       0x90 binaries/lfsopen.o
                                         0xbc (size before relaxing)
 .eh_frame      0x000000000011c4b8       0x84 binaries/lftruncate.o
                                         0xb0 (size before relaxing)
 .eh_frame      0x000000000011c53c       0x3c binaries/rflclose.o
                                         0x68 (size before relaxing)
 .eh_frame      0x000000000011c578       0x30 binaries/rflgetc.o
                                         0x5c (size before relaxing)
 .eh_frame      0x000000000011c5a8       0x30 binaries/rflinit.o
                                         0x5c (size before relaxing)
 .eh_frame      0x000000000011c5d8       0x30 binaries/rflputc.o
                                         0x5c (size before relaxing)
 .eh_frame      0x000000000011c608       0xdc binaries/rflread.o
                                        0x108 (size before relaxing)
 .eh_frame      0x000000000011c6e4       0x3c binaries/rflseek.o
                                         0x68 (size before relaxing)
 .eh_frame      0x000000000011c720       0xd0 binaries/rflwrite.o
                                         0xfc (size before relaxing)
 .eh_frame      0x000000000011c7f0       0x88 binaries/rfscomm.o
                                         0xb4 (size before relaxing)
 .eh_frame      0x000000000011c878      0x11c binaries/rfscontrol.o
                                        0x148 (size before relaxing)
 .eh_frame      0x000000000011c994       0x14 binaries/rfsgetmode.o
                                         0x2c (size before relaxing)
 .eh_frame      0x000000000011c9a8       0x50 binaries/rfsinit.o
                                         0x7c (size before relaxing)
 .eh_frame      0x000000000011c9f8       0x50 binaries/rfsndmsg.o
                                         0x7c (size before relaxing)
 .eh_frame      0x000000000011ca48       0xdc binaries/rfsopen.o
                                        0x108 (size before relaxing)
 .eh_frame      0x000000000011cb24      0x27c binaries/arp.o
                                        0x2bc (size before relaxing)
 .eh_frame      0x000000000011cda0      0x284 binaries/dhcp.o
                                        0x2b0 (size before relaxing)
 .eh_frame      0x000000000011d024       0x40 binaries/dot2ip.o
                                         0x58 (size before relaxing)
 .eh_frame      0x000000000011d064      0x1bc binaries/hexdump.o
                                        0x1e8 (size before relaxing)
 .eh_frame      0x000000000011d220      0x310 binaries/icmp.o
                                        0x350 (size before relaxing)
 .eh_frame      0x000000000011d530      0x2e8 binaries/ip.o
                                        0x314 (size before relaxing)
 .eh_frame      0x000000000011d818      0x138 binaries/net.o
                                        0x164 (size before relaxing)
 .eh_frame      0x000000000011d950       0x74 binaries/netstart.o
                                         0xa0 (size before relaxing)
 .eh_frame      0x000000000011d9c4      0x394 binaries/pdump.o
                                        0x3c0 (size before relaxing)
 .eh_frame      0x000000000011dd58      0x260 binaries/tftp.o
                                        0x28c (size before relaxing)
 .eh_frame      0x000000000011dfb8      0x36c binaries/udp.o
                                        0x3ac (size before relaxing)
 .eh_frame      0x000000000011e324       0x68 binaries/addargs.o
                                         0x94 (size before relaxing)
 .eh_frame      0x000000000011e38c       0x40 binaries/lexan.o
                                         0x58 (size before relaxing)
 .eh_frame      0x000000000011e3cc      0x24c binaries/shell.o
                                        0x278 (size before relaxing)
 .eh_frame      0x000000000011e618       0x5c binaries/xsh_argecho.o
                                         0x88 (size before relaxing)
 .eh_frame      0x000000000011e674       0xe0 binaries/xsh_arp.o
                                        0x10c (size before relaxing)
 .eh_frame      0x000000000011e754       0xac binaries/xsh_cat.o
                                         0xd8 (size before relaxing)
 .eh_frame      0x000000000011e800       0x3c binaries/xsh_clear.o
                                         0x68 (size before relaxing)
 .eh_frame      0x000000000011e83c      0x108 binaries/xsh_date.o
                                        0x134 (size before relaxing)
 .eh_frame      0x000000000011e944       0x64 binaries/xsh_devdump.o
                                         0x90 (size before relaxing)
 .eh_frame      0x000000000011e9a8       0x5c binaries/xsh_echo.o
                                         0x88 (size before relaxing)
 .eh_frame      0x000000000011ea04       0x14 binaries/xsh_exit.o
                                         0x2c (size before relaxing)
 .eh_frame      0x000000000011ea18       0xd4 binaries/xsh_help.o
                                        0x100 (size before relaxing)
 .eh_frame      0x000000000011eaec      0x194 binaries/xsh_ipaddr.o
                                        0x1c0 (size before relaxing)
 .eh_frame      0x000000000011ec80       0xac binaries/xsh_kill.o
                                         0xd8 (size before relaxing)
 .eh_frame      0x000000000011ed2c      0x130 binaries/xsh_memdump.o
                                        0x15c (size before relaxing)
 .eh_frame      0x000000000011ee5c       0xbc binaries/xsh_memstat.o
                                         0xe8 (size before relaxing)
 .eh_frame      0x000000000011ef18      0x10c binaries/xsh_ping.o
                                        0x138 (size before relaxing)
 .eh_frame      0x000000000011f024       0xd8 binaries/xsh_ps.o
                                        0x104 (size before relaxing)
 .eh_frame      0x000000000011f0fc       0xac binaries/xsh_sleep.o
                                         0xd8 (size before relaxing)
 .eh_frame      0x000000000011f1a8       0xe8 binaries/xsh_udpdump.o
                                        0x114 (size before relaxing)
 .eh_frame      0x000000000011f290      0x1b0 binaries/xsh_udpecho.o
                                        0x1dc (size before relaxing)
 .eh_frame      0x000000000011f440      0x128 binaries/xsh_udpeserver.o
                                        0x154 (size before relaxing)
 .eh_frame      0x000000000011f568       0xb8 binaries/xsh_uptime.o
                                         0xe4 (size before relaxing)

.iplt           0x000000000011f620        0x0
 .iplt          0x000000000011f620        0x0 binaries/start.o

.rel.dyn        0x000000000011f620        0x0
 .rel.got       0x000000000011f620        0x0 binaries/start.o
 .rel.iplt      0x000000000011f620        0x0 binaries/start.o
 .rel.text      0x000000000011f620        0x0 binaries/start.o
 .rel.data.rel  0x000000000011f620        0x0 binaries/start.o

.data           0x000000000011f620     0x19e0
                0x000000000011f620                data = ABSOLUTE (.)
 *(.data .data.*)
 .data          0x000000000011f620      0x85a binaries/start.o
                0x000000000011f620                gdt
                0x000000000011f670                idt
                0x000000000011fe76                cpudelay
 .data          0x000000000011fe7a        0x0 binaries/ascdate.o
 *fill*         0x000000000011fe7a        0x6 
 .data.rel.local
                0x000000000011fe80       0x88 binaries/ascdate.o
                0x000000000011fe80                Date
 .data          0x000000000011ff08        0x0 binaries/bufinit.o
 .data          0x000000000011ff08        0x0 binaries/cbreg.o
 .data          0x000000000011ff08        0x0 binaries/chprio.o
 .data          0x000000000011ff08        0x4 binaries/clkhandler.o
 .data          0x000000000011ff0c        0x0 binaries/clkinit.o
 .data          0x000000000011ff0c        0x0 binaries/close.o
 .data          0x000000000011ff0c        0x0 binaries/conf.o
 *fill*         0x000000000011ff0c       0x14 
 .data.rel      0x000000000011ff20      0x30c binaries/conf.o
                0x000000000011ff20                devtab
 .data          0x000000000012022c        0x0 binaries/control.o
 .data          0x000000000012022c        0x4 binaries/create.o
 .data          0x0000000000120230        0x0 binaries/early_imr.o
 .data          0x0000000000120230        0x0 binaries/evec.o
 *fill*         0x0000000000120230       0x10 
 .data.rel.local
                0x0000000000120240       0x40 binaries/evec.o
                0x0000000000120240                inames
 .data          0x0000000000120280        0x0 binaries/freebuf.o
 .data          0x0000000000120280        0x0 binaries/freemem.o
 .data          0x0000000000120280        0x0 binaries/getbuf.o
 .data          0x0000000000120280        0x0 binaries/getc.o
 .data          0x0000000000120280        0x0 binaries/getdev.o
 .data          0x0000000000120280        0x0 binaries/getitem.o
 .data          0x0000000000120280        0x0 binaries/getmem.o
 .data          0x0000000000120280        0x0 binaries/getpid.o
 .data          0x0000000000120280        0x0 binaries/getprio.o
 .data          0x0000000000120280        0x0 binaries/getstk.o
 .data          0x0000000000120280        0x0 binaries/gettime.o
 .data          0x0000000000120280        0x0 binaries/getutime.o
 .data          0x0000000000120280        0x4 binaries/i386-stub.o
                0x0000000000120280                gdb_i386vector
 .data.rel      0x0000000000120284        0x4 binaries/i386-stub.o
                0x0000000000120284                stackPtr
 .data          0x0000000000120288        0x0 binaries/init.o
 .data          0x0000000000120288        0x0 binaries/initialize.o
 .data          0x0000000000120288        0x0 binaries/insert.o
 .data          0x0000000000120288        0x0 binaries/insertd.o
 .data          0x0000000000120288        0x0 binaries/ioerr.o
 .data          0x0000000000120288        0x0 binaries/ionull.o
 .data          0x0000000000120288        0x0 binaries/kill.o
 .data          0x0000000000120288        0x0 binaries/kprintf.o
 .data          0x0000000000120288        0x0 binaries/main.o
 .data          0x0000000000120288        0x0 binaries/mark.o
 *fill*         0x0000000000120288       0x18 
 .data          0x00000000001202a0       0x48 binaries/meminit.o
                0x00000000001202a0                gdt_copy
                0x00000000001202e0                bootinfo
                0x00000000001202e4                bootsign
 .data          0x00000000001202e8        0x0 binaries/mkbufpool.o
 .data          0x00000000001202e8        0x2 binaries/newqueue.o
 .data          0x00000000001202ea        0x0 binaries/open.o
 .data          0x00000000001202ea        0x0 binaries/panic.o
 .data          0x00000000001202ea        0x0 binaries/pci.o
 .data          0x00000000001202ea        0x0 binaries/platinit.o
 .data          0x00000000001202ea        0x0 binaries/ptclear.o
 .data          0x00000000001202ea        0x0 binaries/ptcount.o
 .data          0x00000000001202ea        0x0 binaries/ptcreate.o
 .data          0x00000000001202ea        0x0 binaries/ptdelete.o
 .data          0x00000000001202ea        0x0 binaries/ptinit.o
 .data          0x00000000001202ea        0x0 binaries/ptrecv.o
 .data          0x00000000001202ea        0x0 binaries/ptreset.o
 .data          0x00000000001202ea        0x0 binaries/ptsend.o
 .data          0x00000000001202ea        0x0 binaries/putc.o
 .data          0x00000000001202ea        0x0 binaries/quark_irq.o
 .data          0x00000000001202ea        0x0 binaries/quark_pdat.o
 .data          0x00000000001202ea        0x0 binaries/queue.o
 .data          0x00000000001202ea        0x0 binaries/read.o
 .data          0x00000000001202ea        0x0 binaries/ready.o
 .data          0x00000000001202ea        0x0 binaries/receive.o
 .data          0x00000000001202ea        0x0 binaries/recvclr.o
 .data          0x00000000001202ea        0x0 binaries/recvtime.o
 .data          0x00000000001202ea        0x0 binaries/resched.o
 .data          0x00000000001202ea        0x0 binaries/resume.o
 .data          0x00000000001202ea        0x0 binaries/seek.o
 .data          0x00000000001202ea        0x0 binaries/semcount.o
 .data          0x00000000001202ea        0x0 binaries/semcreate.o
 .data          0x00000000001202ea        0x0 binaries/semdelete.o
 .data          0x00000000001202ea        0x0 binaries/semreset.o
 .data          0x00000000001202ea        0x0 binaries/sendblk.o
 .data          0x00000000001202ea        0x0 binaries/send.o
 .data          0x00000000001202ea        0x0 binaries/signal.o
 .data          0x00000000001202ea        0x0 binaries/signaln.o
 .data          0x00000000001202ea        0x0 binaries/sleep.o
 .data          0x00000000001202ea        0x0 binaries/suspend.o
 .data          0x00000000001202ea        0x0 binaries/unsleep.o
 .data          0x00000000001202ea        0x0 binaries/userret.o
 .data          0x00000000001202ea        0x0 binaries/wait.o
 .data          0x00000000001202ea        0x0 binaries/wakeup.o
 .data          0x00000000001202ea        0x0 binaries/write.o
 .data          0x00000000001202ea        0x0 binaries/xdone.o
 .data          0x00000000001202ea        0x0 binaries/yield.o
 .data          0x00000000001202ea        0x0 binaries/abs.o
 .data          0x00000000001202ea        0x0 binaries/atoi.o
 .data          0x00000000001202ea        0x0 binaries/atol.o
 .data          0x00000000001202ea        0x0 binaries/bzero.o
 .data          0x00000000001202ea        0x0 binaries/ctype_.o
 .data          0x00000000001202ea        0x0 binaries/doprnt.o
 *fill*         0x00000000001202ea       0x16 
 .data          0x0000000000120300       0x80 binaries/doscan.o
                0x0000000000120300                _sctab
 .data          0x0000000000120380        0x0 binaries/fdoprnt.o
 .data          0x0000000000120380        0x0 binaries/fgetc.o
 .data          0x0000000000120380        0x0 binaries/fgets.o
 .data          0x0000000000120380        0x0 binaries/fprintf.o
 .data          0x0000000000120380        0x0 binaries/fputc.o
 .data          0x0000000000120380        0x0 binaries/fputs.o
 .data          0x0000000000120380        0x0 binaries/fscanf.o
 .data          0x0000000000120380        0x0 binaries/getchar.o
 .data          0x0000000000120380        0x0 binaries/labs.o
 .data          0x0000000000120380        0x0 binaries/memchr.o
 .data          0x0000000000120380        0x0 binaries/memcmp.o
 .data          0x0000000000120380        0x0 binaries/memcpy.o
 .data          0x0000000000120380        0x0 binaries/memset.o
 .data          0x0000000000120380        0x0 binaries/printf.o
 .data          0x0000000000120380        0x0 binaries/putchar.o
 .data          0x0000000000120380        0x0 binaries/qsort.o
 .data          0x0000000000120380        0x4 binaries/rand.o
 .data          0x0000000000120384        0x0 binaries/sprintf.o
 .data          0x0000000000120384        0x0 binaries/sscanf.o
 .data          0x0000000000120384        0x0 binaries/strchr.o
 .data          0x0000000000120384        0x0 binaries/strcmp.o
 .data          0x0000000000120384        0x0 binaries/strcpy.o
 .data          0x0000000000120384        0x0 binaries/strlen.o
 .data          0x0000000000120384        0x0 binaries/strncat.o
 .data          0x0000000000120384        0x0 binaries/strncmp.o
 .data          0x0000000000120384        0x0 binaries/strncpy.o
 .data          0x0000000000120384        0x0 binaries/strnlen.o
 .data          0x0000000000120384        0x0 binaries/strrchr.o
 .data          0x0000000000120384        0x0 binaries/strstr.o
 .data          0x0000000000120384        0x0 binaries/ttycontrol.o
 .data          0x0000000000120384        0x0 binaries/ttygetc.o
 .data          0x0000000000120384        0x0 binaries/ttyhandle_in.o
 .data          0x0000000000120384        0x0 binaries/ttyhandle_out.o
 .data          0x0000000000120384        0x0 binaries/ttyhandler.o
 .data          0x0000000000120384        0x0 binaries/ttyinit.o
 .data          0x0000000000120384        0x0 binaries/ttykickout.o
 .data          0x0000000000120384        0x0 binaries/ttyputc.o
 .data          0x0000000000120384        0x0 binaries/ttyread.o
 .data          0x0000000000120384        0x0 binaries/ttywrite.o
 .data          0x0000000000120384        0x0 binaries/mount.o
 .data          0x0000000000120384        0x0 binaries/naminit.o
 .data          0x0000000000120384        0x0 binaries/nammap.o
 .data          0x0000000000120384        0x0 binaries/namopen.o
 .data          0x0000000000120384        0x0 binaries/colon2mac.o
 .data          0x0000000000120384        0x0 binaries/ethcontrol.o
 .data          0x0000000000120384        0x0 binaries/ethhandler.o
 .data          0x0000000000120384        0x0 binaries/ethinit.o
 .data          0x0000000000120384        0x0 binaries/ethmcast.o
 .data          0x0000000000120384        0x0 binaries/ethread.o
 .data          0x0000000000120384        0x0 binaries/ethwrite.o
 .data          0x0000000000120384        0x0 binaries/rdsbufalloc.o
 .data          0x0000000000120384        0x0 binaries/rdsclose.o
 .data          0x0000000000120384        0x0 binaries/rdscomm.o
 .data          0x0000000000120384        0x0 binaries/rdscontrol.o
 .data          0x0000000000120384        0x0 binaries/rdsinit.o
 .data          0x0000000000120384        0x0 binaries/rdsopen.o
 .data          0x0000000000120384        0x0 binaries/rdsprocess.o
 .data          0x0000000000120384        0x0 binaries/rdsread.o
 .data          0x0000000000120384        0x0 binaries/rdswrite.o
 .data          0x0000000000120384        0x0 binaries/ramclose.o
 .data          0x0000000000120384        0x0 binaries/raminit.o
 .data          0x0000000000120384        0x0 binaries/ramopen.o
 .data          0x0000000000120384        0x0 binaries/ramread.o
 .data          0x0000000000120384        0x0 binaries/ramwrite.o
 .data          0x0000000000120384        0x0 binaries/lfdballoc.o
 .data          0x0000000000120384        0x0 binaries/lfdbfree.o
 .data          0x0000000000120384        0x0 binaries/lfflush.o