
Allocating common symbols
Common symbol       size              file

netbufpool          0x4               binaries/net.o
remote_debug        0x4               binaries/i386-stub.o
readylist           0x2               binaries/ready.o
rfltab              0x5a0             binaries/rflinit.o
sleepq              0x2               binaries/clkinit.o
nnames              0x4               binaries/naminit.o
registers           0x40              binaries/i386-stub.o
udptab              0x168             binaries/udp.o
minheap             0x4               binaries/meminit.o
marks               0x50              binaries/mark.o
currpid             0x4               binaries/initialize.o
Lf_data             0x20c             binaries/lfsinit.o
porttab             0x2d0             binaries/ptinit.o
girmask             0x2               binaries/evec.o
ttytab              0x10c             binaries/ttyinit.o
proctab             0x2710            binaries/initialize.o
sendWaitcount       0x4               binaries/initialize.o
prcount             0x4               binaries/initialize.o
lfltab              0xf00             binaries/lflinit.o
rdstab              0x8c              binaries/rdsinit.o
ethertab            0x138             binaries/ethinit.o
NetData             0xa8              binaries/net.o
nmarks              0x4               binaries/mark.o
Defer               0x8               binaries/resched.o
semtab              0x4b0             binaries/initialize.o
maxheap             0x4               binaries/meminit.o
preempt             0x4               binaries/clkinit.o
buftab              0xf0              binaries/bufinit.o
Rf_data             0x18              binaries/rfsinit.o
mkmutex             0x4               binaries/mark.o
remcomStack         0x2710            binaries/i386-stub.o
clktime             0x4               binaries/clkinit.o
arpcache            0x140             binaries/arp.o
icmptab             0x230             binaries/icmp.o
nbpools             0x4               binaries/bufinit.o
queuetab            0xfc0             binaries/queue.o
ptnextid            0x4               binaries/ptinit.o
Ram                 0x19000           binaries/raminit.o
gdb_i386errcode     0x4               binaries/i386-stub.o
ipoqueue            0x2c              binaries/ip.o
memlist             0x8               binaries/initialize.o
nametab             0x19a0            binaries/naminit.o
ptfree              0x4               binaries/ptinit.o

Discarded input sections

 .group         0x0000000000000000        0x8 binaries/ascdate.o
 .group         0x0000000000000000        0x8 binaries/bufinit.o
 .group         0x0000000000000000        0x8 binaries/cbreg.o
 .text.__x86.get_pc_thunk.bx
                0x0000000000000000        0x4 binaries/cbreg.o
 .group         0x0000000000000000        0x8 binaries/chprio.o
 .text.__x86.get_pc_thunk.bx
                0x0000000000000000        0x4 binaries/chprio.o
 .group         0x0000000000000000        0x8 binaries/clkhandler.o
 .text.__x86.get_pc_thunk.bx
                0x0000000000000000        0x4 binaries/clkhandler.o
 .group         0x0000000000000000        0x8 binaries/clkinit.o
 .text.__x86.get_pc_thunk.bx
                0x0000000000000000        0x4 binaries/clkinit.o
 .group         0x0000000000000000        0x8 binaries/close.o
 .text.__x86.get_pc_thunk.bx
                0x0000000000000000        0x4 binaries/close.o
 .group         0x0000000000000000        0x8 binaries/control.o
 .text.__x86.get_pc_thunk.bx
                0x0000000000000000        0x4 binaries/control.o
 .group         0x0000000000000000        0x8 binaries/create.o
 .text.__x86.get_pc_thunk.bx
                0x0000000000000000        0x4 binaries/create.o
 .group         0x0000000000000000        0x8 binaries/early_imr.o
 .text.__x86.get_pc_thunk.bx
                0x0000000000000000        0x4 binaries/early_imr.o
 .group         0x0000000000000000        0x8 binaries/evec.o
 .text.__x86.get_pc_thunk.bx
                0x0000000000000000        0x4 binaries/evec.o
 .group         0x0000000000000000        0x8 binaries/freebuf.o
 .text.__x86.get_pc_thunk.bx
                0x0000000000000000        0x4 binaries/freebuf.o
 .group         0x0000000000000000        0x8 binaries/freemem.o
 .text.__x86.get_pc_thunk.bx
                0x0000000000000000        0x4 binaries/freemem.o
 .group         0x0000000000000000        0x8 binaries/getbuf.o
 .text.__x86.get_pc_thunk.bx
                0x0000000000000000        0x4 binaries/getbuf.o
 .group         0x0000000000000000        0x8 binaries/getc.o
 .text.__x86.get_pc_thunk.bx
                0x0000000000000000        0x4 binaries/getc.o
 .group         0x0000000000000000        0x8 binaries/getdev.o
 .text.__x86.get_pc_thunk.bx
                0x0000000000000000        0x4 binaries/getdev.o
 .group         0x0000000000000000        0x8 binaries/getitem.o
 .group         0x0000000000000000        0x8 binaries/getitem.o
[...]
Memory Configuration

Name             Origin             Length             Attributes
*default*        0x0000000000000000 0xffffffffffffffff

Linker script and memory map

                0x0000000000100000                physbase = 0x100000
                0x0000000000100000                . = physbase
                0x0000000000100000                . = ALIGN (0x1000)

.text           0x0000000000100000    0x18000
                0x0000000000100000                text = ABSOLUTE (.)
 *(.text .text.*)
 .text          0x0000000000100000      0x1a8 binaries/start.o
                0x0000000000100024                start
                0x00000000001000f6                inb
                0x00000000001000fe                inw
                0x0000000000100107                inl
                0x000000000010010f                outb
                0x0000000000100119                outw
                0x0000000000100124                outl
                0x000000000010012e                _rtcin
                0x0000000000100139                ___udivsi3
                0x0000000000100144                ___divsi3
                0x0000000000100150                sbzero
                0x0000000000100160                bcopy
                0x0000000000100174                insw
                0x000000000010018a                outsw
                0x00000000001001a0                lidt
 .text          0x00000000001001a8      0x2e5 binaries/ascdate.o
                0x00000000001001a8                ascdate
 .text.__x86.get_pc_thunk.bx
                0x000000000010048d        0x4 binaries/ascdate.o
                0x000000000010048d                __x86.get_pc_thunk.bx
 .text          0x0000000000100491       0x1c binaries/bufinit.o
                0x0000000000100491                bufinit
 .text.__x86.get_pc_thunk.ax
                0x00000000001004ad        0x4 binaries/bufinit.o
                0x00000000001004ad                __x86.get_pc_thunk.ax
 .text          0x00000000001004b1       0x95 binaries/cbreg.o
                0x00000000001004b1                cbreg
 .text          0x0000000000100546       0x81 binaries/chprio.o
                0x0000000000100546                chprio
 .text          0x00000000001005c7       0x8f binaries/clkhandler.o
                0x00000000001005c7                clkhandler
 .text          0x0000000000100656       0x6e binaries/clkinit.o
                0x0000000000100656                clkinit
 .text          0x00000000001006c4       0x5c binaries/close.o
                0x00000000001006c4                close
 .text          0x0000000000100720        0x0 binaries/conf.o
 .text          0x0000000000100720       0x65 binaries/control.o
                0x0000000000100720                control
 .text          0x0000000000100785      0x23d binaries/create.o
                0x0000000000100785                create
 .text          0x00000000001009c2      0x23b binaries/early_imr.o
                0x00000000001009c2                intel_cln_early_sb_read_reg
                0x0000000000100a29                intel_cln_early_sb_write_reg
                0x0000000000100ae8                remove_irm_protections
 .text          0x0000000000100bfd      0x36d binaries/evec.o
                0x0000000000100bfd                setirmask
                0x0000000000100c4e                set_evec
                0x0000000000100cc2                initevec
                0x0000000000100da3                trap
 .text          0x0000000000100f6a       0x91 binaries/freebuf.o
                0x0000000000100f6a                freebuf
 .text          0x0000000000100ffb      0x123 binaries/freemem.o
                0x0000000000100ffb                freemem
 .text          0x000000000010111e       0x75 binaries/getbuf.o
                0x000000000010111e                getbuf
 .text          0x0000000000101193       0x5c binaries/getc.o
                0x0000000000101193                getc
 .text          0x00000000001011ef       0x79 binaries/getdev.o
                0x00000000001011ef                getdev
 .text          0x0000000000101268       0x96 binaries/getitem.o
                0x0000000000101268                getitem
                0x000000000010129b                getfirst
                0x00000000001012cb                getlast
 .text.__x86.get_pc_thunk.dx
                0x00000000001012fe        0x4 binaries/getitem.o
                0x00000000001012fe                __x86.get_pc_thunk.dx
 .text          0x0000000000101302       0xce binaries/getmem.o
                0x0000000000101302                getmem
 .text          0x00000000001013d0       0x13 binaries/getpid.o
                0x00000000001013d0                getpid
 .text          0x00000000001013e3       0x6e binaries/getprio.o
                0x00000000001013e3                getprio
 .text          0x0000000000101451       0xc0 binaries/getstk.o
                0x0000000000101451                getstk
 .text          0x0000000000101511       0x41 binaries/gettime.o
                0x0000000000101511                gettime
 .text          0x0000000000101552      0x1d5 binaries/getutime.o
                0x0000000000101552                getutime
 .text          0x0000000000101727     0x14de binaries/i386-stub.o
                0x0000000000101727                return_to_prog
                0x00000000001017a4                _catchException3
                0x0000000000101835                _catchException1
                0x00000000001018c6                _catchException0
                0x0000000000101957                _catchException4
                0x00000000001019e8                _catchException5
                0x0000000000101a79                _catchException6
                0x0000000000101b0a                _catchException7
                0x0000000000101b9b                _catchException8
                0x0000000000101c33                _catchException9
                0x0000000000101cc4                _catchException10
                0x0000000000101d5c                _catchException12
                0x0000000000101df4                _catchException16
                0x0000000000101e85                _catchException13
                0x0000000000101f2a                _catchException11
                0x0000000000101fcf                _catchException14
                0x0000000000102082                set_mem_err
                0x0000000000102097                putDebugChar
                0x00000000001020b8                getDebugChar
                0x00000000001020e7                exceptionHandler
                0x0000000000102108                _returnFromException
                0x0000000000102121                hex
                0x0000000000102158                send_gdb_header
                0x000000000010216a                getpacket
                0x00000000001022c8                putpacket
                0x0000000000102369                debug_error
                0x000000000010239d                get_char
                0x00000000001023a5                set_char
                0x00000000001023b0                mem2hex
                0x0000000000102457                hex2mem
                0x0000000000102504                computeSignal
                0x000000000010256f                hexToInt
                0x00000000001025c2                handle_exception
                0x0000000000102ad6                set_debug_traps
                0x0000000000102bf0                breakpoint
 .text.__x86.get_pc_thunk.cx
                0x0000000000102c05        0x4 binaries/i386-stub.o
                0x0000000000102c05                __x86.get_pc_thunk.cx
 .text.__x86.get_pc_thunk.si
                0x0000000000102c09        0x4 binaries/i386-stub.o
                0x0000000000102c09                __x86.get_pc_thunk.si
 .text.__x86.get_pc_thunk.bp
                0x0000000000102c0d        0x4 binaries/i386-stub.o
                0x0000000000102c0d                __x86.get_pc_thunk.bp
 .text          0x0000000000102c11       0x5c binaries/init.o
                0x0000000000102c11                init
 .text          0x0000000000102c6d      0x28e binaries/initialize.o
                0x0000000000102c6d                nulluser
                0x0000000000102ea6                stop
                0x0000000000102ed8                delay
 .text          0x0000000000102efb       0x98 binaries/insert.o
                0x0000000000102efb                insert
 .text.__x86.get_pc_thunk.di
                0x0000000000102f93        0x4 binaries/insert.o
                0x0000000000102f93                __x86.get_pc_thunk.di
 .text          0x0000000000102f97       0xf7 binaries/insertd.o
                0x0000000000102f97                insertd
 .text          0x000000000010308e        0x6 binaries/ioerr.o
                0x000000000010308e                ioerr
 .text          0x0000000000103094        0x6 binaries/ionull.o
                0x0000000000103094                ionull
 .text          0x000000000010309a      0x18d binaries/kill.o
                0x000000000010309a                kill
 .text          0x0000000000103227       0xe2 binaries/kprintf.o
                0x0000000000103227                kputc
                0x0000000000103265                console_init
                0x00000000001032a9                kgetc
                0x00000000001032d8                kprintf
 .text          0x0000000000103309      0x58d binaries/main.o
                0x0000000000103309                receiver
                0x0000000000103346                receiver_callback
                0x000000000010337c                receiverq
                0x00000000001033b9                sender
                0x000000000010341b                senderq
                0x000000000010347d                sender_no_blk
                0x00000000001034cb                test_reg_cb
                0x0000000000103504                main
 .text          0x0000000000103896       0xb3 binaries/mark.o
                0x0000000000103896                markinit
                0x00000000001038c5                mark
 .text          0x0000000000103949      0x22c binaries/meminit.o
                0x0000000000103949                meminit
                0x0000000000103aef                setsegs
 .text          0x0000000000103b75      0x14a binaries/mkbufpool.o
                0x0000000000103b75                mkbufpool
 .text          0x0000000000103cbf       0x5e binaries/newqueue.o
                0x0000000000103cbf                newqueue
 .text          0x0000000000103d1d       0x64 binaries/open.o
                0x0000000000103d1d                open
 .text          0x0000000000103d81       0x2c binaries/panic.o
                0x0000000000103d81                panic
 .text          0x0000000000103dad      0x280 binaries/pci.o
                0x0000000000103dad                pci_init
                0x0000000000103db3                find_pci_device
                0x0000000000103e75                pci_read_config_byte
                0x0000000000103eb2                pci_read_config_word
                0x0000000000103ef1                pci_read_config_dword
                0x0000000000103f2e                pci_write_config_byte
                0x0000000000103f69                pci_write_config_word
                0x0000000000103fa5                pci_write_config_dword
                0x0000000000103fe0                pci_get_dev_mmio_base_addr
 .text          0x000000000010402d       0x68 binaries/platinit.o
                0x000000000010402d                platinit
 .text          0x0000000000104095       0xab binaries/ptclear.o
                0x0000000000104095                _ptclear
 .text          0x0000000000104140       0x9f binaries/ptcount.o
                0x0000000000104140                ptcount
 .text          0x00000000001041df       0xf4 binaries/ptcreate.o
                0x00000000001041df                ptcreate
 .text          0x00000000001042d3       0x70 binaries/ptdelete.o
                0x00000000001042d3                ptdelete
 .text          0x0000000000104343       0xa0 binaries/ptinit.o
                0x0000000000104343                ptinit
 .text          0x00000000001043e3      0x123 binaries/ptrecv.o
                0x00000000001043e3                ptrecv
 .text          0x0000000000104506       0x68 binaries/ptreset.o
                0x0000000000104506                ptreset
 .text          0x000000000010456e      0x15c binaries/ptsend.o
                0x000000000010456e                ptsend
 .text          0x00000000001046ca       0x6e binaries/putc.o
                0x00000000001046ca                putc
 .text          0x0000000000104738       0xc3 binaries/quark_irq.o
                0x0000000000104738                quark_irq_routing
 .text          0x00000000001047fb      0x1bb binaries/quark_pdat.o
                0x00000000001047fb                get_quark_pdat_entry_data_by_id
                0x00000000001048d4                get_quark_pdat_entry_data_by_desc
 .text          0x00000000001049b6       0xc6 binaries/queue.o
                0x00000000001049b6                enqueue
                0x0000000000104a21                dequeue
 .text          0x0000000000104a7c       0x64 binaries/read.o
                0x0000000000104a7c                read
 .text          0x0000000000104ae0       0x79 binaries/ready.o
                0x0000000000104ae0                ready
 .text          0x0000000000104b59      0x144 binaries/receive.o
                0x0000000000104b59                receive
 .text          0x0000000000104c9d      0x2ca binaries/receiveq.o
                0x0000000000104c9d                receiveq
 .text          0x0000000000104f67       0x67 binaries/recvclr.o
                0x0000000000104f67                recvclr
 .text          0x0000000000104fce       0xd2 binaries/recvtime.o
                0x0000000000104fce                recvtime
 .text          0x00000000001050a0      0x21b binaries/resched.o
                0x00000000001050a0                resched
                0x000000000010522e                resched_cntl
 .text          0x00000000001052bb       0x95 binaries/resume.o
                0x00000000001052bb                resume
 .text          0x0000000000105350       0x60 binaries/seek.o
                0x0000000000105350                seek
 .text          0x00000000001053b0       0x65 binaries/semcount.o
                0x00000000001053b0                semcount
 .text          0x0000000000105415       0xb5 binaries/semcreate.o
                0x0000000000105415                semcreate
 .text          0x00000000001054ca       0xe0 binaries/semdelete.o
                0x00000000001054ca                semdelete
 .text          0x00000000001055aa       0xc0 binaries/semreset.o
                0x00000000001055aa                semreset
 .text          0x000000000010566a      0x109 binaries/sendblk.o
                0x000000000010566a                sendblk
 .text          0x0000000000105773       0xce binaries/send.o
                0x0000000000105773                send
 .text          0x0000000000105841      0x152 binaries/sendq.o
                0x0000000000105841                sendq
 .text          0x0000000000105993       0xa9 binaries/signal.o
                0x0000000000105993                signal
 .text          0x0000000000105a3c       0xe9 binaries/signaln.o
                0x0000000000105a3c                signaln
 .text          0x0000000000105b25       0xd7 binaries/sleep.o
                0x0000000000105b25                sleepms
                0x0000000000105bc6                sleep
 .text          0x0000000000105bfc       0xce binaries/suspend.o
                0x0000000000105bfc                suspend
 .text          0x0000000000105cca       0x9f binaries/unsleep.o
                0x0000000000105cca                unsleep
 .text          0x0000000000105d69       0x22 binaries/userret.o
                0x0000000000105d69                userret
 .text          0x0000000000105d8b       0xc6 binaries/wait.o
                0x0000000000105d8b                wait
 .text          0x0000000000105e51       0x88 binaries/wakeup.o
                0x0000000000105e51                wakeup
 .text          0x0000000000105ed9       0x64 binaries/write.o
                0x0000000000105ed9                write
 .text          0x0000000000105f3d       0x25 binaries/xdone.o
                0x0000000000105f3d                xdone
 .text          0x0000000000105f62       0x30 binaries/yield.o
                0x0000000000105f62                yield
 .text          0x0000000000105f92        0xe binaries/abs.o
                0x0000000000105f92                abs
 .text          0x0000000000105fa0       0x60 binaries/atoi.o
                0x0000000000105fa0                atoi
 .text          0x0000000000106000       0x60 binaries/atol.o
                0x0000000000106000                atol
 .text          0x0000000000106060       0x18 binaries/bzero.o
                0x0000000000106060                bzero
 .text          0x0000000000106078        0x0 binaries/ctype_.o
 .text          0x0000000000106078      0x83f binaries/doprnt.o
                0x00000000001061ee                _doprnt
 .text          0x00000000001068b7      0x776 binaries/doscan.o
                0x00000000001068b7                _doscan
 .text          0x000000000010702d      0x7a9 binaries/fdoprnt.o
                0x00000000001070b3                _fdoprnt
 .text          0x00000000001077d6       0x2b binaries/fgetc.o
                0x00000000001077d6                fgetc
 .text          0x0000000000107801       0x68 binaries/fgets.o
                0x0000000000107801                fgets
 .text          0x0000000000107869       0x31 binaries/fprintf.o
                0x0000000000107869                fprintf
 .text          0x000000000010789a       0x36 binaries/fputc.o
                0x000000000010789a                fputc
 .text          0x00000000001078d0       0x45 binaries/fputs.o
                0x00000000001078d0                fputs
 .text          0x0000000000107915       0x88 binaries/fscanf.o
                0x000000000010795c                fscanf
 .text          0x000000000010799d       0x35 binaries/getchar.o
                0x000000000010799d                getchar
 .text          0x00000000001079d2        0xe binaries/labs.o
                0x00000000001079d2                labs
 .text          0x00000000001079e0       0x34 binaries/memchr.o
                0x00000000001079e0                memchr
 .text          0x0000000000107a14       0x47 binaries/memcmp.o
                0x0000000000107a14                memcmp
 .text          0x0000000000107a5b       0x25 binaries/memcpy.o
                0x0000000000107a5b                memcpy
 .text          0x0000000000107a80       0x1e binaries/memset.o
                0x0000000000107a80                memset
 .text          0x0000000000107a9e       0x49 binaries/printf.o
                0x0000000000107a9e                printf
 .text          0x0000000000107ae7       0x39 binaries/putchar.o
                0x0000000000107ae7                putchar
 .text          0x0000000000107b20      0x22b binaries/qsort.o
                0x0000000000107d13                qsort
 .text          0x0000000000107d4b       0x3e binaries/rand.o
                0x0000000000107d4b                srand
                0x0000000000107d60                rand
 .text          0x0000000000107d89       0x58 binaries/sprintf.o
                0x0000000000107da0                sprintf
 .text          0x0000000000107de1       0x68 binaries/sscanf.o
                0x0000000000107e0a                sscanf
 .text          0x0000000000107e49       0x2f binaries/strchr.o
                0x0000000000107e49                strchr
 .text          0x0000000000107e78       0x41 binaries/strcmp.o
                0x0000000000107e78                strcmp
 .text          0x0000000000107eb9       0x1a binaries/strcpy.o
                0x0000000000107eb9                strcpy
 .text          0x0000000000107ed3       0x1c binaries/strlen.o
                0x0000000000107ed3                strlen
 .text          0x0000000000107eef       0x3a binaries/strncat.o
                0x0000000000107eef                strncat
 .text          0x0000000000107f29       0x36 binaries/strncmp.o
                0x0000000000107f29                strncmp
 .text          0x0000000000107f5f       0x57 binaries/strncpy.o
                0x0000000000107f5f                strncpy
 .text          0x0000000000107fb6       0x2e binaries/strnlen.o
                0x0000000000107fb6                strnlen
 .text          0x0000000000107fe4       0x34 binaries/strrchr.o
                0x0000000000107fe4                strrchr
 .text          0x0000000000108018       0x75 binaries/strstr.o
                0x0000000000108018                strstr
 .text          0x000000000010808d      0x164 binaries/ttycontrol.o
                0x000000000010808d                ttycontrol
 .text          0x00000000001081f1       0xda binaries/ttygetc.o
                0x00000000001081f1                ttygetc
 .text          0x00000000001082cb      0x4f5 binaries/ttyhandle_in.o
                0x000000000010838b                ttyhandle_in
 .text          0x00000000001087c0      0x181 binaries/ttyhandle_out.o
                0x00000000001087c0                ttyhandle_out
 .text          0x0000000000108941       0x93 binaries/ttyhandler.o
                0x0000000000108941                ttyhandler
 .text          0x00000000001089d4      0x17a binaries/ttyinit.o
                0x00000000001089d4                ttyinit
 .text          0x0000000000108b4e        0xc binaries/ttykickout.o
                0x0000000000108b4e                ttykickout
 .text          0x0000000000108b5a       0xf0 binaries/ttyputc.o
                0x0000000000108b5a                ttyputc
 .text          0x0000000000108c4a      0x143 binaries/ttyread.o
                0x0000000000108c4a                ttyread
 .text          0x0000000000108d8d       0x59 binaries/ttywrite.o
                0x0000000000108d8d                ttywrite
 .text          0x0000000000108de6      0x152 binaries/mount.o
                0x0000000000108de6                namlen
                0x0000000000108e1c                mount
 .text          0x0000000000108f38      0x1f2 binaries/naminit.o
                0x0000000000108f38                naminit
 .text          0x000000000010912a      0x231 binaries/nammap.o
                0x000000000010912a                namrepl
                0x0000000000109267                namcpy
                0x00000000001092b2                nammap
 .text          0x000000000010935b       0x5b binaries/namopen.o
                0x000000000010935b                namopen
 .text          0x00000000001093b6       0xfc binaries/colon2mac.o
                0x00000000001093b6                colon2mac
 .text          0x00000000001094b2       0x8d binaries/ethcontrol.o
                0x00000000001094b2                ethcontrol
 .text          0x000000000010953f      0x1bc binaries/ethhandler.o
                0x000000000010953f                ethhandler
 .text          0x00000000001096fb      0x573 binaries/ethinit.o
                0x00000000001096fb                eth_phy_read
                0x0000000000109736                eth_phy_write
                0x0000000000109774                eth_phy_reset
                0x0000000000109849                ethinit
 .text          0x0000000000109c6e      0x10d binaries/ethmcast.o
                0x0000000000109c6e                ethmcast_add
                0x0000000000109cc2                ethmcast_remove
 .text          0x0000000000109d7b      0x1d8 binaries/ethread.o
                0x0000000000109d7b                ethread
 .text          0x0000000000109f53       0xdf binaries/ethwrite.o
                0x0000000000109f53                ethwrite
 .text          0x000000000010a032       0x73 binaries/rdsbufalloc.o
                0x000000000010a032                rdsbufalloc
 .text          0x000000000010a0a5       0xb7 binaries/rdsclose.o
                0x000000000010a0a5                rdsclose
 .text          0x000000000010a15c      0x22d binaries/rdscomm.o
                0x000000000010a15c                rdscomm
 .text          0x000000000010a389      0x1d8 binaries/rdscontrol.o
                0x000000000010a389                rdscontrol
 .text          0x000000000010a561      0x201 binaries/rdsinit.o
                0x000000000010a561                rdsinit
 .text          0x000000000010a762      0x1a4 binaries/rdsopen.o
                0x000000000010a762                rdsopen
 .text          0x000000000010a906      0x2e5 binaries/rdsprocess.o
                0x000000000010a906                rdsprocess
 .text          0x000000000010abeb      0x209 binaries/rdsread.o
                0x000000000010abeb                rdsread
 .text          0x000000000010adf4      0x1b3 binaries/rdswrite.o
                0x000000000010adf4                rdswrite
 .text          0x000000000010afa7        0x6 binaries/ramclose.o
                0x000000000010afa7                ramclose
 .text          0x000000000010afad       0x42 binaries/raminit.o
                0x000000000010afad                raminit
 .text          0x000000000010afef        0x7 binaries/ramopen.o
                0x000000000010afef                ramopen
 .text          0x000000000010aff6       0x35 binaries/ramread.o
                0x000000000010aff6                ramread
 .text          0x000000000010b02b       0x35 binaries/ramwrite.o
                0x000000000010b02b                ramwrite
 .text          0x000000000010b060       0xa3 binaries/lfdballoc.o
                0x000000000010b060                lfdballoc
 .text          0x000000000010b103       0x5c binaries/lfdbfree.o
                0x000000000010b103                lfdbfree
 .text          0x000000000010b15f       0xb5 binaries/lfflush.o
                0x000000000010b15f                lfflush
 .text          0x000000000010b214       0x74 binaries/lfgetmode.o
                0x000000000010b214                lfgetmode
 .text          0x000000000010b288       0x70 binaries/lfiballoc.o
                0x000000000010b288                lfiballoc
 .text          0x000000000010b2f8       0x25 binaries/lfibclear.o
                0x000000000010b2f8                lfibclear
 .text          0x000000000010b31d       0x8f binaries/lfibget.o
                0x000000000010b31d                lfibget
 .text          0x000000000010b3ac       0xa8 binaries/lfibput.o
                0x000000000010b3ac                lfibput
 .text          0x000000000010b454       0xc1 binaries/lflclose.o
                0x000000000010b454                lflclose
 .text          0x000000000010b515       0xdb binaries/lflcontrol.o
                0x000000000010b515                lflcontrol
 .text          0x000000000010b5f0      0x118 binaries/lflgetc.o
                0x000000000010b5f0                lflgetc
 .text          0x000000000010b708       0xf6 binaries/lflinit.o
                0x000000000010b708                lflinit
 .text          0x000000000010b7fe      0x150 binaries/lflputc.o
                0x000000000010b7fe                lflputc
 .text          0x000000000010b94e       0x77 binaries/lflread.o
                0x000000000010b94e                lflread
 .text          0x000000000010b9c5       0xda binaries/lflseek.o
                0x000000000010b9c5                lflseek
 .text          0x000000000010ba9f       0x65 binaries/lflwrite.o
                0x000000000010ba9f                lflwrite
 .text          0x000000000010bb04      0x14f binaries/lfsckfmt.o
                0x000000000010bb04                lfsckfmt
 .text          0x000000000010bc53      0x1d3 binaries/lfscreate.o
                0x000000000010bc53                lfscreate
 .text          0x000000000010be26      0x1f7 binaries/lfsetup.o
                0x000000000010be26                lfsetup
 .text          0x000000000010c01d       0x52 binaries/lfsinit.o
                0x000000000010c01d                lfsinit
 .text          0x000000000010c06f      0x33f binaries/lfsopen.o
                0x000000000010c06f                lfsopen
 .text          0x000000000010c3ae      0x151 binaries/lftruncate.o
                0x000000000010c3ae                lftruncate
 .text          0x000000000010c4ff       0x83 binaries/rflclose.o
                0x000000000010c4ff                rflclose
 .text          0x000000000010c582       0x38 binaries/rflgetc.o
                0x000000000010c582                rflgetc
 .text          0x000000000010c5ba       0x80 binaries/rflinit.o
                0x000000000010c5ba                rflinit
 .text          0x000000000010c63a       0x3b binaries/rflputc.o
                0x000000000010c63a                rflputc
 .text          0x000000000010c675      0x33b binaries/rflread.o
                0x000000000010c675                rflread
 .text          0x000000000010c9b0       0x87 binaries/rflseek.o
                0x000000000010c9b0                rflseek
 .text          0x000000000010ca37      0x360 binaries/rflwrite.o
                0x000000000010ca37                rflwrite
 .text          0x000000000010cd97      0x1a6 binaries/rfscomm.o
                0x000000000010cd97                rfscomm
 .text          0x000000000010cf3d      0x27f binaries/rfscontrol.o
                0x000000000010cf3d                rfscontrol
 .text          0x000000000010d1bc       0x74 binaries/rfsgetmode.o
                0x000000000010d1bc                rfsgetmode
 .text          0x000000000010d230       0x98 binaries/rfsinit.o
                0x000000000010d230                rfsinit
 .text          0x000000000010d2c8       0xca binaries/rfsndmsg.o
                0x000000000010d2c8                rfsndmsg
 .text          0x000000000010d392      0x286 binaries/rfsopen.o
                0x000000000010d392                rfsopen
 .text          0x000000000010d618      0x6c0 binaries/arp.o
                0x000000000010d618                arp_init
                0x000000000010d63f                arp_alloc
                0x000000000010d6f0                arp_ntoh
                0x000000000010d75a                arp_hton
                0x000000000010d7c4                arp_resolve
                0x000000000010da69                arp_in
 .text          0x000000000010dcd8      0x5ea binaries/dhcp.o
                0x000000000010dcd8                dhcp_get_opt_val
                0x000000000010dd29                dhcp_bld_bootp_msg
                0x000000000010de07                dhcp_bld_disc
                0x000000000010de57                dhcp_bld_req
                0x000000000010defd                getlocalip
 .text          0x000000000010e2c2       0xc6 binaries/dot2ip.o
                0x000000000010e2c2                dot2ip
 .text          0x000000000010e388      0x3cf binaries/hexdump.o
                0x000000000010e388                hexdump
                0x000000000010e51a                hexadump
 .text          0x000000000010e757      0x778 binaries/icmp.o
                0x000000000010e757                icmp_init
                0x000000000010e77b                icmp_register
                0x000000000010e82f                icmp_recv
                0x000000000010e9ea                icmp_mkpkt
                0x000000000010eae1                icmp_in
                0x000000000010ec87                icmp_send
                0x000000000010ed0a                icmp_release
                0x000000000010ee4d                icmp_cksum
                0x000000000010eea7                icmp_hton
                0x000000000010eebb                icmp_ntoh
 .text          0x000000000010eecf      0x648 binaries/ip.o
                0x000000000010eecf                ip_local
                0x000000000010ef1c                ipcksum
                0x000000000010ef6a                ip_ntoh
                0x000000000010efd4                ip_in
                0x000000000010f11d                ip_hton
                0x000000000010f187                ip_out
                0x000000000010f247                ip_send
                0x000000000010f371                ipout
                0x000000000010f474                ip_enqueue
 .text          0x000000000010f517      0x1cc binaries/net.o
                0x000000000010f517                net_init
                0x000000000010f625                eth_hton
                0x000000000010f62f                eth_ntoh
                0x000000000010f639                netin
 .text          0x000000000010f6e3       0xd9 binaries/netstart.o
                0x000000000010f6e3                netstart
 .text          0x000000000010f7bc      0xae9 binaries/pdump.o
                0x000000000010f7bc                pdump
                0x000000000010fdf9                pdumph
 .text          0x00000000001102a5      0x5ff binaries/tftp.o
                0x00000000001102a5                tftp_send1
                0x00000000001103c7                tftpget_mb
                0x000000000011087d                tftpget
 .text          0x00000000001108a4      0xa9c binaries/udp.o
                0x00000000001108a4                udp_init
                0x00000000001108e7                udp_in
                0x0000000000110a03                udp_register
                0x0000000000110b1e                udp_recv
                0x0000000000110cc3                udp_recvaddr
                0x0000000000110e7c                udp_send
                0x0000000000111049                udp_sendto
                0x00000000001111d5                udp_release
                0x0000000000111318                udp_ntoh
                0x000000000011132c                udp_hton
 .text          0x0000000000111340      0x139 binaries/addargs.o
                0x0000000000111340                addargs
 .text          0x0000000000111479      0x234 binaries/lexan.o
                0x0000000000111479                lexan
 .text          0x00000000001116ad      0x642 binaries/shell.o
                0x00000000001116ad                shell
 .text          0x0000000000111cef       0x6e binaries/xsh_argecho.o
                0x0000000000111cef                xsh_argecho
 .text          0x0000000000111d5d      0x244 binaries/xsh_arp.o
                0x0000000000111d5d                xsh_arp
 .text          0x0000000000111fa1      0x25f binaries/xsh_cat.o
                0x0000000000111fa1                xsh_cat
 .text          0x0000000000112200       0x6d binaries/xsh_clear.o
                0x0000000000112200                xsh_clear
 .text          0x000000000011226d      0x2bc binaries/xsh_date.o
                0x000000000011226d                xsh_date
 .text          0x0000000000112529       0xa7 binaries/xsh_devdump.o
                0x0000000000112529                xsh_devdump
 .text          0x00000000001125d0       0x77 binaries/xsh_echo.o
                0x00000000001125d0                xsh_echo
 .text          0x0000000000112647        0x6 binaries/xsh_exit.o
                0x0000000000112647                xsh_exit
 .text          0x000000000011264d      0x37e binaries/xsh_help.o
                0x000000000011264d                xsh_help
 .text          0x00000000001129cb      0x386 binaries/xsh_ipaddr.o
                0x00000000001129cb                xsh_ipaddr
 .text          0x0000000000112d51      0x1ff binaries/xsh_kill.o
                0x0000000000112d51                xsh_kill
 .text          0x0000000000112f50      0x436 binaries/xsh_memdump.o
                0x0000000000112ffa                xsh_memdump
 .text          0x0000000000113386      0x221 binaries/xsh_memstat.o
                0x0000000000113386                xsh_memstat
 .text          0x00000000001135a7      0x311 binaries/xsh_ping.o
                0x00000000001135a7                xsh_ping
 .text          0x00000000001138b8      0x1d6 binaries/xsh_ps.o
                0x00000000001138b8                xsh_ps
 .text          0x0000000000113a8e      0x1da binaries/xsh_sleep.o
                0x0000000000113a8e                xsh_sleep
 .text          0x0000000000113c68      0x217 binaries/xsh_udpdump.o
                0x0000000000113c68                xsh_udpdump
 .text          0x0000000000113e7f      0x46d binaries/xsh_udpecho.o
                0x0000000000113e7f                xsh_udpecho
 .text          0x00000000001142ec      0x2a6 binaries/xsh_udpeserver.o
                0x00000000001142ec                xsh_udpeserver
 .text          0x0000000000114592      0x1f2 binaries/xsh_uptime.o
                0x0000000000114592                xsh_uptime
 .text          0x0000000000114784        0xe binaries/clkdisp.o
                0x0000000000114784                clkdisp
 .text          0x0000000000114792       0x19 binaries/ctxsw.o
                0x0000000000114792                ctxsw
 .text          0x00000000001147ab      0x368 binaries/intr.o
                0x00000000001147ab                disable
                0x00000000001147b4                restore
                0x00000000001147c2                enable
                0x00000000001147c4                pause
                0x00000000001147cb                halt
                0x00000000001147ce                spurious_irq7
                0x00000000001147d3                spurious_irq15
                0x00000000001147e2                _Xint0
                0x00000000001147ed                _Xint1
                0x00000000001147f8                _Xint2
                0x0000000000114803                _Xint3
                0x000000000011480e                _Xint4
                0x0000000000114819                _Xint5
                0x0000000000114824                _Xint6
                0x000000000011482f                _Xint7
                0x000000000011483a                _Xint8
                0x0000000000114845                _Xint9
                0x0000000000114850                _Xint10
                0x000000000011485b                _Xint11
                0x0000000000114869                _Xint12
                0x0000000000114877                _Xint13
                0x0000000000114885                _Xint14
                0x0000000000114893                _Xint15
                0x00000000001148a1                _Xint16
                0x00000000001148af                _Xint17
                0x00000000001148bd                _Xint18
                0x00000000001148cb                _Xint19
                0x00000000001148d9                _Xint20
                0x00000000001148e7                _Xint21
                0x00000000001148f5                _Xint22
                0x0000000000114903                _Xint23
                0x0000000000114911                _Xint24
                0x000000000011491f                _Xint25
                0x000000000011492d                _Xint26
                0x000000000011493b                _Xint27
                0x0000000000114949                _Xint28
                0x0000000000114957                _Xint29
                0x0000000000114965                _Xint30
                0x0000000000114973                _Xint31
                0x0000000000114981                _Xint32
                0x000000000011498f                _Xint33
                0x000000000011499d                _Xint34
                0x00000000001149ab                _Xint35
                0x00000000001149b9                _Xint36
                0x00000000001149c7                _Xint37
                0x00000000001149d5                _Xint38
                0x00000000001149e3                _Xint39
                0x00000000001149f1                _Xint40
                0x00000000001149ff                _Xint41
                0x0000000000114a0d                _Xint42
                0x0000000000114a1b                _Xint43
                0x0000000000114a29                _Xint44
                0x0000000000114a37                _Xint45
                0x0000000000114a45                _Xint46
                0x0000000000114a53                defevec
 .text          0x0000000000114b13        0xf binaries/ttydispatch.o
                0x0000000000114b13                ttydispatch
 .text          0x0000000000114b22       0x13 binaries/ethdispatch.o
                0x0000000000114b22                ethdispatch
 *(.rodata .rodata.*)
 .rodata.str1.1
                0x0000000000114b35       0x54 binaries/ascdate.o
 *fill*         0x0000000000114b89        0x3 
 .rodata.str1.4
                0x0000000000114b8c       0x22 binaries/ascdate.o
 .rodata.str1.1
                0x0000000000114bae       0x5f binaries/conf.o
 *fill*         0x0000000000114c0d        0x3 
 .rodata.str1.4
                0x0000000000114c10       0x4f binaries/early_imr.o
 *fill*         0x0000000000114c5f        0x1 
 .rodata        0x0000000000114c60       0x33 binaries/early_imr.o
 .rodata.str1.1
                0x0000000000114c93      0x20c binaries/evec.o
 *fill*         0x0000000000114e9f        0x1 
 .rodata.str1.4
                0x0000000000114ea0       0x23 binaries/evec.o
 .rodata.str1.1
                0x0000000000114ec3        0xb binaries/getutime.o
 *fill*         0x0000000000114ece        0x2 
 .rodata.str1.4
                0x0000000000114ed0       0x54 binaries/getutime.o
 .rodata.str1.4
                0x0000000000114f24       0x33 binaries/i386-stub.o
 *fill*         0x0000000000114f57        0x1 
 .rodata        0x0000000000114f58      0x129 binaries/i386-stub.o
 .rodata.str1.1
                0x0000000000115081       0x39 binaries/i386-stub.o
 .rodata.str1.1
                0x00000000001150ba       0x63 binaries/initialize.o
                                         0x67 (size before relaxing)
 *fill*         0x000000000011511d        0x3 
 .rodata.str1.4
                0x0000000000115120       0xd0 binaries/initialize.o
 .rodata        0x00000000001151f0       0x20 binaries/kill.o
 .rodata.str1.4
                0x0000000000115210       0x9a binaries/main.o
 .rodata.str1.1
                0x00000000001152aa      0x146 binaries/main.o
 .rodata.str1.4
                0x00000000001153f0       0x23 binaries/meminit.o
 .rodata.str1.1
                0x0000000000115413       0x1b binaries/meminit.o
 .rodata.str1.1
                0x000000000011542e        0xf binaries/panic.o
 .rodata.str1.1
                0x000000000011543d       0x1c binaries/ptinit.o
 *fill*         0x0000000000115459        0x3 
 .rodata.str1.4
                0x000000000011545c       0x25 binaries/ptsend.o
 .rodata.str1.1
                0x0000000000115481       0x22 binaries/quark_pdat.o
 *fill*         0x00000000001154a3        0x1 
 .rodata.str1.4
                0x00000000001154a4       0x21 binaries/receiveq.o
 .rodata.str1.1
                0x00000000001154c5       0x11 binaries/sendq.o
 *fill*         0x00000000001154d6        0x2 
 .rodata.str1.4
                0x00000000001154d8       0x27 binaries/xdone.o
 *fill*         0x00000000001154ff        0x1 
 .rodata        0x0000000000115500       0x81 binaries/ctype_.o
                0x0000000000115500                _ctype_
 .rodata.str1.1
                0x0000000000115581       0x29 binaries/doprnt.o
 *fill*         0x00000000001155aa        0x2 
 .rodata        0x00000000001155ac       0xc4 binaries/doprnt.o
 .rodata        0x0000000000115670       0x98 binaries/doscan.o
 .rodata.str1.1
                0x0000000000115708       0x29 binaries/fdoprnt.o
 .rodata        0x0000000000115708       0x84 binaries/fdoprnt.o
 .rodata        0x000000000011578c       0x20 binaries/ttycontrol.o
 .rodata.str1.4
                0x00000000001157ac       0x4c binaries/naminit.o
 .rodata.str1.1
                0x00000000001157f8       0x32 binaries/naminit.o
                                         0x35 (size before relaxing)
 .rodata.str1.1
                0x000000000011582a       0x15 binaries/ethinit.o
 *fill*         0x000000000011583f        0x1 
 .rodata.str1.4
                0x0000000000115840       0x2e binaries/ethinit.o
 *fill*         0x000000000011586e        0x2 
 .rodata.str1.4
                0x0000000000115870       0x2c binaries/rdsbufalloc.o
 .rodata.str1.4
                0x000000000011589c       0x76 binaries/rdscomm.o
 *fill*         0x0000000000115912        0x2 
 .rodata.str1.4
                0x0000000000115914       0x48 binaries/rdscontrol.o
 .rodata.str1.4
                0x000000000011595c       0x7e binaries/rdsinit.o
 .rodata.str1.1
                0x00000000001159da       0x18 binaries/rdsinit.o
 *fill*         0x00000000001159f2        0x2 
 .rodata.str1.4
                0x00000000001159f4       0x22 binaries/rdsopen.o
 *fill*         0x0000000000115a16        0x2 
 .rodata.str1.4
                0x0000000000115a18       0x4d binaries/rdsprocess.o
 .rodata.str1.1
                0x0000000000115a65        0x9 binaries/raminit.o
 .rodata.str1.1
                0x0000000000115a6e       0x13 binaries/lfdballoc.o
 *fill*         0x0000000000115a81        0x3 
 .rodata.str1.4
                0x0000000000115a84       0x23 binaries/lfdballoc.o
 .rodata.str1.1
                0x0000000000115aa7       0x14 binaries/lfiballoc.o
 *fill*         0x0000000000115abb        0x1 
 .rodata.str1.4
                0x0000000000115abc       0x23 binaries/lflcontrol.o
 .rodata.str1.1
                0x0000000000115adf       0x64 binaries/lfsckfmt.o
 *fill*         0x0000000000115b43        0x1 
 .rodata.str1.4
                0x0000000000115b44       0x51 binaries/lfsckfmt.o
 *fill*         0x0000000000115b95        0x3 
 .rodata.str1.4
                0x0000000000115b98       0x21 binaries/rflread.o
 .rodata.str1.4
                0x0000000000115bb9       0x21 binaries/rflwrite.o
 *fill*         0x0000000000115bb9        0x3 
 .rodata.str1.4
                0x0000000000115bbc       0x75 binaries/rfscomm.o
 *fill*         0x0000000000115c31        0x3 
 .rodata.str1.4
                0x0000000000115c34       0x23 binaries/rfscontrol.o
 *fill*         0x0000000000115c57        0x1 
 .rodata        0x0000000000115c58       0x18 binaries/rfscontrol.o
 .rodata.str1.1
                0x0000000000115c70       0x10 binaries/rfsinit.o
 .rodata.str1.4
                0x0000000000115c70       0x57 binaries/rfsinit.o
 *fill*         0x0000000000115cc7        0x1 
 .rodata.str1.4
                0x0000000000115cc8       0x2a binaries/rfsndmsg.o
 .rodata.str1.4
                0x0000000000115cf2       0x22 binaries/rfsopen.o
 .rodata.str1.1
                0x0000000000115cf2       0x19 binaries/arp.o
 *fill*         0x0000000000115d0b        0x1 
 .rodata.str1.4
                0x0000000000115d0c       0x21 binaries/arp.o
 *fill*         0x0000000000115d2d        0x3 
 .rodata.str1.4
                0x0000000000115d30       0xa6 binaries/dhcp.o
 .rodata.str1.1
                0x0000000000115dd6       0x4a binaries/dhcp.o
 .rodata.str1.1
                0x0000000000115e20       0x5a binaries/hexdump.o
                                         0x61 (size before relaxing)
 *fill*         0x0000000000115e7a        0x2 
 .rodata.str1.4
                0x0000000000115e7c       0x67 binaries/hexdump.o
 *fill*         0x0000000000115ee3        0x1 
 .rodata.str1.4
                0x0000000000115ee4       0x29 binaries/icmp.o
 .rodata.str1.1
                0x0000000000115f0d       0x4e binaries/ip.o
 *fill*         0x0000000000115f5b        0x1 
 .rodata.str1.4
                0x0000000000115f5c       0x20 binaries/ip.o
 .rodata.str1.4
                0x0000000000115f7c       0x28 binaries/net.o
 .rodata.str1.1
                0x0000000000115fa4       0x27 binaries/net.o
 *fill*         0x0000000000115fcb        0x1 
 .rodata.str1.4
                0x0000000000115fcc       0xcf binaries/netstart.o
 .rodata.str1.1
                0x000000000011609b      0x13e binaries/pdump.o
                                        0x14b (size before relaxing)
 *fill*         0x00000000001161d9        0x3 
 .rodata.str1.4
                0x00000000001161dc      0x126 binaries/pdump.o
 *fill*         0x0000000000116302        0x2 
 .rodata.str1.4
                0x0000000000116304      0x148 binaries/tftp.o
 .rodata.str1.1
                0x000000000011644c        0x6 binaries/tftp.o
                                          0xa (size before relaxing)
 .rodata.str1.1
                0x0000000000116452       0xe3 binaries/shell.o
                                         0xff (size before relaxing)
 *fill*         0x0000000000116535        0x3 
 .rodata.str1.4
                0x0000000000116538      0x1c4 binaries/shell.o
 .rodata.str1.1
                0x00000000001166fc       0x26 binaries/xsh_argecho.o
                                         0x28 (size before relaxing)
 .rodata.str1.1
                0x0000000000116722       0x70 binaries/xsh_arp.o
                                         0x72 (size before relaxing)
 *fill*         0x0000000000116792        0x2 
 .rodata.str1.4
                0x0000000000116794       0xb4 binaries/xsh_arp.o
 .rodata.str1.1
                0x0000000000116848       0x2d binaries/xsh_cat.o
                                         0x4f (size before relaxing)
 *fill*         0x0000000000116875        0x3 
 .rodata.str1.4
                0x0000000000116878       0x52 binaries/xsh_cat.o
                                         0x79 (size before relaxing)
 .rodata.str1.1
                0x00000000001168ca       0x15 binaries/xsh_clear.o
 .rodata.str1.1
                0x00000000001168df       0x46 binaries/xsh_date.o
                                         0x5f (size before relaxing)
 *fill*         0x0000000000116925        0x3 
 .rodata.str1.4
                0x0000000000116928      0x163 binaries/xsh_date.o
 .rodata.str1.1
                0x0000000000116a8b       0x5d binaries/xsh_devdump.o
 .rodata.str1.1
                0x0000000000116ae8        0x4 binaries/xsh_echo.o
                                          0x9 (size before relaxing)
 .rodata.str1.1
                0x0000000000116aec       0x65 binaries/xsh_help.o
                                         0xa3 (size before relaxing)
 *fill*         0x0000000000116b51        0x3 
 .rodata.str1.4
                0x0000000000116b54       0x7c binaries/xsh_help.o
                                         0xc6 (size before relaxing)
 .rodata.str1.1
                0x0000000000116bd0       0x9c binaries/xsh_ipaddr.o
                                         0xf8 (size before relaxing)
 .rodata.str1.4
                0x0000000000116c6c       0x4d binaries/xsh_ipaddr.o
                                         0x99 (size before relaxing)
 .rodata.str1.1
                0x0000000000116cb9       0x78 binaries/xsh_kill.o
                                         0x97 (size before relaxing)
 *fill*         0x0000000000116d31        0x3 
 .rodata.str1.4
                0x0000000000116d34       0x4a binaries/xsh_kill.o
                                         0x96 (size before relaxing)
 .rodata.str1.1
                0x0000000000116d7e       0x84 binaries/xsh_memdump.o
                                         0xa8 (size before relaxing)
 *fill*         0x0000000000116e02        0x2 
 .rodata.str1.4
                0x0000000000116e04      0x15a binaries/xsh_memdump.o
                                        0x1aa (size before relaxing)
 .rodata.str1.1
                0x0000000000116f5e       0x40 binaries/xsh_memstat.o
                                         0x79 (size before relaxing)
 *fill*         0x0000000000116f9e        0x2 
 .rodata.str1.4
                0x0000000000116fa0      0x187 binaries/xsh_memstat.o
                                        0x1af (size before relaxing)
 .rodata.str1.1
                0x0000000000117127       0x90 binaries/xsh_ping.o
                                         0xaf (size before relaxing)
 *fill*         0x00000000001171b7        0x1 
 .rodata.str1.4
                0x00000000001171b8       0x77 binaries/xsh_ping.o
                                         0xc6 (size before relaxing)
 .rodata.str1.1
                0x000000000011722f       0x74 binaries/xsh_ps.o
                                         0xd5 (size before relaxing)
 *fill*         0x00000000001172a3        0x1 
 .rodata.str1.4
                0x00000000001172a4       0x80 binaries/xsh_ps.o
                                         0xd0 (size before relaxing)
 .rodata.str1.1
                0x0000000000117324       0x31 binaries/xsh_sleep.o
                                         0x72 (size before relaxing)
 *fill*         0x0000000000117355        0x3 
 .rodata.str1.4
                0x0000000000117358       0x2a binaries/xsh_sleep.o
                                         0x7a (size before relaxing)
 .rodata.str1.1
                0x0000000000117382       0x6b binaries/xsh_udpdump.o
                                         0xd2 (size before relaxing)
 *fill*         0x00000000001173ed        0x3 
 .rodata.str1.4
                0x00000000001173f0       0x94 binaries/xsh_udpdump.o
                                         0xe4 (size before relaxing)
 .rodata.str1.1
                0x0000000000117484       0xdb binaries/xsh_udpecho.o
                                         0xfa (size before relaxing)
 *fill*         0x000000000011755f        0x1 
 .rodata.str1.4
                0x0000000000117560       0xc7 binaries/xsh_udpecho.o
                                        0x116 (size before relaxing)
 .rodata.str1.1
                0x0000000000117627       0x66 binaries/xsh_udpeserver.o
                                         0x8f (size before relaxing)
 *fill*         0x000000000011768d        0x3 
 .rodata.str1.4
                0x0000000000117690       0x29 binaries/xsh_udpeserver.o
                                         0x9f (size before relaxing)
 .rodata.str1.1
                0x00000000001176b9       0x49 binaries/xsh_uptime.o
                                         0x8c (size before relaxing)
 *fill*         0x0000000000117702        0x2 
 .rodata.str1.4
                0x0000000000117704       0x28 binaries/xsh_uptime.o
                                         0x76 (size before relaxing)
                0x000000000011772c                etext = ABSOLUTE (.)
                0x0000000000118000                . = ALIGN (0x1000)
 *fill*         0x000000000011772c      0x8d4 

.eh_frame       0x0000000000118000     0x77b0
 .eh_frame      0x0000000000118000       0x98 binaries/ascdate.o
 .eh_frame      0x0000000000118098       0x28 binaries/bufinit.o
                                         0x40 (size before relaxing)
 .eh_frame      0x00000000001180c0       0x54 binaries/cbreg.o
                                         0x80 (size before relaxing)
 .eh_frame      0x0000000000118114       0x54 binaries/chprio.o
                                         0x80 (size before relaxing)
 .eh_frame      0x0000000000118168       0x24 binaries/clkhandler.o
                                         0x50 (size before relaxing)
 .eh_frame      0x000000000011818c       0x44 binaries/clkinit.o
                                         0x70 (size before relaxing)
 .eh_frame      0x00000000001181d0       0x44 binaries/close.o
                                         0x70 (size before relaxing)
 .eh_frame      0x0000000000118214       0x48 binaries/control.o
                                         0x74 (size before relaxing)
 .eh_frame      0x000000000011825c       0x5c binaries/create.o
                                         0x88 (size before relaxing)
 .eh_frame      0x00000000001182b8      0x164 binaries/early_imr.o
                                        0x190 (size before relaxing)
 .eh_frame      0x000000000011841c      0x1f8 binaries/evec.o
                                        0x224 (size before relaxing)
 .eh_frame      0x0000000000118614       0x58 binaries/freebuf.o
                                         0x84 (size before relaxing)
 .eh_frame      0x000000000011866c       0x5c binaries/freemem.o
                                         0x88 (size before relaxing)
 .eh_frame      0x00000000001186c8       0x50 binaries/getbuf.o
                                         0x7c (size before relaxing)
 .eh_frame      0x0000000000118718       0x44 binaries/getc.o
                                         0x70 (size before relaxing)
 .eh_frame      0x000000000011875c       0x60 binaries/getdev.o
                                         0x8c (size before relaxing)
 .eh_frame      0x00000000001187bc       0x68 binaries/getitem.o
                                         0x94 (size before relaxing)
 .eh_frame      0x0000000000118824       0x54 binaries/getmem.o
                                         0x80 (size before relaxing)
 .eh_frame      0x0000000000118878       0x14 binaries/getpid.o
                                         0x40 (size before relaxing)
 .eh_frame      0x000000000011888c       0x40 binaries/getprio.o
                                         0x6c (size before relaxing)
 .eh_frame      0x00000000001188cc       0x5c binaries/getstk.o
                                         0x88 (size before relaxing)
 .eh_frame      0x0000000000118928       0x2c binaries/gettime.o
                                         0x58 (size before relaxing)
 .eh_frame      0x0000000000118954       0x98 binaries/getutime.o
                                         0xc4 (size before relaxing)
 .eh_frame      0x00000000001189ec      0x524 binaries/i386-stub.o
                                        0x578 (size before relaxing)
 .eh_frame      0x0000000000118f10       0x44 binaries/init.o
                                         0x70 (size before relaxing)
 .eh_frame      0x0000000000118f54       0xe0 binaries/initialize.o
                                        0x10c (size before relaxing)
 .eh_frame      0x0000000000119034       0x44 binaries/insert.o
                                         0x5c (size before relaxing)
 .eh_frame      0x0000000000119078       0x40 binaries/insertd.o
                                         0x6c (size before relaxing)
 .eh_frame      0x00000000001190b8       0x14 binaries/ioerr.o
                                         0x2c (size before relaxing)
 .eh_frame      0x00000000001190cc       0x14 binaries/ionull.o
                                         0x2c (size before relaxing)
 .eh_frame      0x00000000001190e0       0x78 binaries/kill.o
                                         0xa4 (size before relaxing)
 .eh_frame      0x0000000000119158       0x90 binaries/kprintf.o
                                         0xd0 (size before relaxing)
 .eh_frame      0x00000000001191e8      0x204 binaries/main.o
                                        0x230 (size before relaxing)
 .eh_frame      0x00000000001193ec       0x64 binaries/mark.o
                                         0x90 (size before relaxing)
 .eh_frame      0x0000000000119450       0x80 binaries/meminit.o
                                         0xac (size before relaxing)
 .eh_frame      0x00000000001194d0       0x78 binaries/mkbufpool.o
                                         0xa4 (size before relaxing)
 .eh_frame      0x0000000000119548       0x1c binaries/newqueue.o
                                         0x48 (size before relaxing)
 .eh_frame      0x0000000000119564       0x48 binaries/open.o
                                         0x74 (size before relaxing)
 .eh_frame      0x00000000001195ac       0x28 binaries/panic.o
                                         0x54 (size before relaxing)
 .eh_frame      0x00000000001195d4       0xf4 binaries/pci.o
                                        0x10c (size before relaxing)
 .eh_frame      0x00000000001196c8       0x40 binaries/platinit.o
                                         0x6c (size before relaxing)
 .eh_frame      0x0000000000119708       0x6c binaries/ptclear.o
                                         0x98 (size before relaxing)
 .eh_frame      0x0000000000119774       0x64 binaries/ptcount.o
                                         0x90 (size before relaxing)
 .eh_frame      0x00000000001197d8       0x60 binaries/ptcreate.o
                                         0x8c (size before relaxing)
 .eh_frame      0x0000000000119838       0x48 binaries/ptdelete.o
                                         0x74 (size before relaxing)
 .eh_frame      0x0000000000119880       0x44 binaries/ptinit.o
                                         0x70 (size before relaxing)
 .eh_frame      0x00000000001198c4       0x64 binaries/ptrecv.o
                                         0x90 (size before relaxing)
 .eh_frame      0x0000000000119928       0x48 binaries/ptreset.o
                                         0x74 (size before relaxing)
 .eh_frame      0x0000000000119970       0x70 binaries/ptsend.o
                                         0x9c (size before relaxing)
 .eh_frame      0x00000000001199e0       0x54 binaries/putc.o
                                         0x80 (size before relaxing)
 .eh_frame      0x0000000000119a34       0x6c binaries/quark_irq.o
                                         0x98 (size before relaxing)
 .eh_frame      0x0000000000119aa0       0xe8 binaries/quark_pdat.o
                                        0x114 (size before relaxing)
 .eh_frame      0x0000000000119b88       0x4c binaries/queue.o
                                         0x78 (size before relaxing)
 .eh_frame      0x0000000000119bd4       0x48 binaries/read.o
                                         0x74 (size before relaxing)
 .eh_frame      0x0000000000119c1c       0x34 binaries/ready.o
                                         0x60 (size before relaxing)
 .eh_frame      0x0000000000119c50       0x5c binaries/receive.o
                                         0x88 (size before relaxing)
 .eh_frame      0x0000000000119cac       0x8c binaries/receiveq.o
                                         0xb8 (size before relaxing)
 .eh_frame      0x0000000000119d38       0x38 binaries/recvclr.o
                                         0x64 (size before relaxing)
 .eh_frame      0x0000000000119d70       0x60 binaries/recvtime.o
                                         0x8c (size before relaxing)
 .eh_frame      0x0000000000119dd0       0x84 binaries/resched.o
                                         0xc4 (size before relaxing)
 .eh_frame      0x0000000000119e54       0x5c binaries/resume.o
                                         0x88 (size before relaxing)
 .eh_frame      0x0000000000119eb0       0x44 binaries/seek.o
                                         0x70 (size before relaxing)
 .eh_frame      0x0000000000119ef4       0x40 binaries/semcount.o
                                         0x6c (size before relaxing)
 .eh_frame      0x0000000000119f34       0x54 binaries/semcreate.o
                                         0x80 (size before relaxing)
 .eh_frame      0x0000000000119f88       0x6c binaries/semdelete.o
                                         0x98 (size before relaxing)
 .eh_frame      0x0000000000119ff4       0x6c binaries/semreset.o
                                         0x98 (size before relaxing)
 .eh_frame      0x000000000011a060       0x68 binaries/sendblk.o
                                         0x94 (size before relaxing)
 .eh_frame      0x000000000011a0c8       0x60 binaries/send.o
                                         0x8c (size before relaxing)
 .eh_frame      0x000000000011a128       0x70 binaries/sendq.o
                                         0x9c (size before relaxing)
 .eh_frame      0x000000000011a198       0x54 binaries/signal.o
                                         0x80 (size before relaxing)
 .eh_frame      0x000000000011a1ec       0x70 binaries/signaln.o
                                         0x9c (size before relaxing)
 .eh_frame      0x000000000011a25c       0x80 binaries/sleep.o
                                         0xac (size before relaxing)
 .eh_frame      0x000000000011a2dc       0x54 binaries/suspend.o
                                         0x80 (size before relaxing)
 .eh_frame      0x000000000011a330       0x4c binaries/unsleep.o
                                         0x78 (size before relaxing)
 .eh_frame      0x000000000011a37c       0x28 binaries/userret.o
                                         0x54 (size before relaxing)
 .eh_frame      0x000000000011a3a4       0x58 binaries/wait.o
                                         0x84 (size before relaxing)
 .eh_frame      0x000000000011a3fc       0x48 binaries/wakeup.o
                                         0x74 (size before relaxing)
 .eh_frame      0x000000000011a444       0x48 binaries/write.o
                                         0x74 (size before relaxing)
 .eh_frame      0x000000000011a48c       0x24 binaries/xdone.o
                                         0x50 (size before relaxing)
 .eh_frame      0x000000000011a4b0       0x30 binaries/yield.o
                                         0x5c (size before relaxing)
 .eh_frame      0x000000000011a4e0       0x14 binaries/abs.o
                                         0x2c (size before relaxing)
 .eh_frame      0x000000000011a4f4       0x28 binaries/atoi.o
                                         0x40 (size before relaxing)
 .eh_frame      0x000000000011a51c       0x28 binaries/atol.o
                                         0x40 (size before relaxing)
 .eh_frame      0x000000000011a544       0x14 binaries/bzero.o
                                         0x2c (size before relaxing)
 .eh_frame      0x000000000011a558      0x160 binaries/doprnt.o
                                        0x1a0 (size before relaxing)
 .eh_frame      0x000000000011a6b8      0x108 binaries/doscan.o
                                        0x134 (size before relaxing)
 .eh_frame      0x000000000011a7c0      0x114 binaries/fdoprnt.o
                                        0x140 (size before relaxing)
 .eh_frame      0x000000000011a8d4       0x2c binaries/fgetc.o
                                         0x58 (size before relaxing)
 .eh_frame      0x000000000011a900       0x48 binaries/fgets.o
                                         0x74 (size before relaxing)
 .eh_frame      0x000000000011a948       0x2c binaries/fprintf.o
                                         0x58 (size before relaxing)
 .eh_frame      0x000000000011a974       0x2c binaries/fputc.o
                                         0x58 (size before relaxing)
 .eh_frame      0x000000000011a9a0       0x3c binaries/fputs.o
                                         0x68 (size before relaxing)
 .eh_frame      0x000000000011a9dc       0x7c binaries/fscanf.o
                                         0xa8 (size before relaxing)
 .eh_frame      0x000000000011aa58       0x24 binaries/getchar.o
                                         0x50 (size before relaxing)
 .eh_frame      0x000000000011aa7c       0x14 binaries/labs.o
                                         0x2c (size before relaxing)
 .eh_frame      0x000000000011aa90       0x14 binaries/memchr.o
                                         0x2c (size before relaxing)
 .eh_frame      0x000000000011aaa4       0x28 binaries/memcmp.o
                                         0x40 (size before relaxing)
 .eh_frame      0x000000000011aacc       0x24 binaries/memcpy.o
                                         0x3c (size before relaxing)
 .eh_frame      0x000000000011aaf0       0x1c binaries/memset.o
                                         0x34 (size before relaxing)
 .eh_frame      0x000000000011ab0c       0x2c binaries/printf.o
                                         0x58 (size before relaxing)
 .eh_frame      0x000000000011ab38       0x28 binaries/putchar.o
                                         0x54 (size before relaxing)
 .eh_frame      0x000000000011ab60       0xc8 binaries/qsort.o
                                        0x11c (size before relaxing)
 .eh_frame      0x000000000011ac28       0x28 binaries/rand.o
                                         0x68 (size before relaxing)
 .eh_frame      0x000000000011ac50       0x54 binaries/sprintf.o
                                         0x80 (size before relaxing)
 .eh_frame      0x000000000011aca4       0x5c binaries/sscanf.o
                                         0x88 (size before relaxing)
 .eh_frame      0x000000000011ad00       0x20 binaries/strchr.o
                                         0x38 (size before relaxing)
 .eh_frame      0x000000000011ad20       0x20 binaries/strcmp.o
                                         0x38 (size before relaxing)
 .eh_frame      0x000000000011ad40       0x14 binaries/strcpy.o
                                         0x2c (size before relaxing)
 .eh_frame      0x000000000011ad54       0x14 binaries/strlen.o
                                         0x2c (size before relaxing)
 .eh_frame      0x000000000011ad68       0x2c binaries/strncat.o
                                         0x44 (size before relaxing)
 .eh_frame      0x000000000011ad94       0x1c binaries/strncmp.o
                                         0x34 (size before relaxing)
 .eh_frame      0x000000000011adb0       0x30 binaries/strncpy.o
                                         0x48 (size before relaxing)
 .eh_frame      0x000000000011ade0       0x14 binaries/strnlen.o
                                         0x2c (size before relaxing)
 .eh_frame      0x000000000011adf4       0x20 binaries/strrchr.o
                                         0x38 (size before relaxing)
 .eh_frame      0x000000000011ae14       0x3c binaries/strstr.o
                                         0x54 (size before relaxing)
 .eh_frame      0x000000000011ae50       0x58 binaries/ttycontrol.o
                                         0x84 (size before relaxing)
 .eh_frame      0x000000000011aea8       0x44 binaries/ttygetc.o
                                         0x70 (size before relaxing)
 .eh_frame      0x000000000011aeec       0xe0 binaries/ttyhandle_in.o
                                        0x10c (size before relaxing)
 .eh_frame      0x000000000011afcc       0x68 binaries/ttyhandle_out.o
                                         0x94 (size before relaxing)
 .eh_frame      0x000000000011b034       0x5c binaries/ttyhandler.o
                                         0x88 (size before relaxing)
 .eh_frame      0x000000000011b090       0x4c binaries/ttyinit.o
                                         0x78 (size before relaxing)
 .eh_frame      0x000000000011b0dc       0x14 binaries/ttykickout.o
                                         0x2c (size before relaxing)
 .eh_frame      0x000000000011b0f0       0x64 binaries/ttyputc.o
                                         0x90 (size before relaxing)
 .eh_frame      0x000000000011b154       0x64 binaries/ttyread.o
                                         0x90 (size before relaxing)
 .eh_frame      0x000000000011b1b8       0x4c binaries/ttywrite.o
                                         0x78 (size before relaxing)
 .eh_frame      0x000000000011b204       0x7c binaries/mount.o
                                         0xa8 (size before relaxing)
 .eh_frame      0x000000000011b280       0xe4 binaries/naminit.o
                                        0x110 (size before relaxing)
 .eh_frame      0x000000000011b364       0xf0 binaries/nammap.o
                                        0x130 (size before relaxing)
 .eh_frame      0x000000000011b454       0x48 binaries/namopen.o
                                         0x74 (size before relaxing)
 .eh_frame      0x000000000011b49c       0x3c binaries/colon2mac.o
                                         0x68 (size before relaxing)
 .eh_frame      0x000000000011b4d8       0x4c binaries/ethcontrol.o
                                         0x78 (size before relaxing)
 .eh_frame      0x000000000011b524       0x58 binaries/ethhandler.o
                                         0x84 (size before relaxing)
 .eh_frame      0x000000000011b57c      0x154 binaries/ethinit.o
                                        0x180 (size before relaxing)
 .eh_frame      0x000000000011b6d0       0xa8 binaries/ethmcast.o
                                         0xd4 (size before relaxing)
 .eh_frame      0x000000000011b778       0x80 binaries/ethread.o
                                         0xac (size before relaxing)
 .eh_frame      0x000000000011b7f8       0x48 binaries/ethwrite.o
                                         0x74 (size before relaxing)
 .eh_frame      0x000000000011b840       0x3c binaries/rdsbufalloc.o
                                         0x68 (size before relaxing)
 .eh_frame      0x000000000011b87c       0x3c binaries/rdsclose.o
                                         0x68 (size before relaxing)
 .eh_frame      0x000000000011b8b8       0x90 binaries/rdscomm.o
                                         0xbc (size before relaxing)
 .eh_frame      0x000000000011b948       0xb4 binaries/rdscontrol.o
                                         0xe0 (size before relaxing)
 .eh_frame      0x000000000011b9fc       0x9c binaries/rdsinit.o
                                         0xc8 (size before relaxing)
 .eh_frame      0x000000000011ba98       0x80 binaries/rdsopen.o
                                         0xac (size before relaxing)
 .eh_frame      0x000000000011bb18       0xf8 binaries/rdsprocess.o
                                        0x124 (size before relaxing)
 .eh_frame      0x000000000011bc10       0x7c binaries/rdsread.o
                                         0xa8 (size before relaxing)
 .eh_frame      0x000000000011bc8c       0x80 binaries/rdswrite.o
                                         0xac (size before relaxing)
 .eh_frame      0x000000000011bd0c       0x14 binaries/ramclose.o
                                         0x2c (size before relaxing)
 .eh_frame      0x000000000011bd20       0x40 binaries/raminit.o
                                         0x6c (size before relaxing)
 .eh_frame      0x000000000011bd60       0x14 binaries/ramopen.o
                                         0x2c (size before relaxing)
 .eh_frame      0x000000000011bd74       0x2c binaries/ramread.o
                                         0x58 (size before relaxing)
 .eh_frame      0x000000000011bda0       0x2c binaries/ramwrite.o
                                         0x58 (size before relaxing)
 .eh_frame      0x000000000011bdcc       0x80 binaries/lfdballoc.o
                                         0xac (size before relaxing)
 .eh_frame      0x000000000011be4c       0x50 binaries/lfdbfree.o
                                         0x7c (size before relaxing)
 .eh_frame      0x000000000011be9c       0x5c binaries/lfflush.o
                                         0x88 (size before relaxing)
 .eh_frame      0x000000000011bef8       0x14 binaries/lfgetmode.o
                                         0x2c (size before relaxing)
 .eh_frame      0x000000000011bf0c       0x5c binaries/lfiballoc.o
                                         0x88 (size before relaxing)
 .eh_frame      0x000000000011bf68       0x14 binaries/lfibclear.o
                                         0x2c (size before relaxing)
 .eh_frame      0x000000000011bf7c       0x4c binaries/lfibget.o
                                         0x78 (size before relaxing)
 .eh_frame      0x000000000011bfc8       0x68 binaries/lfibput.o
                                         0x94 (size before relaxing)
 .eh_frame      0x000000000011c030       0x54 binaries/lflclose.o
                                         0x80 (size before relaxing)
 .eh_frame      0x000000000011c084       0x74 binaries/lflcontrol.o
                                         0xa0 (size before relaxing)
 .eh_frame      0x000000000011c0f8       0x6c binaries/lflgetc.o
                                         0x98 (size before relaxing)
 .eh_frame      0x000000000011c164       0x5c binaries/lflinit.o
                                         0x88 (size before relaxing)
 .eh_frame      0x000000000011c1c0       0x6c binaries/lflputc.o
                                         0x98 (size before relaxing)
 .eh_frame      0x000000000011c22c       0x48 binaries/lflread.o
                                         0x74 (size before relaxing)
 .eh_frame      0x000000000011c274       0x60 binaries/lflseek.o
                                         0x8c (size before relaxing)
 .eh_frame      0x000000000011c2d4       0x48 binaries/lflwrite.o
                                         0x74 (size before relaxing)
 .eh_frame      0x000000000011c31c       0xd4 binaries/lfsckfmt.o
                                        0x100 (size before relaxing)
 .eh_frame      0x000000000011c3f0       0xd4 binaries/lfscreate.o
                                        0x100 (size before relaxing)
 .eh_frame      0x000000000011c4c4       0xbc binaries/lfsetup.o
                                         0xe8 (size before relaxing)
 .eh_frame      0x000000000011c580       0x38 binaries/lfsinit.o
                                         0x64 (size before relaxing)
 .eh_frame      0x000000000011c5b8       0x90 binaries/lfsopen.o
                                         0xbc (size before relaxing)
 .eh_frame      0x000000000011c648       0x84 binaries/lftruncate.o
                                         0xb0 (size before relaxing)
 .eh_frame      0x000000000011c6cc       0x3c binaries/rflclose.o
                                         0x68 (size before relaxing)
 .eh_frame      0x000000000011c708       0x30 binaries/rflgetc.o
                                         0x5c (size before relaxing)
 .eh_frame      0x000000000011c738       0x30 binaries/rflinit.o
                                         0x5c (size before relaxing)
 .eh_frame      0x000000000011c768       0x30 binaries/rflputc.o
                                         0x5c (size before relaxing)
 .eh_frame      0x000000000011c798       0xdc binaries/rflread.o
                                        0x108 (size before relaxing)
 .eh_frame      0x000000000011c874       0x3c binaries/rflseek.o
                                         0x68 (size before relaxing)
 .eh_frame      0x000000000011c8b0       0xd0 binaries/rflwrite.o
                                         0xfc (size before relaxing)
 .eh_frame      0x000000000011c980       0x88 binaries/rfscomm.o
                                         0xb4 (size before relaxing)
 .eh_frame      0x000000000011ca08      0x11c binaries/rfscontrol.o
                                        0x148 (size before relaxing)
 .eh_frame      0x000000000011cb24       0x14 binaries/rfsgetmode.o
                                         0x2c (size before relaxing)
 .eh_frame      0x000000000011cb38       0x50 binaries/rfsinit.o
                                         0x7c (size before relaxing)
 .eh_frame      0x000000000011cb88       0x50 binaries/rfsndmsg.o
                                         0x7c (size before relaxing)
 .eh_frame      0x000000000011cbd8       0xdc binaries/rfsopen.o
                                        0x108 (size before relaxing)
 .eh_frame      0x000000000011ccb4      0x27c binaries/arp.o
                                        0x2bc (size before relaxing)
 .eh_frame      0x000000000011cf30      0x284 binaries/dhcp.o
                                        0x2b0 (size before relaxing)
 .eh_frame      0x000000000011d1b4       0x40 binaries/dot2ip.o
                                         0x58 (size before relaxing)
 .eh_frame      0x000000000011d1f4      0x1bc binaries/hexdump.o
                                        0x1e8 (size before relaxing)
 .eh_frame      0x000000000011d3b0      0x310 binaries/icmp.o
                                        0x350 (size before relaxing)
 .eh_frame      0x000000000011d6c0      0x2e8 binaries/ip.o
                                        0x314 (size before relaxing)
 .eh_frame      0x000000000011d9a8      0x138 binaries/net.o
                                        0x164 (size before relaxing)
 .eh_frame      0x000000000011dae0       0x74 binaries/netstart.o
                                         0xa0 (size before relaxing)
 .eh_frame      0x000000000011db54      0x394 binaries/pdump.o
                                        0x3c0 (size before relaxing)
 .eh_frame      0x000000000011dee8      0x260 binaries/tftp.o
                                        0x28c (size before relaxing)
 .eh_frame      0x000000000011e148      0x36c binaries/udp.o
                                        0x3ac (size before relaxing)
 .eh_frame      0x000000000011e4b4       0x68 binaries/addargs.o
                                         0x94 (size before relaxing)
 .eh_frame      0x000000000011e51c       0x40 binaries/lexan.o
                                         0x58 (size before relaxing)
 .eh_frame      0x000000000011e55c      0x24c binaries/shell.o
                                        0x278 (size before relaxing)
 .eh_frame      0x000000000011e7a8       0x5c binaries/xsh_argecho.o
                                         0x88 (size before relaxing)
 .eh_frame      0x000000000011e804       0xe0 binaries/xsh_arp.o
                                        0x10c (size before relaxing)
 .eh_frame      0x000000000011e8e4       0xac binaries/xsh_cat.o
                                         0xd8 (size before relaxing)
 .eh_frame      0x000000000011e990       0x3c binaries/xsh_clear.o
                                         0x68 (size before relaxing)
 .eh_frame      0x000000000011e9cc      0x108 binaries/xsh_date.o
                                        0x134 (size before relaxing)
 .eh_frame      0x000000000011ead4       0x64 binaries/xsh_devdump.o
                                         0x90 (size before relaxing)
 .eh_frame      0x000000000011eb38       0x5c binaries/xsh_echo.o
                                         0x88 (size before relaxing)
 .eh_frame      0x000000000011eb94       0x14 binaries/xsh_exit.o
                                         0x2c (size before relaxing)
 .eh_frame      0x000000000011eba8       0xd4 binaries/xsh_help.o
                                        0x100 (size before relaxing)
 .eh_frame      0x000000000011ec7c      0x194 binaries/xsh_ipaddr.o
                                        0x1c0 (size before relaxing)
 .eh_frame      0x000000000011ee10       0xac binaries/xsh_kill.o
                                         0xd8 (size before relaxing)
 .eh_frame      0x000000000011eebc      0x130 binaries/xsh_memdump.o
                                        0x15c (size before relaxing)
 .eh_frame      0x000000000011efec       0xbc binaries/xsh_memstat.o
                                         0xe8 (size before relaxing)
 .eh_frame      0x000000000011f0a8      0x10c binaries/xsh_ping.o
                                        0x138 (size before relaxing)
 .eh_frame      0x000000000011f1b4       0xd8 binaries/xsh_ps.o
                                        0x104 (size before relaxing)
 .eh_frame      0x000000000011f28c       0xac binaries/xsh_sleep.o
                                         0xd8 (size before relaxing)
 .eh_frame      0x000000000011f338       0xe8 binaries/xsh_udpdump.o
                                        0x114 (size before relaxing)
 .eh_frame      0x000000000011f420      0x1b0 binaries/xsh_udpecho.o
                                        0x1dc (size before relaxing)
 .eh_frame      0x000000000011f5d0      0x128 binaries/xsh_udpeserver.o
                                        0x154 (size before relaxing)
 .eh_frame      0x000000000011f6f8       0xb8 binaries/xsh_uptime.o
                                         0xe4 (size before relaxing)

.iplt           0x000000000011f7b0        0x0
 .iplt          0x000000000011f7b0        0x0 binaries/start.o

.rel.dyn        0x000000000011f7b0        0x0
 .rel.got       0x000000000011f7b0        0x0 binaries/start.o
 .rel.iplt      0x000000000011f7b0        0x0 binaries/start.o
 .rel.text      0x000000000011f7b0        0x0 binaries/start.o
 .rel.data.rel  0x000000000011f7b0        0x0 binaries/start.o

.data           0x000000000011f7c0     0x1840
                0x000000000011f7c0                data = ABSOLUTE (.)
 *(.data .data.*)
 .data          0x000000000011f7c0      0x85a binaries/start.o
                0x000000000011f7c0                gdt
                0x000000000011f810                idt
                0x0000000000120016                cpudelay
 .data          0x000000000012001a        0x0 binaries/ascdate.o
 *fill*         0x000000000012001a        0x6 
 .data.rel.local
                0x0000000000120020       0x88 binaries/ascdate.o
                0x0000000000120020                Date
 .data          0x00000000001200a8        0x0 binaries/bufinit.o
 .data          0x00000000001200a8        0x0 binaries/cbreg.o
 .data          0x00000000001200a8        0x0 binaries/chprio.o
 .data          0x00000000001200a8        0x4 binaries/clkhandler.o
 .data          0x00000000001200ac        0x0 binaries/clkinit.o
 .data          0x00000000001200ac        0x0 binaries/close.o
 .data          0x00000000001200ac        0x0 binaries/conf.o
 *fill*         0x00000000001200ac       0x14 
 .data.rel      0x00000000001200c0      0x30c binaries/conf.o
                0x00000000001200c0                devtab
 .data          0x00000000001203cc        0x0 binaries/control.o
 .data          0x00000000001203cc        0x4 binaries/create.o
 .data          0x00000000001203d0        0x0 binaries/early_imr.o
 .data          0x00000000001203d0        0x0 binaries/evec.o
 *fill*         0x00000000001203d0       0x10 
 .data.rel.local
                0x00000000001203e0       0x40 binaries/evec.o
                0x00000000001203e0                inames
 .data          0x0000000000120420        0x0 binaries/freebuf.o
 .data          0x0000000000120420        0x0 binaries/freemem.o
 .data          0x0000000000120420        0x0 binaries/getbuf.o
 .data          0x0000000000120420        0x0 binaries/getc.o
 .data          0x0000000000120420        0x0 binaries/getdev.o
 .data          0x0000000000120420        0x0 binaries/getitem.o
 .data          0x0000000000120420        0x0 binaries/getmem.o
 .data          0x0000000000120420        0x0 binaries/getpid.o
 .data          0x0000000000120420        0x0 binaries/getprio.o
 .data          0x0000000000120420        0x0 binaries/getstk.o
 .data          0x0000000000120420        0x0 binaries/gettime.o
 .data          0x0000000000120420        0x0 binaries/getutime.o
 .data          0x0000000000120420        0x4 binaries/i386-stub.o
                0x0000000000120420                gdb_i386vector
 .data.rel      0x0000000000120424        0x4 binaries/i386-stub.o
                0x0000000000120424                stackPtr
 .data          0x0000000000120428        0x0 binaries/init.o
 .data          0x0000000000120428        0x0 binaries/initialize.o
 .data          0x0000000000120428        0x0 binaries/insert.o
 .data          0x0000000000120428        0x0 binaries/insertd.o
 .data          0x0000000000120428        0x0 binaries/ioerr.o
 .data          0x0000000000120428        0x0 binaries/ionull.o
 .data          0x0000000000120428        0x0 binaries/kill.o
 .data          0x0000000000120428        0x0 binaries/kprintf.o
 .data          0x0000000000120428        0x0 binaries/main.o
 .data          0x0000000000120428        0x0 binaries/mark.o
 *fill*         0x0000000000120428       0x18 
 .data          0x0000000000120440       0x48 binaries/meminit.o
                0x0000000000120440                gdt_copy
                0x0000000000120480                bootinfo
                0x0000000000120484                bootsign
 .data          0x0000000000120488        0x0 binaries/mkbufpool.o
 .data          0x0000000000120488        0x2 binaries/newqueue.o
 .data          0x000000000012048a        0x0 binaries/open.o
 .data          0x000000000012048a        0x0 binaries/panic.o
 .data          0x000000000012048a        0x0 binaries/pci.o
 .data          0x000000000012048a        0x0 binaries/platinit.o
 .data          0x000000000012048a        0x0 binaries/ptclear.o
 .data          0x000000000012048a        0x0 binaries/ptcount.o
 .data          0x000000000012048a        0x0 binaries/ptcreate.o
 .data          0x000000000012048a        0x0 binaries/ptdelete.o
 .data          0x000000000012048a        0x0 binaries/ptinit.o
 .data          0x000000000012048a        0x0 binaries/ptrecv.o
 .data          0x000000000012048a        0x0 binaries/ptreset.o
 .data          0x000000000012048a        0x0 binaries/ptsend.o
 .data          0x000000000012048a        0x0 binaries/putc.o
 .data          0x000000000012048a        0x0 binaries/quark_irq.o
 .data          0x000000000012048a        0x0 binaries/quark_pdat.o
 .data          0x000000000012048a        0x0 binaries/queue.o
 .data          0x000000000012048a        0x0 binaries/read.o
 .data          0x000000000012048a        0x0 binaries/ready.o
 .data          0x000000000012048a        0x0 binaries/receive.o
 .data          0x000000000012048a        0x0 binaries/receiveq.o
 .data          0x000000000012048a        0x0 binaries/recvclr.o
 .data          0x000000000012048a        0x0 binaries/recvtime.o
 .data          0x000000000012048a        0x0 binaries/resched.o
 .data          0x000000000012048a        0x0 binaries/resume.o
 .data          0x000000000012048a        0x0 binaries/seek.o
 .data          0x000000000012048a        0x0 binaries/semcount.o
 .data          0x000000000012048a        0x0 binaries/semcreate.o
 .data          0x000000000012048a        0x0 binaries/semdelete.o
 .data          0x000000000012048a        0x0 binaries/semreset.o
 .data          0x000000000012048a        0x0 binaries/sendblk.o
 .data          0x000000000012048a        0x0 binaries/send.o
 .data          0x000000000012048a        0x0 binaries/sendq.o
 .data          0x000000000012048a        0x0 binaries/signal.o
 .data          0x000000000012048a        0x0 binaries/signaln.o
 .data          0x000000000012048a        0x0 binaries/sleep.o
 .data          0x000000000012048a        0x0 binaries/suspend.o
 .data          0x000000000012048a        0x0 binaries/unsleep.o
 .data          0x000000000012048a        0x0 binaries/userret.o
 .data          0x000000000012048a        0x0 binaries/wait.o
 .data          0x000000000012048a        0x0 binaries/wakeup.o
 .data          0x000000000012048a        0x0 binaries/write.o
 .data          0x000000000012048a        0x0 binaries/xdone.o
 .data          0x000000000012048a        0x0 binaries/yield.o
 .data          0x000000000012048a        0x0 binaries/abs.o
 .data          0x000000000012048a        0x0 binaries/atoi.o
 .data          0x000000000012048a        0x0 binaries/atol.o
 .data          0x000000000012048a        0x0 binaries/bzero.o
 .data          0x000000000012048a        0x0 binaries/ctype_.o
 .data          0x000000000012048a        0x0 binaries/doprnt.o
 *fill*         0x000000000012048a       0x16 
 .data          0x00000000001204a0       0x80 binaries/doscan.o
                0x00000000001204a0                _sctab
 .data          0x0000000000120520        0x0 binaries/fdoprnt.o
 .data          0x0000000000120520        0x0 binaries/fgetc.o
 .data          0x0000000000120520        0x0 binaries/fgets.o
 .data          0x0000000000120520        0x0 binaries/fprintf.o
 .data          0x0000000000120520        0x0 binaries/fputc.o
 .data          0x0000000000120520        0x0 binaries/fputs.o
 .data          0x0000000000120520        0x0 binaries/fscanf.o
 .data          0x0000000000120520        0x0 binaries/getchar.o
 .data          0x0000000000120520        0x0 binaries/labs.o
 .data          0x0000000000120520        0x0 binaries/memchr.o
 .data          0x0000000000120520        0x0 binaries/memcmp.o
 .data          0x0000000000120520        0x0 binaries/memcpy.o
 .data          0x0000000000120520        0x0 binaries/memset.o
 .data          0x0000000000120520        0x0 binaries/printf.o
 .data          0x0000000000120520        0x0 binaries/putchar.o
 .data          0x0000000000120520        0x0 binaries/qsort.o
 .data          0x0000000000120520        0x4 binaries/rand.o
 .data          0x0000000000120524        0x0 binaries/sprintf.o
 .data          0x0000000000120524        0x0 binaries/sscanf.o
 .data          0x0000000000120524        0x0 binaries/strchr.o
 .data          0x0000000000120524        0x0 binaries/strcmp.o
 .data          0x0000000000120524        0x0 binaries/strcpy.o
 .data          0x0000000000120524        0x0 binaries/strlen.o
 .data          0x0000000000120524        0x0 binaries/strncat.o
 .data          0x0000000000120524        0x0 binaries/strncmp.o
 .data          0x0000000000120524        0x0 binaries/strncpy.o
 .data          0x0000000000120524        0x0 binaries/strnlen.o
 .data          0x0000000000120524        0x0 binaries/strrchr.o
 .data          0x0000000000120524        0x0 binaries/strstr.o
 .data          0x0000000000120524        0x0 binaries/ttycontrol.o
 .data          0x0000000000120524        0x0 binaries/ttygetc.o
 .data          0x0000000000120524        0x0 binaries/ttyhandle_in.o
 .data          0x0000000000120524        0x0 binaries/ttyhandle_out.o
 .data          0x0000000000120524        0x0 binaries/ttyhandler.o
 .data          0x0000000000120524        0x0 binaries/ttyinit.o
 .data          0x0000000000120524        0x0 binaries/ttykickout.o
 .data          0x0000000000120524        0x0 binaries/ttyputc.o
 .data          0x0000000000120524        0x0 binaries/ttyread.o
 .data          0x0000000000120524        0x0 binaries/ttywrite.o
 .data          0x0000000000120524        0x0 binaries/mount.o
 .data          0x0000000000120524        0x0 binaries/naminit.o
 .data          0x0000000000120524        0x0 binaries/nammap.o
 .data          0x0000000000120524        0x0 binaries/namopen.o
 .data          0x0000000000120524        0x0 binaries/colon2mac.o
 .data          0x0000000000120524        0x0 binaries/ethcontrol.o
 .data          0x0000000000120524        0x0 binaries/ethhandler.o
 .data          0x0000000000120524        0x0 binaries/ethinit.o
 .data          0x0000000000120524        0x0 binaries/ethmcast.o
 .data          0x0000000000120524        0x0 binaries/ethread.o
 .data          0x0000000000120524        0x0 binaries/ethwrite.o
 .data          0x0000000000120524        0x0 binaries/rdsbufalloc.o
 .data          0x0000000000120524        0x0 binaries/rdsclose.o