
Allocating common symbols
Common symbol       size              file

netbufpool          0x4               binaries/net.o
readylist           0x2               binaries/ready.o
rfltab              0x5a0             binaries/rflinit.o
sleepq              0x2               binaries/clkinit.o
nnames              0x4               binaries/naminit.o
udptab              0x168             binaries/udp.o
minheap             0x4               binaries/meminit.o
marks               0x50              binaries/mark.o
currpid             0x4               binaries/initialize.o
Lf_data             0x20c             binaries/lfsinit.o
porttab             0x2d0             binaries/ptinit.o
girmask             0x2               binaries/evec.o
ttytab              0x10c             binaries/ttyinit.o
proctab             0x2bc0            binaries/initialize.o
prcount             0x4               binaries/initialize.o
lck                 0x4               binaries/main.o
lfltab              0xf00             binaries/lflinit.o
rdstab              0x8c              binaries/rdsinit.o
ethertab            0x138             binaries/ethinit.o
NetData             0xa8              binaries/net.o
nmarks              0x4               binaries/mark.o
Defer               0x8               binaries/resched.o
semtab              0x4b0             binaries/initialize.o
lcks                0xc8              binaries/main.o
maxheap             0x4               binaries/meminit.o
preempt             0x4               binaries/clkinit.o
buftab              0xf0              binaries/bufinit.o
Rf_data             0x18              binaries/rfsinit.o
mkmutex             0x4               binaries/mark.o
clktime             0x4               binaries/clkinit.o
arpcache            0x140             binaries/arp.o
icmptab             0x230             binaries/icmp.o
nbpools             0x4               binaries/bufinit.o
queuetab            0xfc0             binaries/queue.o
locktab             0x1838            binaries/ascdate.o
ptnextid            0x4               binaries/ptinit.o
Ram                 0x19000           binaries/raminit.o
ipoqueue            0x2c              binaries/ip.o
memlist             0x8               binaries/initialize.o
nametab             0x19a0            binaries/naminit.o
ptfree              0x4               binaries/ptinit.o

Discarded input sections

 .group         0x0000000000000000        0x8 binaries/ascdate.o
 .group         0x0000000000000000        0x8 binaries/bufinit.o
 .group         0x0000000000000000        0x8 binaries/chprio.o
 .text.__x86.get_pc_thunk.bx
                0x0000000000000000        0x4 binaries/chprio.o
 .group         0x0000000000000000        0x8 binaries/clkhandler.o
 .text.__x86.get_pc_thunk.bx
                0x0000000000000000        0x4 binaries/clkhandler.o
 .group         0x0000000000000000        0x8 binaries/clkinit.o
 .text.__x86.get_pc_thunk.bx
                0x0000000000000000        0x4 binaries/clkinit.o
 .group         0x0000000000000000        0x8 binaries/close.o
 .text.__x86.get_pc_thunk.bx
                0x0000000000000000        0x4 binaries/close.o
 .group         0x0000000000000000        0x8 binaries/control.o
 .text.__x86.get_pc_thunk.bx
                0x0000000000000000        0x4 binaries/control.o
 .group         0x0000000000000000        0x8 binaries/create.o
 .text.__x86.get_pc_thunk.bx
                0x0000000000000000        0x4 binaries/create.o
 .group         0x0000000000000000        0x8 binaries/early_imr.o
 .text.__x86.get_pc_thunk.bx
                0x0000000000000000        0x4 binaries/early_imr.o
 .group         0x0000000000000000        0x8 binaries/evec.o
 .text.__x86.get_pc_thunk.bx
                0x0000000000000000        0x4 binaries/evec.o
 .group         0x0000000000000000        0x8 binaries/freebuf.o
 .text.__x86.get_pc_thunk.bx
                0x0000000000000000        0x4 binaries/freebuf.o
 .group         0x0000000000000000        0x8 binaries/freemem.o
 .text.__x86.get_pc_thunk.bx
                0x0000000000000000        0x4 binaries/freemem.o
 .group         0x0000000000000000        0x8 binaries/getbuf.o
 .text.__x86.get_pc_thunk.bx
                0x0000000000000000        0x4 binaries/getbuf.o
 .group         0x0000000000000000        0x8 binaries/getc.o
 .text.__x86.get_pc_thunk.bx
                0x0000000000000000        0x4 binaries/getc.o
 .group         0x0000000000000000        0x8 binaries/getdev.o
 .text.__x86.get_pc_thunk.bx
                0x0000000000000000        0x4 binaries/getdev.o
 .group         0x0000000000000000        0x8 binaries/getitem.o
 .group         0x0000000000000000        0x8 binaries/getitem.o
 .text.__x86.get_pc_thunk.ax
                0x0000000000000000        0x4 binaries/getitem.o
 .group         0x0000000000000000        0x8 binaries/getmem.o
 .text.__x86.get_pc_thunk.bx
                0x0000000000000000        0x4 binaries/getmem.o
[...]
Memory Configuration

Name             Origin             Length             Attributes
*default*        0x0000000000000000 0xffffffffffffffff

Linker script and memory map

                0x0000000000100000                physbase = 0x100000
                0x0000000000100000                . = physbase
                0x0000000000100000                . = ALIGN (0x1000)

.text           0x0000000000100000    0x17000
                0x0000000000100000                text = ABSOLUTE (.)
 *(.text .text.*)
 .text          0x0000000000100000      0x1a8 binaries/start.o
                0x0000000000100024                start
                0x00000000001000f6                inb
                0x00000000001000fe                inw
                0x0000000000100107                inl
                0x000000000010010f                outb
                0x0000000000100119                outw
                0x0000000000100124                outl
                0x000000000010012e                _rtcin
                0x0000000000100139                ___udivsi3
                0x0000000000100144                ___divsi3
                0x0000000000100150                sbzero
                0x0000000000100160                bcopy
                0x0000000000100174                insw
                0x000000000010018a                outsw
                0x00000000001001a0                lidt
 .text          0x00000000001001a8      0x2e5 binaries/ascdate.o
                0x00000000001001a8                ascdate
 .text.__x86.get_pc_thunk.bx
                0x000000000010048d        0x4 binaries/ascdate.o
                0x000000000010048d                __x86.get_pc_thunk.bx
 .text          0x0000000000100491       0x1c binaries/bufinit.o
                0x0000000000100491                bufinit
 .text.__x86.get_pc_thunk.ax
                0x00000000001004ad        0x4 binaries/bufinit.o
                0x00000000001004ad                __x86.get_pc_thunk.ax
 .text          0x00000000001004b1       0x88 binaries/chprio.o
                0x00000000001004b1                chprio
 .text          0x0000000000100539       0x92 binaries/clkhandler.o
                0x0000000000100539                clkhandler
 .text          0x00000000001005cb       0x6e binaries/clkinit.o
                0x00000000001005cb                clkinit
 .text          0x0000000000100639       0x5c binaries/close.o
                0x0000000000100639                close
 .text          0x0000000000100695        0x0 binaries/conf.o
 .text          0x0000000000100695       0x65 binaries/control.o
                0x0000000000100695                control
 .text          0x00000000001006fa      0x23a binaries/create.o
                0x00000000001006fa                create
 .text          0x0000000000100934      0x23b binaries/early_imr.o
                0x0000000000100934                intel_cln_early_sb_read_reg
                0x000000000010099b                intel_cln_early_sb_write_reg
                0x0000000000100a5a                remove_irm_protections
 .text          0x0000000000100b6f      0x379 binaries/evec.o
                0x0000000000100b6f                setirmask
                0x0000000000100bc0                set_evec
                0x0000000000100c34                initevec
                0x0000000000100d15                trap
 .text          0x0000000000100ee8       0x91 binaries/freebuf.o
                0x0000000000100ee8                freebuf
 .text          0x0000000000100f79      0x123 binaries/freemem.o
                0x0000000000100f79                freemem
 .text          0x000000000010109c       0x75 binaries/getbuf.o
                0x000000000010109c                getbuf
 .text          0x0000000000101111       0x5c binaries/getc.o
                0x0000000000101111                getc
 .text          0x000000000010116d       0x79 binaries/getdev.o
                0x000000000010116d                getdev
 .text          0x00000000001011e6       0x96 binaries/getitem.o
                0x00000000001011e6                getitem
                0x0000000000101219                getfirst
                0x0000000000101249                getlast
 .text.__x86.get_pc_thunk.dx
                0x000000000010127c        0x4 binaries/getitem.o
                0x000000000010127c                __x86.get_pc_thunk.dx
 .text          0x0000000000101280       0xce binaries/getmem.o
                0x0000000000101280                getmem
 .text          0x000000000010134e       0x13 binaries/getpid.o
                0x000000000010134e                getpid
 .text          0x0000000000101361       0x74 binaries/getprio.o
                0x0000000000101361                getprio
 .text          0x00000000001013d5       0xc0 binaries/getstk.o
                0x00000000001013d5                getstk
 .text          0x0000000000101495       0x41 binaries/gettime.o
                0x0000000000101495                gettime
 .text          0x00000000001014d6      0x1dd binaries/getutime.o
                0x00000000001014d6                getutime
 .text          0x00000000001016b3       0x5c binaries/init.o
                0x00000000001016b3                init
 .text          0x000000000010170f      0x282 binaries/initialize.o
                0x000000000010170f                nulluser
                0x000000000010193c                stop
                0x000000000010196e                delay
 .text          0x0000000000101991       0x9b binaries/insert.o
                0x0000000000101991                insert
 .text.__x86.get_pc_thunk.di
                0x0000000000101a2c        0x4 binaries/insert.o
                0x0000000000101a2c                __x86.get_pc_thunk.di
 .text          0x0000000000101a30       0xfa binaries/insertd.o
                0x0000000000101a30                insertd
 .text          0x0000000000101b2a        0x6 binaries/ioerr.o
                0x0000000000101b2a                ioerr
 .text          0x0000000000101b30        0x6 binaries/ionull.o
                0x0000000000101b30                ionull
 .text          0x0000000000101b36      0x19f binaries/kill.o
                0x0000000000101b36                kill
 .text          0x0000000000101cd5       0xe2 binaries/kprintf.o
                0x0000000000101cd5                kputc
                0x0000000000101d13                console_init
                0x0000000000101d57                kgetc
                0x0000000000101d86                kprintf
 .text          0x0000000000101db7       0xba binaries/lcreate.o
                0x0000000000101db7                lcreate
 .text          0x0000000000101e71      0x10a binaries/ldelete.o
                0x0000000000101e71                ldelete
 .text          0x0000000000101f7b       0x67 binaries/linit.o
                0x0000000000101f7b                linit
 .text          0x0000000000101fe2      0x44b binaries/lock.o
                0x0000000000101fe2                lock
 .text          0x000000000010242d      0xa4c binaries/main.o
                0x000000000010242d                reader1
                0x00000000001024c7                writer1
                0x0000000000102561                loop
                0x00000000001025ba                test0
                0x00000000001026bb                test1
                0x00000000001027bf                test2
                0x00000000001028c4                test3
                0x00000000001029bd                test4
                0x0000000000102b1a                test5
                0x0000000000102c78                test6
                0x0000000000102db9                main
 .text          0x0000000000102e79       0xb3 binaries/mark.o
                0x0000000000102e79                markinit
                0x0000000000102ea8                mark
 .text          0x0000000000102f2c      0x22c binaries/meminit.o
                0x0000000000102f2c                meminit
                0x00000000001030d2                setsegs
 .text          0x0000000000103158      0x14a binaries/mkbufpool.o
                0x0000000000103158                mkbufpool
 .text          0x00000000001032a2       0x5e binaries/newqueue.o
                0x00000000001032a2                newqueue
 .text.__x86.get_pc_thunk.cx
                0x0000000000103300        0x4 binaries/newqueue.o
                0x0000000000103300                __x86.get_pc_thunk.cx
 .text          0x0000000000103304       0x64 binaries/open.o
                0x0000000000103304                open
 .text          0x0000000000103368       0x2c binaries/panic.o
                0x0000000000103368                panic
 .text          0x0000000000103394      0x280 binaries/pci.o
                0x0000000000103394                pci_init
                0x000000000010339a                find_pci_device
                0x000000000010345c                pci_read_config_byte
                0x0000000000103499                pci_read_config_word
                0x00000000001034d8                pci_read_config_dword
                0x0000000000103515                pci_write_config_byte
                0x0000000000103550                pci_write_config_word
                0x000000000010358c                pci_write_config_dword
                0x00000000001035c7                pci_get_dev_mmio_base_addr
 .text          0x0000000000103614       0x68 binaries/platinit.o
                0x0000000000103614                platinit
 .text          0x000000000010367c       0xab binaries/ptclear.o
                0x000000000010367c                _ptclear
 .text          0x0000000000103727       0x9f binaries/ptcount.o
                0x0000000000103727                ptcount
 .text          0x00000000001037c6       0xf4 binaries/ptcreate.o
                0x00000000001037c6                ptcreate
 .text          0x00000000001038ba       0x70 binaries/ptdelete.o
                0x00000000001038ba                ptdelete
 .text          0x000000000010392a       0xa0 binaries/ptinit.o
                0x000000000010392a                ptinit
 .text          0x00000000001039ca      0x123 binaries/ptrecv.o
                0x00000000001039ca                ptrecv
 .text          0x0000000000103aed       0x68 binaries/ptreset.o
                0x0000000000103aed                ptreset
 .text          0x0000000000103b55      0x15c binaries/ptsend.o
                0x0000000000103b55                ptsend
 .text          0x0000000000103cb1       0x6e binaries/putc.o
                0x0000000000103cb1                putc
 .text          0x0000000000103d1f       0xc3 binaries/quark_irq.o
                0x0000000000103d1f                quark_irq_routing
 .text          0x0000000000103de2      0x1bb binaries/quark_pdat.o
                0x0000000000103de2                get_quark_pdat_entry_data_by_id
                0x0000000000103ebb                get_quark_pdat_entry_data_by_desc
 .text          0x0000000000103f9d       0xc9 binaries/queue.o
                0x0000000000103f9d                enqueue
                0x000000000010400b                dequeue
 .text          0x0000000000104066       0x64 binaries/read.o
                0x0000000000104066                read
 .text          0x00000000001040ca       0x7f binaries/ready.o
                0x00000000001040ca                ready
 .text          0x0000000000104149       0x87 binaries/receive.o
                0x0000000000104149                receive
 .text          0x00000000001041d0       0x6e binaries/recvclr.o
                0x00000000001041d0                recvclr
 .text          0x000000000010423e       0xd7 binaries/recvtime.o
                0x000000000010423e                recvtime
 .text          0x0000000000104315      0x45d binaries/releaseall.o
                0x0000000000104315                releaseall
 .text          0x0000000000104772      0x18d binaries/resched.o
                0x0000000000104772                resched
                0x0000000000104872                resched_cntl
 .text          0x00000000001048ff       0x9b binaries/resume.o
                0x00000000001048ff                resume
 .text          0x000000000010499a       0x60 binaries/seek.o
                0x000000000010499a                seek
 .text          0x00000000001049fa       0x65 binaries/semcount.o
                0x00000000001049fa                semcount
 .text          0x0000000000104a5f       0xb5 binaries/semcreate.o
                0x0000000000104a5f                semcreate
 .text          0x0000000000104b14       0xe0 binaries/semdelete.o
                0x0000000000104b14                semdelete
 .text          0x0000000000104bf4       0xc0 binaries/semreset.o
                0x0000000000104bf4                semreset
 .text          0x0000000000104cb4       0xd7 binaries/send.o
                0x0000000000104cb4                send
 .text          0x0000000000104d8b       0xa9 binaries/signal.o
                0x0000000000104d8b                signal
 .text          0x0000000000104e34       0xe9 binaries/signaln.o
                0x0000000000104e34                signaln
 .text          0x0000000000104f1d       0xda binaries/sleep.o
                0x0000000000104f1d                sleepms
                0x0000000000104fc1                sleep
 .text          0x0000000000104ff7       0xda binaries/suspend.o
                0x0000000000104ff7                suspend
 .text          0x00000000001050d1       0xa2 binaries/unsleep.o
                0x00000000001050d1                unsleep
 .text          0x0000000000105173       0x22 binaries/userret.o
                0x0000000000105173                userret
 .text          0x0000000000105195       0xcc binaries/wait.o
                0x0000000000105195                wait
 .text          0x0000000000105261       0x88 binaries/wakeup.o
                0x0000000000105261                wakeup
 .text          0x00000000001052e9       0x64 binaries/write.o
                0x00000000001052e9                write
 .text          0x000000000010534d       0x25 binaries/xdone.o
                0x000000000010534d                xdone
 .text          0x0000000000105372       0x30 binaries/yield.o
                0x0000000000105372                yield
 .text          0x00000000001053a2        0xe binaries/abs.o
                0x00000000001053a2                abs
 .text          0x00000000001053b0       0x60 binaries/atoi.o
                0x00000000001053b0                atoi
 .text          0x0000000000105410       0x60 binaries/atol.o
                0x0000000000105410                atol
 .text          0x0000000000105470       0x18 binaries/bzero.o
                0x0000000000105470                bzero
 .text          0x0000000000105488        0x0 binaries/ctype_.o
 .text          0x0000000000105488      0x83f binaries/doprnt.o
                0x00000000001055fe                _doprnt
 .text.__x86.get_pc_thunk.si
                0x0000000000105cc7        0x4 binaries/doprnt.o
                0x0000000000105cc7                __x86.get_pc_thunk.si
 .text          0x0000000000105ccb      0x776 binaries/doscan.o
                0x0000000000105ccb                _doscan
 .text          0x0000000000106441      0x7a9 binaries/fdoprnt.o
                0x00000000001064c7                _fdoprnt
 .text          0x0000000000106bea       0x2b binaries/fgetc.o
                0x0000000000106bea                fgetc
 .text          0x0000000000106c15       0x68 binaries/fgets.o
                0x0000000000106c15                fgets
 .text          0x0000000000106c7d       0x31 binaries/fprintf.o
                0x0000000000106c7d                fprintf
 .text          0x0000000000106cae       0x36 binaries/fputc.o
                0x0000000000106cae                fputc
 .text          0x0000000000106ce4       0x45 binaries/fputs.o
                0x0000000000106ce4                fputs
 .text          0x0000000000106d29       0x88 binaries/fscanf.o
                0x0000000000106d70                fscanf
 .text          0x0000000000106db1       0x38 binaries/getchar.o
                0x0000000000106db1                getchar
 .text          0x0000000000106de9        0xe binaries/labs.o
                0x0000000000106de9                labs
 .text          0x0000000000106df7       0x34 binaries/memchr.o
                0x0000000000106df7                memchr
 .text          0x0000000000106e2b       0x47 binaries/memcmp.o
                0x0000000000106e2b                memcmp
 .text          0x0000000000106e72       0x25 binaries/memcpy.o
                0x0000000000106e72                memcpy
 .text          0x0000000000106e97       0x1e binaries/memset.o
                0x0000000000106e97                memset
 .text          0x0000000000106eb5       0x4c binaries/printf.o
                0x0000000000106eb5                printf
 .text          0x0000000000106f01       0x3c binaries/putchar.o
                0x0000000000106f01                putchar
 .text          0x0000000000106f3d      0x22b binaries/qsort.o
                0x0000000000107130                qsort
 .text.__x86.get_pc_thunk.bp
                0x0000000000107168        0x4 binaries/qsort.o
                0x0000000000107168                __x86.get_pc_thunk.bp
 .text          0x000000000010716c       0x3e binaries/rand.o
                0x000000000010716c                srand
                0x0000000000107181                rand
 .text          0x00000000001071aa       0x58 binaries/sprintf.o
                0x00000000001071c1                sprintf
 .text          0x0000000000107202       0x68 binaries/sscanf.o
                0x000000000010722b                sscanf
 .text          0x000000000010726a       0x2f binaries/strchr.o
                0x000000000010726a                strchr
 .text          0x0000000000107299       0x41 binaries/strcmp.o
                0x0000000000107299                strcmp
 .text          0x00000000001072da       0x1a binaries/strcpy.o
                0x00000000001072da                strcpy
 .text          0x00000000001072f4       0x1c binaries/strlen.o
                0x00000000001072f4                strlen
 .text          0x0000000000107310       0x3a binaries/strncat.o
                0x0000000000107310                strncat
 .text          0x000000000010734a       0x36 binaries/strncmp.o
                0x000000000010734a                strncmp
 .text          0x0000000000107380       0x57 binaries/strncpy.o
                0x0000000000107380                strncpy
 .text          0x00000000001073d7       0x2e binaries/strnlen.o
                0x00000000001073d7                strnlen
 .text          0x0000000000107405       0x34 binaries/strrchr.o
                0x0000000000107405                strrchr
 .text          0x0000000000107439       0x75 binaries/strstr.o
                0x0000000000107439                strstr
 .text          0x00000000001074ae      0x164 binaries/ttycontrol.o
                0x00000000001074ae                ttycontrol
 .text          0x0000000000107612       0xda binaries/ttygetc.o
                0x0000000000107612                ttygetc
 .text          0x00000000001076ec      0x4f5 binaries/ttyhandle_in.o
                0x00000000001077ac                ttyhandle_in
 .text          0x0000000000107be1      0x181 binaries/ttyhandle_out.o
                0x0000000000107be1                ttyhandle_out
 .text          0x0000000000107d62       0x93 binaries/ttyhandler.o
                0x0000000000107d62                ttyhandler
 .text          0x0000000000107df5      0x17a binaries/ttyinit.o
                0x0000000000107df5                ttyinit
 .text          0x0000000000107f6f        0xc binaries/ttykickout.o
                0x0000000000107f6f                ttykickout
 .text          0x0000000000107f7b       0xf0 binaries/ttyputc.o
                0x0000000000107f7b                ttyputc
 .text          0x000000000010806b      0x143 binaries/ttyread.o
                0x000000000010806b                ttyread
 .text          0x00000000001081ae       0x59 binaries/ttywrite.o
                0x00000000001081ae                ttywrite
 .text          0x0000000000108207      0x152 binaries/mount.o
                0x0000000000108207                namlen
                0x000000000010823d                mount
 .text          0x0000000000108359      0x1f2 binaries/naminit.o
                0x0000000000108359                naminit
 .text          0x000000000010854b      0x231 binaries/nammap.o
                0x000000000010854b                namrepl
                0x0000000000108688                namcpy
                0x00000000001086d3                nammap
 .text          0x000000000010877c       0x5b binaries/namopen.o
                0x000000000010877c                namopen
 .text          0x00000000001087d7       0xfc binaries/colon2mac.o
                0x00000000001087d7                colon2mac
 .text          0x00000000001088d3       0x8d binaries/ethcontrol.o
                0x00000000001088d3                ethcontrol
 .text          0x0000000000108960      0x1bc binaries/ethhandler.o
                0x0000000000108960                ethhandler
 .text          0x0000000000108b1c      0x573 binaries/ethinit.o
                0x0000000000108b1c                eth_phy_read
                0x0000000000108b57                eth_phy_write
                0x0000000000108b95                eth_phy_reset
                0x0000000000108c6a                ethinit
 .text          0x000000000010908f      0x10d binaries/ethmcast.o
                0x000000000010908f                ethmcast_add
                0x00000000001090e3                ethmcast_remove
 .text          0x000000000010919c      0x1d8 binaries/ethread.o
                0x000000000010919c                ethread
 .text          0x0000000000109374       0xdf binaries/ethwrite.o
                0x0000000000109374                ethwrite
 .text          0x0000000000109453       0x73 binaries/rdsbufalloc.o
                0x0000000000109453                rdsbufalloc
 .text          0x00000000001094c6       0xb7 binaries/rdsclose.o
                0x00000000001094c6                rdsclose
 .text          0x000000000010957d      0x22d binaries/rdscomm.o
                0x000000000010957d                rdscomm
 .text          0x00000000001097aa      0x1d8 binaries/rdscontrol.o
                0x00000000001097aa                rdscontrol
 .text          0x0000000000109982      0x201 binaries/rdsinit.o
                0x0000000000109982                rdsinit
 .text          0x0000000000109b83      0x1a4 binaries/rdsopen.o
                0x0000000000109b83                rdsopen
 .text          0x0000000000109d27      0x2e5 binaries/rdsprocess.o
                0x0000000000109d27                rdsprocess
 .text          0x000000000010a00c      0x209 binaries/rdsread.o
                0x000000000010a00c                rdsread
 .text          0x000000000010a215      0x1b3 binaries/rdswrite.o
                0x000000000010a215                rdswrite
 .text          0x000000000010a3c8        0x6 binaries/ramclose.o
                0x000000000010a3c8                ramclose
 .text          0x000000000010a3ce       0x42 binaries/raminit.o
                0x000000000010a3ce                raminit
 .text          0x000000000010a410        0x7 binaries/ramopen.o
                0x000000000010a410                ramopen
 .text          0x000000000010a417       0x35 binaries/ramread.o
                0x000000000010a417                ramread
 .text          0x000000000010a44c       0x35 binaries/ramwrite.o
                0x000000000010a44c                ramwrite
 .text          0x000000000010a481       0xa3 binaries/lfdballoc.o
                0x000000000010a481                lfdballoc
 .text          0x000000000010a524       0x5c binaries/lfdbfree.o
                0x000000000010a524                lfdbfree
 .text          0x000000000010a580       0xb5 binaries/lfflush.o
                0x000000000010a580                lfflush
 .text          0x000000000010a635       0x74 binaries/lfgetmode.o
                0x000000000010a635                lfgetmode
 .text          0x000000000010a6a9       0x70 binaries/lfiballoc.o
                0x000000000010a6a9                lfiballoc
 .text          0x000000000010a719       0x25 binaries/lfibclear.o
                0x000000000010a719                lfibclear
 .text          0x000000000010a73e       0x8f binaries/lfibget.o
                0x000000000010a73e                lfibget
 .text          0x000000000010a7cd       0xa8 binaries/lfibput.o
                0x000000000010a7cd                lfibput
 .text          0x000000000010a875       0xc1 binaries/lflclose.o
                0x000000000010a875                lflclose
 .text          0x000000000010a936       0xdb binaries/lflcontrol.o
                0x000000000010a936                lflcontrol
 .text          0x000000000010aa11      0x118 binaries/lflgetc.o
                0x000000000010aa11                lflgetc
 .text          0x000000000010ab29       0xf6 binaries/lflinit.o
                0x000000000010ab29                lflinit
 .text          0x000000000010ac1f      0x150 binaries/lflputc.o
                0x000000000010ac1f                lflputc
 .text          0x000000000010ad6f       0x77 binaries/lflread.o
                0x000000000010ad6f                lflread
 .text          0x000000000010ade6       0xda binaries/lflseek.o
                0x000000000010ade6                lflseek
 .text          0x000000000010aec0       0x65 binaries/lflwrite.o
                0x000000000010aec0                lflwrite
 .text          0x000000000010af25      0x14f binaries/lfsckfmt.o
                0x000000000010af25                lfsckfmt
 .text          0x000000000010b074      0x1d3 binaries/lfscreate.o
                0x000000000010b074                lfscreate
 .text          0x000000000010b247      0x1f7 binaries/lfsetup.o
                0x000000000010b247                lfsetup
 .text          0x000000000010b43e       0x52 binaries/lfsinit.o
                0x000000000010b43e                lfsinit
 .text          0x000000000010b490      0x33f binaries/lfsopen.o
                0x000000000010b490                lfsopen
 .text          0x000000000010b7cf      0x151 binaries/lftruncate.o
                0x000000000010b7cf                lftruncate
 .text          0x000000000010b920       0x83 binaries/rflclose.o
                0x000000000010b920                rflclose
 .text          0x000000000010b9a3       0x38 binaries/rflgetc.o
                0x000000000010b9a3                rflgetc
 .text          0x000000000010b9db       0x80 binaries/rflinit.o
                0x000000000010b9db                rflinit
 .text          0x000000000010ba5b       0x3b binaries/rflputc.o
                0x000000000010ba5b                rflputc
 .text          0x000000000010ba96      0x33b binaries/rflread.o
                0x000000000010ba96                rflread
 .text          0x000000000010bdd1       0x87 binaries/rflseek.o
                0x000000000010bdd1                rflseek
 .text          0x000000000010be58      0x360 binaries/rflwrite.o
                0x000000000010be58                rflwrite
 .text          0x000000000010c1b8      0x1a6 binaries/rfscomm.o
                0x000000000010c1b8                rfscomm
 .text          0x000000000010c35e      0x27f binaries/rfscontrol.o
                0x000000000010c35e                rfscontrol
 .text          0x000000000010c5dd       0x74 binaries/rfsgetmode.o
                0x000000000010c5dd                rfsgetmode
 .text          0x000000000010c651       0x98 binaries/rfsinit.o
                0x000000000010c651                rfsinit
 .text          0x000000000010c6e9       0xca binaries/rfsndmsg.o
                0x000000000010c6e9                rfsndmsg
 .text          0x000000000010c7b3      0x286 binaries/rfsopen.o
                0x000000000010c7b3                rfsopen
 .text          0x000000000010ca39      0x6c0 binaries/arp.o
                0x000000000010ca39                arp_init
                0x000000000010ca60                arp_alloc
                0x000000000010cb11                arp_ntoh
                0x000000000010cb7b                arp_hton
                0x000000000010cbe5                arp_resolve
                0x000000000010ce8a                arp_in
 .text          0x000000000010d0f9      0x5ea binaries/dhcp.o
                0x000000000010d0f9                dhcp_get_opt_val
                0x000000000010d14a                dhcp_bld_bootp_msg
                0x000000000010d228                dhcp_bld_disc
                0x000000000010d278                dhcp_bld_req
                0x000000000010d31e                getlocalip
 .text          0x000000000010d6e3       0xc6 binaries/dot2ip.o
                0x000000000010d6e3                dot2ip
 .text          0x000000000010d7a9      0x3cf binaries/hexdump.o
                0x000000000010d7a9                hexdump
                0x000000000010d93b                hexadump
 .text          0x000000000010db78      0x778 binaries/icmp.o
                0x000000000010db78                icmp_init
                0x000000000010db9c                icmp_register
                0x000000000010dc50                icmp_recv
                0x000000000010de0b                icmp_mkpkt
                0x000000000010df02                icmp_in
                0x000000000010e0a8                icmp_send
                0x000000000010e12b                icmp_release
                0x000000000010e26e                icmp_cksum
                0x000000000010e2c8                icmp_hton
                0x000000000010e2dc                icmp_ntoh
 .text          0x000000000010e2f0      0x648 binaries/ip.o
                0x000000000010e2f0                ip_local
                0x000000000010e33d                ipcksum
                0x000000000010e38b                ip_ntoh
                0x000000000010e3f5                ip_in
                0x000000000010e53e                ip_hton
                0x000000000010e5a8                ip_out
                0x000000000010e668                ip_send
                0x000000000010e792                ipout
                0x000000000010e895                ip_enqueue
 .text          0x000000000010e938      0x1cc binaries/net.o
                0x000000000010e938                net_init
                0x000000000010ea46                eth_hton
                0x000000000010ea50                eth_ntoh
                0x000000000010ea5a                netin
 .text          0x000000000010eb04       0xd9 binaries/netstart.o
                0x000000000010eb04                netstart
 .text          0x000000000010ebdd      0xae9 binaries/pdump.o
                0x000000000010ebdd                pdump
                0x000000000010f21a                pdumph
 .text          0x000000000010f6c6      0x5ff binaries/tftp.o
                0x000000000010f6c6                tftp_send1
                0x000000000010f7e8                tftpget_mb
                0x000000000010fc9e                tftpget
 .text          0x000000000010fcc5      0xa9c binaries/udp.o
                0x000000000010fcc5                udp_init
                0x000000000010fd08                udp_in
                0x000000000010fe24                udp_register
                0x000000000010ff3f                udp_recv
                0x00000000001100e4                udp_recvaddr
                0x000000000011029d                udp_send
                0x000000000011046a                udp_sendto
                0x00000000001105f6                udp_release
                0x0000000000110739                udp_ntoh
                0x000000000011074d                udp_hton
 .text          0x0000000000110761      0x144 binaries/addargs.o
                0x0000000000110761                addargs
 .text          0x00000000001108a5      0x234 binaries/lexan.o
                0x00000000001108a5                lexan
 .text          0x0000000000110ad9      0x645 binaries/shell.o
                0x0000000000110ad9                shell
 .text          0x000000000011111e       0x6e binaries/xsh_argecho.o
                0x000000000011111e                xsh_argecho
 .text          0x000000000011118c      0x244 binaries/xsh_arp.o
                0x000000000011118c                xsh_arp
 .text          0x00000000001113d0      0x27d binaries/xsh_cat.o
                0x00000000001113d0                xsh_cat
 .text          0x000000000011164d       0x70 binaries/xsh_clear.o
                0x000000000011164d                xsh_clear
 .text          0x00000000001116bd      0x2d7 binaries/xsh_date.o
                0x00000000001116bd                xsh_date
 .text          0x0000000000111994       0xaa binaries/xsh_devdump.o
                0x0000000000111994                xsh_devdump
 .text          0x0000000000111a3e       0x77 binaries/xsh_echo.o
                0x0000000000111a3e                xsh_echo
 .text          0x0000000000111ab5        0x6 binaries/xsh_exit.o
                0x0000000000111ab5                xsh_exit
 .text          0x0000000000111abb      0x38a binaries/xsh_help.o
                0x0000000000111abb                xsh_help
 .text          0x0000000000111e45      0x39e binaries/xsh_ipaddr.o
                0x0000000000111e45                xsh_ipaddr
 .text          0x00000000001121e3      0x214 binaries/xsh_kill.o
                0x00000000001121e3                xsh_kill
 .text          0x00000000001123f7      0x458 binaries/xsh_memdump.o
                0x00000000001124a1                xsh_memdump
 .text          0x000000000011284f      0x231 binaries/xsh_memstat.o
                0x000000000011284f                xsh_memstat
 .text          0x0000000000112a80      0x32f binaries/xsh_ping.o
                0x0000000000112a80                xsh_ping
 .text          0x0000000000112daf      0x1e6 binaries/xsh_ps.o
                0x0000000000112daf                xsh_ps
 .text          0x0000000000112f95      0x1f5 binaries/xsh_sleep.o
                0x0000000000112f95                xsh_sleep
 .text          0x000000000011318a      0x227 binaries/xsh_udpdump.o
                0x000000000011318a                xsh_udpdump
 .text          0x00000000001133b1      0x494 binaries/xsh_udpecho.o
                0x00000000001133b1                xsh_udpecho
 .text          0x0000000000113845      0x2c2 binaries/xsh_udpeserver.o
                0x0000000000113845                xsh_udpeserver
 .text          0x0000000000113b07      0x202 binaries/xsh_uptime.o
                0x0000000000113b07                xsh_uptime
 .text          0x0000000000113d09        0xe binaries/clkdisp.o
                0x0000000000113d09                clkdisp
 .text          0x0000000000113d17       0x19 binaries/ctxsw.o
                0x0000000000113d17                ctxsw
 .text          0x0000000000113d30      0x368 binaries/intr.o
                0x0000000000113d30                disable
                0x0000000000113d39                restore
                0x0000000000113d47                enable
                0x0000000000113d49                pause
                0x0000000000113d50                halt
                0x0000000000113d53                spurious_irq7
                0x0000000000113d58                spurious_irq15
                0x0000000000113d67                _Xint0
                0x0000000000113d72                _Xint1
                0x0000000000113d7d                _Xint2
                0x0000000000113d88                _Xint3
                0x0000000000113d93                _Xint4
                0x0000000000113d9e                _Xint5
                0x0000000000113da9                _Xint6
                0x0000000000113db4                _Xint7
                0x0000000000113dbf                _Xint8
                0x0000000000113dca                _Xint9
                0x0000000000113dd5                _Xint10
                0x0000000000113de0                _Xint11
                0x0000000000113dee                _Xint12
                0x0000000000113dfc                _Xint13
                0x0000000000113e0a                _Xint14
                0x0000000000113e18                _Xint15
                0x0000000000113e26                _Xint16
                0x0000000000113e34                _Xint17
                0x0000000000113e42                _Xint18
                0x0000000000113e50                _Xint19
                0x0000000000113e5e                _Xint20
                0x0000000000113e6c                _Xint21
                0x0000000000113e7a                _Xint22
                0x0000000000113e88                _Xint23
                0x0000000000113e96                _Xint24
                0x0000000000113ea4                _Xint25
                0x0000000000113eb2                _Xint26
                0x0000000000113ec0                _Xint27
                0x0000000000113ece                _Xint28
                0x0000000000113edc                _Xint29
                0x0000000000113eea                _Xint30
                0x0000000000113ef8                _Xint31
                0x0000000000113f06                _Xint32
                0x0000000000113f14                _Xint33
                0x0000000000113f22                _Xint34
                0x0000000000113f30                _Xint35
                0x0000000000113f3e                _Xint36
                0x0000000000113f4c                _Xint37
                0x0000000000113f5a                _Xint38
                0x0000000000113f68                _Xint39
                0x0000000000113f76                _Xint40
                0x0000000000113f84                _Xint41
                0x0000000000113f92                _Xint42
                0x0000000000113fa0                _Xint43
                0x0000000000113fae                _Xint44
                0x0000000000113fbc                _Xint45
                0x0000000000113fca                _Xint46
                0x0000000000113fd8                defevec
 .text          0x0000000000114098        0xf binaries/ttydispatch.o
                0x0000000000114098                ttydispatch
 .text          0x00000000001140a7       0x13 binaries/ethdispatch.o
                0x00000000001140a7                ethdispatch
 *(.rodata .rodata.*)
 .rodata.str1.1
                0x00000000001140ba       0x54 binaries/ascdate.o
 *fill*         0x000000000011410e        0x2 
 .rodata.str1.4
                0x0000000000114110       0x22 binaries/ascdate.o
 .rodata.str1.1
                0x0000000000114132       0x5f binaries/conf.o
 *fill*         0x0000000000114191        0x3 
 .rodata.str1.4
                0x0000000000114194       0x4f binaries/early_imr.o
 *fill*         0x00000000001141e3        0x1 
 .rodata        0x00000000001141e4       0x33 binaries/early_imr.o
 .rodata.str1.1
                0x0000000000114217      0x20c binaries/evec.o
 *fill*         0x0000000000114423        0x1 
 .rodata.str1.4
                0x0000000000114424       0x23 binaries/evec.o
 .rodata.str1.1
                0x0000000000114447        0xb binaries/getutime.o
 *fill*         0x0000000000114452        0x2 
 .rodata.str1.4
                0x0000000000114454       0x54 binaries/getutime.o
 .rodata.str1.1
                0x00000000001144a8       0x63 binaries/initialize.o
                                         0x67 (size before relaxing)
 *fill*         0x000000000011450b        0x1 
 .rodata.str1.4
                0x000000000011450c       0xd0 binaries/initialize.o
 .rodata        0x00000000001145dc       0x20 binaries/kill.o
 .rodata.str1.4
                0x00000000001145fc      0x283 binaries/main.o
 .rodata.str1.1
                0x000000000011487f      0x24d binaries/main.o
 .rodata.str1.4
                0x0000000000114acc       0x23 binaries/meminit.o
 .rodata.str1.1
                0x0000000000114aef       0x1b binaries/meminit.o
 .rodata.str1.1
                0x0000000000114b0a        0xf binaries/panic.o
 .rodata.str1.1
                0x0000000000114b19       0x1c binaries/ptinit.o
 *fill*         0x0000000000114b35        0x3 
 .rodata.str1.4
                0x0000000000114b38       0x25 binaries/ptsend.o
 .rodata.str1.1
                0x0000000000114b5d       0x22 binaries/quark_pdat.o
 *fill*         0x0000000000114b7f        0x1 
 .rodata.str1.4
                0x0000000000114b80       0x27 binaries/xdone.o
 *fill*         0x0000000000114ba7       0x19 
 .rodata        0x0000000000114bc0       0x81 binaries/ctype_.o
                0x0000000000114bc0                _ctype_
 .rodata.str1.1
                0x0000000000114c41       0x29 binaries/doprnt.o
 *fill*         0x0000000000114c6a        0x2 
 .rodata        0x0000000000114c6c       0xc4 binaries/doprnt.o
 .rodata        0x0000000000114d30       0x98 binaries/doscan.o
 .rodata.str1.1
                0x0000000000114dc8       0x29 binaries/fdoprnt.o
 .rodata        0x0000000000114dc8       0x84 binaries/fdoprnt.o
 .rodata        0x0000000000114e4c       0x20 binaries/ttycontrol.o
 .rodata.str1.4
                0x0000000000114e6c       0x4c binaries/naminit.o
 .rodata.str1.1
                0x0000000000114eb8       0x32 binaries/naminit.o
                                         0x35 (size before relaxing)
 .rodata.str1.1
                0x0000000000114eea       0x15 binaries/ethinit.o
 *fill*         0x0000000000114eff        0x1 
 .rodata.str1.4
                0x0000000000114f00       0x2e binaries/ethinit.o
 *fill*         0x0000000000114f2e        0x2 
 .rodata.str1.4
                0x0000000000114f30       0x2c binaries/rdsbufalloc.o
 .rodata.str1.4
                0x0000000000114f5c       0x76 binaries/rdscomm.o
 *fill*         0x0000000000114fd2        0x2 
 .rodata.str1.4
                0x0000000000114fd4       0x48 binaries/rdscontrol.o
 .rodata.str1.4
                0x000000000011501c       0x7e binaries/rdsinit.o
 .rodata.str1.1
                0x000000000011509a       0x18 binaries/rdsinit.o
 *fill*         0x00000000001150b2        0x2 
 .rodata.str1.4
                0x00000000001150b4       0x22 binaries/rdsopen.o
 *fill*         0x00000000001150d6        0x2 
 .rodata.str1.4
                0x00000000001150d8       0x4d binaries/rdsprocess.o
 .rodata.str1.1
                0x0000000000115125        0x9 binaries/raminit.o
 .rodata.str1.1
                0x000000000011512e       0x13 binaries/lfdballoc.o
 *fill*         0x0000000000115141        0x3 
 .rodata.str1.4
                0x0000000000115144       0x23 binaries/lfdballoc.o
 .rodata.str1.1
                0x0000000000115167       0x14 binaries/lfiballoc.o
 *fill*         0x000000000011517b        0x1 
 .rodata.str1.4
                0x000000000011517c       0x23 binaries/lflcontrol.o
 .rodata.str1.1
                0x000000000011519f       0x64 binaries/lfsckfmt.o
 *fill*         0x0000000000115203        0x1 
 .rodata.str1.4
                0x0000000000115204       0x51 binaries/lfsckfmt.o
 *fill*         0x0000000000115255        0x3 
 .rodata.str1.4
                0x0000000000115258       0x21 binaries/rflread.o
 .rodata.str1.4
                0x0000000000115279       0x21 binaries/rflwrite.o
 *fill*         0x0000000000115279        0x3 
 .rodata.str1.4
                0x000000000011527c       0x75 binaries/rfscomm.o
 *fill*         0x00000000001152f1        0x3 
 .rodata.str1.4
                0x00000000001152f4       0x23 binaries/rfscontrol.o
 *fill*         0x0000000000115317        0x1 
 .rodata        0x0000000000115318       0x18 binaries/rfscontrol.o
 .rodata.str1.1
                0x0000000000115330       0x10 binaries/rfsinit.o
 .rodata.str1.4
                0x0000000000115330       0x57 binaries/rfsinit.o
 *fill*         0x0000000000115387        0x1 
 .rodata.str1.4
                0x0000000000115388       0x2a binaries/rfsndmsg.o
 .rodata.str1.4
                0x00000000001153b2       0x22 binaries/rfsopen.o
 .rodata.str1.1
                0x00000000001153b2       0x19 binaries/arp.o
 *fill*         0x00000000001153cb        0x1 
 .rodata.str1.4
                0x00000000001153cc       0x21 binaries/arp.o
 *fill*         0x00000000001153ed        0x3 
 .rodata.str1.4
                0x00000000001153f0       0xa6 binaries/dhcp.o
 .rodata.str1.1
                0x0000000000115496       0x4a binaries/dhcp.o
 .rodata.str1.1
                0x00000000001154e0       0x5a binaries/hexdump.o
                                         0x61 (size before relaxing)
 *fill*         0x000000000011553a        0x2 
 .rodata.str1.4
                0x000000000011553c       0x67 binaries/hexdump.o
 *fill*         0x00000000001155a3        0x1 
 .rodata.str1.4
                0x00000000001155a4       0x29 binaries/icmp.o
 .rodata.str1.1
                0x00000000001155cd       0x4e binaries/ip.o
 *fill*         0x000000000011561b        0x1 
 .rodata.str1.4
                0x000000000011561c       0x20 binaries/ip.o
 .rodata.str1.4
                0x000000000011563c       0x28 binaries/net.o
 .rodata.str1.1
                0x0000000000115664       0x27 binaries/net.o
 *fill*         0x000000000011568b        0x1 
 .rodata.str1.4
                0x000000000011568c       0xcf binaries/netstart.o
 .rodata.str1.1
                0x000000000011575b      0x141 binaries/pdump.o
                                        0x14b (size before relaxing)
 .rodata.str1.4
                0x000000000011589c      0x126 binaries/pdump.o
 *fill*         0x00000000001159c2        0x2 
 .rodata.str1.4
                0x00000000001159c4      0x148 binaries/tftp.o
 .rodata.str1.1
                0x0000000000115b0c        0x6 binaries/tftp.o
                                          0xa (size before relaxing)
 .rodata.str1.1
                0x0000000000115b12       0xe3 binaries/shell.o
                                         0xff (size before relaxing)
 *fill*         0x0000000000115bf5        0x3 
 .rodata.str1.4
                0x0000000000115bf8      0x1c4 binaries/shell.o
 .rodata.str1.1
                0x0000000000115dbc       0x26 binaries/xsh_argecho.o
                                         0x28 (size before relaxing)
 .rodata.str1.1
                0x0000000000115de2       0x70 binaries/xsh_arp.o
                                         0x72 (size before relaxing)
 *fill*         0x0000000000115e52        0x2 
 .rodata.str1.4
                0x0000000000115e54       0xb4 binaries/xsh_arp.o
 .rodata.str1.1
                0x0000000000115f08       0x2d binaries/xsh_cat.o
                                         0x4f (size before relaxing)
 *fill*         0x0000000000115f35        0x3 
 .rodata.str1.4
                0x0000000000115f38       0x52 binaries/xsh_cat.o
                                         0x79 (size before relaxing)
 .rodata.str1.1
                0x0000000000115f8a       0x15 binaries/xsh_clear.o
 .rodata.str1.1
                0x0000000000115f9f       0x46 binaries/xsh_date.o
                                         0x5f (size before relaxing)
 *fill*         0x0000000000115fe5        0x3 
 .rodata.str1.4
                0x0000000000115fe8      0x163 binaries/xsh_date.o
 .rodata.str1.1
                0x000000000011614b       0x5d binaries/xsh_devdump.o
 .rodata.str1.1
                0x00000000001161a8        0x4 binaries/xsh_echo.o
                                          0x9 (size before relaxing)
 .rodata.str1.1
                0x00000000001161ac       0x65 binaries/xsh_help.o
                                         0xa3 (size before relaxing)
 *fill*         0x0000000000116211        0x3 
 .rodata.str1.4
                0x0000000000116214       0x7c binaries/xsh_help.o
                                         0xc6 (size before relaxing)
 .rodata.str1.1
                0x0000000000116290       0x9c binaries/xsh_ipaddr.o
                                         0xf8 (size before relaxing)
 .rodata.str1.4
                0x000000000011632c       0x4d binaries/xsh_ipaddr.o
                                         0x99 (size before relaxing)
 .rodata.str1.1
                0x0000000000116379       0x78 binaries/xsh_kill.o
                                         0x97 (size before relaxing)
 *fill*         0x00000000001163f1        0x3 
 .rodata.str1.4
                0x00000000001163f4       0x4a binaries/xsh_kill.o
                                         0x96 (size before relaxing)
 .rodata.str1.1
                0x000000000011643e       0x84 binaries/xsh_memdump.o
                                         0xa8 (size before relaxing)
 *fill*         0x00000000001164c2        0x2 
 .rodata.str1.4
                0x00000000001164c4      0x15a binaries/xsh_memdump.o
                                        0x1aa (size before relaxing)
 .rodata.str1.1
                0x000000000011661e       0x40 binaries/xsh_memstat.o
                                         0x79 (size before relaxing)
 *fill*         0x000000000011665e        0x2 
 .rodata.str1.4
                0x0000000000116660      0x187 binaries/xsh_memstat.o
                                        0x1af (size before relaxing)
 .rodata.str1.1
                0x00000000001167e7       0x90 binaries/xsh_ping.o
                                         0xaf (size before relaxing)
 *fill*         0x0000000000116877        0x1 
 .rodata.str1.4
                0x0000000000116878       0x77 binaries/xsh_ping.o
                                         0xc6 (size before relaxing)
 .rodata.str1.1
                0x00000000001168ef       0x74 binaries/xsh_ps.o
                                         0xd5 (size before relaxing)
 *fill*         0x0000000000116963        0x1 
 .rodata.str1.4
                0x0000000000116964       0x80 binaries/xsh_ps.o
                                         0xd0 (size before relaxing)
 .rodata.str1.1
                0x00000000001169e4       0x31 binaries/xsh_sleep.o
                                         0x72 (size before relaxing)
 *fill*         0x0000000000116a15        0x3 
 .rodata.str1.4
                0x0000000000116a18       0x2a binaries/xsh_sleep.o
                                         0x7a (size before relaxing)
 .rodata.str1.1
                0x0000000000116a42       0x6b binaries/xsh_udpdump.o
                                         0xd2 (size before relaxing)
 *fill*         0x0000000000116aad        0x3 
 .rodata.str1.4
                0x0000000000116ab0       0x94 binaries/xsh_udpdump.o
                                         0xe4 (size before relaxing)
 .rodata.str1.1
                0x0000000000116b44       0xdb binaries/xsh_udpecho.o
                                         0xfa (size before relaxing)
 *fill*         0x0000000000116c1f        0x1 
 .rodata.str1.4
                0x0000000000116c20       0xc7 binaries/xsh_udpecho.o
                                        0x116 (size before relaxing)
 .rodata.str1.1
                0x0000000000116ce7       0x66 binaries/xsh_udpeserver.o
                                         0x8f (size before relaxing)
 *fill*         0x0000000000116d4d        0x3 
 .rodata.str1.4
                0x0000000000116d50       0x29 binaries/xsh_udpeserver.o
                                         0x9f (size before relaxing)
 .rodata.str1.1
                0x0000000000116d79       0x49 binaries/xsh_uptime.o
                                         0x8c (size before relaxing)
 *fill*         0x0000000000116dc2        0x2 
 .rodata.str1.4
                0x0000000000116dc4       0x28 binaries/xsh_uptime.o
                                         0x76 (size before relaxing)
                0x0000000000116dec                etext = ABSOLUTE (.)
                0x0000000000117000                . = ALIGN (0x1000)
 *fill*         0x0000000000116dec      0x214 

.eh_frame       0x0000000000117000     0x783c
 .eh_frame      0x0000000000117000       0x98 binaries/ascdate.o
 .eh_frame      0x0000000000117098       0x28 binaries/bufinit.o
                                         0x40 (size before relaxing)
 .eh_frame      0x00000000001170c0       0x54 binaries/chprio.o
                                         0x80 (size before relaxing)
 .eh_frame      0x0000000000117114       0x24 binaries/clkhandler.o
                                         0x50 (size before relaxing)
 .eh_frame      0x0000000000117138       0x44 binaries/clkinit.o
                                         0x70 (size before relaxing)
 .eh_frame      0x000000000011717c       0x44 binaries/close.o
                                         0x70 (size before relaxing)
 .eh_frame      0x00000000001171c0       0x48 binaries/control.o
                                         0x74 (size before relaxing)
 .eh_frame      0x0000000000117208       0x5c binaries/create.o
                                         0x88 (size before relaxing)
 .eh_frame      0x0000000000117264      0x164 binaries/early_imr.o
                                        0x190 (size before relaxing)
 .eh_frame      0x00000000001173c8      0x1f8 binaries/evec.o
                                        0x224 (size before relaxing)
 .eh_frame      0x00000000001175c0       0x58 binaries/freebuf.o
                                         0x84 (size before relaxing)
 .eh_frame      0x0000000000117618       0x5c binaries/freemem.o
                                         0x88 (size before relaxing)
 .eh_frame      0x0000000000117674       0x50 binaries/getbuf.o
                                         0x7c (size before relaxing)
 .eh_frame      0x00000000001176c4       0x44 binaries/getc.o
                                         0x70 (size before relaxing)
 .eh_frame      0x0000000000117708       0x60 binaries/getdev.o
                                         0x8c (size before relaxing)
 .eh_frame      0x0000000000117768       0x68 binaries/getitem.o
                                         0x94 (size before relaxing)
 .eh_frame      0x00000000001177d0       0x54 binaries/getmem.o
                                         0x80 (size before relaxing)
 .eh_frame      0x0000000000117824       0x14 binaries/getpid.o
                                         0x40 (size before relaxing)
 .eh_frame      0x0000000000117838       0x40 binaries/getprio.o
                                         0x6c (size before relaxing)
 .eh_frame      0x0000000000117878       0x5c binaries/getstk.o
                                         0x88 (size before relaxing)
 .eh_frame      0x00000000001178d4       0x2c binaries/gettime.o
                                         0x58 (size before relaxing)
 .eh_frame      0x0000000000117900       0x98 binaries/getutime.o
                                         0xc4 (size before relaxing)
 .eh_frame      0x0000000000117998       0x44 binaries/init.o
                                         0x70 (size before relaxing)
 .eh_frame      0x00000000001179dc       0xe0 binaries/initialize.o
                                        0x10c (size before relaxing)
 .eh_frame      0x0000000000117abc       0x44 binaries/insert.o
                                         0x5c (size before relaxing)
 .eh_frame      0x0000000000117b00       0x40 binaries/insertd.o
                                         0x6c (size before relaxing)
 .eh_frame      0x0000000000117b40       0x14 binaries/ioerr.o
                                         0x2c (size before relaxing)
 .eh_frame      0x0000000000117b54       0x14 binaries/ionull.o
                                         0x2c (size before relaxing)
 .eh_frame      0x0000000000117b68       0x78 binaries/kill.o
                                         0xa4 (size before relaxing)
 .eh_frame      0x0000000000117be0       0x90 binaries/kprintf.o
                                         0xd0 (size before relaxing)
 .eh_frame      0x0000000000117c70       0x54 binaries/lcreate.o
                                         0x80 (size before relaxing)
 .eh_frame      0x0000000000117cc4       0x6c binaries/ldelete.o
                                         0x98 (size before relaxing)
 .eh_frame      0x0000000000117d30       0x44 binaries/linit.o
                                         0x70 (size before relaxing)
 .eh_frame      0x0000000000117d74       0xa4 binaries/lock.o
                                         0xd0 (size before relaxing)
 .eh_frame      0x0000000000117e18      0x704 binaries/main.o
                                        0x730 (size before relaxing)
 .eh_frame      0x000000000011851c       0x64 binaries/mark.o
                                         0x90 (size before relaxing)
 .eh_frame      0x0000000000118580       0x80 binaries/meminit.o
                                         0xac (size before relaxing)
 .eh_frame      0x0000000000118600       0x78 binaries/mkbufpool.o
                                         0xa4 (size before relaxing)
 .eh_frame      0x0000000000118678       0x30 binaries/newqueue.o
                                         0x48 (size before relaxing)
 .eh_frame      0x00000000001186a8       0x48 binaries/open.o
                                         0x74 (size before relaxing)
 .eh_frame      0x00000000001186f0       0x28 binaries/panic.o
                                         0x54 (size before relaxing)
 .eh_frame      0x0000000000118718       0xf4 binaries/pci.o
                                        0x10c (size before relaxing)
 .eh_frame      0x000000000011880c       0x40 binaries/platinit.o
                                         0x6c (size before relaxing)
 .eh_frame      0x000000000011884c       0x6c binaries/ptclear.o
                                         0x98 (size before relaxing)
 .eh_frame      0x00000000001188b8       0x64 binaries/ptcount.o
                                         0x90 (size before relaxing)
 .eh_frame      0x000000000011891c       0x60 binaries/ptcreate.o
                                         0x8c (size before relaxing)
 .eh_frame      0x000000000011897c       0x48 binaries/ptdelete.o
                                         0x74 (size before relaxing)
 .eh_frame      0x00000000001189c4       0x44 binaries/ptinit.o
                                         0x70 (size before relaxing)
 .eh_frame      0x0000000000118a08       0x64 binaries/ptrecv.o
                                         0x90 (size before relaxing)
 .eh_frame      0x0000000000118a6c       0x48 binaries/ptreset.o
                                         0x74 (size before relaxing)
 .eh_frame      0x0000000000118ab4       0x70 binaries/ptsend.o
                                         0x9c (size before relaxing)
 .eh_frame      0x0000000000118b24       0x54 binaries/putc.o
                                         0x80 (size before relaxing)
 .eh_frame      0x0000000000118b78       0x6c binaries/quark_irq.o
                                         0x98 (size before relaxing)
 .eh_frame      0x0000000000118be4       0xe8 binaries/quark_pdat.o
                                        0x114 (size before relaxing)
 .eh_frame      0x0000000000118ccc       0x4c binaries/queue.o
                                         0x78 (size before relaxing)
 .eh_frame      0x0000000000118d18       0x48 binaries/read.o
                                         0x74 (size before relaxing)
 .eh_frame      0x0000000000118d60       0x34 binaries/ready.o
                                         0x60 (size before relaxing)
 .eh_frame      0x0000000000118d94       0x50 binaries/receive.o
                                         0x7c (size before relaxing)
 .eh_frame      0x0000000000118de4       0x38 binaries/recvclr.o
                                         0x64 (size before relaxing)
 .eh_frame      0x0000000000118e1c       0x60 binaries/recvtime.o
                                         0x8c (size before relaxing)
 .eh_frame      0x0000000000118e7c       0x98 binaries/releaseall.o
                                         0xc4 (size before relaxing)
 .eh_frame      0x0000000000118f14       0x78 binaries/resched.o
                                         0xb8 (size before relaxing)
 .eh_frame      0x0000000000118f8c       0x5c binaries/resume.o
                                         0x88 (size before relaxing)
 .eh_frame      0x0000000000118fe8       0x44 binaries/seek.o
                                         0x70 (size before relaxing)
 .eh_frame      0x000000000011902c       0x40 binaries/semcount.o
                                         0x6c (size before relaxing)
 .eh_frame      0x000000000011906c       0x54 binaries/semcreate.o
                                         0x80 (size before relaxing)
 .eh_frame      0x00000000001190c0       0x6c binaries/semdelete.o
                                         0x98 (size before relaxing)
 .eh_frame      0x000000000011912c       0x6c binaries/semreset.o
                                         0x98 (size before relaxing)
 .eh_frame      0x0000000000119198       0x60 binaries/send.o
                                         0x8c (size before relaxing)
 .eh_frame      0x00000000001191f8       0x54 binaries/signal.o
                                         0x80 (size before relaxing)
 .eh_frame      0x000000000011924c       0x70 binaries/signaln.o
                                         0x9c (size before relaxing)
 .eh_frame      0x00000000001192bc       0x80 binaries/sleep.o
                                         0xac (size before relaxing)
 .eh_frame      0x000000000011933c       0x54 binaries/suspend.o
                                         0x80 (size before relaxing)
 .eh_frame      0x0000000000119390       0x4c binaries/unsleep.o
                                         0x78 (size before relaxing)
 .eh_frame      0x00000000001193dc       0x28 binaries/userret.o
                                         0x54 (size before relaxing)
 .eh_frame      0x0000000000119404       0x58 binaries/wait.o
                                         0x84 (size before relaxing)
 .eh_frame      0x000000000011945c       0x48 binaries/wakeup.o
                                         0x74 (size before relaxing)
 .eh_frame      0x00000000001194a4       0x48 binaries/write.o
                                         0x74 (size before relaxing)
 .eh_frame      0x00000000001194ec       0x24 binaries/xdone.o
                                         0x50 (size before relaxing)
 .eh_frame      0x0000000000119510       0x30 binaries/yield.o
                                         0x5c (size before relaxing)
 .eh_frame      0x0000000000119540       0x14 binaries/abs.o
                                         0x2c (size before relaxing)
 .eh_frame      0x0000000000119554       0x28 binaries/atoi.o
                                         0x40 (size before relaxing)
 .eh_frame      0x000000000011957c       0x28 binaries/atol.o
                                         0x40 (size before relaxing)
 .eh_frame      0x00000000001195a4       0x14 binaries/bzero.o
                                         0x2c (size before relaxing)
 .eh_frame      0x00000000001195b8      0x174 binaries/doprnt.o
                                        0x1a0 (size before relaxing)
 .eh_frame      0x000000000011972c      0x108 binaries/doscan.o
                                        0x134 (size before relaxing)
 .eh_frame      0x0000000000119834      0x114 binaries/fdoprnt.o
                                        0x140 (size before relaxing)
 .eh_frame      0x0000000000119948       0x2c binaries/fgetc.o
                                         0x58 (size before relaxing)
 .eh_frame      0x0000000000119974       0x48 binaries/fgets.o
                                         0x74 (size before relaxing)
 .eh_frame      0x00000000001199bc       0x2c binaries/fprintf.o
                                         0x58 (size before relaxing)
 .eh_frame      0x00000000001199e8       0x2c binaries/fputc.o
                                         0x58 (size before relaxing)
 .eh_frame      0x0000000000119a14       0x3c binaries/fputs.o
                                         0x68 (size before relaxing)
 .eh_frame      0x0000000000119a50       0x7c binaries/fscanf.o
                                         0xa8 (size before relaxing)
 .eh_frame      0x0000000000119acc       0x24 binaries/getchar.o
                                         0x50 (size before relaxing)
 .eh_frame      0x0000000000119af0       0x14 binaries/labs.o
                                         0x2c (size before relaxing)
 .eh_frame      0x0000000000119b04       0x14 binaries/memchr.o
                                         0x2c (size before relaxing)
 .eh_frame      0x0000000000119b18       0x28 binaries/memcmp.o
                                         0x40 (size before relaxing)
 .eh_frame      0x0000000000119b40       0x24 binaries/memcpy.o
                                         0x3c (size before relaxing)
 .eh_frame      0x0000000000119b64       0x1c binaries/memset.o
                                         0x34 (size before relaxing)
 .eh_frame      0x0000000000119b80       0x2c binaries/printf.o
                                         0x58 (size before relaxing)
 .eh_frame      0x0000000000119bac       0x28 binaries/putchar.o
                                         0x54 (size before relaxing)
 .eh_frame      0x0000000000119bd4       0xdc binaries/qsort.o
                                        0x11c (size before relaxing)
 .eh_frame      0x0000000000119cb0       0x28 binaries/rand.o
                                         0x68 (size before relaxing)
 .eh_frame      0x0000000000119cd8       0x54 binaries/sprintf.o
                                         0x80 (size before relaxing)
 .eh_frame      0x0000000000119d2c       0x5c binaries/sscanf.o
                                         0x88 (size before relaxing)
 .eh_frame      0x0000000000119d88       0x20 binaries/strchr.o
                                         0x38 (size before relaxing)
 .eh_frame      0x0000000000119da8       0x20 binaries/strcmp.o
                                         0x38 (size before relaxing)
 .eh_frame      0x0000000000119dc8       0x14 binaries/strcpy.o
                                         0x2c (size before relaxing)
 .eh_frame      0x0000000000119ddc       0x14 binaries/strlen.o
                                         0x2c (size before relaxing)
 .eh_frame      0x0000000000119df0       0x2c binaries/strncat.o
                                         0x44 (size before relaxing)
 .eh_frame      0x0000000000119e1c       0x1c binaries/strncmp.o
                                         0x34 (size before relaxing)
 .eh_frame      0x0000000000119e38       0x30 binaries/strncpy.o
                                         0x48 (size before relaxing)
 .eh_frame      0x0000000000119e68       0x14 binaries/strnlen.o
                                         0x2c (size before relaxing)
 .eh_frame      0x0000000000119e7c       0x20 binaries/strrchr.o
                                         0x38 (size before relaxing)
 .eh_frame      0x0000000000119e9c       0x3c binaries/strstr.o
                                         0x54 (size before relaxing)
 .eh_frame      0x0000000000119ed8       0x58 binaries/ttycontrol.o
                                         0x84 (size before relaxing)
 .eh_frame      0x0000000000119f30       0x44 binaries/ttygetc.o
                                         0x70 (size before relaxing)
 .eh_frame      0x0000000000119f74       0xe0 binaries/ttyhandle_in.o
                                        0x10c (size before relaxing)
 .eh_frame      0x000000000011a054       0x68 binaries/ttyhandle_out.o
                                         0x94 (size before relaxing)
 .eh_frame      0x000000000011a0bc       0x5c binaries/ttyhandler.o
                                         0x88 (size before relaxing)
 .eh_frame      0x000000000011a118       0x4c binaries/ttyinit.o
                                         0x78 (size before relaxing)
 .eh_frame      0x000000000011a164       0x14 binaries/ttykickout.o
                                         0x2c (size before relaxing)
 .eh_frame      0x000000000011a178       0x64 binaries/ttyputc.o
                                         0x90 (size before relaxing)
 .eh_frame      0x000000000011a1dc       0x64 binaries/ttyread.o
                                         0x90 (size before relaxing)
 .eh_frame      0x000000000011a240       0x4c binaries/ttywrite.o
                                         0x78 (size before relaxing)
 .eh_frame      0x000000000011a28c       0x7c binaries/mount.o
                                         0xa8 (size before relaxing)
 .eh_frame      0x000000000011a308       0xe4 binaries/naminit.o
                                        0x110 (size before relaxing)
 .eh_frame      0x000000000011a3ec       0xf0 binaries/nammap.o
                                        0x130 (size before relaxing)
 .eh_frame      0x000000000011a4dc       0x48 binaries/namopen.o
                                         0x74 (size before relaxing)
 .eh_frame      0x000000000011a524       0x3c binaries/colon2mac.o
                                         0x68 (size before relaxing)
 .eh_frame      0x000000000011a560       0x4c binaries/ethcontrol.o
                                         0x78 (size before relaxing)
 .eh_frame      0x000000000011a5ac       0x58 binaries/ethhandler.o
                                         0x84 (size before relaxing)
 .eh_frame      0x000000000011a604      0x154 binaries/ethinit.o
                                        0x180 (size before relaxing)
 .eh_frame      0x000000000011a758       0xa8 binaries/ethmcast.o
                                         0xd4 (size before relaxing)
 .eh_frame      0x000000000011a800       0x80 binaries/ethread.o
                                         0xac (size before relaxing)
 .eh_frame      0x000000000011a880       0x48 binaries/ethwrite.o
                                         0x74 (size before relaxing)
 .eh_frame      0x000000000011a8c8       0x3c binaries/rdsbufalloc.o
                                         0x68 (size before relaxing)
 .eh_frame      0x000000000011a904       0x3c binaries/rdsclose.o
                                         0x68 (size before relaxing)
 .eh_frame      0x000000000011a940       0x90 binaries/rdscomm.o
                                         0xbc (size before relaxing)
 .eh_frame      0x000000000011a9d0       0xb4 binaries/rdscontrol.o
                                         0xe0 (size before relaxing)
 .eh_frame      0x000000000011aa84       0x9c binaries/rdsinit.o
                                         0xc8 (size before relaxing)
 .eh_frame      0x000000000011ab20       0x80 binaries/rdsopen.o
                                         0xac (size before relaxing)
 .eh_frame      0x000000000011aba0       0xf8 binaries/rdsprocess.o
                                        0x124 (size before relaxing)
 .eh_frame      0x000000000011ac98       0x7c binaries/rdsread.o
                                         0xa8 (size before relaxing)
 .eh_frame      0x000000000011ad14       0x80 binaries/rdswrite.o
                                         0xac (size before relaxing)
 .eh_frame      0x000000000011ad94       0x14 binaries/ramclose.o
                                         0x2c (size before relaxing)
 .eh_frame      0x000000000011ada8       0x40 binaries/raminit.o
                                         0x6c (size before relaxing)
 .eh_frame      0x000000000011ade8       0x14 binaries/ramopen.o
                                         0x2c (size before relaxing)
 .eh_frame      0x000000000011adfc       0x2c binaries/ramread.o
                                         0x58 (size before relaxing)
 .eh_frame      0x000000000011ae28       0x2c binaries/ramwrite.o
                                         0x58 (size before relaxing)
 .eh_frame      0x000000000011ae54       0x80 binaries/lfdballoc.o
                                         0xac (size before relaxing)
 .eh_frame      0x000000000011aed4       0x50 binaries/lfdbfree.o
                                         0x7c (size before relaxing)
 .eh_frame      0x000000000011af24       0x5c binaries/lfflush.o
                                         0x88 (size before relaxing)
 .eh_frame      0x000000000011af80       0x14 binaries/lfgetmode.o
                                         0x2c (size before relaxing)
 .eh_frame      0x000000000011af94       0x5c binaries/lfiballoc.o
                                         0x88 (size before relaxing)
 .eh_frame      0x000000000011aff0       0x14 binaries/lfibclear.o
                                         0x2c (size before relaxing)
 .eh_frame      0x000000000011b004       0x4c binaries/lfibget.o
                                         0x78 (size before relaxing)
 .eh_frame      0x000000000011b050       0x68 binaries/lfibput.o
                                         0x94 (size before relaxing)
 .eh_frame      0x000000000011b0b8       0x54 binaries/lflclose.o
                                         0x80 (size before relaxing)
 .eh_frame      0x000000000011b10c       0x74 binaries/lflcontrol.o
                                         0xa0 (size before relaxing)
 .eh_frame      0x000000000011b180       0x6c binaries/lflgetc.o
                                         0x98 (size before relaxing)
 .eh_frame      0x000000000011b1ec       0x5c binaries/lflinit.o
                                         0x88 (size before relaxing)
 .eh_frame      0x000000000011b248       0x6c binaries/lflputc.o
                                         0x98 (size before relaxing)
 .eh_frame      0x000000000011b2b4       0x48 binaries/lflread.o
                                         0x74 (size before relaxing)
 .eh_frame      0x000000000011b2fc       0x60 binaries/lflseek.o
                                         0x8c (size before relaxing)
 .eh_frame      0x000000000011b35c       0x48 binaries/lflwrite.o
                                         0x74 (size before relaxing)
 .eh_frame      0x000000000011b3a4       0xd4 binaries/lfsckfmt.o
                                        0x100 (size before relaxing)
 .eh_frame      0x000000000011b478       0xd4 binaries/lfscreate.o
                                        0x100 (size before relaxing)
 .eh_frame      0x000000000011b54c       0xbc binaries/lfsetup.o
                                         0xe8 (size before relaxing)
 .eh_frame      0x000000000011b608       0x38 binaries/lfsinit.o
                                         0x64 (size before relaxing)
 .eh_frame      0x000000000011b640       0x90 binaries/lfsopen.o
                                         0xbc (size before relaxing)
 .eh_frame      0x000000000011b6d0       0x84 binaries/lftruncate.o
                                         0xb0 (size before relaxing)
 .eh_frame      0x000000000011b754       0x3c binaries/rflclose.o
                                         0x68 (size before relaxing)
 .eh_frame      0x000000000011b790       0x30 binaries/rflgetc.o
                                         0x5c (size before relaxing)
 .eh_frame      0x000000000011b7c0       0x30 binaries/rflinit.o
                                         0x5c (size before relaxing)
 .eh_frame      0x000000000011b7f0       0x30 binaries/rflputc.o
                                         0x5c (size before relaxing)
 .eh_frame      0x000000000011b820       0xdc binaries/rflread.o
                                        0x108 (size before relaxing)
 .eh_frame      0x000000000011b8fc       0x3c binaries/rflseek.o
                                         0x68 (size before relaxing)
 .eh_frame      0x000000000011b938       0xd0 binaries/rflwrite.o
                                         0xfc (size before relaxing)
 .eh_frame      0x000000000011ba08       0x88 binaries/rfscomm.o
                                         0xb4 (size before relaxing)
 .eh_frame      0x000000000011ba90      0x11c binaries/rfscontrol.o
                                        0x148 (size before relaxing)
 .eh_frame      0x000000000011bbac       0x14 binaries/rfsgetmode.o
                                         0x2c (size before relaxing)
 .eh_frame      0x000000000011bbc0       0x50 binaries/rfsinit.o
                                         0x7c (size before relaxing)
 .eh_frame      0x000000000011bc10       0x50 binaries/rfsndmsg.o
                                         0x7c (size before relaxing)
 .eh_frame      0x000000000011bc60       0xdc binaries/rfsopen.o
                                        0x108 (size before relaxing)
 .eh_frame      0x000000000011bd3c      0x27c binaries/arp.o
                                        0x2bc (size before relaxing)
 .eh_frame      0x000000000011bfb8      0x284 binaries/dhcp.o
                                        0x2b0 (size before relaxing)
 .eh_frame      0x000000000011c23c       0x40 binaries/dot2ip.o
                                         0x58 (size before relaxing)
 .eh_frame      0x000000000011c27c      0x1bc binaries/hexdump.o
                                        0x1e8 (size before relaxing)
 .eh_frame      0x000000000011c438      0x310 binaries/icmp.o
                                        0x350 (size before relaxing)
 .eh_frame      0x000000000011c748      0x2e8 binaries/ip.o
                                        0x314 (size before relaxing)
 .eh_frame      0x000000000011ca30      0x138 binaries/net.o
                                        0x164 (size before relaxing)
 .eh_frame      0x000000000011cb68       0x74 binaries/netstart.o
                                         0xa0 (size before relaxing)
 .eh_frame      0x000000000011cbdc      0x394 binaries/pdump.o
                                        0x3c0 (size before relaxing)
 .eh_frame      0x000000000011cf70      0x260 binaries/tftp.o
                                        0x28c (size before relaxing)
 .eh_frame      0x000000000011d1d0      0x36c binaries/udp.o
                                        0x3ac (size before relaxing)
 .eh_frame      0x000000000011d53c       0x68 binaries/addargs.o
                                         0x94 (size before relaxing)
 .eh_frame      0x000000000011d5a4       0x40 binaries/lexan.o
                                         0x58 (size before relaxing)
 .eh_frame      0x000000000011d5e4      0x24c binaries/shell.o
                                        0x278 (size before relaxing)
 .eh_frame      0x000000000011d830       0x5c binaries/xsh_argecho.o
                                         0x88 (size before relaxing)
 .eh_frame      0x000000000011d88c       0xe0 binaries/xsh_arp.o
                                        0x10c (size before relaxing)
 .eh_frame      0x000000000011d96c       0xb0 binaries/xsh_cat.o
                                         0xdc (size before relaxing)
 .eh_frame      0x000000000011da1c       0x3c binaries/xsh_clear.o
                                         0x68 (size before relaxing)
 .eh_frame      0x000000000011da58      0x108 binaries/xsh_date.o
                                        0x134 (size before relaxing)
 .eh_frame      0x000000000011db60       0x64 binaries/xsh_devdump.o
                                         0x90 (size before relaxing)
 .eh_frame      0x000000000011dbc4       0x5c binaries/xsh_echo.o
                                         0x88 (size before relaxing)
 .eh_frame      0x000000000011dc20       0x14 binaries/xsh_exit.o
                                         0x2c (size before relaxing)
 .eh_frame      0x000000000011dc34       0xd4 binaries/xsh_help.o
                                        0x100 (size before relaxing)
 .eh_frame      0x000000000011dd08      0x194 binaries/xsh_ipaddr.o
                                        0x1c0 (size before relaxing)
 .eh_frame      0x000000000011de9c       0xac binaries/xsh_kill.o
                                         0xd8 (size before relaxing)
 .eh_frame      0x000000000011df48      0x130 binaries/xsh_memdump.o
                                        0x15c (size before relaxing)
 .eh_frame      0x000000000011e078       0xbc binaries/xsh_memstat.o
                                         0xe8 (size before relaxing)
 .eh_frame      0x000000000011e134      0x10c binaries/xsh_ping.o
                                        0x138 (size before relaxing)
 .eh_frame      0x000000000011e240       0xd8 binaries/xsh_ps.o
                                        0x104 (size before relaxing)
 .eh_frame      0x000000000011e318       0xac binaries/xsh_sleep.o
                                         0xd8 (size before relaxing)
 .eh_frame      0x000000000011e3c4       0xe8 binaries/xsh_udpdump.o
                                        0x114 (size before relaxing)
 .eh_frame      0x000000000011e4ac      0x1b0 binaries/xsh_udpecho.o
                                        0x1dc (size before relaxing)
 .eh_frame      0x000000000011e65c      0x128 binaries/xsh_udpeserver.o
                                        0x154 (size before relaxing)
 .eh_frame      0x000000000011e784       0xb8 binaries/xsh_uptime.o
                                         0xe4 (size before relaxing)

.iplt           0x000000000011e840        0x0
 .iplt          0x000000000011e840        0x0 binaries/start.o

.rel.dyn        0x000000000011e83c        0x0
 .rel.got       0x000000000011e83c        0x0 binaries/start.o
 .rel.iplt      0x000000000011e83c        0x0 binaries/start.o
 .rel.text      0x000000000011e83c        0x0 binaries/start.o

.data           0x000000000011e840     0x17c0
                0x000000000011e840                data = ABSOLUTE (.)
 *(.data .data.*)
 .data          0x000000000011e840      0x85a binaries/start.o
                0x000000000011e840                gdt
                0x000000000011e890                idt
                0x000000000011f096                cpudelay
 .data          0x000000000011f09a        0x0 binaries/ascdate.o
 *fill*         0x000000000011f09a        0x6 
 .data.rel.local
                0x000000000011f0a0       0x88 binaries/ascdate.o
                0x000000000011f0a0                Date
 .data          0x000000000011f128        0x0 binaries/bufinit.o
 .data          0x000000000011f128        0x0 binaries/chprio.o
 .data          0x000000000011f128        0x4 binaries/clkhandler.o
 .data          0x000000000011f12c        0x0 binaries/clkinit.o
 .data          0x000000000011f12c        0x0 binaries/close.o
 .data          0x000000000011f12c        0x0 binaries/conf.o
 *fill*         0x000000000011f12c       0x14 
 .data.rel      0x000000000011f140      0x30c binaries/conf.o
                0x000000000011f140                devtab
 .data          0x000000000011f44c        0x0 binaries/control.o
 .data          0x000000000011f44c        0x4 binaries/create.o
 .data          0x000000000011f450        0x0 binaries/early_imr.o
 .data          0x000000000011f450        0x0 binaries/evec.o
 *fill*         0x000000000011f450       0x10 
 .data.rel.local
                0x000000000011f460       0x40 binaries/evec.o
                0x000000000011f460                inames
 .data          0x000000000011f4a0        0x0 binaries/freebuf.o
 .data          0x000000000011f4a0        0x0 binaries/freemem.o
 .data          0x000000000011f4a0        0x0 binaries/getbuf.o
 .data          0x000000000011f4a0        0x0 binaries/getc.o
 .data          0x000000000011f4a0        0x0 binaries/getdev.o
 .data          0x000000000011f4a0        0x0 binaries/getitem.o
 .data          0x000000000011f4a0        0x0 binaries/getmem.o
 .data          0x000000000011f4a0        0x0 binaries/getpid.o
 .data          0x000000000011f4a0        0x0 binaries/getprio.o
 .data          0x000000000011f4a0        0x0 binaries/getstk.o
 .data          0x000000000011f4a0        0x0 binaries/gettime.o
 .data          0x000000000011f4a0        0x0 binaries/getutime.o
 .data          0x000000000011f4a0        0x0 binaries/init.o
 .data          0x000000000011f4a0        0x0 binaries/initialize.o
 .data          0x000000000011f4a0        0x0 binaries/insert.o
 .data          0x000000000011f4a0        0x0 binaries/insertd.o
 .data          0x000000000011f4a0        0x0 binaries/ioerr.o
 .data          0x000000000011f4a0        0x0 binaries/ionull.o
 .data          0x000000000011f4a0        0x0 binaries/kill.o
 .data          0x000000000011f4a0        0x0 binaries/kprintf.o
 .data          0x000000000011f4a0        0x0 binaries/lcreate.o
 .data          0x000000000011f4a0        0x0 binaries/ldelete.o
 .data          0x000000000011f4a0        0x0 binaries/linit.o
 .data          0x000000000011f4a0        0x0 binaries/lock.o
 .data          0x000000000011f4a0        0x0 binaries/main.o
 .data          0x000000000011f4a0        0x0 binaries/mark.o
 .data          0x000000000011f4a0       0x48 binaries/meminit.o
                0x000000000011f4a0                gdt_copy
                0x000000000011f4e0                bootinfo
                0x000000000011f4e4                bootsign
 .data          0x000000000011f4e8        0x0 binaries/mkbufpool.o
 .data          0x000000000011f4e8        0x2 binaries/newqueue.o
 .data          0x000000000011f4ea        0x0 binaries/open.o
 .data          0x000000000011f4ea        0x0 binaries/panic.o
 .data          0x000000000011f4ea        0x0 binaries/pci.o
 .data          0x000000000011f4ea        0x0 binaries/platinit.o
 .data          0x000000000011f4ea        0x0 binaries/ptclear.o
 .data          0x000000000011f4ea        0x0 binaries/ptcount.o
 .data          0x000000000011f4ea        0x0 binaries/ptcreate.o
 .data          0x000000000011f4ea        0x0 binaries/ptdelete.o
 .data          0x000000000011f4ea        0x0 binaries/ptinit.o
 .data          0x000000000011f4ea        0x0 binaries/ptrecv.o
 .data          0x000000000011f4ea        0x0 binaries/ptreset.o
 .data          0x000000000011f4ea        0x0 binaries/ptsend.o
 .data          0x000000000011f4ea        0x0 binaries/putc.o
 .data          0x000000000011f4ea        0x0 binaries/quark_irq.o
 .data          0x000000000011f4ea        0x0 binaries/quark_pdat.o
 .data          0x000000000011f4ea        0x0 binaries/queue.o
 .data          0x000000000011f4ea        0x0 binaries/read.o
 .data          0x000000000011f4ea        0x0 binaries/ready.o
 .data          0x000000000011f4ea        0x0 binaries/receive.o
 .data          0x000000000011f4ea        0x0 binaries/recvclr.o
 .data          0x000000000011f4ea        0x0 binaries/recvtime.o
 .data          0x000000000011f4ea        0x0 binaries/releaseall.o
 .data          0x000000000011f4ea        0x0 binaries/resched.o
 .data          0x000000000011f4ea        0x0 binaries/resume.o
 .data          0x000000000011f4ea        0x0 binaries/seek.o
 .data          0x000000000011f4ea        0x0 binaries/semcount.o
 .data          0x000000000011f4ea        0x0 binaries/semcreate.o
 .data          0x000000000011f4ea        0x0 binaries/semdelete.o
 .data          0x000000000011f4ea        0x0 binaries/semreset.o
 .data          0x000000000011f4ea        0x0 binaries/send.o
 .data          0x000000000011f4ea        0x0 binaries/signal.o
 .data          0x000000000011f4ea        0x0 binaries/signaln.o
 .data          0x000000000011f4ea        0x0 binaries/sleep.o
 .data          0x000000000011f4ea        0x0 binaries/suspend.o
 .data          0x000000000011f4ea        0x0 binaries/unsleep.o
 .data          0x000000000011f4ea        0x0 binaries/userret.o
 .data          0x000000000011f4ea        0x0 binaries/wait.o
 .data          0x000000000011f4ea        0x0 binaries/wakeup.o
 .data          0x000000000011f4ea        0x0 binaries/write.o
 .data          0x000000000011f4ea        0x0 binaries/xdone.o
 .data          0x000000000011f4ea        0x0 binaries/yield.o
 .data          0x000000000011f4ea        0x0 binaries/abs.o
 .data          0x000000000011f4ea        0x0 binaries/atoi.o
 .data          0x000000000011f4ea        0x0 binaries/atol.o
 .data          0x000000000011f4ea        0x0 binaries/bzero.o
 .data          0x000000000011f4ea        0x0 binaries/ctype_.o
 .data          0x000000000011f4ea        0x0 binaries/doprnt.o
 *fill*         0x000000000011f4ea       0x16 
 .data          0x000000000011f500       0x80 binaries/doscan.o
                0x000000000011f500                _sctab
 .data          0x000000000011f580        0x0 binaries/fdoprnt.o
 .data          0x000000000011f580        0x0 binaries/fgetc.o
 .data          0x000000000011f580        0x0 binaries/fgets.o
 .data          0x000000000011f580        0x0 binaries/fprintf.o
 .data          0x000000000011f580        0x0 binaries/fputc.o
 .data          0x000000000011f580        0x0 binaries/fputs.o
 .data          0x000000000011f580        0x0 binaries/fscanf.o
 .data          0x000000000011f580        0x0 binaries/getchar.o
 .data          0x000000000011f580        0x0 binaries/labs.o
 .data          0x000000000011f580        0x0 binaries/memchr.o
 .data          0x000000000011f580        0x0 binaries/memcmp.o
 .data          0x000000000011f580        0x0 binaries/memcpy.o
 .data          0x000000000011f580        0x0 binaries/memset.o
 .data          0x000000000011f580        0x0 binaries/printf.o
 .data          0x000000000011f580        0x0 binaries/putchar.o
 .data          0x000000000011f580        0x0 binaries/qsort.o
 .data          0x000000000011f580        0x4 binaries/rand.o
 .data          0x000000000011f584        0x0 binaries/sprintf.o
 .data          0x000000000011f584        0x0 binaries/sscanf.o
 .data          0x000000000011f584        0x0 binaries/strchr.o
 .data          0x000000000011f584        0x0 binaries/strcmp.o
 .data          0x000000000011f584        0x0 binaries/strcpy.o
 .data          0x000000000011f584        0x0 binaries/strlen.o
 .data          0x000000000011f584        0x0 binaries/strncat.o
 .data          0x000000000011f584        0x0 binaries/strncmp.o
 .data          0x000000000011f584        0x0 binaries/strncpy.o
 .data          0x000000000011f584        0x0 binaries/strnlen.o
 .data          0x000000000011f584        0x0 binaries/strrchr.o
 .data          0x000000000011f584        0x0 binaries/strstr.o
 .data          0x000000000011f584        0x0 binaries/ttycontrol.o
 .data          0x000000000011f584        0x0 binaries/ttygetc.o
 .data          0x000000000011f584        0x0 binaries/ttyhandle_in.o
 .data          0x000000000011f584        0x0 binaries/ttyhandle_out.o
 .data          0x000000000011f584        0x0 binaries/ttyhandler.o
 .data          0x000000000011f584        0x0 binaries/ttyinit.o
 .data          0x000000000011f584        0x0 binaries/ttykickout.o
 .data          0x000000000011f584        0x0 binaries/ttyputc.o
 .data          0x000000000011f584        0x0 binaries/ttyread.o
 .data          0x000000000011f584        0x0 binaries/ttywrite.o
 .data          0x000000000011f584        0x0 binaries/mount.o
 .data          0x000000000011f584        0x0 binaries/naminit.o
 .data          0x000000000011f584        0x0 binaries/nammap.o
 .data          0x000000000011f584        0x0 binaries/namopen.o
 .data          0x000000000011f584        0x0 binaries/colon2mac.o
 .data          0x000000000011f584        0x0 binaries/ethcontrol.o
 .data          0x000000000011f584        0x0 binaries/ethhandler.o
 .data          0x000000000011f584        0x0 binaries/ethinit.o
 .data          0x000000000011f584        0x0 binaries/ethmcast.o
 .data          0x000000000011f584        0x0 binaries/ethread.o
 .data          0x000000000011f584        0x0 binaries/ethwrite.o
 .data          0x000000000011f584        0x0 binaries/rdsbufalloc.o
 .data          0x000000000011f584        0x0 binaries/rdsclose.o
 .data          0x000000000011f584        0x0 binaries/rdscomm.o
 .data          0x000000000011f584        0x0 binaries/rdscontrol.o
 .data          0x000000000011f584        0x0 binaries/rdsinit.o
 .data          0x000000000011f584        0x0 binaries/rdsopen.o
 .data          0x000000000011f584        0x0 binaries/rdsprocess.o
 .data          0x000000000011f584        0x0 binaries/rdsread.o
 .data          0x000000000011f584        0x0 binaries/rdswrite.o
 .data          0x000000000011f584        0x0 binaries/ramclose.o
 .data          0x000000000011f584        0x0 binaries/raminit.o
 .data          0x000000000011f584        0x0 binaries/ramopen.o
 .data          0x000000000011f584        0x0 binaries/ramread.o
 .data          0x000000000011f584        0x0 binaries/ramwrite.o
 .data          0x000000000011f584        0x0 binaries/lfdballoc.o
 .data          0x000000000011f584        0x0 binaries/lfdbfree.o
 .data          0x000000000011f584        0x0 binaries/lfflush.o
 .data          0x000000000011f584        0x0 binaries/lfgetmode.o
 .data          0x000000000011f584        0x0 binaries/lfiballoc.o
 .data          0x000000000011f584        0x0 binaries/lfibclear.o
 .data          0x000000000011f584        0x0 binaries/lfibget.o
 .data          0x000000000011f584        0x0 binaries/lfibput.o
 .data          0x000000000011f584        0x0 binaries/lflclose.o
 .data          0x000000000011f584        0x0 binaries/lflcontrol.o
 .data          0x000000000011f584        0x0 binaries/lflgetc.o
 .data          0x000000000011f584        0x0 binaries/lflinit.o
 .data          0x000000000011f584        0x0 binaries/lflputc.o
 .data          0x000000000011f584        0x0 binaries/lflread.o
 .data          0x000000000011f584        0x0 binaries/lflseek.o
 .data          0x000000000011f584        0x0 binaries/lflwrite.o
 .data          0x000000000011f584        0x0 binaries/lfsckfmt.o
 .data          0x000000000011f584        0x0 binaries/lfscreate.o
 .data          0x000000000011f584        0x0 binaries/lfsetup.o
 .data          0x000000000011f584        0x0 binaries/lfsinit.o
 .data          0x000000000011f584        0x0 binaries/lfsopen.o
 .data          0x000000000011f584        0x0 binaries/lftruncate.o
 .data          0x000000000011f584        0x0 binaries/rflclose.o
 .data          0x000000000011f584        0x0 binaries/rflgetc.o
 .data          0x000000000011f584        0x0 binaries/rflinit.o
 .data          0x000000000011f584        0x0 binaries/rflputc.o
 .data          0x000000000011f584        0x0 binaries/rflread.o
 .data          0x000000000011f584        0x0 binaries/rflseek.o
 .data          0x000000000011f584        0x0 binaries/rflwrite.o
 .data          0x000000000011f584        0x0 binaries/rfscomm.o
 .data          0x000000000011f584        0x0 binaries/rfscontrol.o
 .data          0x000000000011f584        0x0 binaries/rfsgetmode.o