
Allocating common symbols
Common symbol       size              file

netbufpool          0x4               binaries/net.o
readylist           0x2               binaries/ready.o
rfltab              0x5a0             binaries/rflinit.o
sleepq              0x2               binaries/clkinit.o
nnames              0x4               binaries/naminit.o
udptab              0x168             binaries/udp.o
minheap             0x4               binaries/meminit.o
marks               0x50              binaries/mark.o
currpid             0x4               binaries/initialize.o
Lf_data             0x20c             binaries/lfsinit.o
porttab             0x2d0             binaries/ptinit.o
girmask             0x2               binaries/evec.o
ttytab              0x10c             binaries/ttyinit.o
proctab             0x1f40            binaries/initialize.o
prcount             0x4               binaries/initialize.o
lfltab              0xf00             binaries/lflinit.o
rdstab              0x8c              binaries/rdsinit.o
ethertab            0x138             binaries/ethinit.o
NetData             0xa8              binaries/net.o
nmarks              0x4               binaries/mark.o
head                0x4               binaries/initialize.o
Defer               0x8               binaries/resched.o
semtab              0x4b0             binaries/initialize.o
maxheap             0x4               binaries/meminit.o
preempt             0x4               binaries/clkinit.o
buftab              0xf0              binaries/bufinit.o
Rf_data             0x18              binaries/rfsinit.o
mkmutex             0x4               binaries/mark.o
loadBuffer          0x320             binaries/initialize.o
size                0x4               binaries/initialize.o
DAEMON_PID          0x4               binaries/initialize.o
clktime             0x4               binaries/clkinit.o
aveload             0x4               binaries/initialize.o
arpcache            0x140             binaries/arp.o
icmptab             0x230             binaries/icmp.o
nbpools             0x4               binaries/bufinit.o
queuetab            0x980             binaries/queue.o
ptnextid            0x4               binaries/ptinit.o
Ram                 0x19000           binaries/raminit.o
ipoqueue            0x2c              binaries/ip.o
memlist             0x8               binaries/initialize.o
nametab             0x19a0            binaries/naminit.o
ptfree              0x4               binaries/ptinit.o

Discarded input sections

 .group         0x0000000000000000        0x8 binaries/ascdate.o
 .group         0x0000000000000000        0x8 binaries/bufinit.o
 .group         0x0000000000000000        0x8 binaries/chprio.o
 .text.__x86.get_pc_thunk.bx
                0x0000000000000000        0x4 binaries/chprio.o
 .group         0x0000000000000000        0x8 binaries/clkhandler.o
 .text.__x86.get_pc_thunk.bx
                0x0000000000000000        0x4 binaries/clkhandler.o
 .group         0x0000000000000000        0x8 binaries/clkinit.o
 .text.__x86.get_pc_thunk.bx
                0x0000000000000000        0x4 binaries/clkinit.o
 .group         0x0000000000000000        0x8 binaries/close.o
 .text.__x86.get_pc_thunk.bx
                0x0000000000000000        0x4 binaries/close.o
 .group         0x0000000000000000        0x8 binaries/control.o
 .text.__x86.get_pc_thunk.bx
                0x0000000000000000        0x4 binaries/control.o
 .group         0x0000000000000000        0x8 binaries/create.o
 .text.__x86.get_pc_thunk.bx
                0x0000000000000000        0x4 binaries/create.o
 .group         0x0000000000000000        0x8 binaries/early_imr.o
 .text.__x86.get_pc_thunk.bx
                0x0000000000000000        0x4 binaries/early_imr.o
 .group         0x0000000000000000        0x8 binaries/evec.o
 .text.__x86.get_pc_thunk.bx
                0x0000000000000000        0x4 binaries/evec.o
 .group         0x0000000000000000        0x8 binaries/freebuf.o
 .text.__x86.get_pc_thunk.bx
                0x0000000000000000        0x4 binaries/freebuf.o
 .group         0x0000000000000000        0x8 binaries/freemem.o
 .text.__x86.get_pc_thunk.bx
                0x0000000000000000        0x4 binaries/freemem.o
 .group         0x0000000000000000        0x8 binaries/getbuf.o
 .text.__x86.get_pc_thunk.bx
                0x0000000000000000        0x4 binaries/getbuf.o
 .group         0x0000000000000000        0x8 binaries/getc.o
 .text.__x86.get_pc_thunk.bx
                0x0000000000000000        0x4 binaries/getc.o
 .group         0x0000000000000000        0x8 binaries/getdev.o
 .text.__x86.get_pc_thunk.bx
                0x0000000000000000        0x4 binaries/getdev.o
 .group         0x0000000000000000        0x8 binaries/getitem.o
 .group         0x0000000000000000        0x8 binaries/getitem.o
 .text.__x86.get_pc_thunk.ax
                0x0000000000000000        0x4 binaries/getitem.o
[...]
Memory Configuration

Name             Origin             Length             Attributes
*default*        0x0000000000000000 0xffffffffffffffff

Linker script and memory map

                0x0000000000100000                physbase = 0x100000
                0x0000000000100000                . = physbase
                0x0000000000100000                . = ALIGN (0x1000)

.text           0x0000000000100000    0x16000
                0x0000000000100000                text = ABSOLUTE (.)
 *(.text .text.*)
 .text          0x0000000000100000      0x1a8 binaries/start.o
                0x0000000000100024                start
                0x00000000001000f6                inb
                0x00000000001000fe                inw
                0x0000000000100107                inl
                0x000000000010010f                outb
                0x0000000000100119                outw
                0x0000000000100124                outl
                0x000000000010012e                _rtcin
                0x0000000000100139                ___udivsi3
                0x0000000000100144                ___divsi3
                0x0000000000100150                sbzero
                0x0000000000100160                bcopy
                0x0000000000100174                insw
                0x000000000010018a                outsw
                0x00000000001001a0                lidt
 .text          0x00000000001001a8      0x2e5 binaries/ascdate.o
                0x00000000001001a8                ascdate
 .text.__x86.get_pc_thunk.bx
                0x000000000010048d        0x4 binaries/ascdate.o
                0x000000000010048d                __x86.get_pc_thunk.bx
 .text          0x0000000000100491       0x1c binaries/bufinit.o
                0x0000000000100491                bufinit
 .text.__x86.get_pc_thunk.ax
                0x00000000001004ad        0x4 binaries/bufinit.o
                0x00000000001004ad                __x86.get_pc_thunk.ax
 .text          0x00000000001004b1      0x25d binaries/chprio.o
                0x00000000001004b1                chprio
                0x00000000001005bb                system
                0x0000000000100693                setquota
 .text          0x000000000010070e      0x105 binaries/clkhandler.o
                0x000000000010070e                clkhandler
 .text          0x0000000000100813       0x6e binaries/clkinit.o
                0x0000000000100813                clkinit
 .text          0x0000000000100881       0x5c binaries/close.o
                0x0000000000100881                close
 .text          0x00000000001008dd        0x0 binaries/conf.o
 .text          0x00000000001008dd       0x65 binaries/control.o
                0x00000000001008dd                control
 .text          0x0000000000100942      0x275 binaries/create.o
                0x0000000000100942                create
 .text          0x0000000000100bb7      0x23b binaries/early_imr.o
                0x0000000000100bb7                intel_cln_early_sb_read_reg
                0x0000000000100c1e                intel_cln_early_sb_write_reg
                0x0000000000100cdd                remove_irm_protections
 .text          0x0000000000100df2      0x36d binaries/evec.o
                0x0000000000100df2                setirmask
                0x0000000000100e43                set_evec
                0x0000000000100eb7                initevec
                0x0000000000100f98                trap
 .text          0x000000000010115f       0x91 binaries/freebuf.o
                0x000000000010115f                freebuf
 .text          0x00000000001011f0      0x123 binaries/freemem.o
                0x00000000001011f0                freemem
 .text          0x0000000000101313       0x75 binaries/getbuf.o
                0x0000000000101313                getbuf
 .text          0x0000000000101388       0x5c binaries/getc.o
                0x0000000000101388                getc
 .text          0x00000000001013e4       0x79 binaries/getdev.o
                0x00000000001013e4                getdev
 .text          0x000000000010145d       0x96 binaries/getitem.o
                0x000000000010145d                getitem
                0x0000000000101490                getfirst
                0x00000000001014c0                getlast
 .text.__x86.get_pc_thunk.dx
                0x00000000001014f3        0x4 binaries/getitem.o
                0x00000000001014f3                __x86.get_pc_thunk.dx
 .text          0x00000000001014f7       0xce binaries/getmem.o
                0x00000000001014f7                getmem
 .text          0x00000000001015c5       0x13 binaries/getpid.o
                0x00000000001015c5                getpid
 .text          0x00000000001015d8       0x68 binaries/getprio.o
                0x00000000001015d8                getprio
 .text          0x0000000000101640       0xc0 binaries/getstk.o
                0x0000000000101640                getstk
 .text          0x0000000000101700       0x41 binaries/gettime.o
                0x0000000000101700                gettime
 .text          0x0000000000101741      0x1cf binaries/getutime.o
                0x0000000000101741                getutime
 .text          0x0000000000101910       0x5c binaries/init.o
                0x0000000000101910                init
 .text          0x000000000010196c      0x4b9 binaries/initialize.o
                0x000000000010196c                daemon
                0x0000000000101b59                nulluser
                0x0000000000101dd0                stop
                0x0000000000101e02                delay
 .text.__x86.get_pc_thunk.bp
                0x0000000000101e25        0x4 binaries/initialize.o
                0x0000000000101e25                __x86.get_pc_thunk.bp
 .text          0x0000000000101e29       0x95 binaries/insert.o
                0x0000000000101e29                insert
 .text.__x86.get_pc_thunk.di
                0x0000000000101ebe        0x4 binaries/insert.o
                0x0000000000101ebe                __x86.get_pc_thunk.di
 .text          0x0000000000101ec2       0xf4 binaries/insertd.o
                0x0000000000101ec2                insertd
 .text          0x0000000000101fb6        0x6 binaries/ioerr.o
                0x0000000000101fb6                ioerr
 .text          0x0000000000101fbc        0x6 binaries/ionull.o
                0x0000000000101fbc                ionull
 .text          0x0000000000101fc2      0x21a binaries/kill.o
                0x0000000000101fc2                kill
 .text          0x00000000001021dc       0xe2 binaries/kprintf.o
                0x00000000001021dc                kputc
                0x000000000010221a                console_init
                0x000000000010225e                kgetc
                0x000000000010228d                kprintf
 .text          0x00000000001022be      0x244 binaries/main.o
                0x00000000001022be                loop
                0x00000000001022fc                printProc
                0x00000000001023cc                main
                0x00000000001024b6                sleepingloop
 .text          0x0000000000102502       0xb3 binaries/mark.o
                0x0000000000102502                markinit
                0x0000000000102531                mark
 .text          0x00000000001025b5      0x22c binaries/meminit.o
                0x00000000001025b5                meminit
                0x000000000010275b                setsegs
 .text          0x00000000001027e1      0x14a binaries/mkbufpool.o
                0x00000000001027e1                mkbufpool
 .text          0x000000000010292b       0x5e binaries/newqueue.o
                0x000000000010292b                newqueue
 .text.__x86.get_pc_thunk.cx
                0x0000000000102989        0x4 binaries/newqueue.o
                0x0000000000102989                __x86.get_pc_thunk.cx
 .text          0x000000000010298d       0x64 binaries/open.o
                0x000000000010298d                open
 .text          0x00000000001029f1       0x2c binaries/panic.o
                0x00000000001029f1                panic
 .text          0x0000000000102a1d      0x280 binaries/pci.o
                0x0000000000102a1d                pci_init
                0x0000000000102a23                find_pci_device
                0x0000000000102ae5                pci_read_config_byte
                0x0000000000102b22                pci_read_config_word
                0x0000000000102b61                pci_read_config_dword
                0x0000000000102b9e                pci_write_config_byte
                0x0000000000102bd9                pci_write_config_word
                0x0000000000102c15                pci_write_config_dword
                0x0000000000102c50                pci_get_dev_mmio_base_addr
 .text          0x0000000000102c9d       0x68 binaries/platinit.o
                0x0000000000102c9d                platinit
 .text          0x0000000000102d05       0xab binaries/ptclear.o
                0x0000000000102d05                _ptclear
 .text          0x0000000000102db0       0x9f binaries/ptcount.o
                0x0000000000102db0                ptcount
 .text          0x0000000000102e4f       0xf4 binaries/ptcreate.o
                0x0000000000102e4f                ptcreate
 .text          0x0000000000102f43       0x70 binaries/ptdelete.o
                0x0000000000102f43                ptdelete
 .text          0x0000000000102fb3       0xa0 binaries/ptinit.o
                0x0000000000102fb3                ptinit
 .text          0x0000000000103053      0x123 binaries/ptrecv.o
                0x0000000000103053                ptrecv
 .text          0x0000000000103176       0x68 binaries/ptreset.o
                0x0000000000103176                ptreset
 .text          0x00000000001031de      0x15c binaries/ptsend.o
                0x00000000001031de                ptsend
 .text          0x000000000010333a       0x6e binaries/putc.o
                0x000000000010333a                putc
 .text          0x00000000001033a8       0xc3 binaries/quark_irq.o
                0x00000000001033a8                quark_irq_routing
 .text          0x000000000010346b      0x1bb binaries/quark_pdat.o
                0x000000000010346b                get_quark_pdat_entry_data_by_id
                0x0000000000103544                get_quark_pdat_entry_data_by_desc
 .text          0x0000000000103626       0xc3 binaries/queue.o
                0x0000000000103626                enqueue
                0x000000000010368e                dequeue
 .text          0x00000000001036e9       0x64 binaries/read.o
                0x00000000001036e9                read
 .text          0x000000000010374d       0x73 binaries/ready.o
                0x000000000010374d                ready
 .text          0x00000000001037c0       0x7a binaries/receive.o
                0x00000000001037c0                receive
 .text          0x000000000010383a       0x67 binaries/recvclr.o
                0x000000000010383a                recvclr
 .text          0x00000000001038a1       0xca binaries/recvtime.o
                0x00000000001038a1                recvtime
 .text          0x000000000010396b      0x29f binaries/resched.o
                0x000000000010396b                dequeueLast
                0x00000000001039c2                resched
                0x0000000000103b7d                resched_cntl
 .text          0x0000000000103c0a       0x8f binaries/resume.o
                0x0000000000103c0a                resume
 .text          0x0000000000103c99       0x60 binaries/seek.o
                0x0000000000103c99                seek
 .text          0x0000000000103cf9       0x65 binaries/semcount.o
                0x0000000000103cf9                semcount
 .text          0x0000000000103d5e       0xb5 binaries/semcreate.o
                0x0000000000103d5e                semcreate
 .text          0x0000000000103e13       0xe0 binaries/semdelete.o
                0x0000000000103e13                semdelete
 .text          0x0000000000103ef3       0xc0 binaries/semreset.o
                0x0000000000103ef3                semreset
 .text          0x0000000000103fb3       0xc5 binaries/send.o
                0x0000000000103fb3                send
 .text          0x0000000000104078       0xa9 binaries/signal.o
                0x0000000000104078                signal
 .text          0x0000000000104121       0xe9 binaries/signaln.o
                0x0000000000104121                signaln
 .text          0x000000000010420a       0xd4 binaries/sleep.o
                0x000000000010420a                sleepms
                0x00000000001042a8                sleep
 .text          0x00000000001042de       0xc2 binaries/suspend.o
                0x00000000001042de                suspend
 .text          0x00000000001043a0       0x9c binaries/unsleep.o
                0x00000000001043a0                unsleep
 .text          0x000000000010443c       0x22 binaries/userret.o
                0x000000000010443c                userret
 .text          0x000000000010445e       0xc3 binaries/wait.o
                0x000000000010445e                wait
 .text          0x0000000000104521       0x88 binaries/wakeup.o
                0x0000000000104521                wakeup
 .text          0x00000000001045a9       0x64 binaries/write.o
                0x00000000001045a9                write
 .text          0x000000000010460d       0x25 binaries/xdone.o
                0x000000000010460d                xdone
 .text          0x0000000000104632       0x30 binaries/yield.o
                0x0000000000104632                yield
 .text          0x0000000000104662        0xe binaries/abs.o
                0x0000000000104662                abs
 .text          0x0000000000104670       0x60 binaries/atoi.o
                0x0000000000104670                atoi
 .text          0x00000000001046d0       0x60 binaries/atol.o
                0x00000000001046d0                atol
 .text          0x0000000000104730       0x18 binaries/bzero.o
                0x0000000000104730                bzero
 .text          0x0000000000104748        0x0 binaries/ctype_.o
 .text          0x0000000000104748      0x83f binaries/doprnt.o
                0x00000000001048be                _doprnt
 .text.__x86.get_pc_thunk.si
                0x0000000000104f87        0x4 binaries/doprnt.o
                0x0000000000104f87                __x86.get_pc_thunk.si
 .text          0x0000000000104f8b      0x776 binaries/doscan.o
                0x0000000000104f8b                _doscan
 .text          0x0000000000105701      0x7a9 binaries/fdoprnt.o
                0x0000000000105787                _fdoprnt
 .text          0x0000000000105eaa       0x2b binaries/fgetc.o
                0x0000000000105eaa                fgetc
 .text          0x0000000000105ed5       0x68 binaries/fgets.o
                0x0000000000105ed5                fgets
 .text          0x0000000000105f3d       0x31 binaries/fprintf.o
                0x0000000000105f3d                fprintf
 .text          0x0000000000105f6e       0x36 binaries/fputc.o
                0x0000000000105f6e                fputc
 .text          0x0000000000105fa4       0x45 binaries/fputs.o
                0x0000000000105fa4                fputs
 .text          0x0000000000105fe9       0x88 binaries/fscanf.o
                0x0000000000106030                fscanf
 .text          0x0000000000106071       0x32 binaries/getchar.o
                0x0000000000106071                getchar
 .text          0x00000000001060a3        0xe binaries/labs.o
                0x00000000001060a3                labs
 .text          0x00000000001060b1       0x34 binaries/memchr.o
                0x00000000001060b1                memchr
 .text          0x00000000001060e5       0x47 binaries/memcmp.o
                0x00000000001060e5                memcmp
 .text          0x000000000010612c       0x25 binaries/memcpy.o
                0x000000000010612c                memcpy
 .text          0x0000000000106151       0x1e binaries/memset.o
                0x0000000000106151                memset
 .text          0x000000000010616f       0x46 binaries/printf.o
                0x000000000010616f                printf
 .text          0x00000000001061b5       0x36 binaries/putchar.o
                0x00000000001061b5                putchar
 .text          0x00000000001061eb      0x22b binaries/qsort.o
                0x00000000001063de                qsort
 .text          0x0000000000106416       0x3e binaries/rand.o
                0x0000000000106416                srand
                0x000000000010642b                rand
 .text          0x0000000000106454       0x58 binaries/sprintf.o
                0x000000000010646b                sprintf
 .text          0x00000000001064ac       0x68 binaries/sscanf.o
                0x00000000001064d5                sscanf
 .text          0x0000000000106514       0x2f binaries/strchr.o
                0x0000000000106514                strchr
 .text          0x0000000000106543       0x41 binaries/strcmp.o
                0x0000000000106543                strcmp
 .text          0x0000000000106584       0x1a binaries/strcpy.o
                0x0000000000106584                strcpy
 .text          0x000000000010659e       0x1c binaries/strlen.o
                0x000000000010659e                strlen
 .text          0x00000000001065ba       0x3a binaries/strncat.o
                0x00000000001065ba                strncat
 .text          0x00000000001065f4       0x36 binaries/strncmp.o
                0x00000000001065f4                strncmp
 .text          0x000000000010662a       0x57 binaries/strncpy.o
                0x000000000010662a                strncpy
 .text          0x0000000000106681       0x2e binaries/strnlen.o
                0x0000000000106681                strnlen
 .text          0x00000000001066af       0x34 binaries/strrchr.o
                0x00000000001066af                strrchr
 .text          0x00000000001066e3       0x75 binaries/strstr.o
                0x00000000001066e3                strstr
 .text          0x0000000000106758      0x164 binaries/ttycontrol.o
                0x0000000000106758                ttycontrol
 .text          0x00000000001068bc       0xda binaries/ttygetc.o
                0x00000000001068bc                ttygetc
 .text          0x0000000000106996      0x4f5 binaries/ttyhandle_in.o
                0x0000000000106a56                ttyhandle_in
 .text          0x0000000000106e8b      0x181 binaries/ttyhandle_out.o
                0x0000000000106e8b                ttyhandle_out
 .text          0x000000000010700c       0x93 binaries/ttyhandler.o
                0x000000000010700c                ttyhandler
 .text          0x000000000010709f      0x17a binaries/ttyinit.o
                0x000000000010709f                ttyinit
 .text          0x0000000000107219        0xc binaries/ttykickout.o
                0x0000000000107219                ttykickout
 .text          0x0000000000107225       0xf0 binaries/ttyputc.o
                0x0000000000107225                ttyputc
 .text          0x0000000000107315      0x143 binaries/ttyread.o
                0x0000000000107315                ttyread
 .text          0x0000000000107458       0x59 binaries/ttywrite.o
                0x0000000000107458                ttywrite
 .text          0x00000000001074b1      0x152 binaries/mount.o
                0x00000000001074b1                namlen
                0x00000000001074e7                mount
 .text          0x0000000000107603      0x1f2 binaries/naminit.o
                0x0000000000107603                naminit
 .text          0x00000000001077f5      0x231 binaries/nammap.o
                0x00000000001077f5                namrepl
                0x0000000000107932                namcpy
                0x000000000010797d                nammap
 .text          0x0000000000107a26       0x5b binaries/namopen.o
                0x0000000000107a26                namopen
 .text          0x0000000000107a81       0xfc binaries/colon2mac.o
                0x0000000000107a81                colon2mac
 .text          0x0000000000107b7d       0x8d binaries/ethcontrol.o
                0x0000000000107b7d                ethcontrol
 .text          0x0000000000107c0a      0x1bc binaries/ethhandler.o
                0x0000000000107c0a                ethhandler
 .text          0x0000000000107dc6      0x573 binaries/ethinit.o
                0x0000000000107dc6                eth_phy_read
                0x0000000000107e01                eth_phy_write
                0x0000000000107e3f                eth_phy_reset
                0x0000000000107f14                ethinit
 .text          0x0000000000108339      0x10d binaries/ethmcast.o
                0x0000000000108339                ethmcast_add
                0x000000000010838d                ethmcast_remove
 .text          0x0000000000108446      0x1d8 binaries/ethread.o
                0x0000000000108446                ethread
 .text          0x000000000010861e       0xdf binaries/ethwrite.o
                0x000000000010861e                ethwrite
 .text          0x00000000001086fd       0x73 binaries/rdsbufalloc.o
                0x00000000001086fd                rdsbufalloc
 .text          0x0000000000108770       0xb7 binaries/rdsclose.o
                0x0000000000108770                rdsclose
 .text          0x0000000000108827      0x22d binaries/rdscomm.o
                0x0000000000108827                rdscomm
 .text          0x0000000000108a54      0x1d8 binaries/rdscontrol.o
                0x0000000000108a54                rdscontrol
 .text          0x0000000000108c2c      0x201 binaries/rdsinit.o
                0x0000000000108c2c                rdsinit
 .text          0x0000000000108e2d      0x1a4 binaries/rdsopen.o
                0x0000000000108e2d                rdsopen
 .text          0x0000000000108fd1      0x2e5 binaries/rdsprocess.o
                0x0000000000108fd1                rdsprocess
 .text          0x00000000001092b6      0x209 binaries/rdsread.o
                0x00000000001092b6                rdsread
 .text          0x00000000001094bf      0x1b3 binaries/rdswrite.o
                0x00000000001094bf                rdswrite
 .text          0x0000000000109672        0x6 binaries/ramclose.o
                0x0000000000109672                ramclose
 .text          0x0000000000109678       0x42 binaries/raminit.o
                0x0000000000109678                raminit
 .text          0x00000000001096ba        0x7 binaries/ramopen.o
                0x00000000001096ba                ramopen
 .text          0x00000000001096c1       0x35 binaries/ramread.o
                0x00000000001096c1                ramread
 .text          0x00000000001096f6       0x35 binaries/ramwrite.o
                0x00000000001096f6                ramwrite
 .text          0x000000000010972b       0xa3 binaries/lfdballoc.o
                0x000000000010972b                lfdballoc
 .text          0x00000000001097ce       0x5c binaries/lfdbfree.o
                0x00000000001097ce                lfdbfree
 .text          0x000000000010982a       0xb5 binaries/lfflush.o
                0x000000000010982a                lfflush
 .text          0x00000000001098df       0x74 binaries/lfgetmode.o
                0x00000000001098df                lfgetmode
 .text          0x0000000000109953       0x70 binaries/lfiballoc.o
                0x0000000000109953                lfiballoc
 .text          0x00000000001099c3       0x25 binaries/lfibclear.o
                0x00000000001099c3                lfibclear
 .text          0x00000000001099e8       0x8f binaries/lfibget.o
                0x00000000001099e8                lfibget
 .text          0x0000000000109a77       0xa8 binaries/lfibput.o
                0x0000000000109a77                lfibput
 .text          0x0000000000109b1f       0xc1 binaries/lflclose.o
                0x0000000000109b1f                lflclose
 .text          0x0000000000109be0       0xdb binaries/lflcontrol.o
                0x0000000000109be0                lflcontrol
 .text          0x0000000000109cbb      0x118 binaries/lflgetc.o
                0x0000000000109cbb                lflgetc
 .text          0x0000000000109dd3       0xf6 binaries/lflinit.o
                0x0000000000109dd3                lflinit
 .text          0x0000000000109ec9      0x150 binaries/lflputc.o
                0x0000000000109ec9                lflputc
 .text          0x000000000010a019       0x77 binaries/lflread.o
                0x000000000010a019                lflread
 .text          0x000000000010a090       0xda binaries/lflseek.o
                0x000000000010a090                lflseek
 .text          0x000000000010a16a       0x65 binaries/lflwrite.o
                0x000000000010a16a                lflwrite
 .text          0x000000000010a1cf      0x14f binaries/lfsckfmt.o
                0x000000000010a1cf                lfsckfmt
 .text          0x000000000010a31e      0x1d3 binaries/lfscreate.o
                0x000000000010a31e                lfscreate
 .text          0x000000000010a4f1      0x1f7 binaries/lfsetup.o
                0x000000000010a4f1                lfsetup
 .text          0x000000000010a6e8       0x52 binaries/lfsinit.o
                0x000000000010a6e8                lfsinit
 .text          0x000000000010a73a      0x33f binaries/lfsopen.o
                0x000000000010a73a                lfsopen
 .text          0x000000000010aa79      0x151 binaries/lftruncate.o
                0x000000000010aa79                lftruncate
 .text          0x000000000010abca       0x83 binaries/rflclose.o
                0x000000000010abca                rflclose
 .text          0x000000000010ac4d       0x38 binaries/rflgetc.o
                0x000000000010ac4d                rflgetc
 .text          0x000000000010ac85       0x80 binaries/rflinit.o
                0x000000000010ac85                rflinit
 .text          0x000000000010ad05       0x3b binaries/rflputc.o
                0x000000000010ad05                rflputc
 .text          0x000000000010ad40      0x33b binaries/rflread.o
                0x000000000010ad40                rflread
 .text          0x000000000010b07b       0x87 binaries/rflseek.o
                0x000000000010b07b                rflseek
 .text          0x000000000010b102      0x360 binaries/rflwrite.o
                0x000000000010b102                rflwrite
 .text          0x000000000010b462      0x1a6 binaries/rfscomm.o
                0x000000000010b462                rfscomm
 .text          0x000000000010b608      0x27f binaries/rfscontrol.o
                0x000000000010b608                rfscontrol
 .text          0x000000000010b887       0x74 binaries/rfsgetmode.o
                0x000000000010b887                rfsgetmode
 .text          0x000000000010b8fb       0x98 binaries/rfsinit.o
                0x000000000010b8fb                rfsinit
 .text          0x000000000010b993       0xca binaries/rfsndmsg.o
                0x000000000010b993                rfsndmsg
 .text          0x000000000010ba5d      0x286 binaries/rfsopen.o
                0x000000000010ba5d                rfsopen
 .text          0x000000000010bce3      0x6c0 binaries/arp.o
                0x000000000010bce3                arp_init
                0x000000000010bd0a                arp_alloc
                0x000000000010bdbb                arp_ntoh
                0x000000000010be25                arp_hton
                0x000000000010be8f                arp_resolve
                0x000000000010c134                arp_in
 .text          0x000000000010c3a3      0x5ea binaries/dhcp.o
                0x000000000010c3a3                dhcp_get_opt_val
                0x000000000010c3f4                dhcp_bld_bootp_msg
                0x000000000010c4d2                dhcp_bld_disc
                0x000000000010c522                dhcp_bld_req
                0x000000000010c5c8                getlocalip
 .text          0x000000000010c98d       0xc6 binaries/dot2ip.o
                0x000000000010c98d                dot2ip
 .text          0x000000000010ca53      0x3cf binaries/hexdump.o
                0x000000000010ca53                hexdump
                0x000000000010cbe5                hexadump
 .text          0x000000000010ce22      0x778 binaries/icmp.o
                0x000000000010ce22                icmp_init
                0x000000000010ce46                icmp_register
                0x000000000010cefa                icmp_recv
                0x000000000010d0b5                icmp_mkpkt
                0x000000000010d1ac                icmp_in
                0x000000000010d352                icmp_send
                0x000000000010d3d5                icmp_release
                0x000000000010d518                icmp_cksum
                0x000000000010d572                icmp_hton
                0x000000000010d586                icmp_ntoh
 .text          0x000000000010d59a      0x648 binaries/ip.o
                0x000000000010d59a                ip_local
                0x000000000010d5e7                ipcksum
                0x000000000010d635                ip_ntoh
                0x000000000010d69f                ip_in
                0x000000000010d7e8                ip_hton
                0x000000000010d852                ip_out
                0x000000000010d912                ip_send
                0x000000000010da3c                ipout
                0x000000000010db3f                ip_enqueue
 .text          0x000000000010dbe2      0x1cc binaries/net.o
                0x000000000010dbe2                net_init
                0x000000000010dcf0                eth_hton
                0x000000000010dcfa                eth_ntoh
                0x000000000010dd04                netin
 .text          0x000000000010ddae       0xd9 binaries/netstart.o
                0x000000000010ddae                netstart
 .text          0x000000000010de87      0xae9 binaries/pdump.o
                0x000000000010de87                pdump
                0x000000000010e4c4                pdumph
 .text          0x000000000010e970      0x5ff binaries/tftp.o
                0x000000000010e970                tftp_send1
                0x000000000010ea92                tftpget_mb
                0x000000000010ef48                tftpget
 .text          0x000000000010ef6f      0xa9c binaries/udp.o
                0x000000000010ef6f                udp_init
                0x000000000010efb2                udp_in
                0x000000000010f0ce                udp_register
                0x000000000010f1e9                udp_recv
                0x000000000010f38e                udp_recvaddr
                0x000000000010f547                udp_send
                0x000000000010f714                udp_sendto
                0x000000000010f8a0                udp_release
                0x000000000010f9e3                udp_ntoh
                0x000000000010f9f7                udp_hton
 .text          0x000000000010fa0b      0x13e binaries/addargs.o
                0x000000000010fa0b                addargs
 .text          0x000000000010fb49      0x234 binaries/lexan.o
                0x000000000010fb49                lexan
 .text          0x000000000010fd7d      0x63f binaries/shell.o
                0x000000000010fd7d                shell
 .text          0x00000000001103bc       0x6e binaries/xsh_argecho.o
                0x00000000001103bc                xsh_argecho
 .text          0x000000000011042a      0x244 binaries/xsh_arp.o
                0x000000000011042a                xsh_arp
 .text          0x000000000011066e      0x259 binaries/xsh_cat.o
                0x000000000011066e                xsh_cat
 .text          0x00000000001108c7       0x6a binaries/xsh_clear.o
                0x00000000001108c7                xsh_clear
 .text          0x0000000000110931      0x2b9 binaries/xsh_date.o
                0x0000000000110931                xsh_date
 .text          0x0000000000110bea       0xa4 binaries/xsh_devdump.o
                0x0000000000110bea                xsh_devdump
 .text          0x0000000000110c8e       0x77 binaries/xsh_echo.o
                0x0000000000110c8e                xsh_echo
 .text          0x0000000000110d05        0x6 binaries/xsh_exit.o
                0x0000000000110d05                xsh_exit
 .text          0x0000000000110d0b      0x37e binaries/xsh_help.o
                0x0000000000110d0b                xsh_help
 .text          0x0000000000111089      0x386 binaries/xsh_ipaddr.o
                0x0000000000111089                xsh_ipaddr
 .text          0x000000000011140f      0x1f6 binaries/xsh_kill.o
                0x000000000011140f                xsh_kill
 .text          0x0000000000111605      0x430 binaries/xsh_memdump.o
                0x00000000001116af                xsh_memdump
 .text          0x0000000000111a35      0x221 binaries/xsh_memstat.o
                0x0000000000111a35                xsh_memstat
 .text          0x0000000000111c56      0x2ff binaries/xsh_ping.o
                0x0000000000111c56                xsh_ping
 .text          0x0000000000111f55      0x1d6 binaries/xsh_ps.o
                0x0000000000111f55                xsh_ps
 .text          0x000000000011212b      0x1d7 binaries/xsh_sleep.o
                0x000000000011212b                xsh_sleep
 .text          0x0000000000112302      0x217 binaries/xsh_udpdump.o
                0x0000000000112302                xsh_udpdump
 .text          0x0000000000112519      0x458 binaries/xsh_udpecho.o
                0x0000000000112519                xsh_udpecho
 .text          0x0000000000112971      0x29a binaries/xsh_udpeserver.o
                0x0000000000112971                xsh_udpeserver
 .text          0x0000000000112c0b      0x1f2 binaries/xsh_uptime.o
                0x0000000000112c0b                xsh_uptime
 .text          0x0000000000112dfd        0xe binaries/clkdisp.o
                0x0000000000112dfd                clkdisp
 .text          0x0000000000112e0b       0x19 binaries/ctxsw.o
                0x0000000000112e0b                ctxsw
 .text          0x0000000000112e24      0x368 binaries/intr.o
                0x0000000000112e24                disable
                0x0000000000112e2d                restore
                0x0000000000112e3b                enable
                0x0000000000112e3d                pause
                0x0000000000112e44                halt
                0x0000000000112e47                spurious_irq7
                0x0000000000112e4c                spurious_irq15
                0x0000000000112e5b                _Xint0
                0x0000000000112e66                _Xint1
                0x0000000000112e71                _Xint2
                0x0000000000112e7c                _Xint3
                0x0000000000112e87                _Xint4
                0x0000000000112e92                _Xint5
                0x0000000000112e9d                _Xint6
                0x0000000000112ea8                _Xint7
                0x0000000000112eb3                _Xint8
                0x0000000000112ebe                _Xint9
                0x0000000000112ec9                _Xint10
                0x0000000000112ed4                _Xint11
                0x0000000000112ee2                _Xint12
                0x0000000000112ef0                _Xint13
                0x0000000000112efe                _Xint14
                0x0000000000112f0c                _Xint15
                0x0000000000112f1a                _Xint16
                0x0000000000112f28                _Xint17
                0x0000000000112f36                _Xint18
                0x0000000000112f44                _Xint19
                0x0000000000112f52                _Xint20
                0x0000000000112f60                _Xint21
                0x0000000000112f6e                _Xint22
                0x0000000000112f7c                _Xint23
                0x0000000000112f8a                _Xint24
                0x0000000000112f98                _Xint25
                0x0000000000112fa6                _Xint26
                0x0000000000112fb4                _Xint27
                0x0000000000112fc2                _Xint28
                0x0000000000112fd0                _Xint29
                0x0000000000112fde                _Xint30
                0x0000000000112fec                _Xint31
                0x0000000000112ffa                _Xint32
                0x0000000000113008                _Xint33
                0x0000000000113016                _Xint34
                0x0000000000113024                _Xint35
                0x0000000000113032                _Xint36
                0x0000000000113040                _Xint37
                0x000000000011304e                _Xint38
                0x000000000011305c                _Xint39
                0x000000000011306a                _Xint40
                0x0000000000113078                _Xint41
                0x0000000000113086                _Xint42
                0x0000000000113094                _Xint43
                0x00000000001130a2                _Xint44
                0x00000000001130b0                _Xint45
                0x00000000001130be                _Xint46
                0x00000000001130cc                defevec
 .text          0x000000000011318c        0xf binaries/ttydispatch.o
                0x000000000011318c                ttydispatch
 .text          0x000000000011319b       0x13 binaries/ethdispatch.o
                0x000000000011319b                ethdispatch
 *(.rodata .rodata.*)
 .rodata.str1.1
                0x00000000001131ae       0x54 binaries/ascdate.o
 *fill*         0x0000000000113202        0x2 
 .rodata.str1.4
                0x0000000000113204       0x22 binaries/ascdate.o
 .rodata.str1.1
                0x0000000000113226       0x5f binaries/conf.o
 *fill*         0x0000000000113285        0x3 
 .rodata.str1.4
                0x0000000000113288       0x4f binaries/early_imr.o
 *fill*         0x00000000001132d7        0x1 
 .rodata        0x00000000001132d8       0x33 binaries/early_imr.o
 .rodata.str1.1
                0x000000000011330b      0x20c binaries/evec.o
 *fill*         0x0000000000113517        0x1 
 .rodata.str1.4
                0x0000000000113518       0x23 binaries/evec.o
 .rodata.str1.1
                0x000000000011353b        0xb binaries/getutime.o
 *fill*         0x0000000000113546        0x2 
 .rodata.str1.4
                0x0000000000113548       0x54 binaries/getutime.o
 .rodata.str1.1
                0x000000000011359c       0x6b binaries/initialize.o
                                         0x6f (size before relaxing)
 *fill*         0x0000000000113607        0x1 
 .rodata.str1.4
                0x0000000000113608       0xd0 binaries/initialize.o
 .rodata.str1.4
                0x00000000001136d8       0x32 binaries/kill.o
 *fill*         0x000000000011370a        0x2 
 .rodata        0x000000000011370c       0x20 binaries/kill.o
 .rodata.str1.1
                0x000000000011372c       0x37 binaries/main.o
                                         0x39 (size before relaxing)
 *fill*         0x0000000000113763        0x1 
 .rodata.str1.4
                0x0000000000113764       0x55 binaries/main.o
 *fill*         0x00000000001137b9        0x3 
 .rodata.str1.4
                0x00000000001137bc       0x23 binaries/meminit.o
 .rodata.str1.1
                0x00000000001137df       0x1b binaries/meminit.o
 .rodata.str1.1
                0x00000000001137fa        0xf binaries/panic.o
 .rodata.str1.1
                0x0000000000113809       0x1c binaries/ptinit.o
 *fill*         0x0000000000113825        0x3 
 .rodata.str1.4
                0x0000000000113828       0x25 binaries/ptsend.o
 .rodata.str1.1
                0x000000000011384d       0x22 binaries/quark_pdat.o
 *fill*         0x000000000011386f        0x1 
 .rodata.str1.4
                0x0000000000113870       0x27 binaries/xdone.o
 *fill*         0x0000000000113897        0x9 
 .rodata        0x00000000001138a0       0x81 binaries/ctype_.o
                0x00000000001138a0                _ctype_
 .rodata.str1.1
                0x0000000000113921       0x29 binaries/doprnt.o
 *fill*         0x000000000011394a        0x2 
 .rodata        0x000000000011394c       0xc4 binaries/doprnt.o
 .rodata        0x0000000000113a10       0x98 binaries/doscan.o
 .rodata.str1.1
                0x0000000000113aa8       0x29 binaries/fdoprnt.o
 .rodata        0x0000000000113aa8       0x84 binaries/fdoprnt.o
 .rodata        0x0000000000113b2c       0x20 binaries/ttycontrol.o
 .rodata.str1.4
                0x0000000000113b4c       0x4c binaries/naminit.o
 .rodata.str1.1
                0x0000000000113b98       0x32 binaries/naminit.o
                                         0x35 (size before relaxing)
 .rodata.str1.1
                0x0000000000113bca       0x15 binaries/ethinit.o
 *fill*         0x0000000000113bdf        0x1 
 .rodata.str1.4
                0x0000000000113be0       0x2e binaries/ethinit.o
 *fill*         0x0000000000113c0e        0x2 
 .rodata.str1.4
                0x0000000000113c10       0x2c binaries/rdsbufalloc.o
 .rodata.str1.4
                0x0000000000113c3c       0x76 binaries/rdscomm.o
 *fill*         0x0000000000113cb2        0x2 
 .rodata.str1.4
                0x0000000000113cb4       0x48 binaries/rdscontrol.o
 .rodata.str1.4
                0x0000000000113cfc       0x7e binaries/rdsinit.o
 .rodata.str1.1
                0x0000000000113d7a       0x18 binaries/rdsinit.o
 *fill*         0x0000000000113d92        0x2 
 .rodata.str1.4
                0x0000000000113d94       0x22 binaries/rdsopen.o
 *fill*         0x0000000000113db6        0x2 
 .rodata.str1.4
                0x0000000000113db8       0x4d binaries/rdsprocess.o
 .rodata.str1.1
                0x0000000000113e05        0x9 binaries/raminit.o
 .rodata.str1.1
                0x0000000000113e0e       0x13 binaries/lfdballoc.o
 *fill*         0x0000000000113e21        0x3 
 .rodata.str1.4
                0x0000000000113e24       0x23 binaries/lfdballoc.o
 .rodata.str1.1
                0x0000000000113e47       0x14 binaries/lfiballoc.o
 *fill*         0x0000000000113e5b        0x1 
 .rodata.str1.4
                0x0000000000113e5c       0x23 binaries/lflcontrol.o
 .rodata.str1.1
                0x0000000000113e7f       0x64 binaries/lfsckfmt.o
 *fill*         0x0000000000113ee3        0x1 
 .rodata.str1.4
                0x0000000000113ee4       0x51 binaries/lfsckfmt.o
 *fill*         0x0000000000113f35        0x3 
 .rodata.str1.4
                0x0000000000113f38       0x21 binaries/rflread.o
 .rodata.str1.4
                0x0000000000113f59       0x21 binaries/rflwrite.o
 *fill*         0x0000000000113f59        0x3 
 .rodata.str1.4
                0x0000000000113f5c       0x75 binaries/rfscomm.o
 *fill*         0x0000000000113fd1        0x3 
 .rodata.str1.4
                0x0000000000113fd4       0x23 binaries/rfscontrol.o
 *fill*         0x0000000000113ff7        0x1 
 .rodata        0x0000000000113ff8       0x18 binaries/rfscontrol.o
 .rodata.str1.1
                0x0000000000114010       0x10 binaries/rfsinit.o
 .rodata.str1.4
                0x0000000000114010       0x57 binaries/rfsinit.o
 *fill*         0x0000000000114067        0x1 
 .rodata.str1.4
                0x0000000000114068       0x2a binaries/rfsndmsg.o
 .rodata.str1.4
                0x0000000000114092       0x22 binaries/rfsopen.o
 .rodata.str1.1
                0x0000000000114092       0x19 binaries/arp.o
 *fill*         0x00000000001140ab        0x1 
 .rodata.str1.4
                0x00000000001140ac       0x21 binaries/arp.o
 *fill*         0x00000000001140cd        0x3 
 .rodata.str1.4
                0x00000000001140d0       0xa6 binaries/dhcp.o
 .rodata.str1.1
                0x0000000000114176       0x4a binaries/dhcp.o
 .rodata.str1.1
                0x00000000001141c0       0x5a binaries/hexdump.o
                                         0x61 (size before relaxing)
 *fill*         0x000000000011421a        0x2 
 .rodata.str1.4
                0x000000000011421c       0x67 binaries/hexdump.o
 *fill*         0x0000000000114283        0x1 
 .rodata.str1.4
                0x0000000000114284       0x29 binaries/icmp.o
 .rodata.str1.1
                0x00000000001142ad       0x4e binaries/ip.o
 *fill*         0x00000000001142fb        0x1 
 .rodata.str1.4
                0x00000000001142fc       0x20 binaries/ip.o
 .rodata.str1.4
                0x000000000011431c       0x28 binaries/net.o
 .rodata.str1.1
                0x0000000000114344       0x27 binaries/net.o
 *fill*         0x000000000011436b        0x1 
 .rodata.str1.4
                0x000000000011436c       0xcf binaries/netstart.o
 .rodata.str1.1
                0x000000000011443b      0x141 binaries/pdump.o
                                        0x14b (size before relaxing)
 .rodata.str1.4
                0x000000000011457c      0x126 binaries/pdump.o
 *fill*         0x00000000001146a2        0x2 
 .rodata.str1.4
                0x00000000001146a4      0x148 binaries/tftp.o
 .rodata.str1.1
                0x00000000001147ec        0x6 binaries/tftp.o
                                          0xa (size before relaxing)
 .rodata.str1.1
                0x00000000001147f2       0xe3 binaries/shell.o
                                         0xff (size before relaxing)
 *fill*         0x00000000001148d5        0x3 
 .rodata.str1.4
                0x00000000001148d8      0x1c4 binaries/shell.o
 .rodata.str1.1
                0x0000000000114a9c       0x26 binaries/xsh_argecho.o
                                         0x28 (size before relaxing)
 .rodata.str1.1
                0x0000000000114ac2       0x70 binaries/xsh_arp.o
                                         0x72 (size before relaxing)
 *fill*         0x0000000000114b32        0x2 
 .rodata.str1.4
                0x0000000000114b34       0xb4 binaries/xsh_arp.o
 .rodata.str1.1
                0x0000000000114be8       0x2d binaries/xsh_cat.o
                                         0x4f (size before relaxing)
 *fill*         0x0000000000114c15        0x3 
 .rodata.str1.4
                0x0000000000114c18       0x52 binaries/xsh_cat.o
                                         0x79 (size before relaxing)
 .rodata.str1.1
                0x0000000000114c6a       0x15 binaries/xsh_clear.o
 .rodata.str1.1
                0x0000000000114c7f       0x46 binaries/xsh_date.o
                                         0x5f (size before relaxing)
 *fill*         0x0000000000114cc5        0x3 
 .rodata.str1.4
                0x0000000000114cc8      0x163 binaries/xsh_date.o
 .rodata.str1.1
                0x0000000000114e2b       0x5d binaries/xsh_devdump.o
 .rodata.str1.1
                0x0000000000114e88        0x4 binaries/xsh_echo.o
                                          0x9 (size before relaxing)
 .rodata.str1.1
                0x0000000000114e8c       0x65 binaries/xsh_help.o
                                         0xa3 (size before relaxing)
 *fill*         0x0000000000114ef1        0x3 
 .rodata.str1.4
                0x0000000000114ef4       0x7c binaries/xsh_help.o
                                         0xc6 (size before relaxing)
 .rodata.str1.1
                0x0000000000114f70       0x9c binaries/xsh_ipaddr.o
                                         0xf8 (size before relaxing)
 .rodata.str1.4
                0x000000000011500c       0x4d binaries/xsh_ipaddr.o
                                         0x99 (size before relaxing)
 .rodata.str1.1
                0x0000000000115059       0x78 binaries/xsh_kill.o
                                         0x97 (size before relaxing)
 *fill*         0x00000000001150d1        0x3 
 .rodata.str1.4
                0x00000000001150d4       0x4a binaries/xsh_kill.o
                                         0x96 (size before relaxing)
 .rodata.str1.1
                0x000000000011511e       0x81 binaries/xsh_memdump.o
                                         0xa8 (size before relaxing)
 *fill*         0x000000000011519f        0x1 
 .rodata.str1.4
                0x00000000001151a0      0x15a binaries/xsh_memdump.o
                                        0x1aa (size before relaxing)
 .rodata.str1.1
                0x00000000001152fa       0x40 binaries/xsh_memstat.o
                                         0x79 (size before relaxing)
 *fill*         0x000000000011533a        0x2 
 .rodata.str1.4
                0x000000000011533c      0x187 binaries/xsh_memstat.o
                                        0x1af (size before relaxing)
 .rodata.str1.1
                0x00000000001154c3       0x90 binaries/xsh_ping.o
                                         0xaf (size before relaxing)
 *fill*         0x0000000000115553        0x1 
 .rodata.str1.4
                0x0000000000115554       0x77 binaries/xsh_ping.o
                                         0xc6 (size before relaxing)
 .rodata.str1.1
                0x00000000001155cb       0x74 binaries/xsh_ps.o
                                         0xd5 (size before relaxing)
 *fill*         0x000000000011563f        0x1 
 .rodata.str1.4
                0x0000000000115640       0x80 binaries/xsh_ps.o
                                         0xd0 (size before relaxing)
 .rodata.str1.1
                0x00000000001156c0       0x31 binaries/xsh_sleep.o
                                         0x72 (size before relaxing)
 *fill*         0x00000000001156f1        0x3 
 .rodata.str1.4
                0x00000000001156f4       0x2a binaries/xsh_sleep.o
                                         0x7a (size before relaxing)
 .rodata.str1.1
                0x000000000011571e       0x6b binaries/xsh_udpdump.o
                                         0xd2 (size before relaxing)
 *fill*         0x0000000000115789        0x3 
 .rodata.str1.4
                0x000000000011578c       0x94 binaries/xsh_udpdump.o
                                         0xe4 (size before relaxing)
 .rodata.str1.1
                0x0000000000115820       0xdb binaries/xsh_udpecho.o
                                         0xfa (size before relaxing)
 *fill*         0x00000000001158fb        0x1 
 .rodata.str1.4
                0x00000000001158fc       0xc7 binaries/xsh_udpecho.o
                                        0x116 (size before relaxing)
 .rodata.str1.1
                0x00000000001159c3       0x66 binaries/xsh_udpeserver.o
                                         0x8f (size before relaxing)
 *fill*         0x0000000000115a29        0x3 
 .rodata.str1.4
                0x0000000000115a2c       0x29 binaries/xsh_udpeserver.o
                                         0x9f (size before relaxing)
 .rodata.str1.1
                0x0000000000115a55       0x49 binaries/xsh_uptime.o
                                         0x8c (size before relaxing)
 *fill*         0x0000000000115a9e        0x2 
 .rodata.str1.4
                0x0000000000115aa0       0x28 binaries/xsh_uptime.o
                                         0x76 (size before relaxing)
                0x0000000000115ac8                etext = ABSOLUTE (.)
                0x0000000000116000                . = ALIGN (0x1000)
 *fill*         0x0000000000115ac8      0x538 

.eh_frame       0x0000000000116000     0x7190
 .eh_frame      0x0000000000116000       0x98 binaries/ascdate.o
 .eh_frame      0x0000000000116098       0x28 binaries/bufinit.o
                                         0x40 (size before relaxing)
 .eh_frame      0x00000000001160c0      0x110 binaries/chprio.o
                                        0x13c (size before relaxing)
 .eh_frame      0x00000000001161d0       0x30 binaries/clkhandler.o
                                         0x5c (size before relaxing)
 .eh_frame      0x0000000000116200       0x44 binaries/clkinit.o
                                         0x70 (size before relaxing)
 .eh_frame      0x0000000000116244       0x44 binaries/close.o
                                         0x70 (size before relaxing)
 .eh_frame      0x0000000000116288       0x48 binaries/control.o
                                         0x74 (size before relaxing)
 .eh_frame      0x00000000001162d0       0x5c binaries/create.o
                                         0x88 (size before relaxing)
 .eh_frame      0x000000000011632c      0x164 binaries/early_imr.o
                                        0x190 (size before relaxing)
 .eh_frame      0x0000000000116490      0x1f8 binaries/evec.o
                                        0x224 (size before relaxing)
 .eh_frame      0x0000000000116688       0x58 binaries/freebuf.o
                                         0x84 (size before relaxing)
 .eh_frame      0x00000000001166e0       0x5c binaries/freemem.o
                                         0x88 (size before relaxing)
 .eh_frame      0x000000000011673c       0x50 binaries/getbuf.o
                                         0x7c (size before relaxing)
 .eh_frame      0x000000000011678c       0x44 binaries/getc.o
                                         0x70 (size before relaxing)
 .eh_frame      0x00000000001167d0       0x60 binaries/getdev.o
                                         0x8c (size before relaxing)
 .eh_frame      0x0000000000116830       0x68 binaries/getitem.o
                                         0x94 (size before relaxing)
 .eh_frame      0x0000000000116898       0x54 binaries/getmem.o
                                         0x80 (size before relaxing)
 .eh_frame      0x00000000001168ec       0x14 binaries/getpid.o
                                         0x40 (size before relaxing)
 .eh_frame      0x0000000000116900       0x40 binaries/getprio.o
                                         0x6c (size before relaxing)
 .eh_frame      0x0000000000116940       0x5c binaries/getstk.o
                                         0x88 (size before relaxing)
 .eh_frame      0x000000000011699c       0x2c binaries/gettime.o
                                         0x58 (size before relaxing)
 .eh_frame      0x00000000001169c8       0x98 binaries/getutime.o
                                         0xc4 (size before relaxing)
 .eh_frame      0x0000000000116a60       0x44 binaries/init.o
                                         0x70 (size before relaxing)
 .eh_frame      0x0000000000116aa4      0x164 binaries/initialize.o
                                        0x190 (size before relaxing)
 .eh_frame      0x0000000000116c08       0x44 binaries/insert.o
                                         0x5c (size before relaxing)
 .eh_frame      0x0000000000116c4c       0x40 binaries/insertd.o
                                         0x6c (size before relaxing)
 .eh_frame      0x0000000000116c8c       0x14 binaries/ioerr.o
                                         0x2c (size before relaxing)
 .eh_frame      0x0000000000116ca0       0x14 binaries/ionull.o
                                         0x2c (size before relaxing)
 .eh_frame      0x0000000000116cb4       0x88 binaries/kill.o
                                         0xb4 (size before relaxing)
 .eh_frame      0x0000000000116d3c       0x90 binaries/kprintf.o
                                         0xd0 (size before relaxing)
 .eh_frame      0x0000000000116dcc      0x104 binaries/main.o
                                        0x130 (size before relaxing)
 .eh_frame      0x0000000000116ed0       0x64 binaries/mark.o
                                         0x90 (size before relaxing)
 .eh_frame      0x0000000000116f34       0x80 binaries/meminit.o
                                         0xac (size before relaxing)
 .eh_frame      0x0000000000116fb4       0x78 binaries/mkbufpool.o
                                         0xa4 (size before relaxing)
 .eh_frame      0x000000000011702c       0x30 binaries/newqueue.o
                                         0x48 (size before relaxing)
 .eh_frame      0x000000000011705c       0x48 binaries/open.o
                                         0x74 (size before relaxing)
 .eh_frame      0x00000000001170a4       0x28 binaries/panic.o
                                         0x54 (size before relaxing)
 .eh_frame      0x00000000001170cc       0xf4 binaries/pci.o
                                        0x10c (size before relaxing)
 .eh_frame      0x00000000001171c0       0x40 binaries/platinit.o
                                         0x6c (size before relaxing)
 .eh_frame      0x0000000000117200       0x6c binaries/ptclear.o
                                         0x98 (size before relaxing)
 .eh_frame      0x000000000011726c       0x64 binaries/ptcount.o
                                         0x90 (size before relaxing)
 .eh_frame      0x00000000001172d0       0x60 binaries/ptcreate.o
                                         0x8c (size before relaxing)
 .eh_frame      0x0000000000117330       0x48 binaries/ptdelete.o
                                         0x74 (size before relaxing)
 .eh_frame      0x0000000000117378       0x44 binaries/ptinit.o
                                         0x70 (size before relaxing)
 .eh_frame      0x00000000001173bc       0x64 binaries/ptrecv.o
                                         0x90 (size before relaxing)
 .eh_frame      0x0000000000117420       0x48 binaries/ptreset.o
                                         0x74 (size before relaxing)
 .eh_frame      0x0000000000117468       0x70 binaries/ptsend.o
                                         0x9c (size before relaxing)
 .eh_frame      0x00000000001174d8       0x54 binaries/putc.o
                                         0x80 (size before relaxing)
 .eh_frame      0x000000000011752c       0x6c binaries/quark_irq.o
                                         0x98 (size before relaxing)
 .eh_frame      0x0000000000117598       0xe8 binaries/quark_pdat.o
                                        0x114 (size before relaxing)
 .eh_frame      0x0000000000117680       0x4c binaries/queue.o
                                         0x78 (size before relaxing)
 .eh_frame      0x00000000001176cc       0x48 binaries/read.o
                                         0x74 (size before relaxing)
 .eh_frame      0x0000000000117714       0x34 binaries/ready.o
                                         0x60 (size before relaxing)
 .eh_frame      0x0000000000117748       0x50 binaries/receive.o
                                         0x7c (size before relaxing)
 .eh_frame      0x0000000000117798       0x38 binaries/recvclr.o
                                         0x64 (size before relaxing)
 .eh_frame      0x00000000001177d0       0x60 binaries/recvtime.o
                                         0x8c (size before relaxing)
 .eh_frame      0x0000000000117830       0xc8 binaries/resched.o
                                        0x108 (size before relaxing)
 .eh_frame      0x00000000001178f8       0x5c binaries/resume.o
                                         0x88 (size before relaxing)
 .eh_frame      0x0000000000117954       0x44 binaries/seek.o
                                         0x70 (size before relaxing)
 .eh_frame      0x0000000000117998       0x40 binaries/semcount.o
                                         0x6c (size before relaxing)
 .eh_frame      0x00000000001179d8       0x54 binaries/semcreate.o
                                         0x80 (size before relaxing)
 .eh_frame      0x0000000000117a2c       0x6c binaries/semdelete.o
                                         0x98 (size before relaxing)
 .eh_frame      0x0000000000117a98       0x6c binaries/semreset.o
                                         0x98 (size before relaxing)
 .eh_frame      0x0000000000117b04       0x60 binaries/send.o
                                         0x8c (size before relaxing)
 .eh_frame      0x0000000000117b64       0x54 binaries/signal.o
                                         0x80 (size before relaxing)
 .eh_frame      0x0000000000117bb8       0x70 binaries/signaln.o
                                         0x9c (size before relaxing)
 .eh_frame      0x0000000000117c28       0x80 binaries/sleep.o
                                         0xac (size before relaxing)
 .eh_frame      0x0000000000117ca8       0x54 binaries/suspend.o
                                         0x80 (size before relaxing)
 .eh_frame      0x0000000000117cfc       0x4c binaries/unsleep.o
                                         0x78 (size before relaxing)
 .eh_frame      0x0000000000117d48       0x28 binaries/userret.o
                                         0x54 (size before relaxing)
 .eh_frame      0x0000000000117d70       0x58 binaries/wait.o
                                         0x84 (size before relaxing)
 .eh_frame      0x0000000000117dc8       0x48 binaries/wakeup.o
                                         0x74 (size before relaxing)
 .eh_frame      0x0000000000117e10       0x48 binaries/write.o
                                         0x74 (size before relaxing)
 .eh_frame      0x0000000000117e58       0x24 binaries/xdone.o
                                         0x50 (size before relaxing)
 .eh_frame      0x0000000000117e7c       0x30 binaries/yield.o
                                         0x5c (size before relaxing)
 .eh_frame      0x0000000000117eac       0x14 binaries/abs.o
                                         0x2c (size before relaxing)
 .eh_frame      0x0000000000117ec0       0x28 binaries/atoi.o
                                         0x40 (size before relaxing)
 .eh_frame      0x0000000000117ee8       0x28 binaries/atol.o
                                         0x40 (size before relaxing)
 .eh_frame      0x0000000000117f10       0x14 binaries/bzero.o
                                         0x2c (size before relaxing)
 .eh_frame      0x0000000000117f24      0x174 binaries/doprnt.o
                                        0x1a0 (size before relaxing)
 .eh_frame      0x0000000000118098      0x108 binaries/doscan.o
                                        0x134 (size before relaxing)
 .eh_frame      0x00000000001181a0      0x114 binaries/fdoprnt.o
                                        0x140 (size before relaxing)
 .eh_frame      0x00000000001182b4       0x2c binaries/fgetc.o
                                         0x58 (size before relaxing)
 .eh_frame      0x00000000001182e0       0x48 binaries/fgets.o
                                         0x74 (size before relaxing)
 .eh_frame      0x0000000000118328       0x2c binaries/fprintf.o
                                         0x58 (size before relaxing)
 .eh_frame      0x0000000000118354       0x2c binaries/fputc.o
                                         0x58 (size before relaxing)
 .eh_frame      0x0000000000118380       0x3c binaries/fputs.o
                                         0x68 (size before relaxing)
 .eh_frame      0x00000000001183bc       0x7c binaries/fscanf.o
                                         0xa8 (size before relaxing)
 .eh_frame      0x0000000000118438       0x24 binaries/getchar.o
                                         0x50 (size before relaxing)
 .eh_frame      0x000000000011845c       0x14 binaries/labs.o
                                         0x2c (size before relaxing)
 .eh_frame      0x0000000000118470       0x14 binaries/memchr.o
                                         0x2c (size before relaxing)
 .eh_frame      0x0000000000118484       0x28 binaries/memcmp.o
                                         0x40 (size before relaxing)
 .eh_frame      0x00000000001184ac       0x24 binaries/memcpy.o
                                         0x3c (size before relaxing)
 .eh_frame      0x00000000001184d0       0x1c binaries/memset.o
                                         0x34 (size before relaxing)
 .eh_frame      0x00000000001184ec       0x2c binaries/printf.o
                                         0x58 (size before relaxing)
 .eh_frame      0x0000000000118518       0x28 binaries/putchar.o
                                         0x54 (size before relaxing)
 .eh_frame      0x0000000000118540       0xc8 binaries/qsort.o
                                        0x11c (size before relaxing)
 .eh_frame      0x0000000000118608       0x28 binaries/rand.o
                                         0x68 (size before relaxing)
 .eh_frame      0x0000000000118630       0x54 binaries/sprintf.o
                                         0x80 (size before relaxing)
 .eh_frame      0x0000000000118684       0x5c binaries/sscanf.o
                                         0x88 (size before relaxing)
 .eh_frame      0x00000000001186e0       0x20 binaries/strchr.o
                                         0x38 (size before relaxing)
 .eh_frame      0x0000000000118700       0x20 binaries/strcmp.o
                                         0x38 (size before relaxing)
 .eh_frame      0x0000000000118720       0x14 binaries/strcpy.o
                                         0x2c (size before relaxing)
 .eh_frame      0x0000000000118734       0x14 binaries/strlen.o
                                         0x2c (size before relaxing)
 .eh_frame      0x0000000000118748       0x2c binaries/strncat.o
                                         0x44 (size before relaxing)
 .eh_frame      0x0000000000118774       0x1c binaries/strncmp.o
                                         0x34 (size before relaxing)
 .eh_frame      0x0000000000118790       0x30 binaries/strncpy.o
                                         0x48 (size before relaxing)
 .eh_frame      0x00000000001187c0       0x14 binaries/strnlen.o
                                         0x2c (size before relaxing)
 .eh_frame      0x00000000001187d4       0x20 binaries/strrchr.o
                                         0x38 (size before relaxing)
 .eh_frame      0x00000000001187f4       0x3c binaries/strstr.o
                                         0x54 (size before relaxing)
 .eh_frame      0x0000000000118830       0x58 binaries/ttycontrol.o
                                         0x84 (size before relaxing)
 .eh_frame      0x0000000000118888       0x44 binaries/ttygetc.o
                                         0x70 (size before relaxing)
 .eh_frame      0x00000000001188cc       0xe0 binaries/ttyhandle_in.o
                                        0x10c (size before relaxing)
 .eh_frame      0x00000000001189ac       0x68 binaries/ttyhandle_out.o
                                         0x94 (size before relaxing)
 .eh_frame      0x0000000000118a14       0x5c binaries/ttyhandler.o
                                         0x88 (size before relaxing)
 .eh_frame      0x0000000000118a70       0x4c binaries/ttyinit.o
                                         0x78 (size before relaxing)
 .eh_frame      0x0000000000118abc       0x14 binaries/ttykickout.o
                                         0x2c (size before relaxing)
 .eh_frame      0x0000000000118ad0       0x64 binaries/ttyputc.o
                                         0x90 (size before relaxing)
 .eh_frame      0x0000000000118b34       0x64 binaries/ttyread.o
                                         0x90 (size before relaxing)
 .eh_frame      0x0000000000118b98       0x4c binaries/ttywrite.o
                                         0x78 (size before relaxing)
 .eh_frame      0x0000000000118be4       0x7c binaries/mount.o
                                         0xa8 (size before relaxing)
 .eh_frame      0x0000000000118c60       0xe4 binaries/naminit.o
                                        0x110 (size before relaxing)
 .eh_frame      0x0000000000118d44       0xf0 binaries/nammap.o
                                        0x130 (size before relaxing)
 .eh_frame      0x0000000000118e34       0x48 binaries/namopen.o
                                         0x74 (size before relaxing)
 .eh_frame      0x0000000000118e7c       0x3c binaries/colon2mac.o
                                         0x68 (size before relaxing)
 .eh_frame      0x0000000000118eb8       0x4c binaries/ethcontrol.o
                                         0x78 (size before relaxing)
 .eh_frame      0x0000000000118f04       0x58 binaries/ethhandler.o
                                         0x84 (size before relaxing)
 .eh_frame      0x0000000000118f5c      0x154 binaries/ethinit.o
                                        0x180 (size before relaxing)
 .eh_frame      0x00000000001190b0       0xa8 binaries/ethmcast.o
                                         0xd4 (size before relaxing)
 .eh_frame      0x0000000000119158       0x80 binaries/ethread.o
                                         0xac (size before relaxing)
 .eh_frame      0x00000000001191d8       0x48 binaries/ethwrite.o
                                         0x74 (size before relaxing)
 .eh_frame      0x0000000000119220       0x3c binaries/rdsbufalloc.o
                                         0x68 (size before relaxing)
 .eh_frame      0x000000000011925c       0x3c binaries/rdsclose.o
                                         0x68 (size before relaxing)
 .eh_frame      0x0000000000119298       0x90 binaries/rdscomm.o
                                         0xbc (size before relaxing)
 .eh_frame      0x0000000000119328       0xb4 binaries/rdscontrol.o
                                         0xe0 (size before relaxing)
 .eh_frame      0x00000000001193dc       0x9c binaries/rdsinit.o
                                         0xc8 (size before relaxing)
 .eh_frame      0x0000000000119478       0x80 binaries/rdsopen.o
                                         0xac (size before relaxing)
 .eh_frame      0x00000000001194f8       0xf8 binaries/rdsprocess.o
                                        0x124 (size before relaxing)
 .eh_frame      0x00000000001195f0       0x7c binaries/rdsread.o
                                         0xa8 (size before relaxing)
 .eh_frame      0x000000000011966c       0x80 binaries/rdswrite.o
                                         0xac (size before relaxing)
 .eh_frame      0x00000000001196ec       0x14 binaries/ramclose.o
                                         0x2c (size before relaxing)
 .eh_frame      0x0000000000119700       0x40 binaries/raminit.o
                                         0x6c (size before relaxing)
 .eh_frame      0x0000000000119740       0x14 binaries/ramopen.o
                                         0x2c (size before relaxing)
 .eh_frame      0x0000000000119754       0x2c binaries/ramread.o
                                         0x58 (size before relaxing)
 .eh_frame      0x0000000000119780       0x2c binaries/ramwrite.o
                                         0x58 (size before relaxing)
 .eh_frame      0x00000000001197ac       0x80 binaries/lfdballoc.o
                                         0xac (size before relaxing)
 .eh_frame      0x000000000011982c       0x50 binaries/lfdbfree.o
                                         0x7c (size before relaxing)
 .eh_frame      0x000000000011987c       0x5c binaries/lfflush.o
                                         0x88 (size before relaxing)
 .eh_frame      0x00000000001198d8       0x14 binaries/lfgetmode.o
                                         0x2c (size before relaxing)
 .eh_frame      0x00000000001198ec       0x5c binaries/lfiballoc.o
                                         0x88 (size before relaxing)
 .eh_frame      0x0000000000119948       0x14 binaries/lfibclear.o
                                         0x2c (size before relaxing)
 .eh_frame      0x000000000011995c       0x4c binaries/lfibget.o
                                         0x78 (size before relaxing)
 .eh_frame      0x00000000001199a8       0x68 binaries/lfibput.o
                                         0x94 (size before relaxing)
 .eh_frame      0x0000000000119a10       0x54 binaries/lflclose.o
                                         0x80 (size before relaxing)
 .eh_frame      0x0000000000119a64       0x74 binaries/lflcontrol.o
                                         0xa0 (size before relaxing)
 .eh_frame      0x0000000000119ad8       0x6c binaries/lflgetc.o
                                         0x98 (size before relaxing)
 .eh_frame      0x0000000000119b44       0x5c binaries/lflinit.o
                                         0x88 (size before relaxing)
 .eh_frame      0x0000000000119ba0       0x6c binaries/lflputc.o
                                         0x98 (size before relaxing)
 .eh_frame      0x0000000000119c0c       0x48 binaries/lflread.o
                                         0x74 (size before relaxing)
 .eh_frame      0x0000000000119c54       0x60 binaries/lflseek.o
                                         0x8c (size before relaxing)
 .eh_frame      0x0000000000119cb4       0x48 binaries/lflwrite.o
                                         0x74 (size before relaxing)
 .eh_frame      0x0000000000119cfc       0xd4 binaries/lfsckfmt.o
                                        0x100 (size before relaxing)
 .eh_frame      0x0000000000119dd0       0xd4 binaries/lfscreate.o
                                        0x100 (size before relaxing)
 .eh_frame      0x0000000000119ea4       0xbc binaries/lfsetup.o
                                         0xe8 (size before relaxing)
 .eh_frame      0x0000000000119f60       0x38 binaries/lfsinit.o
                                         0x64 (size before relaxing)
 .eh_frame      0x0000000000119f98       0x90 binaries/lfsopen.o
                                         0xbc (size before relaxing)
 .eh_frame      0x000000000011a028       0x84 binaries/lftruncate.o
                                         0xb0 (size before relaxing)
 .eh_frame      0x000000000011a0ac       0x3c binaries/rflclose.o
                                         0x68 (size before relaxing)
 .eh_frame      0x000000000011a0e8       0x30 binaries/rflgetc.o
                                         0x5c (size before relaxing)
 .eh_frame      0x000000000011a118       0x30 binaries/rflinit.o
                                         0x5c (size before relaxing)
 .eh_frame      0x000000000011a148       0x30 binaries/rflputc.o
                                         0x5c (size before relaxing)
 .eh_frame      0x000000000011a178       0xdc binaries/rflread.o
                                        0x108 (size before relaxing)
 .eh_frame      0x000000000011a254       0x3c binaries/rflseek.o
                                         0x68 (size before relaxing)
 .eh_frame      0x000000000011a290       0xd0 binaries/rflwrite.o
                                         0xfc (size before relaxing)
 .eh_frame      0x000000000011a360       0x88 binaries/rfscomm.o
                                         0xb4 (size before relaxing)
 .eh_frame      0x000000000011a3e8      0x11c binaries/rfscontrol.o
                                        0x148 (size before relaxing)
 .eh_frame      0x000000000011a504       0x14 binaries/rfsgetmode.o
                                         0x2c (size before relaxing)
 .eh_frame      0x000000000011a518       0x50 binaries/rfsinit.o
                                         0x7c (size before relaxing)
 .eh_frame      0x000000000011a568       0x50 binaries/rfsndmsg.o
                                         0x7c (size before relaxing)
 .eh_frame      0x000000000011a5b8       0xdc binaries/rfsopen.o
                                        0x108 (size before relaxing)
 .eh_frame      0x000000000011a694      0x27c binaries/arp.o
                                        0x2bc (size before relaxing)
 .eh_frame      0x000000000011a910      0x284 binaries/dhcp.o
                                        0x2b0 (size before relaxing)
 .eh_frame      0x000000000011ab94       0x40 binaries/dot2ip.o
                                         0x58 (size before relaxing)
 .eh_frame      0x000000000011abd4      0x1bc binaries/hexdump.o
                                        0x1e8 (size before relaxing)
 .eh_frame      0x000000000011ad90      0x310 binaries/icmp.o
                                        0x350 (size before relaxing)
 .eh_frame      0x000000000011b0a0      0x2e8 binaries/ip.o
                                        0x314 (size before relaxing)
 .eh_frame      0x000000000011b388      0x138 binaries/net.o
                                        0x164 (size before relaxing)
 .eh_frame      0x000000000011b4c0       0x74 binaries/netstart.o
                                         0xa0 (size before relaxing)
 .eh_frame      0x000000000011b534      0x394 binaries/pdump.o
                                        0x3c0 (size before relaxing)
 .eh_frame      0x000000000011b8c8      0x260 binaries/tftp.o
                                        0x28c (size before relaxing)
 .eh_frame      0x000000000011bb28      0x36c binaries/udp.o
                                        0x3ac (size before relaxing)
 .eh_frame      0x000000000011be94       0x68 binaries/addargs.o
                                         0x94 (size before relaxing)
 .eh_frame      0x000000000011befc       0x40 binaries/lexan.o
                                         0x58 (size before relaxing)
 .eh_frame      0x000000000011bf3c      0x24c binaries/shell.o
                                        0x278 (size before relaxing)
 .eh_frame      0x000000000011c188       0x5c binaries/xsh_argecho.o
                                         0x88 (size before relaxing)
 .eh_frame      0x000000000011c1e4       0xe0 binaries/xsh_arp.o
                                        0x10c (size before relaxing)
 .eh_frame      0x000000000011c2c4       0xac binaries/xsh_cat.o
                                         0xd8 (size before relaxing)
 .eh_frame      0x000000000011c370       0x3c binaries/xsh_clear.o
                                         0x68 (size before relaxing)
 .eh_frame      0x000000000011c3ac      0x108 binaries/xsh_date.o
                                        0x134 (size before relaxing)
 .eh_frame      0x000000000011c4b4       0x64 binaries/xsh_devdump.o
                                         0x90 (size before relaxing)
 .eh_frame      0x000000000011c518       0x5c binaries/xsh_echo.o
                                         0x88 (size before relaxing)
 .eh_frame      0x000000000011c574       0x14 binaries/xsh_exit.o
                                         0x2c (size before relaxing)
 .eh_frame      0x000000000011c588       0xd4 binaries/xsh_help.o
                                        0x100 (size before relaxing)
 .eh_frame      0x000000000011c65c      0x194 binaries/xsh_ipaddr.o
                                        0x1c0 (size before relaxing)
 .eh_frame      0x000000000011c7f0       0xac binaries/xsh_kill.o
                                         0xd8 (size before relaxing)
 .eh_frame      0x000000000011c89c      0x130 binaries/xsh_memdump.o
                                        0x15c (size before relaxing)
 .eh_frame      0x000000000011c9cc       0xbc binaries/xsh_memstat.o
                                         0xe8 (size before relaxing)
 .eh_frame      0x000000000011ca88      0x10c binaries/xsh_ping.o
                                        0x138 (size before relaxing)
 .eh_frame      0x000000000011cb94       0xd8 binaries/xsh_ps.o
                                        0x104 (size before relaxing)
 .eh_frame      0x000000000011cc6c       0xac binaries/xsh_sleep.o
                                         0xd8 (size before relaxing)
 .eh_frame      0x000000000011cd18       0xe8 binaries/xsh_udpdump.o
                                        0x114 (size before relaxing)
 .eh_frame      0x000000000011ce00      0x1b0 binaries/xsh_udpecho.o
                                        0x1dc (size before relaxing)
 .eh_frame      0x000000000011cfb0      0x128 binaries/xsh_udpeserver.o
                                        0x154 (size before relaxing)
 .eh_frame      0x000000000011d0d8       0xb8 binaries/xsh_uptime.o
                                         0xe4 (size before relaxing)

.iplt           0x000000000011d190        0x0
 .iplt          0x000000000011d190        0x0 binaries/start.o

.rel.dyn        0x000000000011d190        0x0
 .rel.got       0x000000000011d190        0x0 binaries/start.o
 .rel.iplt      0x000000000011d190        0x0 binaries/start.o
 .rel.text      0x000000000011d190        0x0 binaries/start.o

.data           0x000000000011d1a0     0x1e60
                0x000000000011d1a0                data = ABSOLUTE (.)
 *(.data .data.*)
 .data          0x000000000011d1a0      0x85a binaries/start.o
                0x000000000011d1a0                gdt
                0x000000000011d1f0                idt
                0x000000000011d9f6                cpudelay
 .data          0x000000000011d9fa        0x0 binaries/ascdate.o
 *fill*         0x000000000011d9fa        0x6 
 .data.rel.local
                0x000000000011da00       0x88 binaries/ascdate.o
                0x000000000011da00                Date
 .data          0x000000000011da88        0x0 binaries/bufinit.o
 .data          0x000000000011da88        0x0 binaries/chprio.o
 .data          0x000000000011da88        0x8 binaries/clkhandler.o
 .data          0x000000000011da90        0x0 binaries/clkinit.o
 .data          0x000000000011da90        0x0 binaries/close.o
 .data          0x000000000011da90        0x0 binaries/conf.o
 *fill*         0x000000000011da90       0x10 
 .data.rel      0x000000000011daa0      0x30c binaries/conf.o
                0x000000000011daa0                devtab
 .data          0x000000000011ddac        0x0 binaries/control.o
 .data          0x000000000011ddac        0x4 binaries/create.o
 .data          0x000000000011ddb0        0x0 binaries/early_imr.o
 .data          0x000000000011ddb0        0x0 binaries/evec.o
 *fill*         0x000000000011ddb0       0x10 
 .data.rel.local
                0x000000000011ddc0       0x40 binaries/evec.o
                0x000000000011ddc0                inames
 .data          0x000000000011de00        0x0 binaries/freebuf.o
 .data          0x000000000011de00        0x0 binaries/freemem.o
 .data          0x000000000011de00        0x0 binaries/getbuf.o
 .data          0x000000000011de00        0x0 binaries/getc.o
 .data          0x000000000011de00        0x0 binaries/getdev.o
 .data          0x000000000011de00        0x0 binaries/getitem.o
 .data          0x000000000011de00        0x0 binaries/getmem.o
 .data          0x000000000011de00        0x0 binaries/getpid.o
 .data          0x000000000011de00        0x0 binaries/getprio.o
 .data          0x000000000011de00        0x0 binaries/getstk.o
 .data          0x000000000011de00        0x0 binaries/gettime.o
 .data          0x000000000011de00        0x0 binaries/getutime.o
 .data          0x000000000011de00        0x0 binaries/init.o
 .data          0x000000000011de00        0x0 binaries/initialize.o
 .data          0x000000000011de00        0x0 binaries/insert.o
 .data          0x000000000011de00        0x0 binaries/insertd.o
 .data          0x000000000011de00        0x0 binaries/ioerr.o
 .data          0x000000000011de00        0x0 binaries/ionull.o
 .data          0x000000000011de00        0x0 binaries/kill.o
 .data          0x000000000011de00        0x0 binaries/kprintf.o
 .data          0x000000000011de00        0x4 binaries/main.o
                0x000000000011de00                think
 .data          0x000000000011de04        0x0 binaries/mark.o
 *fill*         0x000000000011de04       0x1c 
 .data          0x000000000011de20       0x48 binaries/meminit.o
                0x000000000011de20                gdt_copy
                0x000000000011de60                bootinfo
                0x000000000011de64                bootsign
 .data          0x000000000011de68        0x0 binaries/mkbufpool.o
 .data          0x000000000011de68        0x2 binaries/newqueue.o
 .data          0x000000000011de6a        0x0 binaries/open.o
 .data          0x000000000011de6a        0x0 binaries/panic.o
 .data          0x000000000011de6a        0x0 binaries/pci.o
 .data          0x000000000011de6a        0x0 binaries/platinit.o
 .data          0x000000000011de6a        0x0 binaries/ptclear.o
 .data          0x000000000011de6a        0x0 binaries/ptcount.o
 .data          0x000000000011de6a        0x0 binaries/ptcreate.o
 .data          0x000000000011de6a        0x0 binaries/ptdelete.o
 .data          0x000000000011de6a        0x0 binaries/ptinit.o
 .data          0x000000000011de6a        0x0 binaries/ptrecv.o
 .data          0x000000000011de6a        0x0 binaries/ptreset.o
 .data          0x000000000011de6a        0x0 binaries/ptsend.o
 .data          0x000000000011de6a        0x0 binaries/putc.o
 .data          0x000000000011de6a        0x0 binaries/quark_irq.o
 .data          0x000000000011de6a        0x0 binaries/quark_pdat.o
 .data          0x000000000011de6a        0x0 binaries/queue.o
 .data          0x000000000011de6a        0x0 binaries/read.o
 .data          0x000000000011de6a        0x0 binaries/ready.o
 .data          0x000000000011de6a        0x0 binaries/receive.o
 .data          0x000000000011de6a        0x0 binaries/recvclr.o
 .data          0x000000000011de6a        0x0 binaries/recvtime.o
 .data          0x000000000011de6a        0x0 binaries/resched.o
 .data          0x000000000011de6a        0x0 binaries/resume.o
 .data          0x000000000011de6a        0x0 binaries/seek.o
 .data          0x000000000011de6a        0x0 binaries/semcount.o
 .data          0x000000000011de6a        0x0 binaries/semcreate.o
 .data          0x000000000011de6a        0x0 binaries/semdelete.o
 .data          0x000000000011de6a        0x0 binaries/semreset.o
 .data          0x000000000011de6a        0x0 binaries/send.o
 .data          0x000000000011de6a        0x0 binaries/signal.o
 .data          0x000000000011de6a        0x0 binaries/signaln.o
 .data          0x000000000011de6a        0x0 binaries/sleep.o
 .data          0x000000000011de6a        0x0 binaries/suspend.o
 .data          0x000000000011de6a        0x0 binaries/unsleep.o
 .data          0x000000000011de6a        0x0 binaries/userret.o
 .data          0x000000000011de6a        0x0 binaries/wait.o
 .data          0x000000000011de6a        0x0 binaries/wakeup.o
 .data          0x000000000011de6a        0x0 binaries/write.o
 .data          0x000000000011de6a        0x0 binaries/xdone.o
 .data          0x000000000011de6a        0x0 binaries/yield.o
 .data          0x000000000011de6a        0x0 binaries/abs.o
 .data          0x000000000011de6a        0x0 binaries/atoi.o
 .data          0x000000000011de6a        0x0 binaries/atol.o
 .data          0x000000000011de6a        0x0 binaries/bzero.o
 .data          0x000000000011de6a        0x0 binaries/ctype_.o
 .data          0x000000000011de6a        0x0 binaries/doprnt.o
 *fill*         0x000000000011de6a       0x16 
 .data          0x000000000011de80       0x80 binaries/doscan.o
                0x000000000011de80                _sctab
 .data          0x000000000011df00        0x0 binaries/fdoprnt.o
 .data          0x000000000011df00        0x0 binaries/fgetc.o
 .data          0x000000000011df00        0x0 binaries/fgets.o
 .data          0x000000000011df00        0x0 binaries/fprintf.o
 .data          0x000000000011df00        0x0 binaries/fputc.o
 .data          0x000000000011df00        0x0 binaries/fputs.o
 .data          0x000000000011df00        0x0 binaries/fscanf.o
 .data          0x000000000011df00        0x0 binaries/getchar.o
 .data          0x000000000011df00        0x0 binaries/labs.o
 .data          0x000000000011df00        0x0 binaries/memchr.o
 .data          0x000000000011df00        0x0 binaries/memcmp.o
 .data          0x000000000011df00        0x0 binaries/memcpy.o
 .data          0x000000000011df00        0x0 binaries/memset.o
 .data          0x000000000011df00        0x0 binaries/printf.o
 .data          0x000000000011df00        0x0 binaries/putchar.o
 .data          0x000000000011df00        0x0 binaries/qsort.o
 .data          0x000000000011df00        0x4 binaries/rand.o
 .data          0x000000000011df04        0x0 binaries/sprintf.o
 .data          0x000000000011df04        0x0 binaries/sscanf.o
 .data          0x000000000011df04        0x0 binaries/strchr.o
 .data          0x000000000011df04        0x0 binaries/strcmp.o
 .data          0x000000000011df04        0x0 binaries/strcpy.o
 .data          0x000000000011df04        0x0 binaries/strlen.o
 .data          0x000000000011df04        0x0 binaries/strncat.o
 .data          0x000000000011df04        0x0 binaries/strncmp.o
 .data          0x000000000011df04        0x0 binaries/strncpy.o
 .data          0x000000000011df04        0x0 binaries/strnlen.o
 .data          0x000000000011df04        0x0 binaries/strrchr.o
 .data          0x000000000011df04        0x0 binaries/strstr.o
 .data          0x000000000011df04        0x0 binaries/ttycontrol.o
 .data          0x000000000011df04        0x0 binaries/ttygetc.o
 .data          0x000000000011df04        0x0 binaries/ttyhandle_in.o
 .data          0x000000000011df04        0x0 binaries/ttyhandle_out.o
 .data          0x000000000011df04        0x0 binaries/ttyhandler.o
 .data          0x000000000011df04        0x0 binaries/ttyinit.o
 .data          0x000000000011df04        0x0 binaries/ttykickout.o
 .data          0x000000000011df04        0x0 binaries/ttyputc.o
 .data          0x000000000011df04        0x0 binaries/ttyread.o
 .data          0x000000000011df04        0x0 binaries/ttywrite.o
 .data          0x000000000011df04        0x0 binaries/mount.o
 .data          0x000000000011df04        0x0 binaries/naminit.o
 .data          0x000000000011df04        0x0 binaries/nammap.o
 .data          0x000000000011df04        0x0 binaries/namopen.o
 .data          0x000000000011df04        0x0 binaries/colon2mac.o
 .data          0x000000000011df04        0x0 binaries/ethcontrol.o
 .data          0x000000000011df04        0x0 binaries/ethhandler.o
 .data          0x000000000011df04        0x0 binaries/ethinit.o
 .data          0x000000000011df04        0x0 binaries/ethmcast.o
 .data          0x000000000011df04        0x0 binaries/ethread.o
 .data          0x000000000011df04        0x0 binaries/ethwrite.o
 .data          0x000000000011df04        0x0 binaries/rdsbufalloc.o
 .data          0x000000000011df04        0x0 binaries/rdsclose.o
 .data          0x000000000011df04        0x0 binaries/rdscomm.o
 .data          0x000000000011df04        0x0 binaries/rdscontrol.o
 .data          0x000000000011df04        0x0 binaries/rdsinit.o
 .data          0x000000000011df04        0x0 binaries/rdsopen.o
 .data          0x000000000011df04        0x0 binaries/rdsprocess.o
 .data          0x000000000011df04        0x0 binaries/rdsread.o
 .data          0x000000000011df04        0x0 binaries/rdswrite.o
 .data          0x000000000011df04        0x0 binaries/ramclose.o
 .data          0x000000000011df04        0x0 binaries/raminit.o
 .data          0x000000000011df04        0x0 binaries/ramopen.o
 .data          0x000000000011df04        0x0 binaries/ramread.o
 .data          0x000000000011df04        0x0 binaries/ramwrite.o
 .data          0x000000000011df04        0x0 binaries/lfdballoc.o
 .data          0x000000000011df04        0x0 binaries/lfdbfree.o
 .data          0x000000000011df04        0x0 binaries/lfflush.o
 .data          0x000000000011df04        0x0 binaries/lfgetmode.o
 .data          0x000000000011df04        0x0 binaries/lfiballoc.o
 .data          0x000000000011df04        0x0 binaries/lfibclear.o
 .data          0x000000000011df04        0x0 binaries/lfibget.o
 .data          0x000000000011df04        0x0 binaries/lfibput.o
 .data          0x000000000011df04        0x0 binaries/lflclose.o
 .data          0x000000000011df04        0x0 binaries/lflcontrol.o
 .data          0x000000000011df04        0x0 binaries/lflgetc.o
 .data          0x000000000011df04        0x0 binaries/lflinit.o
 .data          0x000000000011df04        0x0 binaries/lflputc.o
 .data          0x000000000011df04        0x0 binaries/lflread.o
 .data          0x000000000011df04        0x0 binaries/lflseek.o
 .data          0x000000000011df04        0x0 binaries/lflwrite.o
 .data          0x000000000011df04        0x0 binaries/lfsckfmt.o
 .data          0x000000000011df04        0x0 binaries/lfscreate.o
 .data          0x000000000011df04        0x0 binaries/lfsetup.o
 .data          0x000000000011df04        0x0 binaries/lfsinit.o
 .data          0x000000000011df04        0x0 binaries/lfsopen.o
 .data          0x000000000011df04        0x0 binaries/lftruncate.o
 .data          0x000000000011df04        0x0 binaries/rflclose.o
 .data          0x000000000011df04        0x0 binaries/rflgetc.o
 .data          0x000000000011df04        0x0 binaries/rflinit.o
 .data          0x000000000011df04        0x0 binaries/rflputc.o
 .data          0x000000000011df04        0x0 binaries/rflread.o
 .data          0x000000000011df04        0x0 binaries/rflseek.o
 .data          0x000000000011df04        0x0 binaries/rflwrite.o
 .data          0x000000000011df04        0x0 binaries/rfscomm.o
 .data          0x000000000011df04        0x0 binaries/rfscontrol.o
 .data          0x000000000011df04        0x0 binaries/rfsgetmode.o
 .data          0x000000000011df04        0x0 binaries/rfsinit.o
 .data          0x000000000011df04        0x0 binaries/rfsndmsg.o
 .data          0x000000000011df04        0x0 binaries/rfsopen.o
 .data          0x000000000011df04        0x0 binaries/arp.o
 .data          0x000000000011df04        0x0 binaries/dhcp.o
 .data          0x000000000011df04        0x0 binaries/dot2ip.o
 .data          0x000000000011df04        0x0 binaries/hexdump.o
 .data          0x000000000011df04        0x4 binaries/icmp.o
 .data          0x000000000011df08        0x0 binaries/ip.o
 .data          0x000000000011df08        0x0 binaries/net.o
 .data          0x000000000011df08        0x0 binaries/netstart.o
 .data          0x000000000011df08        0x0 binaries/pdump.o
 .data          0x000000000011df08        0x0 binaries/tftp.o
 .data          0x000000000011df08        0x4 binaries/udp.o
 .data          0x000000000011df0c        0x0 binaries/addargs.o
 .data          0x000000000011df0c        0x0 binaries/lexan.o
 .data          0x000000000011df0c        0x4 binaries/shell.o
                0x000000000011df0c                ncmd
 *fill*         0x000000000011df10       0x10 
 .data.rel.ro   0x000000000011df20       0xfc binaries/shell.o
                0x000000000011df20                cmdtab
 .data          0x000000000011e01c        0x0 binaries/xsh_argecho.o